#require components/dev.lst
#extract centos/centos-6.5-$(ARCH).tar.xz /
#require components/pvkernel.lst
#chrootexec echo 'exclude=kernel,kernel-firmware' >> /etc/yum.conf
#chrootexec echo "$(ARCH)-centos-linux" > /etc/rpm/platform
#sed /etc/sysconfig/init s/^ACTIVE_CONSOLES=.*$/ACTIVE_CONSOLES=\/dev\/hvc0/
#copy centos/ifcfg-eth0 /etc/sysconfig/network-scripts/ifcfg-eth0
#chrootexec echo "hvc0" >> /etc/securetty && rm /etc/init/serial.conf
#copy centos/network /etc/sysconfig/network
#patchsinglefile /etc/rc.d/rc.sysinit centos/rc.sysinit.zramswap.patch
#sed /etc/shadow s/^\(root:\)[^:]*\(:.*\)$/\1\2/
#copy domU/resolv.conf /etc/resolv.conf
#chrootexec echo "SELINUX=disabled" > /etc/selinux/config
#copy centos/fstab /etc/fstab
#chrootexec mkdir /root/.ssh && chmod 700 /root/.ssh && touch /root/.ssh/authorized_keys
#copy centos/wb-va.xml /etc/wb-va.xml
#chrootexec chkconfig iptables off
#chrootexec yum clean -y all
#chrootexec yum update -y
#chrootexec yum install -y samba4 avahi ntp lzo dhclient openssh-server rsyslog
#chrootexec chkconfig nmb on
#chrootexec chkconfig ntpd on
#chrootexec yum clean -y all

# LAMP stack
#chrootexec yum install -y php-mysql mysql-server httpd vsftpd php php-mbstring php-mcrypt php-gd wget xz
#chrootexec yum clean -y all
#chrootexec chkconfig smb on
#chrootexec chkconfig httpd on
#chrootexec chkconfig mysqld on
#chrootexec chkconfig vsftpd on
#copy centos/index.html /var/www/html/index.html
##extract centos/phpMyAdmin-3.5.7-all-languages.tar.xz /var/www/html
#chrootexec wget -O - http://downloads.sourceforge.net/project/phpmyadmin/phpMyAdmin/4.1.3/phpMyAdmin-4.1.3-all-languages.tar.xz | tar Jxvf - -C /var/www/html && mv /var/www/html/phpMyAdmin-* /var/www/html/phpmyadmin
#copy phpmyadmin/config.inc.php /var/www/html/phpmyadmin/config.inc.php
#chrootexec chown -R apache.apache /var/www /var/log/httpd
#patchsinglefile /etc/my.cnf centos/my.cnf.patch
#copy centos/smb.conf /etc/samba/smb.conf

#require components/centos-$(ARCH).lst
#require components/centos-$(REGION).lst

#patchsinglefile /etc/httpd/conf.d/mod_extract_forwarded.conf centos/mod_extract_forwarded.conf.patch

#chrootexec chkconfig openvpn on

