#require components/domU.lst
#require components/cron.lst
#require components/pvkernel.lst
#require components/ruby20.lst
#require components/php54.lst
#require components/mysql.lst
#require components/ffmpeg.lst
#require components/postfix.lst
#sed /etc/conf.d/hostname s/^\(hostname="\).*\("\)$/\1clipbucket\2/
#copy domU/fstab-with-zramswap /etc/fstab

##dir /usr/lib/php5.3/lib/extensions/no-debug-non-zts-20090626
##copy clipbucket/ixed.5.3.lin /usr/lib/php5.3/lib/extensions/no-debug-non-zts-20090626/ixed.5.3.lin
#sed /etc/php/apache2-php5.4/php.ini s/^short_open_tag.\+$/short_open_tag = On/
#sed /etc/php/apache2-php5.4/php.ini s/^max_execution_time.\+$/max_execution_time = 0/ 
#sed /etc/php/apache2-php5.4/php.ini s/^upload_max_filesize.\+$/upload_max_filesize = 512M/
#sed /etc/php/apache2-php5.4/php.ini s/^post_max_size.\+$/post_max_size = 768M/
#sed /etc/php/apache2-php5.4/php.ini s/^;extension=php_zip\.dll$/extension=ixed.5.3.lin/
#chrootexec gem install --no-ri --no-rdoc flvtool2

#chrootexec wget -4 -O /tmp/clipbucket.zip http://jaist.dl.sourceforge.net/project/clipbucket/ClipBucket%20v2/clipbucket-2.7.1.v3006-stable.zip && unzip /tmp/clipbucket.zip -d /tmp
#chrootexec rm -rf /var/www/localhost/htdocs
#chrootexec mv /tmp/clipbucket-*/upload /var/www/localhost/htdocs && rm -rf /tmp/clipbucket-*
#copy clipbucket/dbconnect.php /var/www/localhost/htdocs/includes/dbconnect.php
#copy clipbucket/clipbucket.php /var/www/localhost/htdocs/includes/clipbucket.php
#chrootexec rm -rf /var/www/localhost/htdocs/cb_install /var/www/localhost/htdocs/files/temp/install.me
#sed /var/www/localhost/htdocs/admin_area/styles/cbv2/layout/header.html s/ href="{\$baseurl}"/ href="{$baseurl}\/"/
#sed /var/www/localhost/htdocs/admin_area/styles/cbv2/layout/login.html s/ href="{\$baseurl}"/ href="{$baseurl}\/"/
#sed /var/www/localhost/htdocs/styles/cbv2new/layout/header.html s/ href="{\$baseurl}"/ href="{$baseurl}\/"/
#sed /var/www/localhost/htdocs/styles/cbv2new/layout/view_item.html s/ href="{\$baseurl}"/ href="{$baseurl}\/"/
#sed /var/www/localhost/htdocs/includes/classes/ClipBucket.class.php s/\(.link.=>BASEURL\)/\1."\/"/g
#chrootexec chown -R apache.apache /var/www/localhost/htdocs

#copy clipbucket/libx264-normal.ffpreset /usr/share/ffmpeg/libx264-normal.ffpreset
#copy clipbucket/crontab /var/spool/cron/crontabs/root
#chrootexec chown root.root /var/spool/cron/crontabs/root

#copy clipbucket/setup_initial_database.sh /tmp/setup_initial_database.sh
#copy clipbucket/initial-database.sql /tmp/initial-database.sql
#chrootexec sh /tmp/setup_initial_database.sh && rm -rf /tmp/*

#copy clipbucket/wb-va.xml /etc/wb-va.xml

