#require components/domU.lst
#require components/cron.lst
#require components/pvkernel.lst
#require components/apache.lst
#require components/postfix.lst
#require components/java.lst
#require components/samba.lst
#require components/phpmyadmin.lst
#require components/phppgadmin.lst
#copy domU/fstab-with-zramswap /etc/fstab
#sed /etc/conf.d/hostname s/^\(hostname="\).*\("\)$/\1glassfish\2/

#chrootexec wget -O /glassfish.zip http://dlc.sun.com.edgesuite.net/glassfish/4.0/release/glassfish-4.0-ml.zip && unzip /glassfish.zip -d /usr/local && rm /glassfish.zip
#copy glassfish/domain.xml /usr/local/glassfish4/glassfish/domains/domain1/config/domain.xml
##copy glassfish/local-password /usr/local/glassfish3/glassfish/domains/domain1/config/local-password
#copy glassfish/index-$(LANGUAGE).html /var/www/localhost/htdocs/index.html
#copy glassfish/htaccess /var/www/localhost/htdocs/.htaccess
#chrootexec chown -R apache.apache /var/www /usr/local/glassfish4

# JDBC drivers
/usr/share/jdbc-postgresql/lib/jdbc-postgresql.jar
#symlink /usr/local/glassfish4/glassfish/domains/domain1/lib/ext/jdbc-postgresql.jar /usr/share/jdbc-postgresql/lib/jdbc-postgresql.jar
/usr/share/jdbc-mysql/lib/jdbc-mysql.jar
#symlink /usr/local/glassfish4/glassfish/domains/domain1/lib/ext/jdbc-mysql.jar /usr/share/jdbc-mysql/lib/jdbc-mysql.jar
#chrootexec wget -O /h2.zip http://www.h2database.com/h2-2014-01-18.zip && unzip /h2.zip -d /tmp && mv /tmp/h2/bin/h2-*.jar /usr/local/glassfish4/glassfish/domains/domain1/lib/ext/ && rm -r /tmp/h2 /h2.zip

# Startup
#copy glassfish/glassfish.init /etc/init.d/glassfish
#chrootexec rc-update add glassfish default


# Source code
##copy glassfish/glassfish-3.1.2.2-src.tar.xz /root/glassfish-3.1.2.2-src.tar.xz

#copy glassfish/smb.conf /etc/samba/smb.conf

#copy glassfish/wb-va.xml /etc/wb-va.xml

