#require components/domU.lst
#require components/cron.lst
#require components/pvkernel.lst
#copy domU/fstab-with-zramswap /etc/fstab
#require components/sudo.lst
#require components/apache.lst
#require components/php53.lst
#require components/mysql.lst
#require components/mysql-python.lst
#require components/phpmyadmin.lst
#require components/beautifulsoup.lst
#require components/feedparser.lst
#require components/flask.lst
##require components/pip.lst
#require components/git.lst
#require components/emacs.lst
#require components/vim.lst
#require components/s3cmd.lst
#require components/groonga.lst
#require components/mroonga.lst
#require components/rroonga.lst
#require components/mecab-python.lst
#require components/sinatra.lst
#require components/nokogiri.lst
#require components/mysql2.lst
#require components/squid.lst
#require components/nodejs.lst
#require components/ffi.lst
##require components/tomcat.lst
#require components/scala.lst
#require components/gdb.lst
#sed /etc/squid/squid.conf s/^#.\+Example: dns_nameservers .\+$/dns_nameservers 8.8.8.8 8.8.4.4/
#sed /etc/squid/squid.conf s/^#cache_dir.\+$/cache_dir ufs \/var\/cache\/squid 1024 16 256/
#sed /etc/conf.d/hostname s/^\(hostname="\).*\("\)$/\1groonga-dev\2/
#sed /etc/mysql/my.cnf s/^bind-address/#bind-address/
#copy groonga/default_vhost.include /etc/apache2/vhosts.d/default_vhost.include

#copy rubygems/ruby-xz-0.1.1.gem /ruby-xz.gem
#chrootexec gem install --no-rdoc --no-ri -l /ruby-xz.gem && rm /ruby-xz.gem
/usr/lib/liblzma.so

