#require components/domU.lst
#require components/cron.lst
#require components/pvkernel.lst
#require components/apache.lst
#require components/mysql.lst
#require components/php53.lst
#require components/imagemagick.lst
#require components/mtos-perlmods.lst
#require components/samba.lst
#require components/postfix.lst
#copy mtos/smb.conf /etc/samba/smb.conf
#sed /etc/conf.d/hostname s/^\(hostname="\).*\("\)$/\1mtos\2/
#copy domU/fstab-with-swapfile /etc/fstab
#swap /swapfile 128
#extract mtos/MTOS-5.2.zip /var/www/localhost/cgi-bin
#chrootexec mv /var/www/localhost/cgi-bin/MTOS-5.2 /var/www/localhost/cgi-bin/mt
#chrootexec mv /var/www/localhost/cgi-bin/mt/mt-static /var/www/localhost/htdocs/
#copy mtos/index.html /var/www/localhost/htdocs/index.html
#chrootexec chown -R apache.apache /var/www/localhost
#chrootexec mv /var/www/localhost/cgi-bin/mt/mt-config.cgi-original /var/www/localhost/cgi-bin/mt/mt-config.cgi
#sed /var/www/localhost/cgi-bin/mt/mt-config.cgi s/http:\/\/www\.example\.com//
#sed /var/www/localhost/cgi-bin/mt/mt-config.cgi s/\(DATABASE_NAME\|DATABASE_USERNAME\|DATABASE_PASSWORD\)/mt/
#require components/mtos-$(LANGUAGE).lst
# tar zcvpf initial-database.tar.gz -C /var/lib/mysql ib_logfile* ibdata1 mysql/db.MY* mysql/user.MY* mysqld-bin.index mysqld-bin.000003 mt
#extract mtos/initial-database.tar.gz /var/lib/mysql
#copy mtos/crontab /var/spool/cron/crontabs/root
#copy mtos/wb-va.xml /etc/wb-va.xml

# emerge -p DBD-mysql crypt-dsa IPC-Run Archive-Zip Cache-Memcached Crypt-SSLeay GD XML-Parser Digest-SHA1 XML-Atom imagemagick Mail-Sendmail HTML-Parser Cache #Imager
