#needaufs
#require components/domU.lst
#require components/pvkernel.lst
#require components/cron.lst

#sed /etc/conf.d/hostname s/^\(hostname="\).*\("\)$/\1oscar\2/
#copy domU/fstab-with-zramswap /etc/fstab

#require components/samba.lst
#require components/rsync.lst
#require components/flask.lst
#require components/beautifulsoup.lst
#require components/pygobject.lst
#require components/setuptools.lst
#require components/configobj.lst
#require components/apscheduler.lst
#portage dev-python/xlrd-0.9.3
#portage dev-python/pyasn1-0.1.7
#portage dev-python/lxml-3.3.5
#portage dev-python/pyinotify-0.9.4-r1
#portage dev-python/pyxattr-0.5.3
#portage dev-python/python-ldap-2.4.15
#portage dev-python/rsa-3.1.1
#require components/logrotate.lst
#require components/git.lst
#require components/dropbox.lst

#portage app-text/poppler-data-0.4.7
#portage app-text/ps2pkm-1.5_p20120701 
#portage sys-apps/ed-1.6 
#portage www-client/lynx-2.8.8_p2
#portage www-client/elinks-0.12_pre6
#portage app-i18n/nkf-2.1.3
#portage app-text/poppler-0.26.5
#portage app-text/wv-1.2.9-r1
#portage app-text/xlhtml-0.5.1_p6
#portage dev-python/jsmin-2.0.9
#require components/emacs.lst

#portage app-text/groonga-4.0.7-r1

#require components/oscar.lst

#copy oscar/wb-va.xml /etc/wb-va.xml
