#require components/domU.lst
#require components/cron.lst
#require components/pvkernel.lst
#require components/apache.lst
#require components/mysql.lst
#require components/php54.lst
#require components/samba.lst
#require components/postfix.lst
##require components/phpmyadmin.lst
#portage dev-php/pecl-imagick-3.1.0_rc2
#portage dev-php/xcache-3.2.0
#portage media-video/ffmpeg-1.2.6-r1
#copy owncloud/smb.conf /etc/samba/smb.conf
#sed /etc/conf.d/hostname s/^\(hostname="\).*\("\)$/\1owncloud\2/
#copy domU/fstab-with-zramswap /etc/fstab
#chrootexec wget -O - https://download.owncloud.org/community/owncloud-7.0.4.tar.bz2 | tar jxvf - -C /var/www/localhost
#chrootexec mv /var/www/localhost/owncloud/* /var/www/localhost/htdocs/
#chrootexec mv /var/www/localhost/owncloud/.htaccess /var/www/localhost/htdocs/
##patchsinglefile /var/www/localhost/htdocs/.htaccess owncloud/htaccess.patch
#chrootexec rmdir /var/www/localhost/owncloud
#copy owncloud/config.php /var/www/localhost/htdocs/config/config.php
#extract owncloud/data.tar.gz /var/www/localhost/htdocs
#chrootexec mkdir /var/lib/owncloud
#chrootexec chown -R apache.apache /var/www/localhost /var/lib/owncloud
#copy owncloud/setup_initial_database.sh /tmp/setup_initial_database.sh
#copy owncloud/initial-database.sql /tmp/initial-database.sql
#chrootexec sh /tmp/setup_initial_database.sh && rm -rf /tmp/*
#sed /etc/php/apache2-php5.4/php.ini s/^upload_max_filesize.\+$/upload_max_filesize = 512M/
#sed /etc/php/apache2-php5.4/php.ini s/^post_max_size.\+$/post_max_size = 768M/
#copy owncloud/crontab /var/spool/cron/crontabs/apache
#copy owncloud/wb-va.xml /etc/wb-va.xml

