#require components/domU.lst
#require components/pvkernel.lst
#require components/apache.lst
#require components/php54.lst
#require components/mysql.lst
#require components/postfix.lst
#require components/rails.lst
#require components/redmine-rubygems.lst
#require components/subversion.lst
#require components/dav_svn.lst
#require components/websvn.lst
#require components/mercurial.lst
#require components/git.lst
# to enable thumbnail
#require components/imagemagick.lst

#sed /etc/conf.d/hostname s/^\(hostname="\).*\("\)$/\1redmine\2/
#copy domU/fstab-with-zramswap /etc/fstab
#extract redmine/redmine-2.3.4.tar.gz /var/www/localhost
#chrootexec rm -rf /var/www/localhost/htdocs
#chrootexec mv /var/www/localhost/redmine-2.3.4 /var/www/localhost/htdocs
#sed /var/www/localhost/htdocs/Gemfile s/gem "rails", "3\.2\.13/gem "rails", "3.2.15/
##sed /var/www/localhost/htdocs/Gemfile s/gem "mocha",.*//
#sed /var/www/localhost/htdocs/Gemfile s/gem "fastercsv",.*//
#sed /var/www/localhost/htdocs/Gemfile s/gem "builder", "3\.0/gem "builder", "~> 3\.0/
#sed /var/www/localhost/htdocs/Gemfile s/gem "ruby-openid", "~> 2\.1/gem "ruby-openid", "> 2.1/
#sed /var/www/localhost/htdocs/Gemfile s/gem "shoulda",.*//

#copy redmine/default_vhost.include /etc/apache2/vhosts.d/default_vhost.include
#sed /etc/apache2/modules.d/30_mod_passenger.conf s/\(\/usr\/bin\/ruby\)18$/\119/
#copy redmine/database.yml /var/www/localhost/htdocs/config/database.yml
#copy redmine/configuration.yml /var/www/localhost/htdocs/config/configuration.yml
#chrootexec mkdir /var/www/localhost/htdocs/public/plugin_assets
#chrootexec chown -R apache.apache /var/www/localhost/htdocs

#chrootexec svnadmin create /var/svn
#chrootexec echo '[/]' > /var/svn/conf/authz
#chrootexec echo '*=rw' >> /var/svn/conf/authz
#chrootexec chown -R apache.apache /var/svn
#copy redmine/passwd.rb /var/www/localhost/passwd.rb
#patchsinglefile /usr/share/webapps/websvn/2.3.2/htdocs/include/config.php redmine/config.php.patch

##copy redmine/generate-secret-token /etc/init.d/generate-secret-token
##symlink /etc/runlevels/boot/generate-secret-token /etc/init.d/generate-secret-token
#copy redmine/setup_initial_database.sh /setup_initial_database.sh
#sed /setup_initial_database.sh s/'\''ja'\''/'\''$(LANGUAGE)'\''/
#chrootexec sh /setup_initial_database.sh && rm /setup_initial_database.sh
#copy redmine/wb-va.xml /etc/wb-va.xml

