#require components/domU.lst
#require components/cron.lst
#require components/pvkernel.lst
#require components/apache.lst
#require components/mysql.lst
#require components/php54.lst
#require components/samba.lst
#require components/postfix.lst
#copy wordpress/smb.conf /etc/samba/smb.conf
#sed /etc/conf.d/hostname s/^\(hostname="\).*\("\)$/\1wordpress\2/
#copy domU/fstab-with-zramswap /etc/fstab
#chrootexec wget -O - http://$(LANGUAGE).wordpress.org/release-archive/$(LANGUAGE)/wordpress-3.9.2-$(LANGUAGE).tar.gz | tar zxvf - -C /var/www/localhost
#chrootexec [ -f /var/www/localhost/htdocs/index.html ] && rm /var/www/localhost/htdocs/index.html || true
#chrootexec mv /var/www/localhost/wordpress/* /var/www/localhost/htdocs
#chrootexec rmdir /var/www/localhost/wordpress
#chrootexec mv /var/www/localhost/htdocs/wp-config-sample.php /var/www/localhost/htdocs/wp-config.php
#sed /var/www/localhost/htdocs/wp-config.php s/database_name_here/wordpress/
#sed /var/www/localhost/htdocs/wp-config.php s/username_here/wordpress/
#sed /var/www/localhost/htdocs/wp-config.php s/password_here//
#copy wordpress/wp-config.add /wp-config.add
#chrootexec cat /wp-config.add >> /var/www/localhost/htdocs/wp-config.php && rm /wp-config.add
#chrootexec chown -R apache.apache /var/www/localhost
#copy wordpress/setup_initial_database.sh /setup_initial_database.sh
#chrootexec sh /setup_initial_database.sh && rm /setup_initial_database.sh
#copy wordpress/generate-secret-token /etc/init.d/generate-secret-token
#symlink /etc/runlevels/boot/generate-secret-token /etc/init.d/generate-secret-token
#copy wordpress/wb-va.xml /etc/wb-va.xml

