#require rootfs.lst
#require run.lst
#require dev.lst
#require coreutils.lst
#require util-linux.lst
#require net-tools.lst
#require shadow.lst
#portage sys-apps/attr-2.4.47-r1
#require procps.lst
#require openssh.lst
#require openssl.lst
#require openvpn.lst
#require ntp.lst
#require timezone-data.lst
#require nss-mdns.lst
#require syslog.lst
#require file.lst
#require awk.lst
#require zabbix-agent.lst
#copy domU/fstab /etc/fstab
#copy domU/resolv.conf /etc/resolv.conf
/etc/group
/etc/passwd
/etc/shadow
#sed /etc/shadow s/^root:\*:/root::/
#portage app-arch/bzip2-1.0.6-r6
#portage app-arch/cpio-2.11-r1
#portage sys-apps/grep-2.16
#portage sys-process/psmisc-22.20
#portage app-arch/gzip-1.5
#portage sys-process/procps-3.3.8-r2
#portage sys-apps/kmod-16
#portage net-misc/iputils-20121221
#portage sys-apps/sed-4.2.1-r1
#portage app-arch/tar-1.27.1-r2 
#portage app-shells/bash-4.2_p45
/bin/sh
/bin/busybox
#require sysvinit.lst
#portage sys-fs/fuse-2.9.3
/etc/host.conf
/etc/ld.so.conf
/etc/ld.so.cache
/etc/ld.so.conf.d/05binutils.conf
/etc/ssl/certs/ca-certificates.crt
/etc/runlevels/sysinit/devfs
/etc/runlevels/sysinit/dmesg
/etc/runlevels/sysinit/udev
/etc/runlevels/boot/fsck
/etc/runlevels/boot/hostname
/etc/runlevels/boot/root
/etc/runlevels/boot/bootmisc
/etc/runlevels/boot/localmount
/etc/runlevels/boot/mtab
/etc/runlevels/boot/procfs
/etc/runlevels/boot/urandom
#symlink /etc/runlevels/boot/net.lo /etc/init.d/net.lo
/etc/runlevels/boot/sysctl
/etc/runlevels/boot/swap
#symlink /etc/init.d/net.eth0 net.lo
#symlink /etc/runlevels/default/net.eth0 /etc/init.d/net.eth0
/etc/runlevels/shutdown/killprocs
/etc/runlevels/shutdown/mount-ro
/etc/runlevels/shutdown/savecache
/lib/libnss_compat.so.2 
/lib/libnss_files.so.2
/lib/libnss_dns.so.2
/sbin/ldconfig
/usr/bin/ar
#portage sys-libs/ncurses-5.9-r2
/usr/bin/curl
#portage sys-apps/diffutils-3.3
#portage sys-apps/findutils-4.4.2-r1
/usr/bin/getent
/usr/bin/iconv
#portage sys-apps/coreutils-8.21
./usr/bin/ldd
#symlink /usr/bin/less ../../bin/busybox
./usr/bin/locale
#portage app-arch/xz-utils-5.0.5-r1
/usr/bin/make
/usr/bin/strace
/usr/bin/strings
/usr/bin/unzip
#symlink /usr/bin/vi ../../bin/busybox
/usr/bin/wget
/usr/bin/which
/usr/bin/zip
/usr/lib/cracklib_dict.pwd
/usr/lib/cracklib_dict.pwi
/usr/lib/gconv/ANSI_X3.110.so
/usr/lib/gconv/CP932.so
/usr/lib/gconv/EUC-JISX0213.so
/usr/lib/gconv/EUC-JP-MS.so
/usr/lib/gconv/EUC-JP.so
/usr/lib/gconv/EUC-JISX0213.so
/usr/lib/gconv/SHIFT_JISX0213.so
/usr/lib/gconv/SJIS.so
/usr/lib/gconv/gconv-modules
/usr/lib/gconv/IBM932.so
/usr/lib/gconv/ISO-2022-JP-3.so
/usr/lib/gconv/ISO-2022-JP.so
/usr/lib/gconv/ISO8859-1.so
/usr/lib/gconv/ISO8859-15.so
/usr/lib/gconv/ISO8859-2.so
/usr/lib/gconv/UNICODE.so
/usr/lib/gconv/UTF-16.so
/usr/lib/gconv/UTF-32.so
/usr/lib/gconv/UTF-7.so
#/usr/sbin/ethtool
#/usr/sbin/xfs_admin
#/usr/sbin/xfs_check
#/usr/sbin/xfs_copy
#/usr/sbin/xfs_db
#/usr/sbin/xfs_freeze
/usr/sbin/xfs_growfs
/usr/share/i18n/charmaps/ANSI_X3.110-1983.gz
/usr/share/i18n/charmaps/ANSI_X3.4-1968.gz
/usr/share/i18n/charmaps/ISO-8859-1.gz
/usr/share/i18n/charmaps/ISO-8859-15.gz
/usr/share/i18n/charmaps/ISO-8859-2.gz
/usr/share/locale/locale.alias
#require pam.lst
#require openrc.lst
#sed /etc/rc.conf s/^#rc_sys.\+$/rc_sys="xenU"/
#require udev.lst
#require locales.lst
#require avahi.lst

# nmbd
/usr/sbin/nmbd
/var/log/samba/.keep_net-fs_samba-0
/usr/lib/samba/charset/CP437.so
/usr/lib/samba/charset/CP850.so
#copy domU/conf_d-samba /etc/conf.d/samba
#dir /etc/samba
#copy domU/smb.conf /etc/samba/smb.conf
/etc/init.d/samba
#symlink /etc/runlevels/default/samba /etc/init.d/samba

# timezone
#require timezone-$(REGION).lst

# locale
#require locale-$(REGION).lst

# zram swap
#patchsinglefile /etc/init.d/swap domU/swap.init.patch
