#require ruby19.lst
/usr/lib/ruby/gems/1.9.1/gems/ffi-1.0.11/lib/ffi.rb
/usr/lib/ruby/gems/1.9.1/gems/ffi-1.0.11/lib/ffi/autopointer.rb
/usr/lib/ruby/gems/1.9.1/gems/ffi-1.0.11/lib/ffi/buffer.rb
/usr/lib/ruby/gems/1.9.1/gems/ffi-1.0.11/lib/ffi/callback.rb
/usr/lib/ruby/gems/1.9.1/gems/ffi-1.0.11/lib/ffi/enum.rb
/usr/lib/ruby/gems/1.9.1/gems/ffi-1.0.11/lib/ffi/errno.rb
/usr/lib/ruby/gems/1.9.1/gems/ffi-1.0.11/lib/ffi/ffi.rb
/usr/lib/ruby/gems/1.9.1/gems/ffi-1.0.11/lib/ffi/io.rb
/usr/lib/ruby/gems/1.9.1/gems/ffi-1.0.11/lib/ffi/library.rb
/usr/lib/ruby/gems/1.9.1/gems/ffi-1.0.11/lib/ffi/managedstruct.rb
/usr/lib/ruby/gems/1.9.1/gems/ffi-1.0.11/lib/ffi/memorypointer.rb
/usr/lib/ruby/gems/1.9.1/gems/ffi-1.0.11/lib/ffi/platform.rb
/usr/lib/ruby/gems/1.9.1/gems/ffi-1.0.11/lib/ffi/platform/i386-darwin/types.conf
/usr/lib/ruby/gems/1.9.1/gems/ffi-1.0.11/lib/ffi/platform/i386-freebsd/types.conf
/usr/lib/ruby/gems/1.9.1/gems/ffi-1.0.11/lib/ffi/platform/i386-linux/types.conf
/usr/lib/ruby/gems/1.9.1/gems/ffi-1.0.11/lib/ffi/platform/i386-netbsd/types.conf
/usr/lib/ruby/gems/1.9.1/gems/ffi-1.0.11/lib/ffi/platform/i386-openbsd/types.conf
/usr/lib/ruby/gems/1.9.1/gems/ffi-1.0.11/lib/ffi/platform/i386-solaris/types.conf
/usr/lib/ruby/gems/1.9.1/gems/ffi-1.0.11/lib/ffi/platform/i386-windows/types.conf
/usr/lib/ruby/gems/1.9.1/gems/ffi-1.0.11/lib/ffi/platform/powerpc-aix/types.conf
/usr/lib/ruby/gems/1.9.1/gems/ffi-1.0.11/lib/ffi/platform/powerpc-darwin/types.conf
/usr/lib/ruby/gems/1.9.1/gems/ffi-1.0.11/lib/ffi/platform/sparc-solaris/types.conf
/usr/lib/ruby/gems/1.9.1/gems/ffi-1.0.11/lib/ffi/platform/sparcv9-solaris/types.conf
/usr/lib/ruby/gems/1.9.1/gems/ffi-1.0.11/lib/ffi/platform/x86_64-darwin/types.conf
/usr/lib/ruby/gems/1.9.1/gems/ffi-1.0.11/lib/ffi/platform/x86_64-freebsd/types.conf
/usr/lib/ruby/gems/1.9.1/gems/ffi-1.0.11/lib/ffi/platform/x86_64-linux/types.conf
/usr/lib/ruby/gems/1.9.1/gems/ffi-1.0.11/lib/ffi/platform/x86_64-netbsd/types.conf
/usr/lib/ruby/gems/1.9.1/gems/ffi-1.0.11/lib/ffi/platform/x86_64-openbsd/types.conf
/usr/lib/ruby/gems/1.9.1/gems/ffi-1.0.11/lib/ffi/platform/x86_64-solaris/types.conf
/usr/lib/ruby/gems/1.9.1/gems/ffi-1.0.11/lib/ffi/pointer.rb
/usr/lib/ruby/gems/1.9.1/gems/ffi-1.0.11/lib/ffi/struct.rb
/usr/lib/ruby/gems/1.9.1/gems/ffi-1.0.11/lib/ffi/struct_layout_builder.rb
/usr/lib/ruby/gems/1.9.1/gems/ffi-1.0.11/lib/ffi/tools/const_generator.rb
/usr/lib/ruby/gems/1.9.1/gems/ffi-1.0.11/lib/ffi/tools/generator.rb
/usr/lib/ruby/gems/1.9.1/gems/ffi-1.0.11/lib/ffi/tools/generator_task.rb
/usr/lib/ruby/gems/1.9.1/gems/ffi-1.0.11/lib/ffi/tools/struct_generator.rb
/usr/lib/ruby/gems/1.9.1/gems/ffi-1.0.11/lib/ffi/tools/types_generator.rb
/usr/lib/ruby/gems/1.9.1/gems/ffi-1.0.11/lib/ffi/types.conf
/usr/lib/ruby/gems/1.9.1/gems/ffi-1.0.11/lib/ffi/types.rb
/usr/lib/ruby/gems/1.9.1/gems/ffi-1.0.11/lib/ffi/union.rb
/usr/lib/ruby/gems/1.9.1/gems/ffi-1.0.11/lib/ffi/variadic.rb
/usr/lib/ruby/gems/1.9.1/gems/ffi-1.0.11/lib/ffi_c.so
/usr/lib/ruby/gems/1.9.1/specifications/ffi-1.0.11.gemspec

