#require wsgi.lst

# dev-python/blinker
/usr/lib/python2.7/site-packages/blinker/__init__.py
/usr/lib/python2.7/site-packages/blinker/_saferef.py
/usr/lib/python2.7/site-packages/blinker/_utilities.py
/usr/lib/python2.7/site-packages/blinker/base.py

# dev-python/markupsafe
/usr/lib/python2.7/site-packages/markupsafe/__init__.py
/usr/lib/python2.7/site-packages/markupsafe/_constants.py
/usr/lib/python2.7/site-packages/markupsafe/_native.py
/usr/lib/python2.7/site-packages/markupsafe/_speedups.so
/usr/lib/python2.7/site-packages/markupsafe/tests.py

# dev-python/pytz
/usr/lib/python2.7/site-packages/pytz/__init__.py
/usr/lib/python2.7/site-packages/pytz/exceptions.py
/usr/lib/python2.7/site-packages/pytz/reference.py
/usr/lib/python2.7/site-packages/pytz/tzfile.py
/usr/lib/python2.7/site-packages/pytz/tzinfo.py

# dev-python/Babel
/usr/bin/pybabel
/usr/lib/python2.7/site-packages/babel/__init__.py
/usr/lib/python2.7/site-packages/babel/core.py
/usr/lib/python2.7/site-packages/babel/dates.py
/usr/lib/python2.7/site-packages/babel/global.dat
/usr/lib/python2.7/site-packages/babel/localedata.py
/usr/lib/python2.7/site-packages/babel/localedata/aa.dat
/usr/lib/python2.7/site-packages/babel/localedata/aa_DJ.dat
/usr/lib/python2.7/site-packages/babel/localedata/aa_ER.dat
/usr/lib/python2.7/site-packages/babel/localedata/aa_ER_SAAHO.dat
/usr/lib/python2.7/site-packages/babel/localedata/aa_ET.dat
/usr/lib/python2.7/site-packages/babel/localedata/af.dat
/usr/lib/python2.7/site-packages/babel/localedata/af_NA.dat
/usr/lib/python2.7/site-packages/babel/localedata/af_ZA.dat
/usr/lib/python2.7/site-packages/babel/localedata/ak.dat
/usr/lib/python2.7/site-packages/babel/localedata/ak_GH.dat
/usr/lib/python2.7/site-packages/babel/localedata/am.dat
/usr/lib/python2.7/site-packages/babel/localedata/am_ET.dat
/usr/lib/python2.7/site-packages/babel/localedata/ar.dat
/usr/lib/python2.7/site-packages/babel/localedata/ar_AE.dat
/usr/lib/python2.7/site-packages/babel/localedata/ar_BH.dat
/usr/lib/python2.7/site-packages/babel/localedata/ar_DZ.dat
/usr/lib/python2.7/site-packages/babel/localedata/ar_EG.dat
/usr/lib/python2.7/site-packages/babel/localedata/ar_IQ.dat
/usr/lib/python2.7/site-packages/babel/localedata/ar_JO.dat
/usr/lib/python2.7/site-packages/babel/localedata/ar_KW.dat
/usr/lib/python2.7/site-packages/babel/localedata/ar_LB.dat
/usr/lib/python2.7/site-packages/babel/localedata/ar_LY.dat
/usr/lib/python2.7/site-packages/babel/localedata/ar_MA.dat
/usr/lib/python2.7/site-packages/babel/localedata/ar_OM.dat
/usr/lib/python2.7/site-packages/babel/localedata/ar_QA.dat
/usr/lib/python2.7/site-packages/babel/localedata/ar_SA.dat
/usr/lib/python2.7/site-packages/babel/localedata/ar_SD.dat
/usr/lib/python2.7/site-packages/babel/localedata/ar_SY.dat
/usr/lib/python2.7/site-packages/babel/localedata/ar_TN.dat
/usr/lib/python2.7/site-packages/babel/localedata/ar_YE.dat
/usr/lib/python2.7/site-packages/babel/localedata/as.dat
/usr/lib/python2.7/site-packages/babel/localedata/as_IN.dat
/usr/lib/python2.7/site-packages/babel/localedata/az.dat
/usr/lib/python2.7/site-packages/babel/localedata/az_AZ.dat
/usr/lib/python2.7/site-packages/babel/localedata/az_Cyrl.dat
/usr/lib/python2.7/site-packages/babel/localedata/az_Cyrl_AZ.dat
/usr/lib/python2.7/site-packages/babel/localedata/az_Latn.dat
/usr/lib/python2.7/site-packages/babel/localedata/az_Latn_AZ.dat
/usr/lib/python2.7/site-packages/babel/localedata/be.dat
/usr/lib/python2.7/site-packages/babel/localedata/be_BY.dat
/usr/lib/python2.7/site-packages/babel/localedata/bg.dat
/usr/lib/python2.7/site-packages/babel/localedata/bg_BG.dat
/usr/lib/python2.7/site-packages/babel/localedata/bn.dat
/usr/lib/python2.7/site-packages/babel/localedata/bn_BD.dat
/usr/lib/python2.7/site-packages/babel/localedata/bn_IN.dat
/usr/lib/python2.7/site-packages/babel/localedata/bs.dat
/usr/lib/python2.7/site-packages/babel/localedata/bs_BA.dat
/usr/lib/python2.7/site-packages/babel/localedata/byn.dat
/usr/lib/python2.7/site-packages/babel/localedata/byn_ER.dat
/usr/lib/python2.7/site-packages/babel/localedata/ca.dat
/usr/lib/python2.7/site-packages/babel/localedata/ca_ES.dat
/usr/lib/python2.7/site-packages/babel/localedata/cch.dat
/usr/lib/python2.7/site-packages/babel/localedata/cch_NG.dat
/usr/lib/python2.7/site-packages/babel/localedata/cop.dat
/usr/lib/python2.7/site-packages/babel/localedata/cs.dat
/usr/lib/python2.7/site-packages/babel/localedata/cs_CZ.dat
/usr/lib/python2.7/site-packages/babel/localedata/cy.dat
/usr/lib/python2.7/site-packages/babel/localedata/cy_GB.dat
/usr/lib/python2.7/site-packages/babel/localedata/da.dat
/usr/lib/python2.7/site-packages/babel/localedata/da_DK.dat
/usr/lib/python2.7/site-packages/babel/localedata/de.dat
/usr/lib/python2.7/site-packages/babel/localedata/de_AT.dat
/usr/lib/python2.7/site-packages/babel/localedata/de_BE.dat
/usr/lib/python2.7/site-packages/babel/localedata/de_CH.dat
/usr/lib/python2.7/site-packages/babel/localedata/de_DE.dat
/usr/lib/python2.7/site-packages/babel/localedata/de_LI.dat
/usr/lib/python2.7/site-packages/babel/localedata/de_LU.dat
/usr/lib/python2.7/site-packages/babel/localedata/dv.dat
/usr/lib/python2.7/site-packages/babel/localedata/dv_MV.dat
/usr/lib/python2.7/site-packages/babel/localedata/dz.dat
/usr/lib/python2.7/site-packages/babel/localedata/dz_BT.dat
/usr/lib/python2.7/site-packages/babel/localedata/ee.dat
/usr/lib/python2.7/site-packages/babel/localedata/ee_GH.dat
/usr/lib/python2.7/site-packages/babel/localedata/ee_TG.dat
/usr/lib/python2.7/site-packages/babel/localedata/el.dat
/usr/lib/python2.7/site-packages/babel/localedata/el_CY.dat
/usr/lib/python2.7/site-packages/babel/localedata/el_GR.dat
/usr/lib/python2.7/site-packages/babel/localedata/el_POLYTON.dat
/usr/lib/python2.7/site-packages/babel/localedata/en.dat
/usr/lib/python2.7/site-packages/babel/localedata/en_AS.dat
/usr/lib/python2.7/site-packages/babel/localedata/en_AU.dat
/usr/lib/python2.7/site-packages/babel/localedata/en_BE.dat
/usr/lib/python2.7/site-packages/babel/localedata/en_BW.dat
/usr/lib/python2.7/site-packages/babel/localedata/en_BZ.dat
/usr/lib/python2.7/site-packages/babel/localedata/en_CA.dat
/usr/lib/python2.7/site-packages/babel/localedata/en_Dsrt.dat
/usr/lib/python2.7/site-packages/babel/localedata/en_Dsrt_US.dat
/usr/lib/python2.7/site-packages/babel/localedata/en_GB.dat
/usr/lib/python2.7/site-packages/babel/localedata/en_GU.dat
/usr/lib/python2.7/site-packages/babel/localedata/en_HK.dat
/usr/lib/python2.7/site-packages/babel/localedata/en_IE.dat
/usr/lib/python2.7/site-packages/babel/localedata/en_IN.dat
/usr/lib/python2.7/site-packages/babel/localedata/en_JM.dat
/usr/lib/python2.7/site-packages/babel/localedata/en_MH.dat
/usr/lib/python2.7/site-packages/babel/localedata/en_MP.dat
/usr/lib/python2.7/site-packages/babel/localedata/en_MT.dat
/usr/lib/python2.7/site-packages/babel/localedata/en_NA.dat
/usr/lib/python2.7/site-packages/babel/localedata/en_NZ.dat
/usr/lib/python2.7/site-packages/babel/localedata/en_PH.dat
/usr/lib/python2.7/site-packages/babel/localedata/en_PK.dat
/usr/lib/python2.7/site-packages/babel/localedata/en_SG.dat
/usr/lib/python2.7/site-packages/babel/localedata/en_Shaw.dat
/usr/lib/python2.7/site-packages/babel/localedata/en_TT.dat
/usr/lib/python2.7/site-packages/babel/localedata/en_UM.dat
/usr/lib/python2.7/site-packages/babel/localedata/en_US.dat
/usr/lib/python2.7/site-packages/babel/localedata/en_US_POSIX.dat
/usr/lib/python2.7/site-packages/babel/localedata/en_VI.dat
/usr/lib/python2.7/site-packages/babel/localedata/en_ZA.dat
/usr/lib/python2.7/site-packages/babel/localedata/en_ZW.dat
/usr/lib/python2.7/site-packages/babel/localedata/eo.dat
/usr/lib/python2.7/site-packages/babel/localedata/es.dat
/usr/lib/python2.7/site-packages/babel/localedata/es_AR.dat
/usr/lib/python2.7/site-packages/babel/localedata/es_BO.dat
/usr/lib/python2.7/site-packages/babel/localedata/es_CL.dat
/usr/lib/python2.7/site-packages/babel/localedata/es_CO.dat
/usr/lib/python2.7/site-packages/babel/localedata/es_CR.dat
/usr/lib/python2.7/site-packages/babel/localedata/es_DO.dat
/usr/lib/python2.7/site-packages/babel/localedata/es_EC.dat
/usr/lib/python2.7/site-packages/babel/localedata/es_ES.dat
/usr/lib/python2.7/site-packages/babel/localedata/es_GT.dat
/usr/lib/python2.7/site-packages/babel/localedata/es_HN.dat
/usr/lib/python2.7/site-packages/babel/localedata/es_MX.dat
/usr/lib/python2.7/site-packages/babel/localedata/es_NI.dat
/usr/lib/python2.7/site-packages/babel/localedata/es_PA.dat
/usr/lib/python2.7/site-packages/babel/localedata/es_PE.dat
/usr/lib/python2.7/site-packages/babel/localedata/es_PR.dat
/usr/lib/python2.7/site-packages/babel/localedata/es_PY.dat
/usr/lib/python2.7/site-packages/babel/localedata/es_SV.dat
/usr/lib/python2.7/site-packages/babel/localedata/es_US.dat
/usr/lib/python2.7/site-packages/babel/localedata/es_UY.dat
/usr/lib/python2.7/site-packages/babel/localedata/es_VE.dat
/usr/lib/python2.7/site-packages/babel/localedata/et.dat
/usr/lib/python2.7/site-packages/babel/localedata/et_EE.dat
/usr/lib/python2.7/site-packages/babel/localedata/eu.dat
/usr/lib/python2.7/site-packages/babel/localedata/eu_ES.dat
/usr/lib/python2.7/site-packages/babel/localedata/fa.dat
/usr/lib/python2.7/site-packages/babel/localedata/fa_AF.dat
/usr/lib/python2.7/site-packages/babel/localedata/fa_IR.dat
/usr/lib/python2.7/site-packages/babel/localedata/fi.dat
/usr/lib/python2.7/site-packages/babel/localedata/fi_FI.dat
/usr/lib/python2.7/site-packages/babel/localedata/fil.dat
/usr/lib/python2.7/site-packages/babel/localedata/fil_PH.dat
/usr/lib/python2.7/site-packages/babel/localedata/fo.dat
/usr/lib/python2.7/site-packages/babel/localedata/fo_FO.dat
/usr/lib/python2.7/site-packages/babel/localedata/fr.dat
/usr/lib/python2.7/site-packages/babel/localedata/fr_BE.dat
/usr/lib/python2.7/site-packages/babel/localedata/fr_CA.dat
/usr/lib/python2.7/site-packages/babel/localedata/fr_CH.dat
/usr/lib/python2.7/site-packages/babel/localedata/fr_FR.dat
/usr/lib/python2.7/site-packages/babel/localedata/fr_LU.dat
/usr/lib/python2.7/site-packages/babel/localedata/fr_MC.dat
/usr/lib/python2.7/site-packages/babel/localedata/fr_SN.dat
/usr/lib/python2.7/site-packages/babel/localedata/fur.dat
/usr/lib/python2.7/site-packages/babel/localedata/fur_IT.dat
/usr/lib/python2.7/site-packages/babel/localedata/ga.dat
/usr/lib/python2.7/site-packages/babel/localedata/ga_IE.dat
/usr/lib/python2.7/site-packages/babel/localedata/gaa.dat
/usr/lib/python2.7/site-packages/babel/localedata/gaa_GH.dat
/usr/lib/python2.7/site-packages/babel/localedata/gez.dat
/usr/lib/python2.7/site-packages/babel/localedata/gez_ER.dat
/usr/lib/python2.7/site-packages/babel/localedata/gez_ET.dat
/usr/lib/python2.7/site-packages/babel/localedata/gl.dat
/usr/lib/python2.7/site-packages/babel/localedata/gl_ES.dat
/usr/lib/python2.7/site-packages/babel/localedata/gu.dat
/usr/lib/python2.7/site-packages/babel/localedata/gu_IN.dat
/usr/lib/python2.7/site-packages/babel/localedata/gv.dat
/usr/lib/python2.7/site-packages/babel/localedata/gv_GB.dat
/usr/lib/python2.7/site-packages/babel/localedata/ha.dat
/usr/lib/python2.7/site-packages/babel/localedata/ha_Arab.dat
/usr/lib/python2.7/site-packages/babel/localedata/ha_Arab_NG.dat
/usr/lib/python2.7/site-packages/babel/localedata/ha_Arab_SD.dat
/usr/lib/python2.7/site-packages/babel/localedata/ha_GH.dat
/usr/lib/python2.7/site-packages/babel/localedata/ha_Latn.dat
/usr/lib/python2.7/site-packages/babel/localedata/ha_Latn_GH.dat
/usr/lib/python2.7/site-packages/babel/localedata/ha_Latn_NE.dat
/usr/lib/python2.7/site-packages/babel/localedata/ha_Latn_NG.dat
/usr/lib/python2.7/site-packages/babel/localedata/ha_NE.dat
/usr/lib/python2.7/site-packages/babel/localedata/ha_NG.dat
/usr/lib/python2.7/site-packages/babel/localedata/ha_SD.dat
/usr/lib/python2.7/site-packages/babel/localedata/haw.dat
/usr/lib/python2.7/site-packages/babel/localedata/haw_US.dat
/usr/lib/python2.7/site-packages/babel/localedata/he.dat
/usr/lib/python2.7/site-packages/babel/localedata/he_IL.dat
/usr/lib/python2.7/site-packages/babel/localedata/hi.dat
/usr/lib/python2.7/site-packages/babel/localedata/hi_IN.dat
/usr/lib/python2.7/site-packages/babel/localedata/hr.dat
/usr/lib/python2.7/site-packages/babel/localedata/hr_HR.dat
/usr/lib/python2.7/site-packages/babel/localedata/hu.dat
/usr/lib/python2.7/site-packages/babel/localedata/hu_HU.dat
/usr/lib/python2.7/site-packages/babel/localedata/hy.dat
/usr/lib/python2.7/site-packages/babel/localedata/hy_AM.dat
/usr/lib/python2.7/site-packages/babel/localedata/hy_AM_REVISED.dat
/usr/lib/python2.7/site-packages/babel/localedata/ia.dat
/usr/lib/python2.7/site-packages/babel/localedata/id.dat
/usr/lib/python2.7/site-packages/babel/localedata/id_ID.dat
/usr/lib/python2.7/site-packages/babel/localedata/ig.dat
/usr/lib/python2.7/site-packages/babel/localedata/ig_NG.dat
/usr/lib/python2.7/site-packages/babel/localedata/ii.dat
/usr/lib/python2.7/site-packages/babel/localedata/ii_CN.dat
/usr/lib/python2.7/site-packages/babel/localedata/in.dat
/usr/lib/python2.7/site-packages/babel/localedata/is.dat
/usr/lib/python2.7/site-packages/babel/localedata/is_IS.dat
/usr/lib/python2.7/site-packages/babel/localedata/it.dat
/usr/lib/python2.7/site-packages/babel/localedata/it_CH.dat
/usr/lib/python2.7/site-packages/babel/localedata/it_IT.dat
/usr/lib/python2.7/site-packages/babel/localedata/iu.dat
/usr/lib/python2.7/site-packages/babel/localedata/iw.dat
/usr/lib/python2.7/site-packages/babel/localedata/ja.dat
/usr/lib/python2.7/site-packages/babel/localedata/ja_JP.dat
/usr/lib/python2.7/site-packages/babel/localedata/ka.dat
/usr/lib/python2.7/site-packages/babel/localedata/ka_GE.dat
/usr/lib/python2.7/site-packages/babel/localedata/kaj.dat
/usr/lib/python2.7/site-packages/babel/localedata/kaj_NG.dat
/usr/lib/python2.7/site-packages/babel/localedata/kam.dat
/usr/lib/python2.7/site-packages/babel/localedata/kam_KE.dat
/usr/lib/python2.7/site-packages/babel/localedata/kcg.dat
/usr/lib/python2.7/site-packages/babel/localedata/kcg_NG.dat
/usr/lib/python2.7/site-packages/babel/localedata/kfo.dat
/usr/lib/python2.7/site-packages/babel/localedata/kfo_CI.dat
/usr/lib/python2.7/site-packages/babel/localedata/kk.dat
/usr/lib/python2.7/site-packages/babel/localedata/kk_Cyrl.dat
/usr/lib/python2.7/site-packages/babel/localedata/kk_Cyrl_KZ.dat
/usr/lib/python2.7/site-packages/babel/localedata/kk_KZ.dat
/usr/lib/python2.7/site-packages/babel/localedata/kl.dat
/usr/lib/python2.7/site-packages/babel/localedata/kl_GL.dat
/usr/lib/python2.7/site-packages/babel/localedata/km.dat
/usr/lib/python2.7/site-packages/babel/localedata/km_KH.dat
/usr/lib/python2.7/site-packages/babel/localedata/kn.dat
/usr/lib/python2.7/site-packages/babel/localedata/kn_IN.dat
/usr/lib/python2.7/site-packages/babel/localedata/ko.dat
/usr/lib/python2.7/site-packages/babel/localedata/ko_KR.dat
/usr/lib/python2.7/site-packages/babel/localedata/kok.dat
/usr/lib/python2.7/site-packages/babel/localedata/kok_IN.dat
/usr/lib/python2.7/site-packages/babel/localedata/kpe.dat
/usr/lib/python2.7/site-packages/babel/localedata/kpe_GN.dat
/usr/lib/python2.7/site-packages/babel/localedata/kpe_LR.dat
/usr/lib/python2.7/site-packages/babel/localedata/ku.dat
/usr/lib/python2.7/site-packages/babel/localedata/ku_Arab.dat
/usr/lib/python2.7/site-packages/babel/localedata/ku_Latn.dat
/usr/lib/python2.7/site-packages/babel/localedata/ku_Latn_TR.dat
/usr/lib/python2.7/site-packages/babel/localedata/ku_TR.dat
/usr/lib/python2.7/site-packages/babel/localedata/kw.dat
/usr/lib/python2.7/site-packages/babel/localedata/kw_GB.dat
/usr/lib/python2.7/site-packages/babel/localedata/ky.dat
/usr/lib/python2.7/site-packages/babel/localedata/ky_KG.dat
/usr/lib/python2.7/site-packages/babel/localedata/ln.dat
/usr/lib/python2.7/site-packages/babel/localedata/ln_CD.dat
/usr/lib/python2.7/site-packages/babel/localedata/ln_CG.dat
/usr/lib/python2.7/site-packages/babel/localedata/lo.dat
/usr/lib/python2.7/site-packages/babel/localedata/lo_LA.dat
/usr/lib/python2.7/site-packages/babel/localedata/lt.dat
/usr/lib/python2.7/site-packages/babel/localedata/lt_LT.dat
/usr/lib/python2.7/site-packages/babel/localedata/lv.dat
/usr/lib/python2.7/site-packages/babel/localedata/lv_LV.dat
/usr/lib/python2.7/site-packages/babel/localedata/mk.dat
/usr/lib/python2.7/site-packages/babel/localedata/mk_MK.dat
/usr/lib/python2.7/site-packages/babel/localedata/ml.dat
/usr/lib/python2.7/site-packages/babel/localedata/ml_IN.dat
/usr/lib/python2.7/site-packages/babel/localedata/mn.dat
/usr/lib/python2.7/site-packages/babel/localedata/mn_CN.dat
/usr/lib/python2.7/site-packages/babel/localedata/mn_Cyrl.dat
/usr/lib/python2.7/site-packages/babel/localedata/mn_Cyrl_MN.dat
/usr/lib/python2.7/site-packages/babel/localedata/mn_MN.dat
/usr/lib/python2.7/site-packages/babel/localedata/mn_Mong.dat
/usr/lib/python2.7/site-packages/babel/localedata/mn_Mong_CN.dat
/usr/lib/python2.7/site-packages/babel/localedata/mo.dat
/usr/lib/python2.7/site-packages/babel/localedata/mr.dat
/usr/lib/python2.7/site-packages/babel/localedata/mr_IN.dat
/usr/lib/python2.7/site-packages/babel/localedata/ms.dat
/usr/lib/python2.7/site-packages/babel/localedata/ms_BN.dat
/usr/lib/python2.7/site-packages/babel/localedata/ms_MY.dat
/usr/lib/python2.7/site-packages/babel/localedata/mt.dat
/usr/lib/python2.7/site-packages/babel/localedata/mt_MT.dat
/usr/lib/python2.7/site-packages/babel/localedata/my.dat
/usr/lib/python2.7/site-packages/babel/localedata/my_MM.dat
/usr/lib/python2.7/site-packages/babel/localedata/nb.dat
/usr/lib/python2.7/site-packages/babel/localedata/nb_NO.dat
/usr/lib/python2.7/site-packages/babel/localedata/ne.dat
/usr/lib/python2.7/site-packages/babel/localedata/ne_IN.dat
/usr/lib/python2.7/site-packages/babel/localedata/ne_NP.dat
/usr/lib/python2.7/site-packages/babel/localedata/nl.dat
/usr/lib/python2.7/site-packages/babel/localedata/nl_BE.dat
/usr/lib/python2.7/site-packages/babel/localedata/nl_NL.dat
/usr/lib/python2.7/site-packages/babel/localedata/nn.dat
/usr/lib/python2.7/site-packages/babel/localedata/nn_NO.dat
/usr/lib/python2.7/site-packages/babel/localedata/no.dat
/usr/lib/python2.7/site-packages/babel/localedata/nr.dat
/usr/lib/python2.7/site-packages/babel/localedata/nr_ZA.dat
/usr/lib/python2.7/site-packages/babel/localedata/nso.dat
/usr/lib/python2.7/site-packages/babel/localedata/nso_ZA.dat
/usr/lib/python2.7/site-packages/babel/localedata/ny.dat
/usr/lib/python2.7/site-packages/babel/localedata/ny_MW.dat
/usr/lib/python2.7/site-packages/babel/localedata/om.dat
/usr/lib/python2.7/site-packages/babel/localedata/om_ET.dat
/usr/lib/python2.7/site-packages/babel/localedata/om_KE.dat
/usr/lib/python2.7/site-packages/babel/localedata/or.dat
/usr/lib/python2.7/site-packages/babel/localedata/or_IN.dat
/usr/lib/python2.7/site-packages/babel/localedata/pa.dat
/usr/lib/python2.7/site-packages/babel/localedata/pa_Arab.dat
/usr/lib/python2.7/site-packages/babel/localedata/pa_Arab_PK.dat
/usr/lib/python2.7/site-packages/babel/localedata/pa_Guru.dat
/usr/lib/python2.7/site-packages/babel/localedata/pa_Guru_IN.dat
/usr/lib/python2.7/site-packages/babel/localedata/pa_IN.dat
/usr/lib/python2.7/site-packages/babel/localedata/pa_PK.dat
/usr/lib/python2.7/site-packages/babel/localedata/pl.dat
/usr/lib/python2.7/site-packages/babel/localedata/pl_PL.dat
/usr/lib/python2.7/site-packages/babel/localedata/ps.dat
/usr/lib/python2.7/site-packages/babel/localedata/ps_AF.dat
/usr/lib/python2.7/site-packages/babel/localedata/pt.dat
/usr/lib/python2.7/site-packages/babel/localedata/pt_BR.dat
/usr/lib/python2.7/site-packages/babel/localedata/pt_PT.dat
/usr/lib/python2.7/site-packages/babel/localedata/ro.dat
/usr/lib/python2.7/site-packages/babel/localedata/ro_MD.dat
/usr/lib/python2.7/site-packages/babel/localedata/ro_RO.dat
/usr/lib/python2.7/site-packages/babel/localedata/root.dat
/usr/lib/python2.7/site-packages/babel/localedata/ru.dat
/usr/lib/python2.7/site-packages/babel/localedata/ru_RU.dat
/usr/lib/python2.7/site-packages/babel/localedata/ru_UA.dat
/usr/lib/python2.7/site-packages/babel/localedata/rw.dat
/usr/lib/python2.7/site-packages/babel/localedata/rw_RW.dat
/usr/lib/python2.7/site-packages/babel/localedata/sa.dat
/usr/lib/python2.7/site-packages/babel/localedata/sa_IN.dat
/usr/lib/python2.7/site-packages/babel/localedata/se.dat
/usr/lib/python2.7/site-packages/babel/localedata/se_FI.dat
/usr/lib/python2.7/site-packages/babel/localedata/se_NO.dat
/usr/lib/python2.7/site-packages/babel/localedata/sh.dat
/usr/lib/python2.7/site-packages/babel/localedata/sh_BA.dat
/usr/lib/python2.7/site-packages/babel/localedata/sh_CS.dat
/usr/lib/python2.7/site-packages/babel/localedata/sh_YU.dat
/usr/lib/python2.7/site-packages/babel/localedata/si.dat
/usr/lib/python2.7/site-packages/babel/localedata/si_LK.dat
/usr/lib/python2.7/site-packages/babel/localedata/sid.dat
/usr/lib/python2.7/site-packages/babel/localedata/sid_ET.dat
/usr/lib/python2.7/site-packages/babel/localedata/sk.dat
/usr/lib/python2.7/site-packages/babel/localedata/sk_SK.dat
/usr/lib/python2.7/site-packages/babel/localedata/sl.dat
/usr/lib/python2.7/site-packages/babel/localedata/sl_SI.dat
/usr/lib/python2.7/site-packages/babel/localedata/so.dat
/usr/lib/python2.7/site-packages/babel/localedata/so_DJ.dat
/usr/lib/python2.7/site-packages/babel/localedata/so_ET.dat
/usr/lib/python2.7/site-packages/babel/localedata/so_KE.dat
/usr/lib/python2.7/site-packages/babel/localedata/so_SO.dat
/usr/lib/python2.7/site-packages/babel/localedata/sq.dat
/usr/lib/python2.7/site-packages/babel/localedata/sq_AL.dat
/usr/lib/python2.7/site-packages/babel/localedata/sr.dat
/usr/lib/python2.7/site-packages/babel/localedata/sr_BA.dat
/usr/lib/python2.7/site-packages/babel/localedata/sr_CS.dat
/usr/lib/python2.7/site-packages/babel/localedata/sr_Cyrl.dat
/usr/lib/python2.7/site-packages/babel/localedata/sr_Cyrl_BA.dat
/usr/lib/python2.7/site-packages/babel/localedata/sr_Cyrl_CS.dat
/usr/lib/python2.7/site-packages/babel/localedata/sr_Cyrl_ME.dat
/usr/lib/python2.7/site-packages/babel/localedata/sr_Cyrl_RS.dat
/usr/lib/python2.7/site-packages/babel/localedata/sr_Cyrl_YU.dat
/usr/lib/python2.7/site-packages/babel/localedata/sr_Latn.dat
/usr/lib/python2.7/site-packages/babel/localedata/sr_Latn_BA.dat
/usr/lib/python2.7/site-packages/babel/localedata/sr_Latn_CS.dat
/usr/lib/python2.7/site-packages/babel/localedata/sr_Latn_ME.dat
/usr/lib/python2.7/site-packages/babel/localedata/sr_Latn_RS.dat
/usr/lib/python2.7/site-packages/babel/localedata/sr_Latn_YU.dat
/usr/lib/python2.7/site-packages/babel/localedata/sr_ME.dat
/usr/lib/python2.7/site-packages/babel/localedata/sr_RS.dat
/usr/lib/python2.7/site-packages/babel/localedata/sr_YU.dat
/usr/lib/python2.7/site-packages/babel/localedata/ss.dat
/usr/lib/python2.7/site-packages/babel/localedata/ss_SZ.dat
/usr/lib/python2.7/site-packages/babel/localedata/ss_ZA.dat
/usr/lib/python2.7/site-packages/babel/localedata/st.dat
/usr/lib/python2.7/site-packages/babel/localedata/st_LS.dat
/usr/lib/python2.7/site-packages/babel/localedata/st_ZA.dat
/usr/lib/python2.7/site-packages/babel/localedata/sv.dat
/usr/lib/python2.7/site-packages/babel/localedata/sv_FI.dat
/usr/lib/python2.7/site-packages/babel/localedata/sv_SE.dat
/usr/lib/python2.7/site-packages/babel/localedata/sw.dat
/usr/lib/python2.7/site-packages/babel/localedata/sw_KE.dat
/usr/lib/python2.7/site-packages/babel/localedata/sw_TZ.dat
/usr/lib/python2.7/site-packages/babel/localedata/syr.dat
/usr/lib/python2.7/site-packages/babel/localedata/syr_SY.dat
/usr/lib/python2.7/site-packages/babel/localedata/ta.dat
/usr/lib/python2.7/site-packages/babel/localedata/ta_IN.dat
/usr/lib/python2.7/site-packages/babel/localedata/te.dat
/usr/lib/python2.7/site-packages/babel/localedata/te_IN.dat
/usr/lib/python2.7/site-packages/babel/localedata/tg.dat
/usr/lib/python2.7/site-packages/babel/localedata/tg_Cyrl.dat
/usr/lib/python2.7/site-packages/babel/localedata/tg_Cyrl_TJ.dat
/usr/lib/python2.7/site-packages/babel/localedata/tg_TJ.dat
/usr/lib/python2.7/site-packages/babel/localedata/th.dat
/usr/lib/python2.7/site-packages/babel/localedata/th_TH.dat
/usr/lib/python2.7/site-packages/babel/localedata/ti.dat
/usr/lib/python2.7/site-packages/babel/localedata/ti_ER.dat
/usr/lib/python2.7/site-packages/babel/localedata/ti_ET.dat
/usr/lib/python2.7/site-packages/babel/localedata/tig.dat
/usr/lib/python2.7/site-packages/babel/localedata/tig_ER.dat
/usr/lib/python2.7/site-packages/babel/localedata/tl.dat
/usr/lib/python2.7/site-packages/babel/localedata/tn.dat
/usr/lib/python2.7/site-packages/babel/localedata/tn_ZA.dat
/usr/lib/python2.7/site-packages/babel/localedata/to.dat
/usr/lib/python2.7/site-packages/babel/localedata/to_TO.dat
/usr/lib/python2.7/site-packages/babel/localedata/tr.dat
/usr/lib/python2.7/site-packages/babel/localedata/tr_TR.dat
/usr/lib/python2.7/site-packages/babel/localedata/trv.dat
/usr/lib/python2.7/site-packages/babel/localedata/ts.dat
/usr/lib/python2.7/site-packages/babel/localedata/ts_ZA.dat
/usr/lib/python2.7/site-packages/babel/localedata/tt.dat
/usr/lib/python2.7/site-packages/babel/localedata/tt_RU.dat
/usr/lib/python2.7/site-packages/babel/localedata/ug.dat
/usr/lib/python2.7/site-packages/babel/localedata/ug_Arab.dat
/usr/lib/python2.7/site-packages/babel/localedata/ug_Arab_CN.dat
/usr/lib/python2.7/site-packages/babel/localedata/ug_CN.dat
/usr/lib/python2.7/site-packages/babel/localedata/uk.dat
/usr/lib/python2.7/site-packages/babel/localedata/uk_UA.dat
/usr/lib/python2.7/site-packages/babel/localedata/ur.dat
/usr/lib/python2.7/site-packages/babel/localedata/ur_IN.dat
/usr/lib/python2.7/site-packages/babel/localedata/ur_PK.dat
/usr/lib/python2.7/site-packages/babel/localedata/uz.dat
/usr/lib/python2.7/site-packages/babel/localedata/uz_AF.dat
/usr/lib/python2.7/site-packages/babel/localedata/uz_Arab.dat
/usr/lib/python2.7/site-packages/babel/localedata/uz_Arab_AF.dat
/usr/lib/python2.7/site-packages/babel/localedata/uz_Cyrl.dat
/usr/lib/python2.7/site-packages/babel/localedata/uz_Cyrl_UZ.dat
/usr/lib/python2.7/site-packages/babel/localedata/uz_Latn.dat
/usr/lib/python2.7/site-packages/babel/localedata/uz_Latn_UZ.dat
/usr/lib/python2.7/site-packages/babel/localedata/uz_UZ.dat
/usr/lib/python2.7/site-packages/babel/localedata/ve.dat
/usr/lib/python2.7/site-packages/babel/localedata/ve_ZA.dat
/usr/lib/python2.7/site-packages/babel/localedata/vi.dat
/usr/lib/python2.7/site-packages/babel/localedata/vi_VN.dat
/usr/lib/python2.7/site-packages/babel/localedata/wal.dat
/usr/lib/python2.7/site-packages/babel/localedata/wal_ET.dat
/usr/lib/python2.7/site-packages/babel/localedata/wo.dat
/usr/lib/python2.7/site-packages/babel/localedata/wo_Latn.dat
/usr/lib/python2.7/site-packages/babel/localedata/wo_Latn_SN.dat
/usr/lib/python2.7/site-packages/babel/localedata/wo_SN.dat
/usr/lib/python2.7/site-packages/babel/localedata/xh.dat
/usr/lib/python2.7/site-packages/babel/localedata/xh_ZA.dat
/usr/lib/python2.7/site-packages/babel/localedata/yo.dat
/usr/lib/python2.7/site-packages/babel/localedata/yo_NG.dat
/usr/lib/python2.7/site-packages/babel/localedata/zh.dat
/usr/lib/python2.7/site-packages/babel/localedata/zh_CN.dat
/usr/lib/python2.7/site-packages/babel/localedata/zh_HK.dat
/usr/lib/python2.7/site-packages/babel/localedata/zh_Hans.dat
/usr/lib/python2.7/site-packages/babel/localedata/zh_Hans_CN.dat
/usr/lib/python2.7/site-packages/babel/localedata/zh_Hans_HK.dat
/usr/lib/python2.7/site-packages/babel/localedata/zh_Hans_MO.dat
/usr/lib/python2.7/site-packages/babel/localedata/zh_Hans_SG.dat
/usr/lib/python2.7/site-packages/babel/localedata/zh_Hant.dat
/usr/lib/python2.7/site-packages/babel/localedata/zh_Hant_HK.dat
/usr/lib/python2.7/site-packages/babel/localedata/zh_Hant_MO.dat
/usr/lib/python2.7/site-packages/babel/localedata/zh_Hant_TW.dat
/usr/lib/python2.7/site-packages/babel/localedata/zh_MO.dat
/usr/lib/python2.7/site-packages/babel/localedata/zh_SG.dat
/usr/lib/python2.7/site-packages/babel/localedata/zh_TW.dat
/usr/lib/python2.7/site-packages/babel/localedata/zu.dat
/usr/lib/python2.7/site-packages/babel/localedata/zu_ZA.dat
/usr/lib/python2.7/site-packages/babel/messages/__init__.py
/usr/lib/python2.7/site-packages/babel/messages/catalog.py
/usr/lib/python2.7/site-packages/babel/messages/checkers.py
/usr/lib/python2.7/site-packages/babel/messages/extract.py
/usr/lib/python2.7/site-packages/babel/messages/frontend.py
/usr/lib/python2.7/site-packages/babel/messages/jslexer.py
/usr/lib/python2.7/site-packages/babel/messages/mofile.py
/usr/lib/python2.7/site-packages/babel/messages/plurals.py
/usr/lib/python2.7/site-packages/babel/messages/pofile.py
/usr/lib/python2.7/site-packages/babel/numbers.py
/usr/lib/python2.7/site-packages/babel/support.py
/usr/lib/python2.7/site-packages/babel/util.py

# dev-python/simplejson
/usr/lib/python2.7/site-packages/simplejson/__init__.py
/usr/lib/python2.7/site-packages/simplejson/_speedups.so
/usr/lib/python2.7/site-packages/simplejson/decoder.py
/usr/lib/python2.7/site-packages/simplejson/encoder.py
/usr/lib/python2.7/site-packages/simplejson/ordered_dict.py
/usr/lib/python2.7/site-packages/simplejson/scanner.py
/usr/lib/python2.7/site-packages/simplejson/tool.py

# dev-python/werkzeug
/usr/lib/python2.7/site-packages/werkzeug/__init__.py
/usr/lib/python2.7/site-packages/werkzeug/_internal.py
/usr/lib/python2.7/site-packages/werkzeug/contrib/__init__.py
/usr/lib/python2.7/site-packages/werkzeug/contrib/atom.py
/usr/lib/python2.7/site-packages/werkzeug/contrib/cache.py
/usr/lib/python2.7/site-packages/werkzeug/contrib/fixers.py
/usr/lib/python2.7/site-packages/werkzeug/contrib/iterio.py
/usr/lib/python2.7/site-packages/werkzeug/contrib/jsrouting.py
/usr/lib/python2.7/site-packages/werkzeug/contrib/kickstart.py
/usr/lib/python2.7/site-packages/werkzeug/contrib/limiter.py
/usr/lib/python2.7/site-packages/werkzeug/contrib/lint.py
/usr/lib/python2.7/site-packages/werkzeug/contrib/profiler.py
/usr/lib/python2.7/site-packages/werkzeug/contrib/securecookie.py
/usr/lib/python2.7/site-packages/werkzeug/contrib/sessions.py
/usr/lib/python2.7/site-packages/werkzeug/contrib/testtools.py
/usr/lib/python2.7/site-packages/werkzeug/contrib/wrappers.py
/usr/lib/python2.7/site-packages/werkzeug/datastructures.py
/usr/lib/python2.7/site-packages/werkzeug/debug/__init__.py
/usr/lib/python2.7/site-packages/werkzeug/debug/console.py
/usr/lib/python2.7/site-packages/werkzeug/debug/repr.py
/usr/lib/python2.7/site-packages/werkzeug/debug/shared/FONT_LICENSE
/usr/lib/python2.7/site-packages/werkzeug/debug/shared/console.png
/usr/lib/python2.7/site-packages/werkzeug/debug/shared/debugger.js
/usr/lib/python2.7/site-packages/werkzeug/debug/shared/jquery.js
/usr/lib/python2.7/site-packages/werkzeug/debug/shared/less.png
/usr/lib/python2.7/site-packages/werkzeug/debug/shared/more.png
/usr/lib/python2.7/site-packages/werkzeug/debug/shared/source.png
/usr/lib/python2.7/site-packages/werkzeug/debug/shared/style.css
/usr/lib/python2.7/site-packages/werkzeug/debug/shared/ubuntu.ttf
/usr/lib/python2.7/site-packages/werkzeug/debug/tbtools.py
/usr/lib/python2.7/site-packages/werkzeug/exceptions.py
/usr/lib/python2.7/site-packages/werkzeug/formparser.py
/usr/lib/python2.7/site-packages/werkzeug/http.py
/usr/lib/python2.7/site-packages/werkzeug/local.py
/usr/lib/python2.7/site-packages/werkzeug/posixemulation.py
/usr/lib/python2.7/site-packages/werkzeug/routing.py
/usr/lib/python2.7/site-packages/werkzeug/script.py
/usr/lib/python2.7/site-packages/werkzeug/security.py
/usr/lib/python2.7/site-packages/werkzeug/serving.py
/usr/lib/python2.7/site-packages/werkzeug/templates.py
/usr/lib/python2.7/site-packages/werkzeug/test.py
/usr/lib/python2.7/site-packages/werkzeug/testapp.py
/usr/lib/python2.7/site-packages/werkzeug/testsuite/__init__.py
/usr/lib/python2.7/site-packages/werkzeug/testsuite/compat.py
/usr/lib/python2.7/site-packages/werkzeug/testsuite/contrib/__init__.py
/usr/lib/python2.7/site-packages/werkzeug/testsuite/contrib/cache.py
/usr/lib/python2.7/site-packages/werkzeug/testsuite/contrib/fixers.py
/usr/lib/python2.7/site-packages/werkzeug/testsuite/contrib/iterio.py
/usr/lib/python2.7/site-packages/werkzeug/testsuite/contrib/securecookie.py
/usr/lib/python2.7/site-packages/werkzeug/testsuite/contrib/sessions.py
/usr/lib/python2.7/site-packages/werkzeug/testsuite/contrib/wrappers.py
/usr/lib/python2.7/site-packages/werkzeug/testsuite/datastructures.py
/usr/lib/python2.7/site-packages/werkzeug/testsuite/debug.py
/usr/lib/python2.7/site-packages/werkzeug/testsuite/exceptions.py
/usr/lib/python2.7/site-packages/werkzeug/testsuite/formparser.py
/usr/lib/python2.7/site-packages/werkzeug/testsuite/http.py
/usr/lib/python2.7/site-packages/werkzeug/testsuite/internal.py
/usr/lib/python2.7/site-packages/werkzeug/testsuite/local.py
/usr/lib/python2.7/site-packages/werkzeug/testsuite/multipart/collect.py
/usr/lib/python2.7/site-packages/werkzeug/testsuite/multipart/firefox3-2png1txt/file1.png
/usr/lib/python2.7/site-packages/werkzeug/testsuite/multipart/firefox3-2png1txt/file2.png
/usr/lib/python2.7/site-packages/werkzeug/testsuite/multipart/firefox3-2png1txt/request.txt
/usr/lib/python2.7/site-packages/werkzeug/testsuite/multipart/firefox3-2png1txt/text.txt
/usr/lib/python2.7/site-packages/werkzeug/testsuite/multipart/firefox3-2pnglongtext/file1.png
/usr/lib/python2.7/site-packages/werkzeug/testsuite/multipart/firefox3-2pnglongtext/file2.png
/usr/lib/python2.7/site-packages/werkzeug/testsuite/multipart/firefox3-2pnglongtext/request.txt
/usr/lib/python2.7/site-packages/werkzeug/testsuite/multipart/firefox3-2pnglongtext/text.txt
/usr/lib/python2.7/site-packages/werkzeug/testsuite/multipart/ie6-2png1txt/file1.png
/usr/lib/python2.7/site-packages/werkzeug/testsuite/multipart/ie6-2png1txt/file2.png
/usr/lib/python2.7/site-packages/werkzeug/testsuite/multipart/ie6-2png1txt/request.txt
/usr/lib/python2.7/site-packages/werkzeug/testsuite/multipart/ie6-2png1txt/text.txt
/usr/lib/python2.7/site-packages/werkzeug/testsuite/multipart/ie7_full_path_request.txt
/usr/lib/python2.7/site-packages/werkzeug/testsuite/multipart/opera8-2png1txt/file1.png
/usr/lib/python2.7/site-packages/werkzeug/testsuite/multipart/opera8-2png1txt/file2.png
/usr/lib/python2.7/site-packages/werkzeug/testsuite/multipart/opera8-2png1txt/request.txt
/usr/lib/python2.7/site-packages/werkzeug/testsuite/multipart/opera8-2png1txt/text.txt
/usr/lib/python2.7/site-packages/werkzeug/testsuite/multipart/webkit3-2png1txt/file1.png
/usr/lib/python2.7/site-packages/werkzeug/testsuite/multipart/webkit3-2png1txt/file2.png
/usr/lib/python2.7/site-packages/werkzeug/testsuite/multipart/webkit3-2png1txt/request.txt
/usr/lib/python2.7/site-packages/werkzeug/testsuite/multipart/webkit3-2png1txt/text.txt
/usr/lib/python2.7/site-packages/werkzeug/testsuite/res/test.txt
/usr/lib/python2.7/site-packages/werkzeug/testsuite/routing.py
/usr/lib/python2.7/site-packages/werkzeug/testsuite/security.py
/usr/lib/python2.7/site-packages/werkzeug/testsuite/serving.py
/usr/lib/python2.7/site-packages/werkzeug/testsuite/test.py
/usr/lib/python2.7/site-packages/werkzeug/testsuite/urls.py
/usr/lib/python2.7/site-packages/werkzeug/testsuite/utils.py
/usr/lib/python2.7/site-packages/werkzeug/testsuite/wrappers.py
/usr/lib/python2.7/site-packages/werkzeug/testsuite/wsgi.py
/usr/lib/python2.7/site-packages/werkzeug/urls.py
/usr/lib/python2.7/site-packages/werkzeug/useragents.py
/usr/lib/python2.7/site-packages/werkzeug/utils.py
/usr/lib/python2.7/site-packages/werkzeug/wrappers.py
/usr/lib/python2.7/site-packages/werkzeug/wsgi.py

# dev-python/jinja
/usr/lib/python2.7/site-packages/jinja2/__init__.py
/usr/lib/python2.7/site-packages/jinja2/_debugsupport.so
/usr/lib/python2.7/site-packages/jinja2/_markupsafe/__init__.py
/usr/lib/python2.7/site-packages/jinja2/_markupsafe/_bundle.py
/usr/lib/python2.7/site-packages/jinja2/_markupsafe/_constants.py
/usr/lib/python2.7/site-packages/jinja2/_markupsafe/_native.py
/usr/lib/python2.7/site-packages/jinja2/_markupsafe/tests.py
/usr/lib/python2.7/site-packages/jinja2/_stringdefs.py
/usr/lib/python2.7/site-packages/jinja2/bccache.py
/usr/lib/python2.7/site-packages/jinja2/compiler.py
/usr/lib/python2.7/site-packages/jinja2/constants.py
/usr/lib/python2.7/site-packages/jinja2/debug.py
/usr/lib/python2.7/site-packages/jinja2/defaults.py
/usr/lib/python2.7/site-packages/jinja2/environment.py
/usr/lib/python2.7/site-packages/jinja2/exceptions.py
/usr/lib/python2.7/site-packages/jinja2/ext.py
/usr/lib/python2.7/site-packages/jinja2/filters.py
/usr/lib/python2.7/site-packages/jinja2/lexer.py
/usr/lib/python2.7/site-packages/jinja2/loaders.py
/usr/lib/python2.7/site-packages/jinja2/meta.py
/usr/lib/python2.7/site-packages/jinja2/nodes.py
/usr/lib/python2.7/site-packages/jinja2/optimizer.py
/usr/lib/python2.7/site-packages/jinja2/parser.py
/usr/lib/python2.7/site-packages/jinja2/runtime.py
/usr/lib/python2.7/site-packages/jinja2/sandbox.py
/usr/lib/python2.7/site-packages/jinja2/tests.py
/usr/lib/python2.7/site-packages/jinja2/utils.py
/usr/lib/python2.7/site-packages/jinja2/visitor.py

# dev-python/flask
/usr/lib/python2.7/site-packages/flask/__init__.py
/usr/lib/python2.7/site-packages/flask/app.py
/usr/lib/python2.7/site-packages/flask/blueprints.py
/usr/lib/python2.7/site-packages/flask/config.py
/usr/lib/python2.7/site-packages/flask/ctx.py
/usr/lib/python2.7/site-packages/flask/debughelpers.py
/usr/lib/python2.7/site-packages/flask/exceptions.py
/usr/lib/python2.7/site-packages/flask/ext/__init__.py
/usr/lib/python2.7/site-packages/flask/exthook.py
/usr/lib/python2.7/site-packages/flask/globals.py
/usr/lib/python2.7/site-packages/flask/helpers.py
/usr/lib/python2.7/site-packages/flask/logging.py
/usr/lib/python2.7/site-packages/flask/module.py
/usr/lib/python2.7/site-packages/flask/session.py
/usr/lib/python2.7/site-packages/flask/sessions.py
/usr/lib/python2.7/site-packages/flask/signals.py
/usr/lib/python2.7/site-packages/flask/templating.py
/usr/lib/python2.7/site-packages/flask/testing.py
/usr/lib/python2.7/site-packages/flask/testsuite/__init__.py
/usr/lib/python2.7/site-packages/flask/testsuite/appctx.py
/usr/lib/python2.7/site-packages/flask/testsuite/basic.py
/usr/lib/python2.7/site-packages/flask/testsuite/blueprints.py
/usr/lib/python2.7/site-packages/flask/testsuite/config.py
/usr/lib/python2.7/site-packages/flask/testsuite/deprecations.py
/usr/lib/python2.7/site-packages/flask/testsuite/examples.py
/usr/lib/python2.7/site-packages/flask/testsuite/ext.py
/usr/lib/python2.7/site-packages/flask/testsuite/helpers.py
/usr/lib/python2.7/site-packages/flask/testsuite/regression.py
/usr/lib/python2.7/site-packages/flask/testsuite/signals.py
/usr/lib/python2.7/site-packages/flask/testsuite/static/index.html
/usr/lib/python2.7/site-packages/flask/testsuite/subclassing.py
/usr/lib/python2.7/site-packages/flask/testsuite/templates/_macro.html
/usr/lib/python2.7/site-packages/flask/testsuite/templates/context_template.html
/usr/lib/python2.7/site-packages/flask/testsuite/templates/escaping_template.html
/usr/lib/python2.7/site-packages/flask/testsuite/templates/mail.txt
/usr/lib/python2.7/site-packages/flask/testsuite/templates/nested/nested.txt
/usr/lib/python2.7/site-packages/flask/testsuite/templates/simple_template.html
/usr/lib/python2.7/site-packages/flask/testsuite/templates/template_filter.html
/usr/lib/python2.7/site-packages/flask/testsuite/templating.py
/usr/lib/python2.7/site-packages/flask/testsuite/test_apps/blueprintapp/__init__.py
/usr/lib/python2.7/site-packages/flask/testsuite/test_apps/blueprintapp/apps/__init__.py
/usr/lib/python2.7/site-packages/flask/testsuite/test_apps/blueprintapp/apps/admin/__init__.py
/usr/lib/python2.7/site-packages/flask/testsuite/test_apps/blueprintapp/apps/admin/static/css/test.css
/usr/lib/python2.7/site-packages/flask/testsuite/test_apps/blueprintapp/apps/admin/static/test.txt
/usr/lib/python2.7/site-packages/flask/testsuite/test_apps/blueprintapp/apps/admin/templates/admin/index.html
/usr/lib/python2.7/site-packages/flask/testsuite/test_apps/blueprintapp/apps/frontend/__init__.py
/usr/lib/python2.7/site-packages/flask/testsuite/test_apps/blueprintapp/apps/frontend/templates/frontend/index.html
/usr/lib/python2.7/site-packages/flask/testsuite/test_apps/config_module_app.py
/usr/lib/python2.7/site-packages/flask/testsuite/test_apps/config_package_app/__init__.py
/usr/lib/python2.7/site-packages/flask/testsuite/test_apps/flask_broken/__init__.py
/usr/lib/python2.7/site-packages/flask/testsuite/test_apps/flask_broken/b.py
/usr/lib/python2.7/site-packages/flask/testsuite/test_apps/flask_newext_package/__init__.py
/usr/lib/python2.7/site-packages/flask/testsuite/test_apps/flask_newext_package/submodule.py
/usr/lib/python2.7/site-packages/flask/testsuite/test_apps/flask_newext_simple.py
/usr/lib/python2.7/site-packages/flask/testsuite/test_apps/flaskext/__init__.py
/usr/lib/python2.7/site-packages/flask/testsuite/test_apps/flaskext/oldext_package/__init__.py
/usr/lib/python2.7/site-packages/flask/testsuite/test_apps/flaskext/oldext_package/submodule.py
/usr/lib/python2.7/site-packages/flask/testsuite/test_apps/flaskext/oldext_simple.py
/usr/lib/python2.7/site-packages/flask/testsuite/test_apps/importerror.py
/usr/lib/python2.7/site-packages/flask/testsuite/test_apps/lib/python2.5/site-packages/SiteEgg.egg
/usr/lib/python2.7/site-packages/flask/testsuite/test_apps/lib/python2.5/site-packages/site_app.py
/usr/lib/python2.7/site-packages/flask/testsuite/test_apps/lib/python2.5/site-packages/site_package/__init__.py
/usr/lib/python2.7/site-packages/flask/testsuite/test_apps/main_app.py
/usr/lib/python2.7/site-packages/flask/testsuite/test_apps/moduleapp/__init__.py
/usr/lib/python2.7/site-packages/flask/testsuite/test_apps/moduleapp/apps/__init__.py
/usr/lib/python2.7/site-packages/flask/testsuite/test_apps/moduleapp/apps/admin/__init__.py
/usr/lib/python2.7/site-packages/flask/testsuite/test_apps/moduleapp/apps/admin/static/css/test.css
/usr/lib/python2.7/site-packages/flask/testsuite/test_apps/moduleapp/apps/admin/static/test.txt
/usr/lib/python2.7/site-packages/flask/testsuite/test_apps/moduleapp/apps/admin/templates/index.html
/usr/lib/python2.7/site-packages/flask/testsuite/test_apps/moduleapp/apps/frontend/__init__.py
/usr/lib/python2.7/site-packages/flask/testsuite/test_apps/moduleapp/apps/frontend/templates/index.html
/usr/lib/python2.7/site-packages/flask/testsuite/test_apps/path/installed_package/__init__.py
/usr/lib/python2.7/site-packages/flask/testsuite/test_apps/subdomaintestmodule/__init__.py
/usr/lib/python2.7/site-packages/flask/testsuite/test_apps/subdomaintestmodule/static/hello.txt
/usr/lib/python2.7/site-packages/flask/testsuite/testing.py
/usr/lib/python2.7/site-packages/flask/testsuite/views.py
/usr/lib/python2.7/site-packages/flask/views.py
/usr/lib/python2.7/site-packages/flask/wrappers.py

