#emerge --nodeps gcc
#emerge --nodeps binutils
#emerge --nodeps eselect
#eselect binutils set 1
#emerge --nodeps glibc

#require linux-headers.lst
/usr/bin/gcc-4.5.4
#symlink /usr/bin/gcc gcc-4.5.4
#detectarch /usr/bin/gcc
/etc/env.d/gcc/config-$(ARCH)-pc-linux-gnu
/etc/env.d/binutils/config-$(ARCH)-pc-linux-gnu
#sed /etc/env.d/binutils/config-$(ARCH)-pc-linux-gnu s/^CURRENT=.*$//
/etc/env.d/gcc/$(ARCH)-pc-linux-gnu-4.5.4
/etc/ld.so.conf.d/05gcc-$(ARCH)-pc-linux-gnu.conf
/lib/cpp
/usr/bin/cpp
/usr/bin/cpp-4.5.4
#symlink /usr/bin/g++ ../i686-pc-linux-gnu/gcc-bin/4.5.4/g++
#/usr/bin/gcc-config
/usr/libexec/gcc/$(ARCH)-pc-linux-gnu/4.5.4/cc1
/usr/libexec/gcc/$(ARCH)-pc-linux-gnu/4.5.4/cc1plus
/usr/lib/crt1.o
/usr/lib/crti.o
/usr/lib/crtn.o
/usr/lib/libc.so
/usr/lib/libm.so
/usr/lib/libpthread.so
/usr/lib/libpthread_nonshared.a
/usr/lib/libc_nonshared.a
/usr/lib/libdl.so
/usr/lib/gcc/$(ARCH)-pc-linux-gnu/4.5.4/libgcc_s.so
/usr/lib/gcc/$(ARCH)-pc-linux-gnu/4.5.4/crtbegin.o
/usr/lib/gcc/$(ARCH)-pc-linux-gnu/4.5.4/crtbeginS.o
/usr/lib/gcc/$(ARCH)-pc-linux-gnu/4.5.4/crtbeginT.o
/usr/lib/gcc/$(ARCH)-pc-linux-gnu/4.5.4/libgcc.a
/usr/lib/gcc/$(ARCH)-pc-linux-gnu/4.5.4/crtend.o
/usr/lib/gcc/$(ARCH)-pc-linux-gnu/4.5.4/crtendS.o
/usr/lib/gcc/$(ARCH)-pc-linux-gnu/4.5.4/crtfastmath.o
/usr/lib/gcc/$(ARCH)-pc-linux-gnu/4.5.4/crtprec32.o
/usr/lib/gcc/$(ARCH)-pc-linux-gnu/4.5.4/crtprec64.o
/usr/lib/gcc/$(ARCH)-pc-linux-gnu/4.5.4/crtprec80.o
/usr/lib/gcc/$(ARCH)-pc-linux-gnu/4.5.4/libstdc++.so
/usr/lib/gcc/$(ARCH)-pc-linux-gnu/4.5.4/libstdc++.so.6
/usr/i686-pc-linux-gnu/gcc-bin/4.5.4/g++
/usr/i686-pc-linux-gnu/gcc-bin/4.5.4/cpp

/usr/bin/make
/usr/bin/install
/usr/bin/patch
/usr/bin/as
/usr/bin/ld
/usr/bin/nm
/usr/bin/scanelf
/usr/bin/strip

# bison etc (for binutils)
/usr/bin/bison
/usr/bin/m4
/usr/share/bison/m4sugar/foreach.m4
/usr/share/bison/m4sugar/m4sugar.m4
/usr/share/bison/bison.m4
/usr/share/bison/c-skel.m4
/usr/share/bison/yacc.c
/usr/share/bison/c.m4

/usr/lib/misc/gcc-config

# gcc headers
/usr/lib/gcc/$(ARCH)-pc-linux-gnu/4.5.4/include-fixed/limits.h
/usr/lib/gcc/$(ARCH)-pc-linux-gnu/4.5.4/include-fixed/syslimits.h
/usr/lib/gcc/$(ARCH)-pc-linux-gnu/4.5.4/include/abmintrin.h
/usr/lib/gcc/$(ARCH)-pc-linux-gnu/4.5.4/include/ammintrin.h
/usr/lib/gcc/$(ARCH)-pc-linux-gnu/4.5.4/include/avxintrin.h
/usr/lib/gcc/$(ARCH)-pc-linux-gnu/4.5.4/include/bmmintrin.h
/usr/lib/gcc/$(ARCH)-pc-linux-gnu/4.5.4/include/cpuid.h
/usr/lib/gcc/$(ARCH)-pc-linux-gnu/4.5.4/include/cross-stdarg.h
/usr/lib/gcc/$(ARCH)-pc-linux-gnu/4.5.4/include/emmintrin.h
/usr/lib/gcc/$(ARCH)-pc-linux-gnu/4.5.4/include/float.h
/usr/lib/gcc/$(ARCH)-pc-linux-gnu/4.5.4/include/fma4intrin.h
/usr/lib/gcc/$(ARCH)-pc-linux-gnu/4.5.4/include/ia32intrin.h
/usr/lib/gcc/$(ARCH)-pc-linux-gnu/4.5.4/include/immintrin.h
/usr/lib/gcc/$(ARCH)-pc-linux-gnu/4.5.4/include/iso646.h
/usr/lib/gcc/$(ARCH)-pc-linux-gnu/4.5.4/include/lwpintrin.h
/usr/lib/gcc/$(ARCH)-pc-linux-gnu/4.5.4/include/mf-runtime.h
/usr/lib/gcc/$(ARCH)-pc-linux-gnu/4.5.4/include/mm3dnow.h
/usr/lib/gcc/$(ARCH)-pc-linux-gnu/4.5.4/include/mm_malloc.h
/usr/lib/gcc/$(ARCH)-pc-linux-gnu/4.5.4/include/mmintrin.h
/usr/lib/gcc/$(ARCH)-pc-linux-gnu/4.5.4/include/nmmintrin.h
/usr/lib/gcc/$(ARCH)-pc-linux-gnu/4.5.4/include/omp.h
/usr/lib/gcc/$(ARCH)-pc-linux-gnu/4.5.4/include/pmmintrin.h
/usr/lib/gcc/$(ARCH)-pc-linux-gnu/4.5.4/include/popcntintrin.h
/usr/lib/gcc/$(ARCH)-pc-linux-gnu/4.5.4/include/smmintrin.h
/usr/lib/gcc/$(ARCH)-pc-linux-gnu/4.5.4/include/stdarg.h
/usr/lib/gcc/$(ARCH)-pc-linux-gnu/4.5.4/include/stdbool.h
/usr/lib/gcc/$(ARCH)-pc-linux-gnu/4.5.4/include/stddef.h
/usr/lib/gcc/$(ARCH)-pc-linux-gnu/4.5.4/include/stdfix.h
/usr/lib/gcc/$(ARCH)-pc-linux-gnu/4.5.4/include/stdint-gcc.h
/usr/lib/gcc/$(ARCH)-pc-linux-gnu/4.5.4/include/stdint.h
/usr/lib/gcc/$(ARCH)-pc-linux-gnu/4.5.4/include/tmmintrin.h
/usr/lib/gcc/$(ARCH)-pc-linux-gnu/4.5.4/include/unwind.h
/usr/lib/gcc/$(ARCH)-pc-linux-gnu/4.5.4/include/varargs.h
/usr/lib/gcc/$(ARCH)-pc-linux-gnu/4.5.4/include/wmmintrin.h
/usr/lib/gcc/$(ARCH)-pc-linux-gnu/4.5.4/include/x86intrin.h
/usr/lib/gcc/$(ARCH)-pc-linux-gnu/4.5.4/include/xmmintrin.h
/usr/lib/gcc/$(ARCH)-pc-linux-gnu/4.5.4/include/xopintrin.h

# c++ headers
/usr/lib/gcc/$(ARCH)-pc-linux-gnu/4.5.4/include/g++-v4/algorithm
/usr/lib/gcc/$(ARCH)-pc-linux-gnu/4.5.4/include/g++-v4/array
/usr/lib/gcc/$(ARCH)-pc-linux-gnu/4.5.4/include/g++-v4/atomic
/usr/lib/gcc/$(ARCH)-pc-linux-gnu/4.5.4/include/g++-v4/backward/auto_ptr.h
/usr/lib/gcc/$(ARCH)-pc-linux-gnu/4.5.4/include/g++-v4/backward/backward_warning.h
/usr/lib/gcc/$(ARCH)-pc-linux-gnu/4.5.4/include/g++-v4/backward/binders.h
/usr/lib/gcc/$(ARCH)-pc-linux-gnu/4.5.4/include/g++-v4/backward/hash_fun.h
/usr/lib/gcc/$(ARCH)-pc-linux-gnu/4.5.4/include/g++-v4/backward/hash_map
/usr/lib/gcc/$(ARCH)-pc-linux-gnu/4.5.4/include/g++-v4/backward/hash_set
/usr/lib/gcc/$(ARCH)-pc-linux-gnu/4.5.4/include/g++-v4/backward/hashtable.h
/usr/lib/gcc/$(ARCH)-pc-linux-gnu/4.5.4/include/g++-v4/backward/strstream
/usr/lib/gcc/$(ARCH)-pc-linux-gnu/4.5.4/include/g++-v4/bits/algorithmfwd.h
/usr/lib/gcc/$(ARCH)-pc-linux-gnu/4.5.4/include/g++-v4/bits/allocator.h
/usr/lib/gcc/$(ARCH)-pc-linux-gnu/4.5.4/include/g++-v4/bits/atomic_0.h
/usr/lib/gcc/$(ARCH)-pc-linux-gnu/4.5.4/include/g++-v4/bits/atomic_2.h
/usr/lib/gcc/$(ARCH)-pc-linux-gnu/4.5.4/include/g++-v4/bits/atomic_base.h
/usr/lib/gcc/$(ARCH)-pc-linux-gnu/4.5.4/include/g++-v4/bits/atomicfwd_c.h
/usr/lib/gcc/$(ARCH)-pc-linux-gnu/4.5.4/include/g++-v4/bits/atomicfwd_cxx.h
/usr/lib/gcc/$(ARCH)-pc-linux-gnu/4.5.4/include/g++-v4/bits/basic_ios.h
/usr/lib/gcc/$(ARCH)-pc-linux-gnu/4.5.4/include/g++-v4/bits/basic_ios.tcc
/usr/lib/gcc/$(ARCH)-pc-linux-gnu/4.5.4/include/g++-v4/bits/basic_string.h
/usr/lib/gcc/$(ARCH)-pc-linux-gnu/4.5.4/include/g++-v4/bits/basic_string.tcc
/usr/lib/gcc/$(ARCH)-pc-linux-gnu/4.5.4/include/g++-v4/bits/boost_concept_check.h
/usr/lib/gcc/$(ARCH)-pc-linux-gnu/4.5.4/include/g++-v4/bits/c++0x_warning.h
/usr/lib/gcc/$(ARCH)-pc-linux-gnu/4.5.4/include/g++-v4/bits/char_traits.h
/usr/lib/gcc/$(ARCH)-pc-linux-gnu/4.5.4/include/g++-v4/bits/cmath.tcc
/usr/lib/gcc/$(ARCH)-pc-linux-gnu/4.5.4/include/g++-v4/bits/codecvt.h
/usr/lib/gcc/$(ARCH)-pc-linux-gnu/4.5.4/include/g++-v4/bits/concept_check.h
/usr/lib/gcc/$(ARCH)-pc-linux-gnu/4.5.4/include/g++-v4/bits/cpp_type_traits.h
/usr/lib/gcc/$(ARCH)-pc-linux-gnu/4.5.4/include/g++-v4/bits/deque.tcc
/usr/lib/gcc/$(ARCH)-pc-linux-gnu/4.5.4/include/g++-v4/bits/forward_list.h
/usr/lib/gcc/$(ARCH)-pc-linux-gnu/4.5.4/include/g++-v4/bits/forward_list.tcc
/usr/lib/gcc/$(ARCH)-pc-linux-gnu/4.5.4/include/g++-v4/bits/fstream.tcc
/usr/lib/gcc/$(ARCH)-pc-linux-gnu/4.5.4/include/g++-v4/bits/functexcept.h
/usr/lib/gcc/$(ARCH)-pc-linux-gnu/4.5.4/include/g++-v4/bits/functional_hash.h
/usr/lib/gcc/$(ARCH)-pc-linux-gnu/4.5.4/include/g++-v4/bits/gslice.h
/usr/lib/gcc/$(ARCH)-pc-linux-gnu/4.5.4/include/g++-v4/bits/gslice_array.h
/usr/lib/gcc/$(ARCH)-pc-linux-gnu/4.5.4/include/g++-v4/bits/hashtable.h
/usr/lib/gcc/$(ARCH)-pc-linux-gnu/4.5.4/include/g++-v4/bits/hashtable_policy.h
/usr/lib/gcc/$(ARCH)-pc-linux-gnu/4.5.4/include/g++-v4/bits/indirect_array.h
/usr/lib/gcc/$(ARCH)-pc-linux-gnu/4.5.4/include/g++-v4/bits/ios_base.h
/usr/lib/gcc/$(ARCH)-pc-linux-gnu/4.5.4/include/g++-v4/bits/istream.tcc
/usr/lib/gcc/$(ARCH)-pc-linux-gnu/4.5.4/include/g++-v4/bits/list.tcc
/usr/lib/gcc/$(ARCH)-pc-linux-gnu/4.5.4/include/g++-v4/bits/locale_classes.h
/usr/lib/gcc/$(ARCH)-pc-linux-gnu/4.5.4/include/g++-v4/bits/locale_classes.tcc
/usr/lib/gcc/$(ARCH)-pc-linux-gnu/4.5.4/include/g++-v4/bits/locale_facets.h
/usr/lib/gcc/$(ARCH)-pc-linux-gnu/4.5.4/include/g++-v4/bits/locale_facets.tcc
/usr/lib/gcc/$(ARCH)-pc-linux-gnu/4.5.4/include/g++-v4/bits/locale_facets_nonio.h
/usr/lib/gcc/$(ARCH)-pc-linux-gnu/4.5.4/include/g++-v4/bits/locale_facets_nonio.tcc
/usr/lib/gcc/$(ARCH)-pc-linux-gnu/4.5.4/include/g++-v4/bits/localefwd.h
/usr/lib/gcc/$(ARCH)-pc-linux-gnu/4.5.4/include/g++-v4/bits/mask_array.h
/usr/lib/gcc/$(ARCH)-pc-linux-gnu/4.5.4/include/g++-v4/bits/move.h
/usr/lib/gcc/$(ARCH)-pc-linux-gnu/4.5.4/include/g++-v4/bits/ostream.tcc
/usr/lib/gcc/$(ARCH)-pc-linux-gnu/4.5.4/include/g++-v4/bits/ostream_insert.h
/usr/lib/gcc/$(ARCH)-pc-linux-gnu/4.5.4/include/g++-v4/bits/postypes.h
/usr/lib/gcc/$(ARCH)-pc-linux-gnu/4.5.4/include/g++-v4/bits/random.h
/usr/lib/gcc/$(ARCH)-pc-linux-gnu/4.5.4/include/g++-v4/bits/random.tcc
/usr/lib/gcc/$(ARCH)-pc-linux-gnu/4.5.4/include/g++-v4/bits/shared_ptr.h
/usr/lib/gcc/$(ARCH)-pc-linux-gnu/4.5.4/include/g++-v4/bits/shared_ptr_base.h
/usr/lib/gcc/$(ARCH)-pc-linux-gnu/4.5.4/include/g++-v4/bits/slice_array.h
/usr/lib/gcc/$(ARCH)-pc-linux-gnu/4.5.4/include/g++-v4/bits/sstream.tcc
/usr/lib/gcc/$(ARCH)-pc-linux-gnu/4.5.4/include/g++-v4/bits/stl_algo.h
/usr/lib/gcc/$(ARCH)-pc-linux-gnu/4.5.4/include/g++-v4/bits/stl_algobase.h
/usr/lib/gcc/$(ARCH)-pc-linux-gnu/4.5.4/include/g++-v4/bits/stl_bvector.h
/usr/lib/gcc/$(ARCH)-pc-linux-gnu/4.5.4/include/g++-v4/bits/stl_construct.h
/usr/lib/gcc/$(ARCH)-pc-linux-gnu/4.5.4/include/g++-v4/bits/stl_deque.h
/usr/lib/gcc/$(ARCH)-pc-linux-gnu/4.5.4/include/g++-v4/bits/stl_function.h
/usr/lib/gcc/$(ARCH)-pc-linux-gnu/4.5.4/include/g++-v4/bits/stl_heap.h
/usr/lib/gcc/$(ARCH)-pc-linux-gnu/4.5.4/include/g++-v4/bits/stl_iterator.h
/usr/lib/gcc/$(ARCH)-pc-linux-gnu/4.5.4/include/g++-v4/bits/stl_iterator_base_funcs.h
/usr/lib/gcc/$(ARCH)-pc-linux-gnu/4.5.4/include/g++-v4/bits/stl_iterator_base_types.h
/usr/lib/gcc/$(ARCH)-pc-linux-gnu/4.5.4/include/g++-v4/bits/stl_list.h
/usr/lib/gcc/$(ARCH)-pc-linux-gnu/4.5.4/include/g++-v4/bits/stl_map.h
/usr/lib/gcc/$(ARCH)-pc-linux-gnu/4.5.4/include/g++-v4/bits/stl_multimap.h
/usr/lib/gcc/$(ARCH)-pc-linux-gnu/4.5.4/include/g++-v4/bits/stl_multiset.h
/usr/lib/gcc/$(ARCH)-pc-linux-gnu/4.5.4/include/g++-v4/bits/stl_numeric.h
/usr/lib/gcc/$(ARCH)-pc-linux-gnu/4.5.4/include/g++-v4/bits/stl_pair.h
/usr/lib/gcc/$(ARCH)-pc-linux-gnu/4.5.4/include/g++-v4/bits/stl_queue.h
/usr/lib/gcc/$(ARCH)-pc-linux-gnu/4.5.4/include/g++-v4/bits/stl_raw_storage_iter.h
/usr/lib/gcc/$(ARCH)-pc-linux-gnu/4.5.4/include/g++-v4/bits/stl_relops.h
/usr/lib/gcc/$(ARCH)-pc-linux-gnu/4.5.4/include/g++-v4/bits/stl_set.h
/usr/lib/gcc/$(ARCH)-pc-linux-gnu/4.5.4/include/g++-v4/bits/stl_stack.h
/usr/lib/gcc/$(ARCH)-pc-linux-gnu/4.5.4/include/g++-v4/bits/stl_tempbuf.h
/usr/lib/gcc/$(ARCH)-pc-linux-gnu/4.5.4/include/g++-v4/bits/stl_tree.h
/usr/lib/gcc/$(ARCH)-pc-linux-gnu/4.5.4/include/g++-v4/bits/stl_uninitialized.h
/usr/lib/gcc/$(ARCH)-pc-linux-gnu/4.5.4/include/g++-v4/bits/stl_vector.h
/usr/lib/gcc/$(ARCH)-pc-linux-gnu/4.5.4/include/g++-v4/bits/stream_iterator.h
/usr/lib/gcc/$(ARCH)-pc-linux-gnu/4.5.4/include/g++-v4/bits/streambuf.tcc
/usr/lib/gcc/$(ARCH)-pc-linux-gnu/4.5.4/include/g++-v4/bits/streambuf_iterator.h
/usr/lib/gcc/$(ARCH)-pc-linux-gnu/4.5.4/include/g++-v4/bits/stringfwd.h
/usr/lib/gcc/$(ARCH)-pc-linux-gnu/4.5.4/include/g++-v4/bits/unique_ptr.h
/usr/lib/gcc/$(ARCH)-pc-linux-gnu/4.5.4/include/g++-v4/bits/unordered_map.h
/usr/lib/gcc/$(ARCH)-pc-linux-gnu/4.5.4/include/g++-v4/bits/unordered_set.h
/usr/lib/gcc/$(ARCH)-pc-linux-gnu/4.5.4/include/g++-v4/bits/valarray_after.h
/usr/lib/gcc/$(ARCH)-pc-linux-gnu/4.5.4/include/g++-v4/bits/valarray_array.h
/usr/lib/gcc/$(ARCH)-pc-linux-gnu/4.5.4/include/g++-v4/bits/valarray_array.tcc
/usr/lib/gcc/$(ARCH)-pc-linux-gnu/4.5.4/include/g++-v4/bits/valarray_before.h
/usr/lib/gcc/$(ARCH)-pc-linux-gnu/4.5.4/include/g++-v4/bits/vector.tcc
/usr/lib/gcc/$(ARCH)-pc-linux-gnu/4.5.4/include/g++-v4/bitset
/usr/lib/gcc/$(ARCH)-pc-linux-gnu/4.5.4/include/g++-v4/cassert
/usr/lib/gcc/$(ARCH)-pc-linux-gnu/4.5.4/include/g++-v4/ccomplex
/usr/lib/gcc/$(ARCH)-pc-linux-gnu/4.5.4/include/g++-v4/cctype
/usr/lib/gcc/$(ARCH)-pc-linux-gnu/4.5.4/include/g++-v4/cerrno
/usr/lib/gcc/$(ARCH)-pc-linux-gnu/4.5.4/include/g++-v4/cfenv
/usr/lib/gcc/$(ARCH)-pc-linux-gnu/4.5.4/include/g++-v4/cfloat
/usr/lib/gcc/$(ARCH)-pc-linux-gnu/4.5.4/include/g++-v4/chrono
/usr/lib/gcc/$(ARCH)-pc-linux-gnu/4.5.4/include/g++-v4/cinttypes
/usr/lib/gcc/$(ARCH)-pc-linux-gnu/4.5.4/include/g++-v4/ciso646
/usr/lib/gcc/$(ARCH)-pc-linux-gnu/4.5.4/include/g++-v4/climits
/usr/lib/gcc/$(ARCH)-pc-linux-gnu/4.5.4/include/g++-v4/clocale
/usr/lib/gcc/$(ARCH)-pc-linux-gnu/4.5.4/include/g++-v4/cmath
/usr/lib/gcc/$(ARCH)-pc-linux-gnu/4.5.4/include/g++-v4/complex
/usr/lib/gcc/$(ARCH)-pc-linux-gnu/4.5.4/include/g++-v4/complex.h
/usr/lib/gcc/$(ARCH)-pc-linux-gnu/4.5.4/include/g++-v4/condition_variable
/usr/lib/gcc/$(ARCH)-pc-linux-gnu/4.5.4/include/g++-v4/csetjmp
/usr/lib/gcc/$(ARCH)-pc-linux-gnu/4.5.4/include/g++-v4/csignal
/usr/lib/gcc/$(ARCH)-pc-linux-gnu/4.5.4/include/g++-v4/cstdarg
/usr/lib/gcc/$(ARCH)-pc-linux-gnu/4.5.4/include/g++-v4/cstdbool
/usr/lib/gcc/$(ARCH)-pc-linux-gnu/4.5.4/include/g++-v4/cstddef
/usr/lib/gcc/$(ARCH)-pc-linux-gnu/4.5.4/include/g++-v4/cstdint
/usr/lib/gcc/$(ARCH)-pc-linux-gnu/4.5.4/include/g++-v4/cstdio
/usr/lib/gcc/$(ARCH)-pc-linux-gnu/4.5.4/include/g++-v4/cstdlib
/usr/lib/gcc/$(ARCH)-pc-linux-gnu/4.5.4/include/g++-v4/cstring
/usr/lib/gcc/$(ARCH)-pc-linux-gnu/4.5.4/include/g++-v4/ctgmath
/usr/lib/gcc/$(ARCH)-pc-linux-gnu/4.5.4/include/g++-v4/ctime
/usr/lib/gcc/$(ARCH)-pc-linux-gnu/4.5.4/include/g++-v4/cwchar
/usr/lib/gcc/$(ARCH)-pc-linux-gnu/4.5.4/include/g++-v4/cwctype
/usr/lib/gcc/$(ARCH)-pc-linux-gnu/4.5.4/include/g++-v4/cxxabi-forced.h
/usr/lib/gcc/$(ARCH)-pc-linux-gnu/4.5.4/include/g++-v4/cxxabi.h
/usr/lib/gcc/$(ARCH)-pc-linux-gnu/4.5.4/include/g++-v4/debug/bitset
/usr/lib/gcc/$(ARCH)-pc-linux-gnu/4.5.4/include/g++-v4/debug/debug.h
/usr/lib/gcc/$(ARCH)-pc-linux-gnu/4.5.4/include/g++-v4/debug/deque
/usr/lib/gcc/$(ARCH)-pc-linux-gnu/4.5.4/include/g++-v4/debug/formatter.h
/usr/lib/gcc/$(ARCH)-pc-linux-gnu/4.5.4/include/g++-v4/debug/functions.h
/usr/lib/gcc/$(ARCH)-pc-linux-gnu/4.5.4/include/g++-v4/debug/list
/usr/lib/gcc/$(ARCH)-pc-linux-gnu/4.5.4/include/g++-v4/debug/macros.h
/usr/lib/gcc/$(ARCH)-pc-linux-gnu/4.5.4/include/g++-v4/debug/map
/usr/lib/gcc/$(ARCH)-pc-linux-gnu/4.5.4/include/g++-v4/debug/map.h
/usr/lib/gcc/$(ARCH)-pc-linux-gnu/4.5.4/include/g++-v4/debug/multimap.h
/usr/lib/gcc/$(ARCH)-pc-linux-gnu/4.5.4/include/g++-v4/debug/multiset.h
/usr/lib/gcc/$(ARCH)-pc-linux-gnu/4.5.4/include/g++-v4/debug/safe_base.h
/usr/lib/gcc/$(ARCH)-pc-linux-gnu/4.5.4/include/g++-v4/debug/safe_iterator.h
/usr/lib/gcc/$(ARCH)-pc-linux-gnu/4.5.4/include/g++-v4/debug/safe_iterator.tcc
/usr/lib/gcc/$(ARCH)-pc-linux-gnu/4.5.4/include/g++-v4/debug/safe_sequence.h
/usr/lib/gcc/$(ARCH)-pc-linux-gnu/4.5.4/include/g++-v4/debug/set
/usr/lib/gcc/$(ARCH)-pc-linux-gnu/4.5.4/include/g++-v4/debug/set.h
/usr/lib/gcc/$(ARCH)-pc-linux-gnu/4.5.4/include/g++-v4/debug/string
/usr/lib/gcc/$(ARCH)-pc-linux-gnu/4.5.4/include/g++-v4/debug/unordered_map
/usr/lib/gcc/$(ARCH)-pc-linux-gnu/4.5.4/include/g++-v4/debug/unordered_set
/usr/lib/gcc/$(ARCH)-pc-linux-gnu/4.5.4/include/g++-v4/debug/vector
/usr/lib/gcc/$(ARCH)-pc-linux-gnu/4.5.4/include/g++-v4/decimal/decimal
/usr/lib/gcc/$(ARCH)-pc-linux-gnu/4.5.4/include/g++-v4/decimal/decimal.h
/usr/lib/gcc/$(ARCH)-pc-linux-gnu/4.5.4/include/g++-v4/deque
/usr/lib/gcc/$(ARCH)-pc-linux-gnu/4.5.4/include/g++-v4/exception
/usr/lib/gcc/$(ARCH)-pc-linux-gnu/4.5.4/include/g++-v4/exception_defines.h
/usr/lib/gcc/$(ARCH)-pc-linux-gnu/4.5.4/include/g++-v4/exception_ptr.h
/usr/lib/gcc/$(ARCH)-pc-linux-gnu/4.5.4/include/g++-v4/ext/algorithm
/usr/lib/gcc/$(ARCH)-pc-linux-gnu/4.5.4/include/g++-v4/ext/array_allocator.h
/usr/lib/gcc/$(ARCH)-pc-linux-gnu/4.5.4/include/g++-v4/ext/atomicity.h
/usr/lib/gcc/$(ARCH)-pc-linux-gnu/4.5.4/include/g++-v4/ext/bitmap_allocator.h
/usr/lib/gcc/$(ARCH)-pc-linux-gnu/4.5.4/include/g++-v4/ext/cast.h
/usr/lib/gcc/$(ARCH)-pc-linux-gnu/4.5.4/include/g++-v4/ext/codecvt_specializations.h
/usr/lib/gcc/$(ARCH)-pc-linux-gnu/4.5.4/include/g++-v4/ext/concurrence.h
/usr/lib/gcc/$(ARCH)-pc-linux-gnu/4.5.4/include/g++-v4/ext/debug_allocator.h
/usr/lib/gcc/$(ARCH)-pc-linux-gnu/4.5.4/include/g++-v4/ext/enc_filebuf.h
/usr/lib/gcc/$(ARCH)-pc-linux-gnu/4.5.4/include/g++-v4/ext/extptr_allocator.h
/usr/lib/gcc/$(ARCH)-pc-linux-gnu/4.5.4/include/g++-v4/ext/functional
/usr/lib/gcc/$(ARCH)-pc-linux-gnu/4.5.4/include/g++-v4/ext/hash_map
/usr/lib/gcc/$(ARCH)-pc-linux-gnu/4.5.4/include/g++-v4/ext/hash_set
/usr/lib/gcc/$(ARCH)-pc-linux-gnu/4.5.4/include/g++-v4/ext/iterator
/usr/lib/gcc/$(ARCH)-pc-linux-gnu/4.5.4/include/g++-v4/ext/malloc_allocator.h
/usr/lib/gcc/$(ARCH)-pc-linux-gnu/4.5.4/include/g++-v4/ext/memory
/usr/lib/gcc/$(ARCH)-pc-linux-gnu/4.5.4/include/g++-v4/ext/mt_allocator.h
/usr/lib/gcc/$(ARCH)-pc-linux-gnu/4.5.4/include/g++-v4/ext/new_allocator.h
/usr/lib/gcc/$(ARCH)-pc-linux-gnu/4.5.4/include/g++-v4/ext/numeric
/usr/lib/gcc/$(ARCH)-pc-linux-gnu/4.5.4/include/g++-v4/ext/numeric_traits.h
/usr/lib/gcc/$(ARCH)-pc-linux-gnu/4.5.4/include/g++-v4/ext/pb_ds/assoc_container.hpp
/usr/lib/gcc/$(ARCH)-pc-linux-gnu/4.5.4/include/g++-v4/ext/pb_ds/detail/basic_tree_policy/basic_tree_policy_base.hpp
/usr/lib/gcc/$(ARCH)-pc-linux-gnu/4.5.4/include/g++-v4/ext/pb_ds/detail/basic_tree_policy/null_node_metadata.hpp
/usr/lib/gcc/$(ARCH)-pc-linux-gnu/4.5.4/include/g++-v4/ext/pb_ds/detail/basic_tree_policy/traits.hpp
/usr/lib/gcc/$(ARCH)-pc-linux-gnu/4.5.4/include/g++-v4/ext/pb_ds/detail/basic_types.hpp
/usr/lib/gcc/$(ARCH)-pc-linux-gnu/4.5.4/include/g++-v4/ext/pb_ds/detail/bin_search_tree_/bin_search_tree_.hpp
/usr/lib/gcc/$(ARCH)-pc-linux-gnu/4.5.4/include/g++-v4/ext/pb_ds/detail/bin_search_tree_/cond_dtor_entry_dealtor.hpp
/usr/lib/gcc/$(ARCH)-pc-linux-gnu/4.5.4/include/g++-v4/ext/pb_ds/detail/bin_search_tree_/cond_key_dtor_entry_dealtor.hpp
/usr/lib/gcc/$(ARCH)-pc-linux-gnu/4.5.4/include/g++-v4/ext/pb_ds/detail/bin_search_tree_/constructors_destructor_fn_imps.hpp
/usr/lib/gcc/$(ARCH)-pc-linux-gnu/4.5.4/include/g++-v4/ext/pb_ds/detail/bin_search_tree_/debug_fn_imps.hpp
/usr/lib/gcc/$(ARCH)-pc-linux-gnu/4.5.4/include/g++-v4/ext/pb_ds/detail/bin_search_tree_/erase_fn_imps.hpp
/usr/lib/gcc/$(ARCH)-pc-linux-gnu/4.5.4/include/g++-v4/ext/pb_ds/detail/bin_search_tree_/find_fn_imps.hpp
/usr/lib/gcc/$(ARCH)-pc-linux-gnu/4.5.4/include/g++-v4/ext/pb_ds/detail/bin_search_tree_/info_fn_imps.hpp
/usr/lib/gcc/$(ARCH)-pc-linux-gnu/4.5.4/include/g++-v4/ext/pb_ds/detail/bin_search_tree_/insert_fn_imps.hpp
/usr/lib/gcc/$(ARCH)-pc-linux-gnu/4.5.4/include/g++-v4/ext/pb_ds/detail/bin_search_tree_/iterators_fn_imps.hpp
/usr/lib/gcc/$(ARCH)-pc-linux-gnu/4.5.4/include/g++-v4/ext/pb_ds/detail/bin_search_tree_/node_iterators.hpp
/usr/lib/gcc/$(ARCH)-pc-linux-gnu/4.5.4/include/g++-v4/ext/pb_ds/detail/bin_search_tree_/point_iterators.hpp
/usr/lib/gcc/$(ARCH)-pc-linux-gnu/4.5.4/include/g++-v4/ext/pb_ds/detail/bin_search_tree_/policy_access_fn_imps.hpp
/usr/lib/gcc/$(ARCH)-pc-linux-gnu/4.5.4/include/g++-v4/ext/pb_ds/detail/bin_search_tree_/r_erase_fn_imps.hpp
/usr/lib/gcc/$(ARCH)-pc-linux-gnu/4.5.4/include/g++-v4/ext/pb_ds/detail/bin_search_tree_/rotate_fn_imps.hpp
/usr/lib/gcc/$(ARCH)-pc-linux-gnu/4.5.4/include/g++-v4/ext/pb_ds/detail/bin_search_tree_/split_join_fn_imps.hpp
/usr/lib/gcc/$(ARCH)-pc-linux-gnu/4.5.4/include/g++-v4/ext/pb_ds/detail/bin_search_tree_/traits.hpp
/usr/lib/gcc/$(ARCH)-pc-linux-gnu/4.5.4/include/g++-v4/ext/pb_ds/detail/binary_heap_/binary_heap_.hpp
/usr/lib/gcc/$(ARCH)-pc-linux-gnu/4.5.4/include/g++-v4/ext/pb_ds/detail/binary_heap_/const_iterator.hpp
/usr/lib/gcc/$(ARCH)-pc-linux-gnu/4.5.4/include/g++-v4/ext/pb_ds/detail/binary_heap_/const_point_iterator.hpp
/usr/lib/gcc/$(ARCH)-pc-linux-gnu/4.5.4/include/g++-v4/ext/pb_ds/detail/binary_heap_/constructors_destructor_fn_imps.hpp
/usr/lib/gcc/$(ARCH)-pc-linux-gnu/4.5.4/include/g++-v4/ext/pb_ds/detail/binary_heap_/debug_fn_imps.hpp
/usr/lib/gcc/$(ARCH)-pc-linux-gnu/4.5.4/include/g++-v4/ext/pb_ds/detail/binary_heap_/entry_cmp.hpp
/usr/lib/gcc/$(ARCH)-pc-linux-gnu/4.5.4/include/g++-v4/ext/pb_ds/detail/binary_heap_/entry_pred.hpp
/usr/lib/gcc/$(ARCH)-pc-linux-gnu/4.5.4/include/g++-v4/ext/pb_ds/detail/binary_heap_/erase_fn_imps.hpp
/usr/lib/gcc/$(ARCH)-pc-linux-gnu/4.5.4/include/g++-v4/ext/pb_ds/detail/binary_heap_/find_fn_imps.hpp
/usr/lib/gcc/$(ARCH)-pc-linux-gnu/4.5.4/include/g++-v4/ext/pb_ds/detail/binary_heap_/info_fn_imps.hpp
/usr/lib/gcc/$(ARCH)-pc-linux-gnu/4.5.4/include/g++-v4/ext/pb_ds/detail/binary_heap_/insert_fn_imps.hpp
/usr/lib/gcc/$(ARCH)-pc-linux-gnu/4.5.4/include/g++-v4/ext/pb_ds/detail/binary_heap_/iterators_fn_imps.hpp
/usr/lib/gcc/$(ARCH)-pc-linux-gnu/4.5.4/include/g++-v4/ext/pb_ds/detail/binary_heap_/policy_access_fn_imps.hpp
/usr/lib/gcc/$(ARCH)-pc-linux-gnu/4.5.4/include/g++-v4/ext/pb_ds/detail/binary_heap_/resize_policy.hpp
/usr/lib/gcc/$(ARCH)-pc-linux-gnu/4.5.4/include/g++-v4/ext/pb_ds/detail/binary_heap_/split_join_fn_imps.hpp
/usr/lib/gcc/$(ARCH)-pc-linux-gnu/4.5.4/include/g++-v4/ext/pb_ds/detail/binary_heap_/trace_fn_imps.hpp
/usr/lib/gcc/$(ARCH)-pc-linux-gnu/4.5.4/include/g++-v4/ext/pb_ds/detail/binomial_heap_/binomial_heap_.hpp
/usr/lib/gcc/$(ARCH)-pc-linux-gnu/4.5.4/include/g++-v4/ext/pb_ds/detail/binomial_heap_/constructors_destructor_fn_imps.hpp
/usr/lib/gcc/$(ARCH)-pc-linux-gnu/4.5.4/include/g++-v4/ext/pb_ds/detail/binomial_heap_/debug_fn_imps.hpp
/usr/lib/gcc/$(ARCH)-pc-linux-gnu/4.5.4/include/g++-v4/ext/pb_ds/detail/binomial_heap_base_/binomial_heap_base_.hpp
/usr/lib/gcc/$(ARCH)-pc-linux-gnu/4.5.4/include/g++-v4/ext/pb_ds/detail/binomial_heap_base_/constructors_destructor_fn_imps.hpp
/usr/lib/gcc/$(ARCH)-pc-linux-gnu/4.5.4/include/g++-v4/ext/pb_ds/detail/binomial_heap_base_/debug_fn_imps.hpp
/usr/lib/gcc/$(ARCH)-pc-linux-gnu/4.5.4/include/g++-v4/ext/pb_ds/detail/binomial_heap_base_/erase_fn_imps.hpp
/usr/lib/gcc/$(ARCH)-pc-linux-gnu/4.5.4/include/g++-v4/ext/pb_ds/detail/binomial_heap_base_/find_fn_imps.hpp
/usr/lib/gcc/$(ARCH)-pc-linux-gnu/4.5.4/include/g++-v4/ext/pb_ds/detail/binomial_heap_base_/insert_fn_imps.hpp
/usr/lib/gcc/$(ARCH)-pc-linux-gnu/4.5.4/include/g++-v4/ext/pb_ds/detail/binomial_heap_base_/split_join_fn_imps.hpp
/usr/lib/gcc/$(ARCH)-pc-linux-gnu/4.5.4/include/g++-v4/ext/pb_ds/detail/cc_hash_table_map_/cc_ht_map_.hpp
/usr/lib/gcc/$(ARCH)-pc-linux-gnu/4.5.4/include/g++-v4/ext/pb_ds/detail/cc_hash_table_map_/cmp_fn_imps.hpp
/usr/lib/gcc/$(ARCH)-pc-linux-gnu/4.5.4/include/g++-v4/ext/pb_ds/detail/cc_hash_table_map_/cond_key_dtor_entry_dealtor.hpp
/usr/lib/gcc/$(ARCH)-pc-linux-gnu/4.5.4/include/g++-v4/ext/pb_ds/detail/cc_hash_table_map_/constructor_destructor_fn_imps.hpp
/usr/lib/gcc/$(ARCH)-pc-linux-gnu/4.5.4/include/g++-v4/ext/pb_ds/detail/cc_hash_table_map_/constructor_destructor_no_store_hash_fn_imps.hpp
/usr/lib/gcc/$(ARCH)-pc-linux-gnu/4.5.4/include/g++-v4/ext/pb_ds/detail/cc_hash_table_map_/constructor_destructor_store_hash_fn_imps.hpp
/usr/lib/gcc/$(ARCH)-pc-linux-gnu/4.5.4/include/g++-v4/ext/pb_ds/detail/cc_hash_table_map_/debug_fn_imps.hpp
/usr/lib/gcc/$(ARCH)-pc-linux-gnu/4.5.4/include/g++-v4/ext/pb_ds/detail/cc_hash_table_map_/debug_no_store_hash_fn_imps.hpp
/usr/lib/gcc/$(ARCH)-pc-linux-gnu/4.5.4/include/g++-v4/ext/pb_ds/detail/cc_hash_table_map_/debug_store_hash_fn_imps.hpp
/usr/lib/gcc/$(ARCH)-pc-linux-gnu/4.5.4/include/g++-v4/ext/pb_ds/detail/cc_hash_table_map_/entry_list_fn_imps.hpp
/usr/lib/gcc/$(ARCH)-pc-linux-gnu/4.5.4/include/g++-v4/ext/pb_ds/detail/cc_hash_table_map_/erase_fn_imps.hpp
/usr/lib/gcc/$(ARCH)-pc-linux-gnu/4.5.4/include/g++-v4/ext/pb_ds/detail/cc_hash_table_map_/erase_no_store_hash_fn_imps.hpp
/usr/lib/gcc/$(ARCH)-pc-linux-gnu/4.5.4/include/g++-v4/ext/pb_ds/detail/cc_hash_table_map_/erase_store_hash_fn_imps.hpp
/usr/lib/gcc/$(ARCH)-pc-linux-gnu/4.5.4/include/g++-v4/ext/pb_ds/detail/cc_hash_table_map_/find_fn_imps.hpp
/usr/lib/gcc/$(ARCH)-pc-linux-gnu/4.5.4/include/g++-v4/ext/pb_ds/detail/cc_hash_table_map_/find_store_hash_fn_imps.hpp
/usr/lib/gcc/$(ARCH)-pc-linux-gnu/4.5.4/include/g++-v4/ext/pb_ds/detail/cc_hash_table_map_/info_fn_imps.hpp
/usr/lib/gcc/$(ARCH)-pc-linux-gnu/4.5.4/include/g++-v4/ext/pb_ds/detail/cc_hash_table_map_/insert_fn_imps.hpp
/usr/lib/gcc/$(ARCH)-pc-linux-gnu/4.5.4/include/g++-v4/ext/pb_ds/detail/cc_hash_table_map_/insert_no_store_hash_fn_imps.hpp
/usr/lib/gcc/$(ARCH)-pc-linux-gnu/4.5.4/include/g++-v4/ext/pb_ds/detail/cc_hash_table_map_/insert_store_hash_fn_imps.hpp
/usr/lib/gcc/$(ARCH)-pc-linux-gnu/4.5.4/include/g++-v4/ext/pb_ds/detail/cc_hash_table_map_/iterators_fn_imps.hpp
/usr/lib/gcc/$(ARCH)-pc-linux-gnu/4.5.4/include/g++-v4/ext/pb_ds/detail/cc_hash_table_map_/policy_access_fn_imps.hpp
/usr/lib/gcc/$(ARCH)-pc-linux-gnu/4.5.4/include/g++-v4/ext/pb_ds/detail/cc_hash_table_map_/resize_fn_imps.hpp
/usr/lib/gcc/$(ARCH)-pc-linux-gnu/4.5.4/include/g++-v4/ext/pb_ds/detail/cc_hash_table_map_/resize_no_store_hash_fn_imps.hpp
/usr/lib/gcc/$(ARCH)-pc-linux-gnu/4.5.4/include/g++-v4/ext/pb_ds/detail/cc_hash_table_map_/resize_store_hash_fn_imps.hpp
/usr/lib/gcc/$(ARCH)-pc-linux-gnu/4.5.4/include/g++-v4/ext/pb_ds/detail/cc_hash_table_map_/size_fn_imps.hpp
/usr/lib/gcc/$(ARCH)-pc-linux-gnu/4.5.4/include/g++-v4/ext/pb_ds/detail/cc_hash_table_map_/standard_policies.hpp
/usr/lib/gcc/$(ARCH)-pc-linux-gnu/4.5.4/include/g++-v4/ext/pb_ds/detail/cc_hash_table_map_/trace_fn_imps.hpp
/usr/lib/gcc/$(ARCH)-pc-linux-gnu/4.5.4/include/g++-v4/ext/pb_ds/detail/cond_dealtor.hpp
/usr/lib/gcc/$(ARCH)-pc-linux-gnu/4.5.4/include/g++-v4/ext/pb_ds/detail/constructors_destructor_fn_imps.hpp
/usr/lib/gcc/$(ARCH)-pc-linux-gnu/4.5.4/include/g++-v4/ext/pb_ds/detail/container_base_dispatch.hpp
/usr/lib/gcc/$(ARCH)-pc-linux-gnu/4.5.4/include/g++-v4/ext/pb_ds/detail/debug_map_base.hpp
/usr/lib/gcc/$(ARCH)-pc-linux-gnu/4.5.4/include/g++-v4/ext/pb_ds/detail/eq_fn/eq_by_less.hpp
/usr/lib/gcc/$(ARCH)-pc-linux-gnu/4.5.4/include/g++-v4/ext/pb_ds/detail/eq_fn/hash_eq_fn.hpp
/usr/lib/gcc/$(ARCH)-pc-linux-gnu/4.5.4/include/g++-v4/ext/pb_ds/detail/gp_hash_table_map_/constructor_destructor_fn_imps.hpp
/usr/lib/gcc/$(ARCH)-pc-linux-gnu/4.5.4/include/g++-v4/ext/pb_ds/detail/gp_hash_table_map_/constructor_destructor_no_store_hash_fn_imps.hpp
/usr/lib/gcc/$(ARCH)-pc-linux-gnu/4.5.4/include/g++-v4/ext/pb_ds/detail/gp_hash_table_map_/constructor_destructor_store_hash_fn_imps.hpp
/usr/lib/gcc/$(ARCH)-pc-linux-gnu/4.5.4/include/g++-v4/ext/pb_ds/detail/gp_hash_table_map_/debug_fn_imps.hpp
/usr/lib/gcc/$(ARCH)-pc-linux-gnu/4.5.4/include/g++-v4/ext/pb_ds/detail/gp_hash_table_map_/debug_no_store_hash_fn_imps.hpp
/usr/lib/gcc/$(ARCH)-pc-linux-gnu/4.5.4/include/g++-v4/ext/pb_ds/detail/gp_hash_table_map_/debug_store_hash_fn_imps.hpp
/usr/lib/gcc/$(ARCH)-pc-linux-gnu/4.5.4/include/g++-v4/ext/pb_ds/detail/gp_hash_table_map_/erase_fn_imps.hpp
/usr/lib/gcc/$(ARCH)-pc-linux-gnu/4.5.4/include/g++-v4/ext/pb_ds/detail/gp_hash_table_map_/erase_no_store_hash_fn_imps.hpp
/usr/lib/gcc/$(ARCH)-pc-linux-gnu/4.5.4/include/g++-v4/ext/pb_ds/detail/gp_hash_table_map_/erase_store_hash_fn_imps.hpp
/usr/lib/gcc/$(ARCH)-pc-linux-gnu/4.5.4/include/g++-v4/ext/pb_ds/detail/gp_hash_table_map_/find_fn_imps.hpp
/usr/lib/gcc/$(ARCH)-pc-linux-gnu/4.5.4/include/g++-v4/ext/pb_ds/detail/gp_hash_table_map_/find_no_store_hash_fn_imps.hpp
/usr/lib/gcc/$(ARCH)-pc-linux-gnu/4.5.4/include/g++-v4/ext/pb_ds/detail/gp_hash_table_map_/find_store_hash_fn_imps.hpp
/usr/lib/gcc/$(ARCH)-pc-linux-gnu/4.5.4/include/g++-v4/ext/pb_ds/detail/gp_hash_table_map_/gp_ht_map_.hpp
/usr/lib/gcc/$(ARCH)-pc-linux-gnu/4.5.4/include/g++-v4/ext/pb_ds/detail/gp_hash_table_map_/info_fn_imps.hpp
/usr/lib/gcc/$(ARCH)-pc-linux-gnu/4.5.4/include/g++-v4/ext/pb_ds/detail/gp_hash_table_map_/insert_fn_imps.hpp
/usr/lib/gcc/$(ARCH)-pc-linux-gnu/4.5.4/include/g++-v4/ext/pb_ds/detail/gp_hash_table_map_/insert_no_store_hash_fn_imps.hpp
/usr/lib/gcc/$(ARCH)-pc-linux-gnu/4.5.4/include/g++-v4/ext/pb_ds/detail/gp_hash_table_map_/insert_store_hash_fn_imps.hpp
/usr/lib/gcc/$(ARCH)-pc-linux-gnu/4.5.4/include/g++-v4/ext/pb_ds/detail/gp_hash_table_map_/iterator_fn_imps.hpp
/usr/lib/gcc/$(ARCH)-pc-linux-gnu/4.5.4/include/g++-v4/ext/pb_ds/detail/gp_hash_table_map_/policy_access_fn_imps.hpp
/usr/lib/gcc/$(ARCH)-pc-linux-gnu/4.5.4/include/g++-v4/ext/pb_ds/detail/gp_hash_table_map_/resize_fn_imps.hpp
/usr/lib/gcc/$(ARCH)-pc-linux-gnu/4.5.4/include/g++-v4/ext/pb_ds/detail/gp_hash_table_map_/resize_no_store_hash_fn_imps.hpp
/usr/lib/gcc/$(ARCH)-pc-linux-gnu/4.5.4/include/g++-v4/ext/pb_ds/detail/gp_hash_table_map_/resize_store_hash_fn_imps.hpp
/usr/lib/gcc/$(ARCH)-pc-linux-gnu/4.5.4/include/g++-v4/ext/pb_ds/detail/gp_hash_table_map_/standard_policies.hpp
/usr/lib/gcc/$(ARCH)-pc-linux-gnu/4.5.4/include/g++-v4/ext/pb_ds/detail/gp_hash_table_map_/trace_fn_imps.hpp
/usr/lib/gcc/$(ARCH)-pc-linux-gnu/4.5.4/include/g++-v4/ext/pb_ds/detail/hash_fn/direct_mask_range_hashing_imp.hpp
/usr/lib/gcc/$(ARCH)-pc-linux-gnu/4.5.4/include/g++-v4/ext/pb_ds/detail/hash_fn/direct_mod_range_hashing_imp.hpp
/usr/lib/gcc/$(ARCH)-pc-linux-gnu/4.5.4/include/g++-v4/ext/pb_ds/detail/hash_fn/linear_probe_fn_imp.hpp
/usr/lib/gcc/$(ARCH)-pc-linux-gnu/4.5.4/include/g++-v4/ext/pb_ds/detail/hash_fn/mask_based_range_hashing.hpp
/usr/lib/gcc/$(ARCH)-pc-linux-gnu/4.5.4/include/g++-v4/ext/pb_ds/detail/hash_fn/mod_based_range_hashing.hpp
/usr/lib/gcc/$(ARCH)-pc-linux-gnu/4.5.4/include/g++-v4/ext/pb_ds/detail/hash_fn/probe_fn_base.hpp
/usr/lib/gcc/$(ARCH)-pc-linux-gnu/4.5.4/include/g++-v4/ext/pb_ds/detail/hash_fn/quadratic_probe_fn_imp.hpp
/usr/lib/gcc/$(ARCH)-pc-linux-gnu/4.5.4/include/g++-v4/ext/pb_ds/detail/hash_fn/ranged_hash_fn.hpp
/usr/lib/gcc/$(ARCH)-pc-linux-gnu/4.5.4/include/g++-v4/ext/pb_ds/detail/hash_fn/ranged_probe_fn.hpp
/usr/lib/gcc/$(ARCH)-pc-linux-gnu/4.5.4/include/g++-v4/ext/pb_ds/detail/hash_fn/sample_probe_fn.hpp
/usr/lib/gcc/$(ARCH)-pc-linux-gnu/4.5.4/include/g++-v4/ext/pb_ds/detail/hash_fn/sample_range_hashing.hpp
/usr/lib/gcc/$(ARCH)-pc-linux-gnu/4.5.4/include/g++-v4/ext/pb_ds/detail/hash_fn/sample_ranged_hash_fn.hpp
/usr/lib/gcc/$(ARCH)-pc-linux-gnu/4.5.4/include/g++-v4/ext/pb_ds/detail/hash_fn/sample_ranged_probe_fn.hpp
/usr/lib/gcc/$(ARCH)-pc-linux-gnu/4.5.4/include/g++-v4/ext/pb_ds/detail/left_child_next_sibling_heap_/const_iterator.hpp
/usr/lib/gcc/$(ARCH)-pc-linux-gnu/4.5.4/include/g++-v4/ext/pb_ds/detail/left_child_next_sibling_heap_/const_point_iterator.hpp
/usr/lib/gcc/$(ARCH)-pc-linux-gnu/4.5.4/include/g++-v4/ext/pb_ds/detail/left_child_next_sibling_heap_/constructors_destructor_fn_imps.hpp
/usr/lib/gcc/$(ARCH)-pc-linux-gnu/4.5.4/include/g++-v4/ext/pb_ds/detail/left_child_next_sibling_heap_/debug_fn_imps.hpp
/usr/lib/gcc/$(ARCH)-pc-linux-gnu/4.5.4/include/g++-v4/ext/pb_ds/detail/left_child_next_sibling_heap_/erase_fn_imps.hpp
/usr/lib/gcc/$(ARCH)-pc-linux-gnu/4.5.4/include/g++-v4/ext/pb_ds/detail/left_child_next_sibling_heap_/info_fn_imps.hpp
/usr/lib/gcc/$(ARCH)-pc-linux-gnu/4.5.4/include/g++-v4/ext/pb_ds/detail/left_child_next_sibling_heap_/insert_fn_imps.hpp
/usr/lib/gcc/$(ARCH)-pc-linux-gnu/4.5.4/include/g++-v4/ext/pb_ds/detail/left_child_next_sibling_heap_/iterators_fn_imps.hpp
/usr/lib/gcc/$(ARCH)-pc-linux-gnu/4.5.4/include/g++-v4/ext/pb_ds/detail/left_child_next_sibling_heap_/left_child_next_sibling_heap_.hpp
/usr/lib/gcc/$(ARCH)-pc-linux-gnu/4.5.4/include/g++-v4/ext/pb_ds/detail/left_child_next_sibling_heap_/node.hpp
/usr/lib/gcc/$(ARCH)-pc-linux-gnu/4.5.4/include/g++-v4/ext/pb_ds/detail/left_child_next_sibling_heap_/null_metadata.hpp
/usr/lib/gcc/$(ARCH)-pc-linux-gnu/4.5.4/include/g++-v4/ext/pb_ds/detail/left_child_next_sibling_heap_/policy_access_fn_imps.hpp
/usr/lib/gcc/$(ARCH)-pc-linux-gnu/4.5.4/include/g++-v4/ext/pb_ds/detail/left_child_next_sibling_heap_/trace_fn_imps.hpp
/usr/lib/gcc/$(ARCH)-pc-linux-gnu/4.5.4/include/g++-v4/ext/pb_ds/detail/list_update_map_/constructor_destructor_fn_imps.hpp
/usr/lib/gcc/$(ARCH)-pc-linux-gnu/4.5.4/include/g++-v4/ext/pb_ds/detail/list_update_map_/debug_fn_imps.hpp
/usr/lib/gcc/$(ARCH)-pc-linux-gnu/4.5.4/include/g++-v4/ext/pb_ds/detail/list_update_map_/entry_metadata_base.hpp
/usr/lib/gcc/$(ARCH)-pc-linux-gnu/4.5.4/include/g++-v4/ext/pb_ds/detail/list_update_map_/erase_fn_imps.hpp
/usr/lib/gcc/$(ARCH)-pc-linux-gnu/4.5.4/include/g++-v4/ext/pb_ds/detail/list_update_map_/find_fn_imps.hpp
/usr/lib/gcc/$(ARCH)-pc-linux-gnu/4.5.4/include/g++-v4/ext/pb_ds/detail/list_update_map_/info_fn_imps.hpp
/usr/lib/gcc/$(ARCH)-pc-linux-gnu/4.5.4/include/g++-v4/ext/pb_ds/detail/list_update_map_/insert_fn_imps.hpp
/usr/lib/gcc/$(ARCH)-pc-linux-gnu/4.5.4/include/g++-v4/ext/pb_ds/detail/list_update_map_/iterators_fn_imps.hpp
/usr/lib/gcc/$(ARCH)-pc-linux-gnu/4.5.4/include/g++-v4/ext/pb_ds/detail/list_update_map_/lu_map_.hpp
/usr/lib/gcc/$(ARCH)-pc-linux-gnu/4.5.4/include/g++-v4/ext/pb_ds/detail/list_update_map_/trace_fn_imps.hpp
/usr/lib/gcc/$(ARCH)-pc-linux-gnu/4.5.4/include/g++-v4/ext/pb_ds/detail/list_update_policy/counter_lu_metadata.hpp
/usr/lib/gcc/$(ARCH)-pc-linux-gnu/4.5.4/include/g++-v4/ext/pb_ds/detail/list_update_policy/counter_lu_policy_imp.hpp
/usr/lib/gcc/$(ARCH)-pc-linux-gnu/4.5.4/include/g++-v4/ext/pb_ds/detail/list_update_policy/mtf_lu_policy_imp.hpp
/usr/lib/gcc/$(ARCH)-pc-linux-gnu/4.5.4/include/g++-v4/ext/pb_ds/detail/list_update_policy/sample_update_policy.hpp
/usr/lib/gcc/$(ARCH)-pc-linux-gnu/4.5.4/include/g++-v4/ext/pb_ds/detail/ov_tree_map_/cond_dtor.hpp
/usr/lib/gcc/$(ARCH)-pc-linux-gnu/4.5.4/include/g++-v4/ext/pb_ds/detail/ov_tree_map_/constructors_destructor_fn_imps.hpp
/usr/lib/gcc/$(ARCH)-pc-linux-gnu/4.5.4/include/g++-v4/ext/pb_ds/detail/ov_tree_map_/debug_fn_imps.hpp
/usr/lib/gcc/$(ARCH)-pc-linux-gnu/4.5.4/include/g++-v4/ext/pb_ds/detail/ov_tree_map_/erase_fn_imps.hpp
/usr/lib/gcc/$(ARCH)-pc-linux-gnu/4.5.4/include/g++-v4/ext/pb_ds/detail/ov_tree_map_/info_fn_imps.hpp
/usr/lib/gcc/$(ARCH)-pc-linux-gnu/4.5.4/include/g++-v4/ext/pb_ds/detail/ov_tree_map_/insert_fn_imps.hpp
/usr/lib/gcc/$(ARCH)-pc-linux-gnu/4.5.4/include/g++-v4/ext/pb_ds/detail/ov_tree_map_/iterators_fn_imps.hpp
/usr/lib/gcc/$(ARCH)-pc-linux-gnu/4.5.4/include/g++-v4/ext/pb_ds/detail/ov_tree_map_/node_iterators.hpp
/usr/lib/gcc/$(ARCH)-pc-linux-gnu/4.5.4/include/g++-v4/ext/pb_ds/detail/ov_tree_map_/ov_tree_map_.hpp
/usr/lib/gcc/$(ARCH)-pc-linux-gnu/4.5.4/include/g++-v4/ext/pb_ds/detail/ov_tree_map_/policy_access_fn_imps.hpp
/usr/lib/gcc/$(ARCH)-pc-linux-gnu/4.5.4/include/g++-v4/ext/pb_ds/detail/ov_tree_map_/split_join_fn_imps.hpp
/usr/lib/gcc/$(ARCH)-pc-linux-gnu/4.5.4/include/g++-v4/ext/pb_ds/detail/ov_tree_map_/traits.hpp
/usr/lib/gcc/$(ARCH)-pc-linux-gnu/4.5.4/include/g++-v4/ext/pb_ds/detail/pairing_heap_/constructors_destructor_fn_imps.hpp
/usr/lib/gcc/$(ARCH)-pc-linux-gnu/4.5.4/include/g++-v4/ext/pb_ds/detail/pairing_heap_/debug_fn_imps.hpp
/usr/lib/gcc/$(ARCH)-pc-linux-gnu/4.5.4/include/g++-v4/ext/pb_ds/detail/pairing_heap_/erase_fn_imps.hpp
/usr/lib/gcc/$(ARCH)-pc-linux-gnu/4.5.4/include/g++-v4/ext/pb_ds/detail/pairing_heap_/find_fn_imps.hpp
/usr/lib/gcc/$(ARCH)-pc-linux-gnu/4.5.4/include/g++-v4/ext/pb_ds/detail/pairing_heap_/insert_fn_imps.hpp
/usr/lib/gcc/$(ARCH)-pc-linux-gnu/4.5.4/include/g++-v4/ext/pb_ds/detail/pairing_heap_/pairing_heap_.hpp
/usr/lib/gcc/$(ARCH)-pc-linux-gnu/4.5.4/include/g++-v4/ext/pb_ds/detail/pairing_heap_/split_join_fn_imps.hpp
/usr/lib/gcc/$(ARCH)-pc-linux-gnu/4.5.4/include/g++-v4/ext/pb_ds/detail/pat_trie_/child_iterator.hpp
/usr/lib/gcc/$(ARCH)-pc-linux-gnu/4.5.4/include/g++-v4/ext/pb_ds/detail/pat_trie_/cond_dtor_entry_dealtor.hpp
/usr/lib/gcc/$(ARCH)-pc-linux-gnu/4.5.4/include/g++-v4/ext/pb_ds/detail/pat_trie_/const_child_iterator.hpp
/usr/lib/gcc/$(ARCH)-pc-linux-gnu/4.5.4/include/g++-v4/ext/pb_ds/detail/pat_trie_/constructors_destructor_fn_imps.hpp
/usr/lib/gcc/$(ARCH)-pc-linux-gnu/4.5.4/include/g++-v4/ext/pb_ds/detail/pat_trie_/debug_fn_imps.hpp
/usr/lib/gcc/$(ARCH)-pc-linux-gnu/4.5.4/include/g++-v4/ext/pb_ds/detail/pat_trie_/erase_fn_imps.hpp
/usr/lib/gcc/$(ARCH)-pc-linux-gnu/4.5.4/include/g++-v4/ext/pb_ds/detail/pat_trie_/find_fn_imps.hpp
/usr/lib/gcc/$(ARCH)-pc-linux-gnu/4.5.4/include/g++-v4/ext/pb_ds/detail/pat_trie_/head.hpp
/usr/lib/gcc/$(ARCH)-pc-linux-gnu/4.5.4/include/g++-v4/ext/pb_ds/detail/pat_trie_/info_fn_imps.hpp
/usr/lib/gcc/$(ARCH)-pc-linux-gnu/4.5.4/include/g++-v4/ext/pb_ds/detail/pat_trie_/insert_join_fn_imps.hpp
/usr/lib/gcc/$(ARCH)-pc-linux-gnu/4.5.4/include/g++-v4/ext/pb_ds/detail/pat_trie_/internal_node.hpp
/usr/lib/gcc/$(ARCH)-pc-linux-gnu/4.5.4/include/g++-v4/ext/pb_ds/detail/pat_trie_/iterators_fn_imps.hpp
/usr/lib/gcc/$(ARCH)-pc-linux-gnu/4.5.4/include/g++-v4/ext/pb_ds/detail/pat_trie_/leaf.hpp
/usr/lib/gcc/$(ARCH)-pc-linux-gnu/4.5.4/include/g++-v4/ext/pb_ds/detail/pat_trie_/node_base.hpp
/usr/lib/gcc/$(ARCH)-pc-linux-gnu/4.5.4/include/g++-v4/ext/pb_ds/detail/pat_trie_/node_iterators.hpp
/usr/lib/gcc/$(ARCH)-pc-linux-gnu/4.5.4/include/g++-v4/ext/pb_ds/detail/pat_trie_/node_metadata_base.hpp
/usr/lib/gcc/$(ARCH)-pc-linux-gnu/4.5.4/include/g++-v4/ext/pb_ds/detail/pat_trie_/pat_trie_.hpp
/usr/lib/gcc/$(ARCH)-pc-linux-gnu/4.5.4/include/g++-v4/ext/pb_ds/detail/pat_trie_/point_iterators.hpp
/usr/lib/gcc/$(ARCH)-pc-linux-gnu/4.5.4/include/g++-v4/ext/pb_ds/detail/pat_trie_/policy_access_fn_imps.hpp
/usr/lib/gcc/$(ARCH)-pc-linux-gnu/4.5.4/include/g++-v4/ext/pb_ds/detail/pat_trie_/r_erase_fn_imps.hpp
/usr/lib/gcc/$(ARCH)-pc-linux-gnu/4.5.4/include/g++-v4/ext/pb_ds/detail/pat_trie_/rotate_fn_imps.hpp
/usr/lib/gcc/$(ARCH)-pc-linux-gnu/4.5.4/include/g++-v4/ext/pb_ds/detail/pat_trie_/split_fn_imps.hpp
/usr/lib/gcc/$(ARCH)-pc-linux-gnu/4.5.4/include/g++-v4/ext/pb_ds/detail/pat_trie_/split_join_branch_bag.hpp
/usr/lib/gcc/$(ARCH)-pc-linux-gnu/4.5.4/include/g++-v4/ext/pb_ds/detail/pat_trie_/synth_e_access_traits.hpp
/usr/lib/gcc/$(ARCH)-pc-linux-gnu/4.5.4/include/g++-v4/ext/pb_ds/detail/pat_trie_/trace_fn_imps.hpp
/usr/lib/gcc/$(ARCH)-pc-linux-gnu/4.5.4/include/g++-v4/ext/pb_ds/detail/pat_trie_/traits.hpp
/usr/lib/gcc/$(ARCH)-pc-linux-gnu/4.5.4/include/g++-v4/ext/pb_ds/detail/pat_trie_/update_fn_imps.hpp
/usr/lib/gcc/$(ARCH)-pc-linux-gnu/4.5.4/include/g++-v4/ext/pb_ds/detail/priority_queue_base_dispatch.hpp
/usr/lib/gcc/$(ARCH)-pc-linux-gnu/4.5.4/include/g++-v4/ext/pb_ds/detail/rb_tree_map_/constructors_destructor_fn_imps.hpp
/usr/lib/gcc/$(ARCH)-pc-linux-gnu/4.5.4/include/g++-v4/ext/pb_ds/detail/rb_tree_map_/debug_fn_imps.hpp
/usr/lib/gcc/$(ARCH)-pc-linux-gnu/4.5.4/include/g++-v4/ext/pb_ds/detail/rb_tree_map_/erase_fn_imps.hpp
/usr/lib/gcc/$(ARCH)-pc-linux-gnu/4.5.4/include/g++-v4/ext/pb_ds/detail/rb_tree_map_/find_fn_imps.hpp
/usr/lib/gcc/$(ARCH)-pc-linux-gnu/4.5.4/include/g++-v4/ext/pb_ds/detail/rb_tree_map_/info_fn_imps.hpp
/usr/lib/gcc/$(ARCH)-pc-linux-gnu/4.5.4/include/g++-v4/ext/pb_ds/detail/rb_tree_map_/insert_fn_imps.hpp
/usr/lib/gcc/$(ARCH)-pc-linux-gnu/4.5.4/include/g++-v4/ext/pb_ds/detail/rb_tree_map_/node.hpp
/usr/lib/gcc/$(ARCH)-pc-linux-gnu/4.5.4/include/g++-v4/ext/pb_ds/detail/rb_tree_map_/rb_tree_.hpp
/usr/lib/gcc/$(ARCH)-pc-linux-gnu/4.5.4/include/g++-v4/ext/pb_ds/detail/rb_tree_map_/split_join_fn_imps.hpp
/usr/lib/gcc/$(ARCH)-pc-linux-gnu/4.5.4/include/g++-v4/ext/pb_ds/detail/rb_tree_map_/traits.hpp
/usr/lib/gcc/$(ARCH)-pc-linux-gnu/4.5.4/include/g++-v4/ext/pb_ds/detail/rc_binomial_heap_/constructors_destructor_fn_imps.hpp
/usr/lib/gcc/$(ARCH)-pc-linux-gnu/4.5.4/include/g++-v4/ext/pb_ds/detail/rc_binomial_heap_/debug_fn_imps.hpp
/usr/lib/gcc/$(ARCH)-pc-linux-gnu/4.5.4/include/g++-v4/ext/pb_ds/detail/rc_binomial_heap_/erase_fn_imps.hpp
/usr/lib/gcc/$(ARCH)-pc-linux-gnu/4.5.4/include/g++-v4/ext/pb_ds/detail/rc_binomial_heap_/insert_fn_imps.hpp
/usr/lib/gcc/$(ARCH)-pc-linux-gnu/4.5.4/include/g++-v4/ext/pb_ds/detail/rc_binomial_heap_/rc.hpp
/usr/lib/gcc/$(ARCH)-pc-linux-gnu/4.5.4/include/g++-v4/ext/pb_ds/detail/rc_binomial_heap_/rc_binomial_heap_.hpp
/usr/lib/gcc/$(ARCH)-pc-linux-gnu/4.5.4/include/g++-v4/ext/pb_ds/detail/rc_binomial_heap_/split_join_fn_imps.hpp
/usr/lib/gcc/$(ARCH)-pc-linux-gnu/4.5.4/include/g++-v4/ext/pb_ds/detail/rc_binomial_heap_/trace_fn_imps.hpp
/usr/lib/gcc/$(ARCH)-pc-linux-gnu/4.5.4/include/g++-v4/ext/pb_ds/detail/resize_policy/cc_hash_max_collision_check_resize_trigger_imp.hpp
/usr/lib/gcc/$(ARCH)-pc-linux-gnu/4.5.4/include/g++-v4/ext/pb_ds/detail/resize_policy/hash_exponential_size_policy_imp.hpp
/usr/lib/gcc/$(ARCH)-pc-linux-gnu/4.5.4/include/g++-v4/ext/pb_ds/detail/resize_policy/hash_load_check_resize_trigger_imp.hpp
/usr/lib/gcc/$(ARCH)-pc-linux-gnu/4.5.4/include/g++-v4/ext/pb_ds/detail/resize_policy/hash_load_check_resize_trigger_size_base.hpp
/usr/lib/gcc/$(ARCH)-pc-linux-gnu/4.5.4/include/g++-v4/ext/pb_ds/detail/resize_policy/hash_prime_size_policy_imp.hpp
/usr/lib/gcc/$(ARCH)-pc-linux-gnu/4.5.4/include/g++-v4/ext/pb_ds/detail/resize_policy/hash_standard_resize_policy_imp.hpp
/usr/lib/gcc/$(ARCH)-pc-linux-gnu/4.5.4/include/g++-v4/ext/pb_ds/detail/resize_policy/sample_resize_policy.hpp
/usr/lib/gcc/$(ARCH)-pc-linux-gnu/4.5.4/include/g++-v4/ext/pb_ds/detail/resize_policy/sample_resize_trigger.hpp
/usr/lib/gcc/$(ARCH)-pc-linux-gnu/4.5.4/include/g++-v4/ext/pb_ds/detail/resize_policy/sample_size_policy.hpp
/usr/lib/gcc/$(ARCH)-pc-linux-gnu/4.5.4/include/g++-v4/ext/pb_ds/detail/splay_tree_/constructors_destructor_fn_imps.hpp
/usr/lib/gcc/$(ARCH)-pc-linux-gnu/4.5.4/include/g++-v4/ext/pb_ds/detail/splay_tree_/debug_fn_imps.hpp
/usr/lib/gcc/$(ARCH)-pc-linux-gnu/4.5.4/include/g++-v4/ext/pb_ds/detail/splay_tree_/erase_fn_imps.hpp
/usr/lib/gcc/$(ARCH)-pc-linux-gnu/4.5.4/include/g++-v4/ext/pb_ds/detail/splay_tree_/find_fn_imps.hpp
/usr/lib/gcc/$(ARCH)-pc-linux-gnu/4.5.4/include/g++-v4/ext/pb_ds/detail/splay_tree_/info_fn_imps.hpp
/usr/lib/gcc/$(ARCH)-pc-linux-gnu/4.5.4/include/g++-v4/ext/pb_ds/detail/splay_tree_/insert_fn_imps.hpp
/usr/lib/gcc/$(ARCH)-pc-linux-gnu/4.5.4/include/g++-v4/ext/pb_ds/detail/splay_tree_/node.hpp
/usr/lib/gcc/$(ARCH)-pc-linux-gnu/4.5.4/include/g++-v4/ext/pb_ds/detail/splay_tree_/splay_fn_imps.hpp
/usr/lib/gcc/$(ARCH)-pc-linux-gnu/4.5.4/include/g++-v4/ext/pb_ds/detail/splay_tree_/splay_tree_.hpp
/usr/lib/gcc/$(ARCH)-pc-linux-gnu/4.5.4/include/g++-v4/ext/pb_ds/detail/splay_tree_/split_join_fn_imps.hpp
/usr/lib/gcc/$(ARCH)-pc-linux-gnu/4.5.4/include/g++-v4/ext/pb_ds/detail/splay_tree_/traits.hpp
/usr/lib/gcc/$(ARCH)-pc-linux-gnu/4.5.4/include/g++-v4/ext/pb_ds/detail/standard_policies.hpp
/usr/lib/gcc/$(ARCH)-pc-linux-gnu/4.5.4/include/g++-v4/ext/pb_ds/detail/thin_heap_/constructors_destructor_fn_imps.hpp
/usr/lib/gcc/$(ARCH)-pc-linux-gnu/4.5.4/include/g++-v4/ext/pb_ds/detail/thin_heap_/debug_fn_imps.hpp
/usr/lib/gcc/$(ARCH)-pc-linux-gnu/4.5.4/include/g++-v4/ext/pb_ds/detail/thin_heap_/erase_fn_imps.hpp
/usr/lib/gcc/$(ARCH)-pc-linux-gnu/4.5.4/include/g++-v4/ext/pb_ds/detail/thin_heap_/find_fn_imps.hpp
/usr/lib/gcc/$(ARCH)-pc-linux-gnu/4.5.4/include/g++-v4/ext/pb_ds/detail/thin_heap_/insert_fn_imps.hpp
/usr/lib/gcc/$(ARCH)-pc-linux-gnu/4.5.4/include/g++-v4/ext/pb_ds/detail/thin_heap_/split_join_fn_imps.hpp
/usr/lib/gcc/$(ARCH)-pc-linux-gnu/4.5.4/include/g++-v4/ext/pb_ds/detail/thin_heap_/thin_heap_.hpp
/usr/lib/gcc/$(ARCH)-pc-linux-gnu/4.5.4/include/g++-v4/ext/pb_ds/detail/thin_heap_/trace_fn_imps.hpp
/usr/lib/gcc/$(ARCH)-pc-linux-gnu/4.5.4/include/g++-v4/ext/pb_ds/detail/tree_policy/node_metadata_selector.hpp
/usr/lib/gcc/$(ARCH)-pc-linux-gnu/4.5.4/include/g++-v4/ext/pb_ds/detail/tree_policy/null_node_update_imp.hpp
/usr/lib/gcc/$(ARCH)-pc-linux-gnu/4.5.4/include/g++-v4/ext/pb_ds/detail/tree_policy/order_statistics_imp.hpp
/usr/lib/gcc/$(ARCH)-pc-linux-gnu/4.5.4/include/g++-v4/ext/pb_ds/detail/tree_policy/sample_tree_node_update.hpp
/usr/lib/gcc/$(ARCH)-pc-linux-gnu/4.5.4/include/g++-v4/ext/pb_ds/detail/tree_trace_base.hpp
/usr/lib/gcc/$(ARCH)-pc-linux-gnu/4.5.4/include/g++-v4/ext/pb_ds/detail/trie_policy/node_metadata_selector.hpp
/usr/lib/gcc/$(ARCH)-pc-linux-gnu/4.5.4/include/g++-v4/ext/pb_ds/detail/trie_policy/null_node_update_imp.hpp
/usr/lib/gcc/$(ARCH)-pc-linux-gnu/4.5.4/include/g++-v4/ext/pb_ds/detail/trie_policy/order_statistics_imp.hpp
/usr/lib/gcc/$(ARCH)-pc-linux-gnu/4.5.4/include/g++-v4/ext/pb_ds/detail/trie_policy/prefix_search_node_update_imp.hpp
/usr/lib/gcc/$(ARCH)-pc-linux-gnu/4.5.4/include/g++-v4/ext/pb_ds/detail/trie_policy/sample_trie_e_access_traits.hpp
/usr/lib/gcc/$(ARCH)-pc-linux-gnu/4.5.4/include/g++-v4/ext/pb_ds/detail/trie_policy/sample_trie_node_update.hpp
/usr/lib/gcc/$(ARCH)-pc-linux-gnu/4.5.4/include/g++-v4/ext/pb_ds/detail/trie_policy/string_trie_e_access_traits_imp.hpp
/usr/lib/gcc/$(ARCH)-pc-linux-gnu/4.5.4/include/g++-v4/ext/pb_ds/detail/trie_policy/trie_policy_base.hpp
/usr/lib/gcc/$(ARCH)-pc-linux-gnu/4.5.4/include/g++-v4/ext/pb_ds/detail/type_utils.hpp
/usr/lib/gcc/$(ARCH)-pc-linux-gnu/4.5.4/include/g++-v4/ext/pb_ds/detail/types_traits.hpp
/usr/lib/gcc/$(ARCH)-pc-linux-gnu/4.5.4/include/g++-v4/ext/pb_ds/detail/unordered_iterator/const_iterator.hpp
/usr/lib/gcc/$(ARCH)-pc-linux-gnu/4.5.4/include/g++-v4/ext/pb_ds/detail/unordered_iterator/const_point_iterator.hpp
/usr/lib/gcc/$(ARCH)-pc-linux-gnu/4.5.4/include/g++-v4/ext/pb_ds/detail/unordered_iterator/iterator.hpp
/usr/lib/gcc/$(ARCH)-pc-linux-gnu/4.5.4/include/g++-v4/ext/pb_ds/detail/unordered_iterator/point_iterator.hpp
/usr/lib/gcc/$(ARCH)-pc-linux-gnu/4.5.4/include/g++-v4/ext/pb_ds/exception.hpp
/usr/lib/gcc/$(ARCH)-pc-linux-gnu/4.5.4/include/g++-v4/ext/pb_ds/hash_policy.hpp
/usr/lib/gcc/$(ARCH)-pc-linux-gnu/4.5.4/include/g++-v4/ext/pb_ds/list_update_policy.hpp
/usr/lib/gcc/$(ARCH)-pc-linux-gnu/4.5.4/include/g++-v4/ext/pb_ds/priority_queue.hpp
/usr/lib/gcc/$(ARCH)-pc-linux-gnu/4.5.4/include/g++-v4/ext/pb_ds/tag_and_trait.hpp
/usr/lib/gcc/$(ARCH)-pc-linux-gnu/4.5.4/include/g++-v4/ext/pb_ds/tree_policy.hpp
/usr/lib/gcc/$(ARCH)-pc-linux-gnu/4.5.4/include/g++-v4/ext/pb_ds/trie_policy.hpp
/usr/lib/gcc/$(ARCH)-pc-linux-gnu/4.5.4/include/g++-v4/ext/pod_char_traits.h
/usr/lib/gcc/$(ARCH)-pc-linux-gnu/4.5.4/include/g++-v4/ext/pointer.h
/usr/lib/gcc/$(ARCH)-pc-linux-gnu/4.5.4/include/g++-v4/ext/pool_allocator.h
/usr/lib/gcc/$(ARCH)-pc-linux-gnu/4.5.4/include/g++-v4/ext/rb_tree
/usr/lib/gcc/$(ARCH)-pc-linux-gnu/4.5.4/include/g++-v4/ext/rc_string_base.h
/usr/lib/gcc/$(ARCH)-pc-linux-gnu/4.5.4/include/g++-v4/ext/rope
/usr/lib/gcc/$(ARCH)-pc-linux-gnu/4.5.4/include/g++-v4/ext/ropeimpl.h
/usr/lib/gcc/$(ARCH)-pc-linux-gnu/4.5.4/include/g++-v4/ext/slist
/usr/lib/gcc/$(ARCH)-pc-linux-gnu/4.5.4/include/g++-v4/ext/sso_string_base.h
/usr/lib/gcc/$(ARCH)-pc-linux-gnu/4.5.4/include/g++-v4/ext/stdio_filebuf.h
/usr/lib/gcc/$(ARCH)-pc-linux-gnu/4.5.4/include/g++-v4/ext/stdio_sync_filebuf.h
/usr/lib/gcc/$(ARCH)-pc-linux-gnu/4.5.4/include/g++-v4/ext/string_conversions.h
/usr/lib/gcc/$(ARCH)-pc-linux-gnu/4.5.4/include/g++-v4/ext/throw_allocator.h
/usr/lib/gcc/$(ARCH)-pc-linux-gnu/4.5.4/include/g++-v4/ext/type_traits.h
/usr/lib/gcc/$(ARCH)-pc-linux-gnu/4.5.4/include/g++-v4/ext/typelist.h
/usr/lib/gcc/$(ARCH)-pc-linux-gnu/4.5.4/include/g++-v4/ext/vstring.h
/usr/lib/gcc/$(ARCH)-pc-linux-gnu/4.5.4/include/g++-v4/ext/vstring.tcc
/usr/lib/gcc/$(ARCH)-pc-linux-gnu/4.5.4/include/g++-v4/ext/vstring_fwd.h
/usr/lib/gcc/$(ARCH)-pc-linux-gnu/4.5.4/include/g++-v4/ext/vstring_util.h
/usr/lib/gcc/$(ARCH)-pc-linux-gnu/4.5.4/include/g++-v4/fenv.h
/usr/lib/gcc/$(ARCH)-pc-linux-gnu/4.5.4/include/g++-v4/forward_list
/usr/lib/gcc/$(ARCH)-pc-linux-gnu/4.5.4/include/g++-v4/fstream
/usr/lib/gcc/$(ARCH)-pc-linux-gnu/4.5.4/include/g++-v4/functional
/usr/lib/gcc/$(ARCH)-pc-linux-gnu/4.5.4/include/g++-v4/future
/usr/lib/gcc/$(ARCH)-pc-linux-gnu/4.5.4/include/g++-v4/$(ARCH)-pc-linux-gnu/bits/atomic_word.h
/usr/lib/gcc/$(ARCH)-pc-linux-gnu/4.5.4/include/g++-v4/$(ARCH)-pc-linux-gnu/bits/basic_file.h
/usr/lib/gcc/$(ARCH)-pc-linux-gnu/4.5.4/include/g++-v4/$(ARCH)-pc-linux-gnu/bits/c++allocator.h
/usr/lib/gcc/$(ARCH)-pc-linux-gnu/4.5.4/include/g++-v4/$(ARCH)-pc-linux-gnu/bits/c++config.h
/usr/lib/gcc/$(ARCH)-pc-linux-gnu/4.5.4/include/g++-v4/$(ARCH)-pc-linux-gnu/bits/c++io.h
/usr/lib/gcc/$(ARCH)-pc-linux-gnu/4.5.4/include/g++-v4/$(ARCH)-pc-linux-gnu/bits/c++locale.h
/usr/lib/gcc/$(ARCH)-pc-linux-gnu/4.5.4/include/g++-v4/$(ARCH)-pc-linux-gnu/bits/cpu_defines.h
/usr/lib/gcc/$(ARCH)-pc-linux-gnu/4.5.4/include/g++-v4/$(ARCH)-pc-linux-gnu/bits/ctype_base.h
/usr/lib/gcc/$(ARCH)-pc-linux-gnu/4.5.4/include/g++-v4/$(ARCH)-pc-linux-gnu/bits/ctype_inline.h
/usr/lib/gcc/$(ARCH)-pc-linux-gnu/4.5.4/include/g++-v4/$(ARCH)-pc-linux-gnu/bits/ctype_noninline.h
/usr/lib/gcc/$(ARCH)-pc-linux-gnu/4.5.4/include/g++-v4/$(ARCH)-pc-linux-gnu/bits/cxxabi_tweaks.h
/usr/lib/gcc/$(ARCH)-pc-linux-gnu/4.5.4/include/g++-v4/$(ARCH)-pc-linux-gnu/bits/error_constants.h
/usr/lib/gcc/$(ARCH)-pc-linux-gnu/4.5.4/include/g++-v4/$(ARCH)-pc-linux-gnu/bits/extc++.h
/usr/lib/gcc/$(ARCH)-pc-linux-gnu/4.5.4/include/g++-v4/$(ARCH)-pc-linux-gnu/bits/gthr-default.h
/usr/lib/gcc/$(ARCH)-pc-linux-gnu/4.5.4/include/g++-v4/$(ARCH)-pc-linux-gnu/bits/gthr-posix.h
/usr/lib/gcc/$(ARCH)-pc-linux-gnu/4.5.4/include/g++-v4/$(ARCH)-pc-linux-gnu/bits/gthr-single.h
/usr/lib/gcc/$(ARCH)-pc-linux-gnu/4.5.4/include/g++-v4/$(ARCH)-pc-linux-gnu/bits/gthr-tpf.h
/usr/lib/gcc/$(ARCH)-pc-linux-gnu/4.5.4/include/g++-v4/$(ARCH)-pc-linux-gnu/bits/gthr.h
/usr/lib/gcc/$(ARCH)-pc-linux-gnu/4.5.4/include/g++-v4/$(ARCH)-pc-linux-gnu/bits/messages_members.h
/usr/lib/gcc/$(ARCH)-pc-linux-gnu/4.5.4/include/g++-v4/$(ARCH)-pc-linux-gnu/bits/os_defines.h
/usr/lib/gcc/$(ARCH)-pc-linux-gnu/4.5.4/include/g++-v4/$(ARCH)-pc-linux-gnu/bits/stdc++.h
/usr/lib/gcc/$(ARCH)-pc-linux-gnu/4.5.4/include/g++-v4/$(ARCH)-pc-linux-gnu/bits/stdtr1c++.h
/usr/lib/gcc/$(ARCH)-pc-linux-gnu/4.5.4/include/g++-v4/$(ARCH)-pc-linux-gnu/bits/time_members.h
/usr/lib/gcc/$(ARCH)-pc-linux-gnu/4.5.4/include/g++-v4/initializer_list
/usr/lib/gcc/$(ARCH)-pc-linux-gnu/4.5.4/include/g++-v4/iomanip
/usr/lib/gcc/$(ARCH)-pc-linux-gnu/4.5.4/include/g++-v4/ios
/usr/lib/gcc/$(ARCH)-pc-linux-gnu/4.5.4/include/g++-v4/iosfwd
/usr/lib/gcc/$(ARCH)-pc-linux-gnu/4.5.4/include/g++-v4/iostream
/usr/lib/gcc/$(ARCH)-pc-linux-gnu/4.5.4/include/g++-v4/istream
/usr/lib/gcc/$(ARCH)-pc-linux-gnu/4.5.4/include/g++-v4/iterator
/usr/lib/gcc/$(ARCH)-pc-linux-gnu/4.5.4/include/g++-v4/limits
/usr/lib/gcc/$(ARCH)-pc-linux-gnu/4.5.4/include/g++-v4/list
/usr/lib/gcc/$(ARCH)-pc-linux-gnu/4.5.4/include/g++-v4/locale
/usr/lib/gcc/$(ARCH)-pc-linux-gnu/4.5.4/include/g++-v4/map
/usr/lib/gcc/$(ARCH)-pc-linux-gnu/4.5.4/include/g++-v4/memory
/usr/lib/gcc/$(ARCH)-pc-linux-gnu/4.5.4/include/g++-v4/mutex
/usr/lib/gcc/$(ARCH)-pc-linux-gnu/4.5.4/include/g++-v4/nested_exception.h
/usr/lib/gcc/$(ARCH)-pc-linux-gnu/4.5.4/include/g++-v4/new
/usr/lib/gcc/$(ARCH)-pc-linux-gnu/4.5.4/include/g++-v4/numeric
/usr/lib/gcc/$(ARCH)-pc-linux-gnu/4.5.4/include/g++-v4/ostream
/usr/lib/gcc/$(ARCH)-pc-linux-gnu/4.5.4/include/g++-v4/parallel/algo.h
/usr/lib/gcc/$(ARCH)-pc-linux-gnu/4.5.4/include/g++-v4/parallel/algobase.h
/usr/lib/gcc/$(ARCH)-pc-linux-gnu/4.5.4/include/g++-v4/parallel/algorithm
/usr/lib/gcc/$(ARCH)-pc-linux-gnu/4.5.4/include/g++-v4/parallel/algorithmfwd.h
/usr/lib/gcc/$(ARCH)-pc-linux-gnu/4.5.4/include/g++-v4/parallel/balanced_quicksort.h
/usr/lib/gcc/$(ARCH)-pc-linux-gnu/4.5.4/include/g++-v4/parallel/base.h
/usr/lib/gcc/$(ARCH)-pc-linux-gnu/4.5.4/include/g++-v4/parallel/basic_iterator.h
/usr/lib/gcc/$(ARCH)-pc-linux-gnu/4.5.4/include/g++-v4/parallel/checkers.h
/usr/lib/gcc/$(ARCH)-pc-linux-gnu/4.5.4/include/g++-v4/parallel/compatibility.h
/usr/lib/gcc/$(ARCH)-pc-linux-gnu/4.5.4/include/g++-v4/parallel/compiletime_settings.h
/usr/lib/gcc/$(ARCH)-pc-linux-gnu/4.5.4/include/g++-v4/parallel/equally_split.h
/usr/lib/gcc/$(ARCH)-pc-linux-gnu/4.5.4/include/g++-v4/parallel/features.h
/usr/lib/gcc/$(ARCH)-pc-linux-gnu/4.5.4/include/g++-v4/parallel/find.h
/usr/lib/gcc/$(ARCH)-pc-linux-gnu/4.5.4/include/g++-v4/parallel/find_selectors.h
/usr/lib/gcc/$(ARCH)-pc-linux-gnu/4.5.4/include/g++-v4/parallel/for_each.h
/usr/lib/gcc/$(ARCH)-pc-linux-gnu/4.5.4/include/g++-v4/parallel/for_each_selectors.h
/usr/lib/gcc/$(ARCH)-pc-linux-gnu/4.5.4/include/g++-v4/parallel/iterator.h
/usr/lib/gcc/$(ARCH)-pc-linux-gnu/4.5.4/include/g++-v4/parallel/list_partition.h
/usr/lib/gcc/$(ARCH)-pc-linux-gnu/4.5.4/include/g++-v4/parallel/losertree.h
/usr/lib/gcc/$(ARCH)-pc-linux-gnu/4.5.4/include/g++-v4/parallel/merge.h
/usr/lib/gcc/$(ARCH)-pc-linux-gnu/4.5.4/include/g++-v4/parallel/multiseq_selection.h
/usr/lib/gcc/$(ARCH)-pc-linux-gnu/4.5.4/include/g++-v4/parallel/multiway_merge.h
/usr/lib/gcc/$(ARCH)-pc-linux-gnu/4.5.4/include/g++-v4/parallel/multiway_mergesort.h
/usr/lib/gcc/$(ARCH)-pc-linux-gnu/4.5.4/include/g++-v4/parallel/numeric
/usr/lib/gcc/$(ARCH)-pc-linux-gnu/4.5.4/include/g++-v4/parallel/numericfwd.h
/usr/lib/gcc/$(ARCH)-pc-linux-gnu/4.5.4/include/g++-v4/parallel/omp_loop.h
/usr/lib/gcc/$(ARCH)-pc-linux-gnu/4.5.4/include/g++-v4/parallel/omp_loop_static.h
/usr/lib/gcc/$(ARCH)-pc-linux-gnu/4.5.4/include/g++-v4/parallel/par_loop.h
/usr/lib/gcc/$(ARCH)-pc-linux-gnu/4.5.4/include/g++-v4/parallel/parallel.h
/usr/lib/gcc/$(ARCH)-pc-linux-gnu/4.5.4/include/g++-v4/parallel/partial_sum.h
/usr/lib/gcc/$(ARCH)-pc-linux-gnu/4.5.4/include/g++-v4/parallel/partition.h
/usr/lib/gcc/$(ARCH)-pc-linux-gnu/4.5.4/include/g++-v4/parallel/queue.h
/usr/lib/gcc/$(ARCH)-pc-linux-gnu/4.5.4/include/g++-v4/parallel/quicksort.h
/usr/lib/gcc/$(ARCH)-pc-linux-gnu/4.5.4/include/g++-v4/parallel/random_number.h
/usr/lib/gcc/$(ARCH)-pc-linux-gnu/4.5.4/include/g++-v4/parallel/random_shuffle.h
/usr/lib/gcc/$(ARCH)-pc-linux-gnu/4.5.4/include/g++-v4/parallel/search.h
/usr/lib/gcc/$(ARCH)-pc-linux-gnu/4.5.4/include/g++-v4/parallel/set_operations.h
/usr/lib/gcc/$(ARCH)-pc-linux-gnu/4.5.4/include/g++-v4/parallel/settings.h
/usr/lib/gcc/$(ARCH)-pc-linux-gnu/4.5.4/include/g++-v4/parallel/sort.h
/usr/lib/gcc/$(ARCH)-pc-linux-gnu/4.5.4/include/g++-v4/parallel/tags.h
/usr/lib/gcc/$(ARCH)-pc-linux-gnu/4.5.4/include/g++-v4/parallel/types.h
/usr/lib/gcc/$(ARCH)-pc-linux-gnu/4.5.4/include/g++-v4/parallel/unique_copy.h
/usr/lib/gcc/$(ARCH)-pc-linux-gnu/4.5.4/include/g++-v4/parallel/workstealing.h
/usr/lib/gcc/$(ARCH)-pc-linux-gnu/4.5.4/include/g++-v4/profile/base.h
/usr/lib/gcc/$(ARCH)-pc-linux-gnu/4.5.4/include/g++-v4/profile/bitset
/usr/lib/gcc/$(ARCH)-pc-linux-gnu/4.5.4/include/g++-v4/profile/deque
/usr/lib/gcc/$(ARCH)-pc-linux-gnu/4.5.4/include/g++-v4/profile/impl/profiler.h
/usr/lib/gcc/$(ARCH)-pc-linux-gnu/4.5.4/include/g++-v4/profile/impl/profiler_container_size.h
/usr/lib/gcc/$(ARCH)-pc-linux-gnu/4.5.4/include/g++-v4/profile/impl/profiler_hash_func.h
/usr/lib/gcc/$(ARCH)-pc-linux-gnu/4.5.4/include/g++-v4/profile/impl/profiler_hashtable_size.h
/usr/lib/gcc/$(ARCH)-pc-linux-gnu/4.5.4/include/g++-v4/profile/impl/profiler_list_to_slist.h
/usr/lib/gcc/$(ARCH)-pc-linux-gnu/4.5.4/include/g++-v4/profile/impl/profiler_list_to_vector.h
/usr/lib/gcc/$(ARCH)-pc-linux-gnu/4.5.4/include/g++-v4/profile/impl/profiler_map_to_unordered_map.h
/usr/lib/gcc/$(ARCH)-pc-linux-gnu/4.5.4/include/g++-v4/profile/impl/profiler_node.h
/usr/lib/gcc/$(ARCH)-pc-linux-gnu/4.5.4/include/g++-v4/profile/impl/profiler_state.h
/usr/lib/gcc/$(ARCH)-pc-linux-gnu/4.5.4/include/g++-v4/profile/impl/profiler_trace.h
/usr/lib/gcc/$(ARCH)-pc-linux-gnu/4.5.4/include/g++-v4/profile/impl/profiler_vector_size.h
/usr/lib/gcc/$(ARCH)-pc-linux-gnu/4.5.4/include/g++-v4/profile/impl/profiler_vector_to_list.h
/usr/lib/gcc/$(ARCH)-pc-linux-gnu/4.5.4/include/g++-v4/profile/iterator_tracker.h
/usr/lib/gcc/$(ARCH)-pc-linux-gnu/4.5.4/include/g++-v4/profile/list
/usr/lib/gcc/$(ARCH)-pc-linux-gnu/4.5.4/include/g++-v4/profile/map
/usr/lib/gcc/$(ARCH)-pc-linux-gnu/4.5.4/include/g++-v4/profile/map.h
/usr/lib/gcc/$(ARCH)-pc-linux-gnu/4.5.4/include/g++-v4/profile/multimap.h
/usr/lib/gcc/$(ARCH)-pc-linux-gnu/4.5.4/include/g++-v4/profile/multiset.h
/usr/lib/gcc/$(ARCH)-pc-linux-gnu/4.5.4/include/g++-v4/profile/set
/usr/lib/gcc/$(ARCH)-pc-linux-gnu/4.5.4/include/g++-v4/profile/set.h
/usr/lib/gcc/$(ARCH)-pc-linux-gnu/4.5.4/include/g++-v4/profile/unordered_map
/usr/lib/gcc/$(ARCH)-pc-linux-gnu/4.5.4/include/g++-v4/profile/unordered_set
/usr/lib/gcc/$(ARCH)-pc-linux-gnu/4.5.4/include/g++-v4/profile/vector
/usr/lib/gcc/$(ARCH)-pc-linux-gnu/4.5.4/include/g++-v4/queue
/usr/lib/gcc/$(ARCH)-pc-linux-gnu/4.5.4/include/g++-v4/random
/usr/lib/gcc/$(ARCH)-pc-linux-gnu/4.5.4/include/g++-v4/ratio
/usr/lib/gcc/$(ARCH)-pc-linux-gnu/4.5.4/include/g++-v4/regex
/usr/lib/gcc/$(ARCH)-pc-linux-gnu/4.5.4/include/g++-v4/set
/usr/lib/gcc/$(ARCH)-pc-linux-gnu/4.5.4/include/g++-v4/sstream
/usr/lib/gcc/$(ARCH)-pc-linux-gnu/4.5.4/include/g++-v4/stack
/usr/lib/gcc/$(ARCH)-pc-linux-gnu/4.5.4/include/g++-v4/stdatomic.h
/usr/lib/gcc/$(ARCH)-pc-linux-gnu/4.5.4/include/g++-v4/stdexcept
/usr/lib/gcc/$(ARCH)-pc-linux-gnu/4.5.4/include/g++-v4/streambuf
/usr/lib/gcc/$(ARCH)-pc-linux-gnu/4.5.4/include/g++-v4/string
/usr/lib/gcc/$(ARCH)-pc-linux-gnu/4.5.4/include/g++-v4/system_error
/usr/lib/gcc/$(ARCH)-pc-linux-gnu/4.5.4/include/g++-v4/tgmath.h
/usr/lib/gcc/$(ARCH)-pc-linux-gnu/4.5.4/include/g++-v4/thread
/usr/lib/gcc/$(ARCH)-pc-linux-gnu/4.5.4/include/g++-v4/tr1/array
/usr/lib/gcc/$(ARCH)-pc-linux-gnu/4.5.4/include/g++-v4/tr1/bessel_function.tcc
/usr/lib/gcc/$(ARCH)-pc-linux-gnu/4.5.4/include/g++-v4/tr1/beta_function.tcc
/usr/lib/gcc/$(ARCH)-pc-linux-gnu/4.5.4/include/g++-v4/tr1/ccomplex
/usr/lib/gcc/$(ARCH)-pc-linux-gnu/4.5.4/include/g++-v4/tr1/cctype
/usr/lib/gcc/$(ARCH)-pc-linux-gnu/4.5.4/include/g++-v4/tr1/cfenv
/usr/lib/gcc/$(ARCH)-pc-linux-gnu/4.5.4/include/g++-v4/tr1/cfloat
/usr/lib/gcc/$(ARCH)-pc-linux-gnu/4.5.4/include/g++-v4/tr1/cinttypes
/usr/lib/gcc/$(ARCH)-pc-linux-gnu/4.5.4/include/g++-v4/tr1/climits
/usr/lib/gcc/$(ARCH)-pc-linux-gnu/4.5.4/include/g++-v4/tr1/cmath
/usr/lib/gcc/$(ARCH)-pc-linux-gnu/4.5.4/include/g++-v4/tr1/complex
/usr/lib/gcc/$(ARCH)-pc-linux-gnu/4.5.4/include/g++-v4/tr1/complex.h
/usr/lib/gcc/$(ARCH)-pc-linux-gnu/4.5.4/include/g++-v4/tr1/cstdarg
/usr/lib/gcc/$(ARCH)-pc-linux-gnu/4.5.4/include/g++-v4/tr1/cstdbool
/usr/lib/gcc/$(ARCH)-pc-linux-gnu/4.5.4/include/g++-v4/tr1/cstdint
/usr/lib/gcc/$(ARCH)-pc-linux-gnu/4.5.4/include/g++-v4/tr1/cstdio
/usr/lib/gcc/$(ARCH)-pc-linux-gnu/4.5.4/include/g++-v4/tr1/cstdlib
/usr/lib/gcc/$(ARCH)-pc-linux-gnu/4.5.4/include/g++-v4/tr1/ctgmath
/usr/lib/gcc/$(ARCH)-pc-linux-gnu/4.5.4/include/g++-v4/tr1/ctime
/usr/lib/gcc/$(ARCH)-pc-linux-gnu/4.5.4/include/g++-v4/tr1/ctype.h
/usr/lib/gcc/$(ARCH)-pc-linux-gnu/4.5.4/include/g++-v4/tr1/cwchar
/usr/lib/gcc/$(ARCH)-pc-linux-gnu/4.5.4/include/g++-v4/tr1/cwctype
/usr/lib/gcc/$(ARCH)-pc-linux-gnu/4.5.4/include/g++-v4/tr1/ell_integral.tcc
/usr/lib/gcc/$(ARCH)-pc-linux-gnu/4.5.4/include/g++-v4/tr1/exp_integral.tcc
/usr/lib/gcc/$(ARCH)-pc-linux-gnu/4.5.4/include/g++-v4/tr1/fenv.h
/usr/lib/gcc/$(ARCH)-pc-linux-gnu/4.5.4/include/g++-v4/tr1/float.h
/usr/lib/gcc/$(ARCH)-pc-linux-gnu/4.5.4/include/g++-v4/tr1/functional
/usr/lib/gcc/$(ARCH)-pc-linux-gnu/4.5.4/include/g++-v4/tr1/functional_hash.h
/usr/lib/gcc/$(ARCH)-pc-linux-gnu/4.5.4/include/g++-v4/tr1/gamma.tcc
/usr/lib/gcc/$(ARCH)-pc-linux-gnu/4.5.4/include/g++-v4/tr1/hashtable.h
/usr/lib/gcc/$(ARCH)-pc-linux-gnu/4.5.4/include/g++-v4/tr1/hashtable_policy.h
/usr/lib/gcc/$(ARCH)-pc-linux-gnu/4.5.4/include/g++-v4/tr1/hypergeometric.tcc
/usr/lib/gcc/$(ARCH)-pc-linux-gnu/4.5.4/include/g++-v4/tr1/inttypes.h
/usr/lib/gcc/$(ARCH)-pc-linux-gnu/4.5.4/include/g++-v4/tr1/legendre_function.tcc
/usr/lib/gcc/$(ARCH)-pc-linux-gnu/4.5.4/include/g++-v4/tr1/limits.h
/usr/lib/gcc/$(ARCH)-pc-linux-gnu/4.5.4/include/g++-v4/tr1/math.h
/usr/lib/gcc/$(ARCH)-pc-linux-gnu/4.5.4/include/g++-v4/tr1/memory
/usr/lib/gcc/$(ARCH)-pc-linux-gnu/4.5.4/include/g++-v4/tr1/modified_bessel_func.tcc
/usr/lib/gcc/$(ARCH)-pc-linux-gnu/4.5.4/include/g++-v4/tr1/poly_hermite.tcc
/usr/lib/gcc/$(ARCH)-pc-linux-gnu/4.5.4/include/g++-v4/tr1/poly_laguerre.tcc
/usr/lib/gcc/$(ARCH)-pc-linux-gnu/4.5.4/include/g++-v4/tr1/random
/usr/lib/gcc/$(ARCH)-pc-linux-gnu/4.5.4/include/g++-v4/tr1/random.h
/usr/lib/gcc/$(ARCH)-pc-linux-gnu/4.5.4/include/g++-v4/tr1/random.tcc
/usr/lib/gcc/$(ARCH)-pc-linux-gnu/4.5.4/include/g++-v4/tr1/regex
/usr/lib/gcc/$(ARCH)-pc-linux-gnu/4.5.4/include/g++-v4/tr1/riemann_zeta.tcc
/usr/lib/gcc/$(ARCH)-pc-linux-gnu/4.5.4/include/g++-v4/tr1/shared_ptr.h
/usr/lib/gcc/$(ARCH)-pc-linux-gnu/4.5.4/include/g++-v4/tr1/special_function_util.h
/usr/lib/gcc/$(ARCH)-pc-linux-gnu/4.5.4/include/g++-v4/tr1/stdarg.h
/usr/lib/gcc/$(ARCH)-pc-linux-gnu/4.5.4/include/g++-v4/tr1/stdbool.h
/usr/lib/gcc/$(ARCH)-pc-linux-gnu/4.5.4/include/g++-v4/tr1/stdint.h
/usr/lib/gcc/$(ARCH)-pc-linux-gnu/4.5.4/include/g++-v4/tr1/stdio.h
/usr/lib/gcc/$(ARCH)-pc-linux-gnu/4.5.4/include/g++-v4/tr1/stdlib.h
/usr/lib/gcc/$(ARCH)-pc-linux-gnu/4.5.4/include/g++-v4/tr1/tgmath.h
/usr/lib/gcc/$(ARCH)-pc-linux-gnu/4.5.4/include/g++-v4/tr1/tuple
/usr/lib/gcc/$(ARCH)-pc-linux-gnu/4.5.4/include/g++-v4/tr1/type_traits
/usr/lib/gcc/$(ARCH)-pc-linux-gnu/4.5.4/include/g++-v4/tr1/unordered_map
/usr/lib/gcc/$(ARCH)-pc-linux-gnu/4.5.4/include/g++-v4/tr1/unordered_map.h
/usr/lib/gcc/$(ARCH)-pc-linux-gnu/4.5.4/include/g++-v4/tr1/unordered_set
/usr/lib/gcc/$(ARCH)-pc-linux-gnu/4.5.4/include/g++-v4/tr1/unordered_set.h
/usr/lib/gcc/$(ARCH)-pc-linux-gnu/4.5.4/include/g++-v4/tr1/utility
/usr/lib/gcc/$(ARCH)-pc-linux-gnu/4.5.4/include/g++-v4/tr1/wchar.h
/usr/lib/gcc/$(ARCH)-pc-linux-gnu/4.5.4/include/g++-v4/tr1/wctype.h
/usr/lib/gcc/$(ARCH)-pc-linux-gnu/4.5.4/include/g++-v4/tr1_impl/array
/usr/lib/gcc/$(ARCH)-pc-linux-gnu/4.5.4/include/g++-v4/tr1_impl/boost_sp_counted_base.h
/usr/lib/gcc/$(ARCH)-pc-linux-gnu/4.5.4/include/g++-v4/tr1_impl/cctype
/usr/lib/gcc/$(ARCH)-pc-linux-gnu/4.5.4/include/g++-v4/tr1_impl/cfenv
/usr/lib/gcc/$(ARCH)-pc-linux-gnu/4.5.4/include/g++-v4/tr1_impl/cinttypes
/usr/lib/gcc/$(ARCH)-pc-linux-gnu/4.5.4/include/g++-v4/tr1_impl/cmath
/usr/lib/gcc/$(ARCH)-pc-linux-gnu/4.5.4/include/g++-v4/tr1_impl/complex
/usr/lib/gcc/$(ARCH)-pc-linux-gnu/4.5.4/include/g++-v4/tr1_impl/cstdint
/usr/lib/gcc/$(ARCH)-pc-linux-gnu/4.5.4/include/g++-v4/tr1_impl/cstdio
/usr/lib/gcc/$(ARCH)-pc-linux-gnu/4.5.4/include/g++-v4/tr1_impl/cstdlib
/usr/lib/gcc/$(ARCH)-pc-linux-gnu/4.5.4/include/g++-v4/tr1_impl/cwchar
/usr/lib/gcc/$(ARCH)-pc-linux-gnu/4.5.4/include/g++-v4/tr1_impl/cwctype
/usr/lib/gcc/$(ARCH)-pc-linux-gnu/4.5.4/include/g++-v4/tr1_impl/regex
/usr/lib/gcc/$(ARCH)-pc-linux-gnu/4.5.4/include/g++-v4/tr1_impl/type_traits
/usr/lib/gcc/$(ARCH)-pc-linux-gnu/4.5.4/include/g++-v4/tr1_impl/utility
/usr/lib/gcc/$(ARCH)-pc-linux-gnu/4.5.4/include/g++-v4/tuple
/usr/lib/gcc/$(ARCH)-pc-linux-gnu/4.5.4/include/g++-v4/type_traits
/usr/lib/gcc/$(ARCH)-pc-linux-gnu/4.5.4/include/g++-v4/typeinfo
/usr/lib/gcc/$(ARCH)-pc-linux-gnu/4.5.4/include/g++-v4/unordered_map
/usr/lib/gcc/$(ARCH)-pc-linux-gnu/4.5.4/include/g++-v4/unordered_set
/usr/lib/gcc/$(ARCH)-pc-linux-gnu/4.5.4/include/g++-v4/utility
/usr/lib/gcc/$(ARCH)-pc-linux-gnu/4.5.4/include/g++-v4/valarray
/usr/lib/gcc/$(ARCH)-pc-linux-gnu/4.5.4/include/g++-v4/vector

#libc headers
/usr/include/_G_config.h
/usr/include/a.out.h
/usr/include/aio.h
/usr/include/aliases.h
/usr/include/alloca.h
/usr/include/ar.h
/usr/include/argp.h
/usr/include/argz.h
/usr/include/arpa/ftp.h
/usr/include/arpa/inet.h
/usr/include/arpa/nameser.h
/usr/include/arpa/nameser_compat.h
/usr/include/arpa/telnet.h
/usr/include/arpa/tftp.h
/usr/include/assert.h
/usr/include/bits/a.out.h
/usr/include/bits/byteswap.h
/usr/include/bits/cmathcalls.h
/usr/include/bits/confname.h
/usr/include/bits/dirent.h
/usr/include/bits/dlfcn.h
/usr/include/bits/elfclass.h
/usr/include/bits/endian.h
/usr/include/bits/environments.h
/usr/include/bits/errno.h
/usr/include/bits/error.h
/usr/include/bits/fcntl.h
/usr/include/bits/fcntl2.h
/usr/include/bits/fenv.h
/usr/include/bits/fenvinline.h
/usr/include/bits/huge_val.h
/usr/include/bits/huge_valf.h
/usr/include/bits/huge_vall.h
/usr/include/bits/in.h
/usr/include/bits/inf.h
/usr/include/bits/initspin.h
/usr/include/bits/ioctl-types.h
/usr/include/bits/ioctls.h
/usr/include/bits/ipc.h
/usr/include/bits/ipctypes.h
/usr/include/bits/libc-lock.h
/usr/include/bits/libio-ldbl.h
/usr/include/bits/link.h
/usr/include/bits/local_lim.h
/usr/include/bits/locale.h
/usr/include/bits/mathcalls.h
/usr/include/bits/mathdef.h
/usr/include/bits/mathinline.h
/usr/include/bits/mman.h
/usr/include/bits/monetary-ldbl.h
/usr/include/bits/mqueue.h
/usr/include/bits/mqueue2.h
/usr/include/bits/msq.h
/usr/include/bits/nan.h
/usr/include/bits/netdb.h
/usr/include/bits/poll.h
/usr/include/bits/posix1_lim.h
/usr/include/bits/posix2_lim.h
/usr/include/bits/posix_opt.h
/usr/include/bits/printf-ldbl.h
/usr/include/bits/pthreadtypes.h
/usr/include/bits/resource.h
/usr/include/bits/sched.h
/usr/include/bits/select.h
/usr/include/bits/select2.h
/usr/include/bits/sem.h
/usr/include/bits/semaphore.h
/usr/include/bits/setjmp.h
/usr/include/bits/setjmp2.h
/usr/include/bits/shm.h
/usr/include/bits/sigaction.h
/usr/include/bits/sigcontext.h
/usr/include/bits/siginfo.h
/usr/include/bits/signum.h
/usr/include/bits/sigset.h
/usr/include/bits/sigstack.h
/usr/include/bits/sigthread.h
/usr/include/bits/sockaddr.h
/usr/include/bits/socket.h
/usr/include/bits/socket2.h
/usr/include/bits/stab.def
/usr/include/bits/stat.h
/usr/include/bits/statfs.h
/usr/include/bits/statvfs.h
/usr/include/bits/stdio-ldbl.h
/usr/include/bits/stdio-lock.h
/usr/include/bits/stdio.h
/usr/include/bits/stdio2.h
/usr/include/bits/stdio_lim.h
/usr/include/bits/stdlib-ldbl.h
/usr/include/bits/stdlib.h
/usr/include/bits/string.h
/usr/include/bits/string2.h
/usr/include/bits/string3.h
/usr/include/bits/stropts.h
/usr/include/bits/sys_errlist.h
/usr/include/bits/syscall.h
/usr/include/bits/syslog-ldbl.h
/usr/include/bits/syslog-path.h
/usr/include/bits/syslog.h
/usr/include/bits/termios.h
/usr/include/bits/time.h
/usr/include/bits/timex.h
/usr/include/bits/types.h
/usr/include/bits/typesizes.h
/usr/include/bits/uio.h
/usr/include/bits/unistd.h
/usr/include/bits/ustat.h
/usr/include/bits/utmp.h
/usr/include/bits/utmpx.h
/usr/include/bits/utsname.h
/usr/include/bits/waitflags.h
/usr/include/bits/waitstatus.h
/usr/include/bits/wchar-ldbl.h
/usr/include/bits/wchar.h
/usr/include/bits/wchar2.h
/usr/include/bits/wordsize.h
/usr/include/bits/xopen_lim.h
/usr/include/bits/xtitypes.h
/usr/include/byteswap.h
/usr/include/complex.h
/usr/include/cpio.h
/usr/include/crypt.h
/usr/include/ctype.h
/usr/include/dirent.h
/usr/include/dlfcn.h
/usr/include/elf.h
/usr/include/endian.h
/usr/include/envz.h
/usr/include/err.h
/usr/include/errno.h
/usr/include/error.h
/usr/include/execinfo.h
/usr/include/fcntl.h
/usr/include/features.h
/usr/include/fenv.h
/usr/include/fmtmsg.h
/usr/include/fnmatch.h
/usr/include/fpu_control.h
/usr/include/fstab.h
/usr/include/fts.h
/usr/include/ftw.h
/usr/include/gconv.h
/usr/include/getopt.h
/usr/include/glob.h
/usr/include/gnu-versions.h
/usr/include/gnu/lib-names.h
/usr/include/gnu/libc-version.h
/usr/include/gnu/stubs-32.h
#/usr/include/gnu/stubs-64.h
/usr/include/gnu/stubs.h
/usr/include/grp.h
/usr/include/gshadow.h
/usr/include/iconv.h
/usr/include/ieee754.h
/usr/include/ifaddrs.h
/usr/include/inttypes.h
/usr/include/langinfo.h
/usr/include/lastlog.h
/usr/include/libgen.h
/usr/include/libintl.h
/usr/include/libio.h
/usr/include/limits.h
/usr/include/link.h
/usr/include/locale.h
/usr/include/malloc.h
/usr/include/math.h
/usr/include/mcheck.h
/usr/include/memory.h
/usr/include/mntent.h
/usr/include/monetary.h
/usr/include/mqueue.h
/usr/include/net/ethernet.h
/usr/include/net/if.h
/usr/include/net/if_arp.h
/usr/include/net/if_packet.h
/usr/include/net/if_ppp.h
/usr/include/net/if_shaper.h
/usr/include/net/if_slip.h
/usr/include/net/ppp-comp.h
/usr/include/net/ppp_defs.h
/usr/include/net/route.h
/usr/include/netash/ash.h
/usr/include/netatalk/at.h
/usr/include/netax25/ax25.h
/usr/include/netdb.h
/usr/include/neteconet/ec.h
/usr/include/netinet/ether.h
/usr/include/netinet/icmp6.h
/usr/include/netinet/if_ether.h
/usr/include/netinet/if_fddi.h
/usr/include/netinet/if_tr.h
/usr/include/netinet/igmp.h
/usr/include/netinet/in.h
/usr/include/netinet/in_systm.h
/usr/include/netinet/ip.h
/usr/include/netinet/ip6.h
/usr/include/netinet/ip_icmp.h
/usr/include/netinet/tcp.h
/usr/include/netinet/udp.h
/usr/include/netipx/ipx.h
/usr/include/netiucv/iucv.h
/usr/include/netpacket/packet.h
/usr/include/netrom/netrom.h
/usr/include/netrose/rose.h
/usr/include/nfs/nfs.h
/usr/include/nl_types.h
/usr/include/nss.h
/usr/include/obstack.h
/usr/include/paths.h
/usr/include/poll.h
/usr/include/printf.h
/usr/include/protocols/routed.h
/usr/include/protocols/rwhod.h
/usr/include/protocols/talkd.h
/usr/include/protocols/timed.h
/usr/include/pthread.h
/usr/include/pty.h
/usr/include/pwd.h
/usr/include/re_comp.h
/usr/include/regex.h
/usr/include/regexp.h
/usr/include/resolv.h
/usr/include/rpc/auth.h
/usr/include/rpc/auth_des.h
/usr/include/rpc/auth_unix.h
/usr/include/rpc/clnt.h
/usr/include/rpc/des_crypt.h
/usr/include/rpc/key_prot.h
/usr/include/rpc/netdb.h
/usr/include/rpc/pmap_clnt.h
/usr/include/rpc/pmap_prot.h
/usr/include/rpc/pmap_rmt.h
/usr/include/rpc/rpc.h
/usr/include/rpc/rpc_des.h
/usr/include/rpc/rpc_msg.h
/usr/include/rpc/svc.h
/usr/include/rpc/svc_auth.h
/usr/include/rpc/types.h
/usr/include/rpc/xdr.h
/usr/include/rpcsvc/bootparam.h
/usr/include/rpcsvc/bootparam_prot.h
/usr/include/rpcsvc/bootparam_prot.x
/usr/include/rpcsvc/key_prot.h
/usr/include/rpcsvc/key_prot.x
/usr/include/rpcsvc/klm_prot.h
/usr/include/rpcsvc/klm_prot.x
/usr/include/rpcsvc/mount.h
/usr/include/rpcsvc/mount.x
/usr/include/rpcsvc/nfs_prot.h
/usr/include/rpcsvc/nfs_prot.x
/usr/include/rpcsvc/nis.h
/usr/include/rpcsvc/nis.x
/usr/include/rpcsvc/nis_callback.h
/usr/include/rpcsvc/nis_callback.x
/usr/include/rpcsvc/nis_object.x
/usr/include/rpcsvc/nis_tags.h
/usr/include/rpcsvc/nislib.h
/usr/include/rpcsvc/nlm_prot.h
/usr/include/rpcsvc/nlm_prot.x
/usr/include/rpcsvc/rex.h
/usr/include/rpcsvc/rex.x
/usr/include/rpcsvc/rquota.h
/usr/include/rpcsvc/rquota.x
/usr/include/rpcsvc/rstat.h
/usr/include/rpcsvc/rstat.x
/usr/include/rpcsvc/rusers.h
/usr/include/rpcsvc/rusers.x
/usr/include/rpcsvc/sm_inter.h
/usr/include/rpcsvc/sm_inter.x
/usr/include/rpcsvc/spray.h
/usr/include/rpcsvc/spray.x
/usr/include/rpcsvc/yp.h
/usr/include/rpcsvc/yp.x
/usr/include/rpcsvc/yp_prot.h
/usr/include/rpcsvc/ypclnt.h
/usr/include/rpcsvc/yppasswd.h
/usr/include/rpcsvc/yppasswd.x
/usr/include/rpcsvc/ypupd.h
/usr/include/sched.h
/usr/include/scsi/scsi.h
/usr/include/scsi/scsi_ioctl.h
/usr/include/scsi/sg.h
/usr/include/search.h
/usr/include/semaphore.h
/usr/include/setjmp.h
/usr/include/sgtty.h
/usr/include/shadow.h
/usr/include/signal.h
/usr/include/spawn.h
/usr/include/stab.h
/usr/include/stdint.h
/usr/include/stdio.h
/usr/include/stdio_ext.h
/usr/include/stdlib.h
/usr/include/string.h
/usr/include/strings.h
/usr/include/stropts.h
/usr/include/sys/acct.h
/usr/include/sys/bitypes.h
/usr/include/sys/cdefs.h
/usr/include/sys/debugreg.h
/usr/include/sys/dir.h
/usr/include/sys/elf.h
/usr/include/sys/epoll.h
/usr/include/sys/errno.h
/usr/include/sys/eventfd.h
/usr/include/sys/fanotify.h
/usr/include/sys/fcntl.h
/usr/include/sys/file.h
/usr/include/sys/fsuid.h
/usr/include/sys/gmon.h
/usr/include/sys/gmon_out.h
/usr/include/sys/inotify.h
/usr/include/sys/io.h
/usr/include/sys/ioctl.h
/usr/include/sys/ipc.h
/usr/include/sys/kd.h
/usr/include/sys/kdaemon.h
/usr/include/sys/klog.h
/usr/include/sys/mman.h
/usr/include/sys/mount.h
/usr/include/sys/msg.h
/usr/include/sys/mtio.h
/usr/include/sys/param.h
/usr/include/sys/pci.h
/usr/include/sys/perm.h
/usr/include/sys/personality.h
/usr/include/sys/poll.h
/usr/include/sys/prctl.h
/usr/include/sys/procfs.h
/usr/include/sys/profil.h
/usr/include/sys/ptrace.h
/usr/include/sys/queue.h
/usr/include/sys/quota.h
/usr/include/sys/raw.h
/usr/include/sys/reboot.h
/usr/include/sys/reg.h
/usr/include/sys/resource.h
/usr/include/sys/select.h
/usr/include/sys/sem.h
/usr/include/sys/sendfile.h
/usr/include/sys/shm.h
/usr/include/sys/signal.h
/usr/include/sys/signalfd.h
/usr/include/sys/socket.h
/usr/include/sys/socketvar.h
/usr/include/sys/soundcard.h
/usr/include/sys/stat.h
/usr/include/sys/statfs.h
/usr/include/sys/statvfs.h
/usr/include/sys/stropts.h
/usr/include/sys/swap.h
/usr/include/sys/syscall.h
/usr/include/sys/sysctl.h
/usr/include/sys/sysinfo.h
/usr/include/sys/syslog.h
/usr/include/sys/sysmacros.h
/usr/include/sys/termios.h
/usr/include/sys/time.h
/usr/include/sys/timeb.h
/usr/include/sys/timerfd.h
/usr/include/sys/times.h
/usr/include/sys/timex.h
/usr/include/sys/ttychars.h
/usr/include/sys/ttydefaults.h
/usr/include/sys/types.h
/usr/include/sys/ucontext.h
/usr/include/sys/uio.h
/usr/include/sys/ultrasound.h
/usr/include/sys/un.h
/usr/include/sys/unistd.h
/usr/include/sys/user.h
/usr/include/sys/ustat.h
/usr/include/sys/utsname.h
/usr/include/sys/vfs.h
/usr/include/sys/vlimit.h
/usr/include/sys/vm86.h
/usr/include/sys/vt.h
/usr/include/sys/vtimes.h
/usr/include/sys/wait.h
/usr/include/sys/xattr.h
/usr/include/syscall.h
/usr/include/sysexits.h
/usr/include/syslog.h
/usr/include/tar.h
/usr/include/termio.h
/usr/include/termios.h
/usr/include/tgmath.h
/usr/include/thread_db.h
/usr/include/time.h
/usr/include/ttyent.h
/usr/include/ucontext.h
/usr/include/ulimit.h
/usr/include/unistd.h
/usr/include/ustat.h
/usr/include/utime.h
/usr/include/utmp.h
/usr/include/utmpx.h
/usr/include/values.h
/usr/include/wait.h
/usr/include/wchar.h
/usr/include/wctype.h
/usr/include/wordexp.h
/usr/include/xlocale.h

# GMP MPFR MPC
/usr/include/gmp.h
/usr/include/gmpxx.h
/usr/include/mpf2mpfr.h
/usr/include/mpfr.h
/usr/include/mpf2mpfr.h
/usr/include/mpfr.h
/usr/include/mpc.h
/usr/lib/libgmp.so
/usr/lib/libmpfr.so
/usr/lib/libmpc.so
/usr/lib/libmpc.so.2

# others
/usr/include/zlib.h
/usr/include/zconf.h

/usr/lib/libz.so
/usr/lib/libcrypt.so
