# emerge --nodeps gcc
# emerge --nodeps binutils
# emerge --nodeps eselect
# eselect binutils set 1
# emerge --nodeps glibc

#require linux-headers.lst
#require glibc.lst
#require openssl-dev.lst

/usr/bin/gcc-4.6.3
/usr/bin/cpp-4.6.3
/usr/bin/g++-4.6.3
#symlink /usr/bin/gcc gcc-4.6.3
#symlink /usr/bin/cpp cpp-4.6.3
#symlink /usr/bin/g++ g++-4.6.3
#detectarch /usr/bin/gcc
#symlink /usr/bin/$(ARCH)-pc-linux-gnu-gcc gcc
#symlink /usr/bin/$(ARCH)-pc-linux-gnu-g++ g++
/etc/env.d/gcc/config-$(ARCH)-pc-linux-gnu
/etc/env.d/binutils/config-$(ARCH)-pc-linux-gnu
#sed /etc/env.d/binutils/config-$(ARCH)-pc-linux-gnu s/^CURRENT=.*$//
/etc/env.d/gcc/$(ARCH)-pc-linux-gnu-4.6.3
/etc/ld.so.conf.d/05gcc-$(ARCH)-pc-linux-gnu.conf
/lib/cpp
#/usr/bin/gcc-config
/usr/lib/gcc/$(ARCH)-pc-linux-gnu/4.6.3/crtbegin.o
/usr/lib/gcc/$(ARCH)-pc-linux-gnu/4.6.3/crtbeginS.o
/usr/lib/gcc/$(ARCH)-pc-linux-gnu/4.6.3/crtbeginT.o
/usr/lib/gcc/$(ARCH)-pc-linux-gnu/4.6.3/crtend.o
/usr/lib/gcc/$(ARCH)-pc-linux-gnu/4.6.3/crtendS.o
/usr/lib/gcc/$(ARCH)-pc-linux-gnu/4.6.3/crtfastmath.o
/usr/lib/gcc/$(ARCH)-pc-linux-gnu/4.6.3/crtprec32.o
/usr/lib/gcc/$(ARCH)-pc-linux-gnu/4.6.3/crtprec64.o
/usr/lib/gcc/$(ARCH)-pc-linux-gnu/4.6.3/crtprec80.o
/usr/lib/gcc/$(ARCH)-pc-linux-gnu/4.6.3/finclude/omp_lib.f90
/usr/lib/gcc/$(ARCH)-pc-linux-gnu/4.6.3/finclude/omp_lib.h
/usr/lib/gcc/$(ARCH)-pc-linux-gnu/4.6.3/finclude/omp_lib.mod
/usr/lib/gcc/$(ARCH)-pc-linux-gnu/4.6.3/finclude/omp_lib_kinds.mod
/usr/lib/gcc/$(ARCH)-pc-linux-gnu/4.6.3/include-fixed/README
/usr/lib/gcc/$(ARCH)-pc-linux-gnu/4.6.3/include-fixed/limits.h
/usr/lib/gcc/$(ARCH)-pc-linux-gnu/4.6.3/include-fixed/syslimits.h
/usr/lib/gcc/$(ARCH)-pc-linux-gnu/4.6.3/include/abmintrin.h
/usr/lib/gcc/$(ARCH)-pc-linux-gnu/4.6.3/include/ammintrin.h
/usr/lib/gcc/$(ARCH)-pc-linux-gnu/4.6.3/include/avxintrin.h
/usr/lib/gcc/$(ARCH)-pc-linux-gnu/4.6.3/include/bmiintrin.h
/usr/lib/gcc/$(ARCH)-pc-linux-gnu/4.6.3/include/bmmintrin.h
/usr/lib/gcc/$(ARCH)-pc-linux-gnu/4.6.3/include/cpuid.h
/usr/lib/gcc/$(ARCH)-pc-linux-gnu/4.6.3/include/cross-stdarg.h
/usr/lib/gcc/$(ARCH)-pc-linux-gnu/4.6.3/include/emmintrin.h
/usr/lib/gcc/$(ARCH)-pc-linux-gnu/4.6.3/include/float.h
/usr/lib/gcc/$(ARCH)-pc-linux-gnu/4.6.3/include/fma4intrin.h
/usr/lib/gcc/$(ARCH)-pc-linux-gnu/4.6.3/include/g++-v4/algorithm
/usr/lib/gcc/$(ARCH)-pc-linux-gnu/4.6.3/include/g++-v4/array
/usr/lib/gcc/$(ARCH)-pc-linux-gnu/4.6.3/include/g++-v4/atomic
/usr/lib/gcc/$(ARCH)-pc-linux-gnu/4.6.3/include/g++-v4/backward/auto_ptr.h
/usr/lib/gcc/$(ARCH)-pc-linux-gnu/4.6.3/include/g++-v4/backward/backward_warning.h
/usr/lib/gcc/$(ARCH)-pc-linux-gnu/4.6.3/include/g++-v4/backward/binders.h
/usr/lib/gcc/$(ARCH)-pc-linux-gnu/4.6.3/include/g++-v4/backward/hash_fun.h
/usr/lib/gcc/$(ARCH)-pc-linux-gnu/4.6.3/include/g++-v4/backward/hash_map
/usr/lib/gcc/$(ARCH)-pc-linux-gnu/4.6.3/include/g++-v4/backward/hash_set
/usr/lib/gcc/$(ARCH)-pc-linux-gnu/4.6.3/include/g++-v4/backward/hashtable.h
/usr/lib/gcc/$(ARCH)-pc-linux-gnu/4.6.3/include/g++-v4/backward/strstream
/usr/lib/gcc/$(ARCH)-pc-linux-gnu/4.6.3/include/g++-v4/bits/algorithmfwd.h
/usr/lib/gcc/$(ARCH)-pc-linux-gnu/4.6.3/include/g++-v4/bits/allocator.h
/usr/lib/gcc/$(ARCH)-pc-linux-gnu/4.6.3/include/g++-v4/bits/atomic_0.h
/usr/lib/gcc/$(ARCH)-pc-linux-gnu/4.6.3/include/g++-v4/bits/atomic_2.h
/usr/lib/gcc/$(ARCH)-pc-linux-gnu/4.6.3/include/g++-v4/bits/atomic_base.h
/usr/lib/gcc/$(ARCH)-pc-linux-gnu/4.6.3/include/g++-v4/bits/basic_ios.h
/usr/lib/gcc/$(ARCH)-pc-linux-gnu/4.6.3/include/g++-v4/bits/basic_ios.tcc
/usr/lib/gcc/$(ARCH)-pc-linux-gnu/4.6.3/include/g++-v4/bits/basic_string.h
/usr/lib/gcc/$(ARCH)-pc-linux-gnu/4.6.3/include/g++-v4/bits/basic_string.tcc
/usr/lib/gcc/$(ARCH)-pc-linux-gnu/4.6.3/include/g++-v4/bits/boost_concept_check.h
/usr/lib/gcc/$(ARCH)-pc-linux-gnu/4.6.3/include/g++-v4/bits/c++0x_warning.h
/usr/lib/gcc/$(ARCH)-pc-linux-gnu/4.6.3/include/g++-v4/bits/char_traits.h
/usr/lib/gcc/$(ARCH)-pc-linux-gnu/4.6.3/include/g++-v4/bits/codecvt.h
/usr/lib/gcc/$(ARCH)-pc-linux-gnu/4.6.3/include/g++-v4/bits/concept_check.h
/usr/lib/gcc/$(ARCH)-pc-linux-gnu/4.6.3/include/g++-v4/bits/cpp_type_traits.h
/usr/lib/gcc/$(ARCH)-pc-linux-gnu/4.6.3/include/g++-v4/bits/cxxabi_forced.h
/usr/lib/gcc/$(ARCH)-pc-linux-gnu/4.6.3/include/g++-v4/bits/deque.tcc
/usr/lib/gcc/$(ARCH)-pc-linux-gnu/4.6.3/include/g++-v4/bits/exception_defines.h
/usr/lib/gcc/$(ARCH)-pc-linux-gnu/4.6.3/include/g++-v4/bits/exception_ptr.h
/usr/lib/gcc/$(ARCH)-pc-linux-gnu/4.6.3/include/g++-v4/bits/forward_list.h
/usr/lib/gcc/$(ARCH)-pc-linux-gnu/4.6.3/include/g++-v4/bits/forward_list.tcc
/usr/lib/gcc/$(ARCH)-pc-linux-gnu/4.6.3/include/g++-v4/bits/fstream.tcc
/usr/lib/gcc/$(ARCH)-pc-linux-gnu/4.6.3/include/g++-v4/bits/functexcept.h
/usr/lib/gcc/$(ARCH)-pc-linux-gnu/4.6.3/include/g++-v4/bits/functional_hash.h
/usr/lib/gcc/$(ARCH)-pc-linux-gnu/4.6.3/include/g++-v4/bits/gslice.h
/usr/lib/gcc/$(ARCH)-pc-linux-gnu/4.6.3/include/g++-v4/bits/gslice_array.h
/usr/lib/gcc/$(ARCH)-pc-linux-gnu/4.6.3/include/g++-v4/bits/hash_bytes.h
/usr/lib/gcc/$(ARCH)-pc-linux-gnu/4.6.3/include/g++-v4/bits/hashtable.h
/usr/lib/gcc/$(ARCH)-pc-linux-gnu/4.6.3/include/g++-v4/bits/hashtable_policy.h
/usr/lib/gcc/$(ARCH)-pc-linux-gnu/4.6.3/include/g++-v4/bits/indirect_array.h
/usr/lib/gcc/$(ARCH)-pc-linux-gnu/4.6.3/include/g++-v4/bits/ios_base.h
/usr/lib/gcc/$(ARCH)-pc-linux-gnu/4.6.3/include/g++-v4/bits/istream.tcc
/usr/lib/gcc/$(ARCH)-pc-linux-gnu/4.6.3/include/g++-v4/bits/list.tcc
/usr/lib/gcc/$(ARCH)-pc-linux-gnu/4.6.3/include/g++-v4/bits/locale_classes.h
/usr/lib/gcc/$(ARCH)-pc-linux-gnu/4.6.3/include/g++-v4/bits/locale_classes.tcc
/usr/lib/gcc/$(ARCH)-pc-linux-gnu/4.6.3/include/g++-v4/bits/locale_facets.h
/usr/lib/gcc/$(ARCH)-pc-linux-gnu/4.6.3/include/g++-v4/bits/locale_facets.tcc
/usr/lib/gcc/$(ARCH)-pc-linux-gnu/4.6.3/include/g++-v4/bits/locale_facets_nonio.h
/usr/lib/gcc/$(ARCH)-pc-linux-gnu/4.6.3/include/g++-v4/bits/locale_facets_nonio.tcc
/usr/lib/gcc/$(ARCH)-pc-linux-gnu/4.6.3/include/g++-v4/bits/localefwd.h
/usr/lib/gcc/$(ARCH)-pc-linux-gnu/4.6.3/include/g++-v4/bits/mask_array.h
/usr/lib/gcc/$(ARCH)-pc-linux-gnu/4.6.3/include/g++-v4/bits/move.h
/usr/lib/gcc/$(ARCH)-pc-linux-gnu/4.6.3/include/g++-v4/bits/nested_exception.h
/usr/lib/gcc/$(ARCH)-pc-linux-gnu/4.6.3/include/g++-v4/bits/ostream.tcc
/usr/lib/gcc/$(ARCH)-pc-linux-gnu/4.6.3/include/g++-v4/bits/ostream_insert.h
/usr/lib/gcc/$(ARCH)-pc-linux-gnu/4.6.3/include/g++-v4/bits/postypes.h
/usr/lib/gcc/$(ARCH)-pc-linux-gnu/4.6.3/include/g++-v4/bits/random.h
/usr/lib/gcc/$(ARCH)-pc-linux-gnu/4.6.3/include/g++-v4/bits/random.tcc
/usr/lib/gcc/$(ARCH)-pc-linux-gnu/4.6.3/include/g++-v4/bits/range_access.h
/usr/lib/gcc/$(ARCH)-pc-linux-gnu/4.6.3/include/g++-v4/bits/regex.h
/usr/lib/gcc/$(ARCH)-pc-linux-gnu/4.6.3/include/g++-v4/bits/regex_compiler.h
/usr/lib/gcc/$(ARCH)-pc-linux-gnu/4.6.3/include/g++-v4/bits/regex_constants.h
/usr/lib/gcc/$(ARCH)-pc-linux-gnu/4.6.3/include/g++-v4/bits/regex_cursor.h
/usr/lib/gcc/$(ARCH)-pc-linux-gnu/4.6.3/include/g++-v4/bits/regex_error.h
/usr/lib/gcc/$(ARCH)-pc-linux-gnu/4.6.3/include/g++-v4/bits/regex_grep_matcher.h
/usr/lib/gcc/$(ARCH)-pc-linux-gnu/4.6.3/include/g++-v4/bits/regex_grep_matcher.tcc
/usr/lib/gcc/$(ARCH)-pc-linux-gnu/4.6.3/include/g++-v4/bits/regex_nfa.h
/usr/lib/gcc/$(ARCH)-pc-linux-gnu/4.6.3/include/g++-v4/bits/regex_nfa.tcc
/usr/lib/gcc/$(ARCH)-pc-linux-gnu/4.6.3/include/g++-v4/bits/shared_ptr.h
/usr/lib/gcc/$(ARCH)-pc-linux-gnu/4.6.3/include/g++-v4/bits/shared_ptr_base.h
/usr/lib/gcc/$(ARCH)-pc-linux-gnu/4.6.3/include/g++-v4/bits/slice_array.h
/usr/lib/gcc/$(ARCH)-pc-linux-gnu/4.6.3/include/g++-v4/bits/sstream.tcc
/usr/lib/gcc/$(ARCH)-pc-linux-gnu/4.6.3/include/g++-v4/bits/stl_algo.h
/usr/lib/gcc/$(ARCH)-pc-linux-gnu/4.6.3/include/g++-v4/bits/stl_algobase.h
/usr/lib/gcc/$(ARCH)-pc-linux-gnu/4.6.3/include/g++-v4/bits/stl_bvector.h
/usr/lib/gcc/$(ARCH)-pc-linux-gnu/4.6.3/include/g++-v4/bits/stl_construct.h
/usr/lib/gcc/$(ARCH)-pc-linux-gnu/4.6.3/include/g++-v4/bits/stl_deque.h
/usr/lib/gcc/$(ARCH)-pc-linux-gnu/4.6.3/include/g++-v4/bits/stl_function.h
/usr/lib/gcc/$(ARCH)-pc-linux-gnu/4.6.3/include/g++-v4/bits/stl_heap.h
/usr/lib/gcc/$(ARCH)-pc-linux-gnu/4.6.3/include/g++-v4/bits/stl_iterator.h
/usr/lib/gcc/$(ARCH)-pc-linux-gnu/4.6.3/include/g++-v4/bits/stl_iterator_base_funcs.h
/usr/lib/gcc/$(ARCH)-pc-linux-gnu/4.6.3/include/g++-v4/bits/stl_iterator_base_types.h
/usr/lib/gcc/$(ARCH)-pc-linux-gnu/4.6.3/include/g++-v4/bits/stl_list.h
/usr/lib/gcc/$(ARCH)-pc-linux-gnu/4.6.3/include/g++-v4/bits/stl_map.h
/usr/lib/gcc/$(ARCH)-pc-linux-gnu/4.6.3/include/g++-v4/bits/stl_multimap.h
/usr/lib/gcc/$(ARCH)-pc-linux-gnu/4.6.3/include/g++-v4/bits/stl_multiset.h
/usr/lib/gcc/$(ARCH)-pc-linux-gnu/4.6.3/include/g++-v4/bits/stl_numeric.h
/usr/lib/gcc/$(ARCH)-pc-linux-gnu/4.6.3/include/g++-v4/bits/stl_pair.h
/usr/lib/gcc/$(ARCH)-pc-linux-gnu/4.6.3/include/g++-v4/bits/stl_queue.h
/usr/lib/gcc/$(ARCH)-pc-linux-gnu/4.6.3/include/g++-v4/bits/stl_raw_storage_iter.h
/usr/lib/gcc/$(ARCH)-pc-linux-gnu/4.6.3/include/g++-v4/bits/stl_relops.h
/usr/lib/gcc/$(ARCH)-pc-linux-gnu/4.6.3/include/g++-v4/bits/stl_set.h
/usr/lib/gcc/$(ARCH)-pc-linux-gnu/4.6.3/include/g++-v4/bits/stl_stack.h
/usr/lib/gcc/$(ARCH)-pc-linux-gnu/4.6.3/include/g++-v4/bits/stl_tempbuf.h
/usr/lib/gcc/$(ARCH)-pc-linux-gnu/4.6.3/include/g++-v4/bits/stl_tree.h
/usr/lib/gcc/$(ARCH)-pc-linux-gnu/4.6.3/include/g++-v4/bits/stl_uninitialized.h
/usr/lib/gcc/$(ARCH)-pc-linux-gnu/4.6.3/include/g++-v4/bits/stl_vector.h
/usr/lib/gcc/$(ARCH)-pc-linux-gnu/4.6.3/include/g++-v4/bits/stream_iterator.h
/usr/lib/gcc/$(ARCH)-pc-linux-gnu/4.6.3/include/g++-v4/bits/streambuf.tcc
/usr/lib/gcc/$(ARCH)-pc-linux-gnu/4.6.3/include/g++-v4/bits/streambuf_iterator.h
/usr/lib/gcc/$(ARCH)-pc-linux-gnu/4.6.3/include/g++-v4/bits/stringfwd.h
/usr/lib/gcc/$(ARCH)-pc-linux-gnu/4.6.3/include/g++-v4/bits/unique_ptr.h
/usr/lib/gcc/$(ARCH)-pc-linux-gnu/4.6.3/include/g++-v4/bits/unordered_map.h
/usr/lib/gcc/$(ARCH)-pc-linux-gnu/4.6.3/include/g++-v4/bits/unordered_set.h
/usr/lib/gcc/$(ARCH)-pc-linux-gnu/4.6.3/include/g++-v4/bits/valarray_after.h
/usr/lib/gcc/$(ARCH)-pc-linux-gnu/4.6.3/include/g++-v4/bits/valarray_array.h
/usr/lib/gcc/$(ARCH)-pc-linux-gnu/4.6.3/include/g++-v4/bits/valarray_array.tcc
/usr/lib/gcc/$(ARCH)-pc-linux-gnu/4.6.3/include/g++-v4/bits/valarray_before.h
/usr/lib/gcc/$(ARCH)-pc-linux-gnu/4.6.3/include/g++-v4/bits/vector.tcc
/usr/lib/gcc/$(ARCH)-pc-linux-gnu/4.6.3/include/g++-v4/bitset
/usr/lib/gcc/$(ARCH)-pc-linux-gnu/4.6.3/include/g++-v4/cassert
/usr/lib/gcc/$(ARCH)-pc-linux-gnu/4.6.3/include/g++-v4/ccomplex
/usr/lib/gcc/$(ARCH)-pc-linux-gnu/4.6.3/include/g++-v4/cctype
/usr/lib/gcc/$(ARCH)-pc-linux-gnu/4.6.3/include/g++-v4/cerrno
/usr/lib/gcc/$(ARCH)-pc-linux-gnu/4.6.3/include/g++-v4/cfenv
/usr/lib/gcc/$(ARCH)-pc-linux-gnu/4.6.3/include/g++-v4/cfloat
/usr/lib/gcc/$(ARCH)-pc-linux-gnu/4.6.3/include/g++-v4/chrono
/usr/lib/gcc/$(ARCH)-pc-linux-gnu/4.6.3/include/g++-v4/cinttypes
/usr/lib/gcc/$(ARCH)-pc-linux-gnu/4.6.3/include/g++-v4/ciso646
/usr/lib/gcc/$(ARCH)-pc-linux-gnu/4.6.3/include/g++-v4/climits
/usr/lib/gcc/$(ARCH)-pc-linux-gnu/4.6.3/include/g++-v4/clocale
/usr/lib/gcc/$(ARCH)-pc-linux-gnu/4.6.3/include/g++-v4/cmath
/usr/lib/gcc/$(ARCH)-pc-linux-gnu/4.6.3/include/g++-v4/complex
/usr/lib/gcc/$(ARCH)-pc-linux-gnu/4.6.3/include/g++-v4/complex.h
/usr/lib/gcc/$(ARCH)-pc-linux-gnu/4.6.3/include/g++-v4/condition_variable
/usr/lib/gcc/$(ARCH)-pc-linux-gnu/4.6.3/include/g++-v4/csetjmp
/usr/lib/gcc/$(ARCH)-pc-linux-gnu/4.6.3/include/g++-v4/csignal
/usr/lib/gcc/$(ARCH)-pc-linux-gnu/4.6.3/include/g++-v4/cstdarg
/usr/lib/gcc/$(ARCH)-pc-linux-gnu/4.6.3/include/g++-v4/cstdbool
/usr/lib/gcc/$(ARCH)-pc-linux-gnu/4.6.3/include/g++-v4/cstddef
/usr/lib/gcc/$(ARCH)-pc-linux-gnu/4.6.3/include/g++-v4/cstdint
/usr/lib/gcc/$(ARCH)-pc-linux-gnu/4.6.3/include/g++-v4/cstdio
/usr/lib/gcc/$(ARCH)-pc-linux-gnu/4.6.3/include/g++-v4/cstdlib
/usr/lib/gcc/$(ARCH)-pc-linux-gnu/4.6.3/include/g++-v4/cstring
/usr/lib/gcc/$(ARCH)-pc-linux-gnu/4.6.3/include/g++-v4/ctgmath
/usr/lib/gcc/$(ARCH)-pc-linux-gnu/4.6.3/include/g++-v4/ctime
/usr/lib/gcc/$(ARCH)-pc-linux-gnu/4.6.3/include/g++-v4/cwchar
/usr/lib/gcc/$(ARCH)-pc-linux-gnu/4.6.3/include/g++-v4/cwctype
/usr/lib/gcc/$(ARCH)-pc-linux-gnu/4.6.3/include/g++-v4/cxxabi.h
/usr/lib/gcc/$(ARCH)-pc-linux-gnu/4.6.3/include/g++-v4/debug/bitset
/usr/lib/gcc/$(ARCH)-pc-linux-gnu/4.6.3/include/g++-v4/debug/debug.h
/usr/lib/gcc/$(ARCH)-pc-linux-gnu/4.6.3/include/g++-v4/debug/deque
/usr/lib/gcc/$(ARCH)-pc-linux-gnu/4.6.3/include/g++-v4/debug/formatter.h
/usr/lib/gcc/$(ARCH)-pc-linux-gnu/4.6.3/include/g++-v4/debug/forward_list
/usr/lib/gcc/$(ARCH)-pc-linux-gnu/4.6.3/include/g++-v4/debug/functions.h
/usr/lib/gcc/$(ARCH)-pc-linux-gnu/4.6.3/include/g++-v4/debug/list
/usr/lib/gcc/$(ARCH)-pc-linux-gnu/4.6.3/include/g++-v4/debug/macros.h
/usr/lib/gcc/$(ARCH)-pc-linux-gnu/4.6.3/include/g++-v4/debug/map
/usr/lib/gcc/$(ARCH)-pc-linux-gnu/4.6.3/include/g++-v4/debug/map.h
/usr/lib/gcc/$(ARCH)-pc-linux-gnu/4.6.3/include/g++-v4/debug/multimap.h
/usr/lib/gcc/$(ARCH)-pc-linux-gnu/4.6.3/include/g++-v4/debug/multiset.h
/usr/lib/gcc/$(ARCH)-pc-linux-gnu/4.6.3/include/g++-v4/debug/safe_base.h
/usr/lib/gcc/$(ARCH)-pc-linux-gnu/4.6.3/include/g++-v4/debug/safe_iterator.h
/usr/lib/gcc/$(ARCH)-pc-linux-gnu/4.6.3/include/g++-v4/debug/safe_iterator.tcc
/usr/lib/gcc/$(ARCH)-pc-linux-gnu/4.6.3/include/g++-v4/debug/safe_sequence.h
/usr/lib/gcc/$(ARCH)-pc-linux-gnu/4.6.3/include/g++-v4/debug/safe_sequence.tcc
/usr/lib/gcc/$(ARCH)-pc-linux-gnu/4.6.3/include/g++-v4/debug/set
/usr/lib/gcc/$(ARCH)-pc-linux-gnu/4.6.3/include/g++-v4/debug/set.h
/usr/lib/gcc/$(ARCH)-pc-linux-gnu/4.6.3/include/g++-v4/debug/string
/usr/lib/gcc/$(ARCH)-pc-linux-gnu/4.6.3/include/g++-v4/debug/unordered_map
/usr/lib/gcc/$(ARCH)-pc-linux-gnu/4.6.3/include/g++-v4/debug/unordered_set
/usr/lib/gcc/$(ARCH)-pc-linux-gnu/4.6.3/include/g++-v4/debug/vector
/usr/lib/gcc/$(ARCH)-pc-linux-gnu/4.6.3/include/g++-v4/decimal/decimal
/usr/lib/gcc/$(ARCH)-pc-linux-gnu/4.6.3/include/g++-v4/decimal/decimal.h
/usr/lib/gcc/$(ARCH)-pc-linux-gnu/4.6.3/include/g++-v4/deque
/usr/lib/gcc/$(ARCH)-pc-linux-gnu/4.6.3/include/g++-v4/exception
/usr/lib/gcc/$(ARCH)-pc-linux-gnu/4.6.3/include/g++-v4/ext/algorithm
/usr/lib/gcc/$(ARCH)-pc-linux-gnu/4.6.3/include/g++-v4/ext/array_allocator.h
/usr/lib/gcc/$(ARCH)-pc-linux-gnu/4.6.3/include/g++-v4/ext/atomicity.h
/usr/lib/gcc/$(ARCH)-pc-linux-gnu/4.6.3/include/g++-v4/ext/bitmap_allocator.h
/usr/lib/gcc/$(ARCH)-pc-linux-gnu/4.6.3/include/g++-v4/ext/cast.h
/usr/lib/gcc/$(ARCH)-pc-linux-gnu/4.6.3/include/g++-v4/ext/codecvt_specializations.h
/usr/lib/gcc/$(ARCH)-pc-linux-gnu/4.6.3/include/g++-v4/ext/concurrence.h
/usr/lib/gcc/$(ARCH)-pc-linux-gnu/4.6.3/include/g++-v4/ext/debug_allocator.h
/usr/lib/gcc/$(ARCH)-pc-linux-gnu/4.6.3/include/g++-v4/ext/enc_filebuf.h
/usr/lib/gcc/$(ARCH)-pc-linux-gnu/4.6.3/include/g++-v4/ext/extptr_allocator.h
/usr/lib/gcc/$(ARCH)-pc-linux-gnu/4.6.3/include/g++-v4/ext/functional
/usr/lib/gcc/$(ARCH)-pc-linux-gnu/4.6.3/include/g++-v4/ext/hash_map
/usr/lib/gcc/$(ARCH)-pc-linux-gnu/4.6.3/include/g++-v4/ext/hash_set
/usr/lib/gcc/$(ARCH)-pc-linux-gnu/4.6.3/include/g++-v4/ext/iterator
/usr/lib/gcc/$(ARCH)-pc-linux-gnu/4.6.3/include/g++-v4/ext/malloc_allocator.h
/usr/lib/gcc/$(ARCH)-pc-linux-gnu/4.6.3/include/g++-v4/ext/memory
/usr/lib/gcc/$(ARCH)-pc-linux-gnu/4.6.3/include/g++-v4/ext/mt_allocator.h
/usr/lib/gcc/$(ARCH)-pc-linux-gnu/4.6.3/include/g++-v4/ext/new_allocator.h
/usr/lib/gcc/$(ARCH)-pc-linux-gnu/4.6.3/include/g++-v4/ext/numeric
/usr/lib/gcc/$(ARCH)-pc-linux-gnu/4.6.3/include/g++-v4/ext/numeric_traits.h
/usr/lib/gcc/$(ARCH)-pc-linux-gnu/4.6.3/include/g++-v4/ext/pb_ds/assoc_container.hpp
/usr/lib/gcc/$(ARCH)-pc-linux-gnu/4.6.3/include/g++-v4/ext/pb_ds/detail/basic_tree_policy/basic_tree_policy_base.hpp
/usr/lib/gcc/$(ARCH)-pc-linux-gnu/4.6.3/include/g++-v4/ext/pb_ds/detail/basic_tree_policy/null_node_metadata.hpp
/usr/lib/gcc/$(ARCH)-pc-linux-gnu/4.6.3/include/g++-v4/ext/pb_ds/detail/basic_tree_policy/traits.hpp
/usr/lib/gcc/$(ARCH)-pc-linux-gnu/4.6.3/include/g++-v4/ext/pb_ds/detail/basic_types.hpp
/usr/lib/gcc/$(ARCH)-pc-linux-gnu/4.6.3/include/g++-v4/ext/pb_ds/detail/bin_search_tree_/bin_search_tree_.hpp
/usr/lib/gcc/$(ARCH)-pc-linux-gnu/4.6.3/include/g++-v4/ext/pb_ds/detail/bin_search_tree_/cond_dtor_entry_dealtor.hpp
/usr/lib/gcc/$(ARCH)-pc-linux-gnu/4.6.3/include/g++-v4/ext/pb_ds/detail/bin_search_tree_/cond_key_dtor_entry_dealtor.hpp
/usr/lib/gcc/$(ARCH)-pc-linux-gnu/4.6.3/include/g++-v4/ext/pb_ds/detail/bin_search_tree_/constructors_destructor_fn_imps.hpp
/usr/lib/gcc/$(ARCH)-pc-linux-gnu/4.6.3/include/g++-v4/ext/pb_ds/detail/bin_search_tree_/debug_fn_imps.hpp
/usr/lib/gcc/$(ARCH)-pc-linux-gnu/4.6.3/include/g++-v4/ext/pb_ds/detail/bin_search_tree_/erase_fn_imps.hpp
/usr/lib/gcc/$(ARCH)-pc-linux-gnu/4.6.3/include/g++-v4/ext/pb_ds/detail/bin_search_tree_/find_fn_imps.hpp
/usr/lib/gcc/$(ARCH)-pc-linux-gnu/4.6.3/include/g++-v4/ext/pb_ds/detail/bin_search_tree_/info_fn_imps.hpp
/usr/lib/gcc/$(ARCH)-pc-linux-gnu/4.6.3/include/g++-v4/ext/pb_ds/detail/bin_search_tree_/insert_fn_imps.hpp
/usr/lib/gcc/$(ARCH)-pc-linux-gnu/4.6.3/include/g++-v4/ext/pb_ds/detail/bin_search_tree_/iterators_fn_imps.hpp
/usr/lib/gcc/$(ARCH)-pc-linux-gnu/4.6.3/include/g++-v4/ext/pb_ds/detail/bin_search_tree_/node_iterators.hpp
/usr/lib/gcc/$(ARCH)-pc-linux-gnu/4.6.3/include/g++-v4/ext/pb_ds/detail/bin_search_tree_/point_iterators.hpp
/usr/lib/gcc/$(ARCH)-pc-linux-gnu/4.6.3/include/g++-v4/ext/pb_ds/detail/bin_search_tree_/policy_access_fn_imps.hpp
/usr/lib/gcc/$(ARCH)-pc-linux-gnu/4.6.3/include/g++-v4/ext/pb_ds/detail/bin_search_tree_/r_erase_fn_imps.hpp
/usr/lib/gcc/$(ARCH)-pc-linux-gnu/4.6.3/include/g++-v4/ext/pb_ds/detail/bin_search_tree_/rotate_fn_imps.hpp
/usr/lib/gcc/$(ARCH)-pc-linux-gnu/4.6.3/include/g++-v4/ext/pb_ds/detail/bin_search_tree_/split_join_fn_imps.hpp
/usr/lib/gcc/$(ARCH)-pc-linux-gnu/4.6.3/include/g++-v4/ext/pb_ds/detail/bin_search_tree_/traits.hpp
/usr/lib/gcc/$(ARCH)-pc-linux-gnu/4.6.3/include/g++-v4/ext/pb_ds/detail/binary_heap_/binary_heap_.hpp
/usr/lib/gcc/$(ARCH)-pc-linux-gnu/4.6.3/include/g++-v4/ext/pb_ds/detail/binary_heap_/const_iterator.hpp
/usr/lib/gcc/$(ARCH)-pc-linux-gnu/4.6.3/include/g++-v4/ext/pb_ds/detail/binary_heap_/const_point_iterator.hpp
/usr/lib/gcc/$(ARCH)-pc-linux-gnu/4.6.3/include/g++-v4/ext/pb_ds/detail/binary_heap_/constructors_destructor_fn_imps.hpp
/usr/lib/gcc/$(ARCH)-pc-linux-gnu/4.6.3/include/g++-v4/ext/pb_ds/detail/binary_heap_/debug_fn_imps.hpp
/usr/lib/gcc/$(ARCH)-pc-linux-gnu/4.6.3/include/g++-v4/ext/pb_ds/detail/binary_heap_/entry_cmp.hpp
/usr/lib/gcc/$(ARCH)-pc-linux-gnu/4.6.3/include/g++-v4/ext/pb_ds/detail/binary_heap_/entry_pred.hpp
/usr/lib/gcc/$(ARCH)-pc-linux-gnu/4.6.3/include/g++-v4/ext/pb_ds/detail/binary_heap_/erase_fn_imps.hpp
/usr/lib/gcc/$(ARCH)-pc-linux-gnu/4.6.3/include/g++-v4/ext/pb_ds/detail/binary_heap_/find_fn_imps.hpp
/usr/lib/gcc/$(ARCH)-pc-linux-gnu/4.6.3/include/g++-v4/ext/pb_ds/detail/binary_heap_/info_fn_imps.hpp
/usr/lib/gcc/$(ARCH)-pc-linux-gnu/4.6.3/include/g++-v4/ext/pb_ds/detail/binary_heap_/insert_fn_imps.hpp
/usr/lib/gcc/$(ARCH)-pc-linux-gnu/4.6.3/include/g++-v4/ext/pb_ds/detail/binary_heap_/iterators_fn_imps.hpp
/usr/lib/gcc/$(ARCH)-pc-linux-gnu/4.6.3/include/g++-v4/ext/pb_ds/detail/binary_heap_/policy_access_fn_imps.hpp
/usr/lib/gcc/$(ARCH)-pc-linux-gnu/4.6.3/include/g++-v4/ext/pb_ds/detail/binary_heap_/resize_policy.hpp
/usr/lib/gcc/$(ARCH)-pc-linux-gnu/4.6.3/include/g++-v4/ext/pb_ds/detail/binary_heap_/split_join_fn_imps.hpp
/usr/lib/gcc/$(ARCH)-pc-linux-gnu/4.6.3/include/g++-v4/ext/pb_ds/detail/binary_heap_/trace_fn_imps.hpp
/usr/lib/gcc/$(ARCH)-pc-linux-gnu/4.6.3/include/g++-v4/ext/pb_ds/detail/binomial_heap_/binomial_heap_.hpp
/usr/lib/gcc/$(ARCH)-pc-linux-gnu/4.6.3/include/g++-v4/ext/pb_ds/detail/binomial_heap_/constructors_destructor_fn_imps.hpp
/usr/lib/gcc/$(ARCH)-pc-linux-gnu/4.6.3/include/g++-v4/ext/pb_ds/detail/binomial_heap_/debug_fn_imps.hpp
/usr/lib/gcc/$(ARCH)-pc-linux-gnu/4.6.3/include/g++-v4/ext/pb_ds/detail/binomial_heap_base_/binomial_heap_base_.hpp
/usr/lib/gcc/$(ARCH)-pc-linux-gnu/4.6.3/include/g++-v4/ext/pb_ds/detail/binomial_heap_base_/constructors_destructor_fn_imps.hpp
/usr/lib/gcc/$(ARCH)-pc-linux-gnu/4.6.3/include/g++-v4/ext/pb_ds/detail/binomial_heap_base_/debug_fn_imps.hpp
/usr/lib/gcc/$(ARCH)-pc-linux-gnu/4.6.3/include/g++-v4/ext/pb_ds/detail/binomial_heap_base_/erase_fn_imps.hpp
/usr/lib/gcc/$(ARCH)-pc-linux-gnu/4.6.3/include/g++-v4/ext/pb_ds/detail/binomial_heap_base_/find_fn_imps.hpp
/usr/lib/gcc/$(ARCH)-pc-linux-gnu/4.6.3/include/g++-v4/ext/pb_ds/detail/binomial_heap_base_/insert_fn_imps.hpp
/usr/lib/gcc/$(ARCH)-pc-linux-gnu/4.6.3/include/g++-v4/ext/pb_ds/detail/binomial_heap_base_/split_join_fn_imps.hpp
/usr/lib/gcc/$(ARCH)-pc-linux-gnu/4.6.3/include/g++-v4/ext/pb_ds/detail/cc_hash_table_map_/cc_ht_map_.hpp
/usr/lib/gcc/$(ARCH)-pc-linux-gnu/4.6.3/include/g++-v4/ext/pb_ds/detail/cc_hash_table_map_/cmp_fn_imps.hpp
/usr/lib/gcc/$(ARCH)-pc-linux-gnu/4.6.3/include/g++-v4/ext/pb_ds/detail/cc_hash_table_map_/cond_key_dtor_entry_dealtor.hpp
/usr/lib/gcc/$(ARCH)-pc-linux-gnu/4.6.3/include/g++-v4/ext/pb_ds/detail/cc_hash_table_map_/constructor_destructor_fn_imps.hpp
/usr/lib/gcc/$(ARCH)-pc-linux-gnu/4.6.3/include/g++-v4/ext/pb_ds/detail/cc_hash_table_map_/constructor_destructor_no_store_hash_fn_imps.hpp
/usr/lib/gcc/$(ARCH)-pc-linux-gnu/4.6.3/include/g++-v4/ext/pb_ds/detail/cc_hash_table_map_/constructor_destructor_store_hash_fn_imps.hpp
/usr/lib/gcc/$(ARCH)-pc-linux-gnu/4.6.3/include/g++-v4/ext/pb_ds/detail/cc_hash_table_map_/debug_fn_imps.hpp
/usr/lib/gcc/$(ARCH)-pc-linux-gnu/4.6.3/include/g++-v4/ext/pb_ds/detail/cc_hash_table_map_/debug_no_store_hash_fn_imps.hpp
/usr/lib/gcc/$(ARCH)-pc-linux-gnu/4.6.3/include/g++-v4/ext/pb_ds/detail/cc_hash_table_map_/debug_store_hash_fn_imps.hpp
/usr/lib/gcc/$(ARCH)-pc-linux-gnu/4.6.3/include/g++-v4/ext/pb_ds/detail/cc_hash_table_map_/entry_list_fn_imps.hpp
/usr/lib/gcc/$(ARCH)-pc-linux-gnu/4.6.3/include/g++-v4/ext/pb_ds/detail/cc_hash_table_map_/erase_fn_imps.hpp
/usr/lib/gcc/$(ARCH)-pc-linux-gnu/4.6.3/include/g++-v4/ext/pb_ds/detail/cc_hash_table_map_/erase_no_store_hash_fn_imps.hpp
/usr/lib/gcc/$(ARCH)-pc-linux-gnu/4.6.3/include/g++-v4/ext/pb_ds/detail/cc_hash_table_map_/erase_store_hash_fn_imps.hpp
/usr/lib/gcc/$(ARCH)-pc-linux-gnu/4.6.3/include/g++-v4/ext/pb_ds/detail/cc_hash_table_map_/find_fn_imps.hpp
/usr/lib/gcc/$(ARCH)-pc-linux-gnu/4.6.3/include/g++-v4/ext/pb_ds/detail/cc_hash_table_map_/find_store_hash_fn_imps.hpp
/usr/lib/gcc/$(ARCH)-pc-linux-gnu/4.6.3/include/g++-v4/ext/pb_ds/detail/cc_hash_table_map_/info_fn_imps.hpp
/usr/lib/gcc/$(ARCH)-pc-linux-gnu/4.6.3/include/g++-v4/ext/pb_ds/detail/cc_hash_table_map_/insert_fn_imps.hpp
/usr/lib/gcc/$(ARCH)-pc-linux-gnu/4.6.3/include/g++-v4/ext/pb_ds/detail/cc_hash_table_map_/insert_no_store_hash_fn_imps.hpp
/usr/lib/gcc/$(ARCH)-pc-linux-gnu/4.6.3/include/g++-v4/ext/pb_ds/detail/cc_hash_table_map_/insert_store_hash_fn_imps.hpp
/usr/lib/gcc/$(ARCH)-pc-linux-gnu/4.6.3/include/g++-v4/ext/pb_ds/detail/cc_hash_table_map_/iterators_fn_imps.hpp
/usr/lib/gcc/$(ARCH)-pc-linux-gnu/4.6.3/include/g++-v4/ext/pb_ds/detail/cc_hash_table_map_/policy_access_fn_imps.hpp
/usr/lib/gcc/$(ARCH)-pc-linux-gnu/4.6.3/include/g++-v4/ext/pb_ds/detail/cc_hash_table_map_/resize_fn_imps.hpp
/usr/lib/gcc/$(ARCH)-pc-linux-gnu/4.6.3/include/g++-v4/ext/pb_ds/detail/cc_hash_table_map_/resize_no_store_hash_fn_imps.hpp
/usr/lib/gcc/$(ARCH)-pc-linux-gnu/4.6.3/include/g++-v4/ext/pb_ds/detail/cc_hash_table_map_/resize_store_hash_fn_imps.hpp
/usr/lib/gcc/$(ARCH)-pc-linux-gnu/4.6.3/include/g++-v4/ext/pb_ds/detail/cc_hash_table_map_/size_fn_imps.hpp
/usr/lib/gcc/$(ARCH)-pc-linux-gnu/4.6.3/include/g++-v4/ext/pb_ds/detail/cc_hash_table_map_/standard_policies.hpp
/usr/lib/gcc/$(ARCH)-pc-linux-gnu/4.6.3/include/g++-v4/ext/pb_ds/detail/cc_hash_table_map_/trace_fn_imps.hpp
/usr/lib/gcc/$(ARCH)-pc-linux-gnu/4.6.3/include/g++-v4/ext/pb_ds/detail/cond_dealtor.hpp
/usr/lib/gcc/$(ARCH)-pc-linux-gnu/4.6.3/include/g++-v4/ext/pb_ds/detail/constructors_destructor_fn_imps.hpp
/usr/lib/gcc/$(ARCH)-pc-linux-gnu/4.6.3/include/g++-v4/ext/pb_ds/detail/container_base_dispatch.hpp
/usr/lib/gcc/$(ARCH)-pc-linux-gnu/4.6.3/include/g++-v4/ext/pb_ds/detail/debug_map_base.hpp
/usr/lib/gcc/$(ARCH)-pc-linux-gnu/4.6.3/include/g++-v4/ext/pb_ds/detail/eq_fn/eq_by_less.hpp
/usr/lib/gcc/$(ARCH)-pc-linux-gnu/4.6.3/include/g++-v4/ext/pb_ds/detail/eq_fn/hash_eq_fn.hpp
/usr/lib/gcc/$(ARCH)-pc-linux-gnu/4.6.3/include/g++-v4/ext/pb_ds/detail/gp_hash_table_map_/constructor_destructor_fn_imps.hpp
/usr/lib/gcc/$(ARCH)-pc-linux-gnu/4.6.3/include/g++-v4/ext/pb_ds/detail/gp_hash_table_map_/constructor_destructor_no_store_hash_fn_imps.hpp
/usr/lib/gcc/$(ARCH)-pc-linux-gnu/4.6.3/include/g++-v4/ext/pb_ds/detail/gp_hash_table_map_/constructor_destructor_store_hash_fn_imps.hpp
/usr/lib/gcc/$(ARCH)-pc-linux-gnu/4.6.3/include/g++-v4/ext/pb_ds/detail/gp_hash_table_map_/debug_fn_imps.hpp
/usr/lib/gcc/$(ARCH)-pc-linux-gnu/4.6.3/include/g++-v4/ext/pb_ds/detail/gp_hash_table_map_/debug_no_store_hash_fn_imps.hpp
/usr/lib/gcc/$(ARCH)-pc-linux-gnu/4.6.3/include/g++-v4/ext/pb_ds/detail/gp_hash_table_map_/debug_store_hash_fn_imps.hpp
/usr/lib/gcc/$(ARCH)-pc-linux-gnu/4.6.3/include/g++-v4/ext/pb_ds/detail/gp_hash_table_map_/erase_fn_imps.hpp
/usr/lib/gcc/$(ARCH)-pc-linux-gnu/4.6.3/include/g++-v4/ext/pb_ds/detail/gp_hash_table_map_/erase_no_store_hash_fn_imps.hpp
/usr/lib/gcc/$(ARCH)-pc-linux-gnu/4.6.3/include/g++-v4/ext/pb_ds/detail/gp_hash_table_map_/erase_store_hash_fn_imps.hpp
/usr/lib/gcc/$(ARCH)-pc-linux-gnu/4.6.3/include/g++-v4/ext/pb_ds/detail/gp_hash_table_map_/find_fn_imps.hpp
/usr/lib/gcc/$(ARCH)-pc-linux-gnu/4.6.3/include/g++-v4/ext/pb_ds/detail/gp_hash_table_map_/find_no_store_hash_fn_imps.hpp
/usr/lib/gcc/$(ARCH)-pc-linux-gnu/4.6.3/include/g++-v4/ext/pb_ds/detail/gp_hash_table_map_/find_store_hash_fn_imps.hpp
/usr/lib/gcc/$(ARCH)-pc-linux-gnu/4.6.3/include/g++-v4/ext/pb_ds/detail/gp_hash_table_map_/gp_ht_map_.hpp
/usr/lib/gcc/$(ARCH)-pc-linux-gnu/4.6.3/include/g++-v4/ext/pb_ds/detail/gp_hash_table_map_/info_fn_imps.hpp
/usr/lib/gcc/$(ARCH)-pc-linux-gnu/4.6.3/include/g++-v4/ext/pb_ds/detail/gp_hash_table_map_/insert_fn_imps.hpp
/usr/lib/gcc/$(ARCH)-pc-linux-gnu/4.6.3/include/g++-v4/ext/pb_ds/detail/gp_hash_table_map_/insert_no_store_hash_fn_imps.hpp
/usr/lib/gcc/$(ARCH)-pc-linux-gnu/4.6.3/include/g++-v4/ext/pb_ds/detail/gp_hash_table_map_/insert_store_hash_fn_imps.hpp
/usr/lib/gcc/$(ARCH)-pc-linux-gnu/4.6.3/include/g++-v4/ext/pb_ds/detail/gp_hash_table_map_/iterator_fn_imps.hpp
/usr/lib/gcc/$(ARCH)-pc-linux-gnu/4.6.3/include/g++-v4/ext/pb_ds/detail/gp_hash_table_map_/policy_access_fn_imps.hpp
/usr/lib/gcc/$(ARCH)-pc-linux-gnu/4.6.3/include/g++-v4/ext/pb_ds/detail/gp_hash_table_map_/resize_fn_imps.hpp
/usr/lib/gcc/$(ARCH)-pc-linux-gnu/4.6.3/include/g++-v4/ext/pb_ds/detail/gp_hash_table_map_/resize_no_store_hash_fn_imps.hpp
/usr/lib/gcc/$(ARCH)-pc-linux-gnu/4.6.3/include/g++-v4/ext/pb_ds/detail/gp_hash_table_map_/resize_store_hash_fn_imps.hpp
/usr/lib/gcc/$(ARCH)-pc-linux-gnu/4.6.3/include/g++-v4/ext/pb_ds/detail/gp_hash_table_map_/standard_policies.hpp
/usr/lib/gcc/$(ARCH)-pc-linux-gnu/4.6.3/include/g++-v4/ext/pb_ds/detail/gp_hash_table_map_/trace_fn_imps.hpp
/usr/lib/gcc/$(ARCH)-pc-linux-gnu/4.6.3/include/g++-v4/ext/pb_ds/detail/hash_fn/direct_mask_range_hashing_imp.hpp
/usr/lib/gcc/$(ARCH)-pc-linux-gnu/4.6.3/include/g++-v4/ext/pb_ds/detail/hash_fn/direct_mod_range_hashing_imp.hpp
/usr/lib/gcc/$(ARCH)-pc-linux-gnu/4.6.3/include/g++-v4/ext/pb_ds/detail/hash_fn/linear_probe_fn_imp.hpp
/usr/lib/gcc/$(ARCH)-pc-linux-gnu/4.6.3/include/g++-v4/ext/pb_ds/detail/hash_fn/mask_based_range_hashing.hpp
/usr/lib/gcc/$(ARCH)-pc-linux-gnu/4.6.3/include/g++-v4/ext/pb_ds/detail/hash_fn/mod_based_range_hashing.hpp
/usr/lib/gcc/$(ARCH)-pc-linux-gnu/4.6.3/include/g++-v4/ext/pb_ds/detail/hash_fn/probe_fn_base.hpp
/usr/lib/gcc/$(ARCH)-pc-linux-gnu/4.6.3/include/g++-v4/ext/pb_ds/detail/hash_fn/quadratic_probe_fn_imp.hpp
/usr/lib/gcc/$(ARCH)-pc-linux-gnu/4.6.3/include/g++-v4/ext/pb_ds/detail/hash_fn/ranged_hash_fn.hpp
/usr/lib/gcc/$(ARCH)-pc-linux-gnu/4.6.3/include/g++-v4/ext/pb_ds/detail/hash_fn/ranged_probe_fn.hpp
/usr/lib/gcc/$(ARCH)-pc-linux-gnu/4.6.3/include/g++-v4/ext/pb_ds/detail/hash_fn/sample_probe_fn.hpp
/usr/lib/gcc/$(ARCH)-pc-linux-gnu/4.6.3/include/g++-v4/ext/pb_ds/detail/hash_fn/sample_range_hashing.hpp
/usr/lib/gcc/$(ARCH)-pc-linux-gnu/4.6.3/include/g++-v4/ext/pb_ds/detail/hash_fn/sample_ranged_hash_fn.hpp
/usr/lib/gcc/$(ARCH)-pc-linux-gnu/4.6.3/include/g++-v4/ext/pb_ds/detail/hash_fn/sample_ranged_probe_fn.hpp
/usr/lib/gcc/$(ARCH)-pc-linux-gnu/4.6.3/include/g++-v4/ext/pb_ds/detail/left_child_next_sibling_heap_/const_iterator.hpp
/usr/lib/gcc/$(ARCH)-pc-linux-gnu/4.6.3/include/g++-v4/ext/pb_ds/detail/left_child_next_sibling_heap_/const_point_iterator.hpp
/usr/lib/gcc/$(ARCH)-pc-linux-gnu/4.6.3/include/g++-v4/ext/pb_ds/detail/left_child_next_sibling_heap_/constructors_destructor_fn_imps.hpp
/usr/lib/gcc/$(ARCH)-pc-linux-gnu/4.6.3/include/g++-v4/ext/pb_ds/detail/left_child_next_sibling_heap_/debug_fn_imps.hpp
/usr/lib/gcc/$(ARCH)-pc-linux-gnu/4.6.3/include/g++-v4/ext/pb_ds/detail/left_child_next_sibling_heap_/erase_fn_imps.hpp
/usr/lib/gcc/$(ARCH)-pc-linux-gnu/4.6.3/include/g++-v4/ext/pb_ds/detail/left_child_next_sibling_heap_/info_fn_imps.hpp
/usr/lib/gcc/$(ARCH)-pc-linux-gnu/4.6.3/include/g++-v4/ext/pb_ds/detail/left_child_next_sibling_heap_/insert_fn_imps.hpp
/usr/lib/gcc/$(ARCH)-pc-linux-gnu/4.6.3/include/g++-v4/ext/pb_ds/detail/left_child_next_sibling_heap_/iterators_fn_imps.hpp
/usr/lib/gcc/$(ARCH)-pc-linux-gnu/4.6.3/include/g++-v4/ext/pb_ds/detail/left_child_next_sibling_heap_/left_child_next_sibling_heap_.hpp
/usr/lib/gcc/$(ARCH)-pc-linux-gnu/4.6.3/include/g++-v4/ext/pb_ds/detail/left_child_next_sibling_heap_/node.hpp
/usr/lib/gcc/$(ARCH)-pc-linux-gnu/4.6.3/include/g++-v4/ext/pb_ds/detail/left_child_next_sibling_heap_/null_metadata.hpp
/usr/lib/gcc/$(ARCH)-pc-linux-gnu/4.6.3/include/g++-v4/ext/pb_ds/detail/left_child_next_sibling_heap_/policy_access_fn_imps.hpp
/usr/lib/gcc/$(ARCH)-pc-linux-gnu/4.6.3/include/g++-v4/ext/pb_ds/detail/left_child_next_sibling_heap_/trace_fn_imps.hpp
/usr/lib/gcc/$(ARCH)-pc-linux-gnu/4.6.3/include/g++-v4/ext/pb_ds/detail/list_update_map_/constructor_destructor_fn_imps.hpp
/usr/lib/gcc/$(ARCH)-pc-linux-gnu/4.6.3/include/g++-v4/ext/pb_ds/detail/list_update_map_/debug_fn_imps.hpp
/usr/lib/gcc/$(ARCH)-pc-linux-gnu/4.6.3/include/g++-v4/ext/pb_ds/detail/list_update_map_/entry_metadata_base.hpp
/usr/lib/gcc/$(ARCH)-pc-linux-gnu/4.6.3/include/g++-v4/ext/pb_ds/detail/list_update_map_/erase_fn_imps.hpp
/usr/lib/gcc/$(ARCH)-pc-linux-gnu/4.6.3/include/g++-v4/ext/pb_ds/detail/list_update_map_/find_fn_imps.hpp
/usr/lib/gcc/$(ARCH)-pc-linux-gnu/4.6.3/include/g++-v4/ext/pb_ds/detail/list_update_map_/info_fn_imps.hpp
/usr/lib/gcc/$(ARCH)-pc-linux-gnu/4.6.3/include/g++-v4/ext/pb_ds/detail/list_update_map_/insert_fn_imps.hpp
/usr/lib/gcc/$(ARCH)-pc-linux-gnu/4.6.3/include/g++-v4/ext/pb_ds/detail/list_update_map_/iterators_fn_imps.hpp
/usr/lib/gcc/$(ARCH)-pc-linux-gnu/4.6.3/include/g++-v4/ext/pb_ds/detail/list_update_map_/lu_map_.hpp
/usr/lib/gcc/$(ARCH)-pc-linux-gnu/4.6.3/include/g++-v4/ext/pb_ds/detail/list_update_map_/trace_fn_imps.hpp
/usr/lib/gcc/$(ARCH)-pc-linux-gnu/4.6.3/include/g++-v4/ext/pb_ds/detail/list_update_policy/counter_lu_metadata.hpp
/usr/lib/gcc/$(ARCH)-pc-linux-gnu/4.6.3/include/g++-v4/ext/pb_ds/detail/list_update_policy/counter_lu_policy_imp.hpp
/usr/lib/gcc/$(ARCH)-pc-linux-gnu/4.6.3/include/g++-v4/ext/pb_ds/detail/list_update_policy/mtf_lu_policy_imp.hpp
/usr/lib/gcc/$(ARCH)-pc-linux-gnu/4.6.3/include/g++-v4/ext/pb_ds/detail/list_update_policy/sample_update_policy.hpp
/usr/lib/gcc/$(ARCH)-pc-linux-gnu/4.6.3/include/g++-v4/ext/pb_ds/detail/ov_tree_map_/cond_dtor.hpp
/usr/lib/gcc/$(ARCH)-pc-linux-gnu/4.6.3/include/g++-v4/ext/pb_ds/detail/ov_tree_map_/constructors_destructor_fn_imps.hpp
/usr/lib/gcc/$(ARCH)-pc-linux-gnu/4.6.3/include/g++-v4/ext/pb_ds/detail/ov_tree_map_/debug_fn_imps.hpp
/usr/lib/gcc/$(ARCH)-pc-linux-gnu/4.6.3/include/g++-v4/ext/pb_ds/detail/ov_tree_map_/erase_fn_imps.hpp
/usr/lib/gcc/$(ARCH)-pc-linux-gnu/4.6.3/include/g++-v4/ext/pb_ds/detail/ov_tree_map_/info_fn_imps.hpp
/usr/lib/gcc/$(ARCH)-pc-linux-gnu/4.6.3/include/g++-v4/ext/pb_ds/detail/ov_tree_map_/insert_fn_imps.hpp
/usr/lib/gcc/$(ARCH)-pc-linux-gnu/4.6.3/include/g++-v4/ext/pb_ds/detail/ov_tree_map_/iterators_fn_imps.hpp
/usr/lib/gcc/$(ARCH)-pc-linux-gnu/4.6.3/include/g++-v4/ext/pb_ds/detail/ov_tree_map_/node_iterators.hpp
/usr/lib/gcc/$(ARCH)-pc-linux-gnu/4.6.3/include/g++-v4/ext/pb_ds/detail/ov_tree_map_/ov_tree_map_.hpp
/usr/lib/gcc/$(ARCH)-pc-linux-gnu/4.6.3/include/g++-v4/ext/pb_ds/detail/ov_tree_map_/policy_access_fn_imps.hpp
/usr/lib/gcc/$(ARCH)-pc-linux-gnu/4.6.3/include/g++-v4/ext/pb_ds/detail/ov_tree_map_/split_join_fn_imps.hpp
/usr/lib/gcc/$(ARCH)-pc-linux-gnu/4.6.3/include/g++-v4/ext/pb_ds/detail/ov_tree_map_/traits.hpp
/usr/lib/gcc/$(ARCH)-pc-linux-gnu/4.6.3/include/g++-v4/ext/pb_ds/detail/pairing_heap_/constructors_destructor_fn_imps.hpp
/usr/lib/gcc/$(ARCH)-pc-linux-gnu/4.6.3/include/g++-v4/ext/pb_ds/detail/pairing_heap_/debug_fn_imps.hpp
/usr/lib/gcc/$(ARCH)-pc-linux-gnu/4.6.3/include/g++-v4/ext/pb_ds/detail/pairing_heap_/erase_fn_imps.hpp
/usr/lib/gcc/$(ARCH)-pc-linux-gnu/4.6.3/include/g++-v4/ext/pb_ds/detail/pairing_heap_/find_fn_imps.hpp
/usr/lib/gcc/$(ARCH)-pc-linux-gnu/4.6.3/include/g++-v4/ext/pb_ds/detail/pairing_heap_/insert_fn_imps.hpp
/usr/lib/gcc/$(ARCH)-pc-linux-gnu/4.6.3/include/g++-v4/ext/pb_ds/detail/pairing_heap_/pairing_heap_.hpp
/usr/lib/gcc/$(ARCH)-pc-linux-gnu/4.6.3/include/g++-v4/ext/pb_ds/detail/pairing_heap_/split_join_fn_imps.hpp
/usr/lib/gcc/$(ARCH)-pc-linux-gnu/4.6.3/include/g++-v4/ext/pb_ds/detail/pat_trie_/child_iterator.hpp
/usr/lib/gcc/$(ARCH)-pc-linux-gnu/4.6.3/include/g++-v4/ext/pb_ds/detail/pat_trie_/cond_dtor_entry_dealtor.hpp
/usr/lib/gcc/$(ARCH)-pc-linux-gnu/4.6.3/include/g++-v4/ext/pb_ds/detail/pat_trie_/const_child_iterator.hpp
/usr/lib/gcc/$(ARCH)-pc-linux-gnu/4.6.3/include/g++-v4/ext/pb_ds/detail/pat_trie_/constructors_destructor_fn_imps.hpp
/usr/lib/gcc/$(ARCH)-pc-linux-gnu/4.6.3/include/g++-v4/ext/pb_ds/detail/pat_trie_/debug_fn_imps.hpp
/usr/lib/gcc/$(ARCH)-pc-linux-gnu/4.6.3/include/g++-v4/ext/pb_ds/detail/pat_trie_/erase_fn_imps.hpp
/usr/lib/gcc/$(ARCH)-pc-linux-gnu/4.6.3/include/g++-v4/ext/pb_ds/detail/pat_trie_/find_fn_imps.hpp
/usr/lib/gcc/$(ARCH)-pc-linux-gnu/4.6.3/include/g++-v4/ext/pb_ds/detail/pat_trie_/head.hpp
/usr/lib/gcc/$(ARCH)-pc-linux-gnu/4.6.3/include/g++-v4/ext/pb_ds/detail/pat_trie_/info_fn_imps.hpp
/usr/lib/gcc/$(ARCH)-pc-linux-gnu/4.6.3/include/g++-v4/ext/pb_ds/detail/pat_trie_/insert_join_fn_imps.hpp
/usr/lib/gcc/$(ARCH)-pc-linux-gnu/4.6.3/include/g++-v4/ext/pb_ds/detail/pat_trie_/internal_node.hpp
/usr/lib/gcc/$(ARCH)-pc-linux-gnu/4.6.3/include/g++-v4/ext/pb_ds/detail/pat_trie_/iterators_fn_imps.hpp
/usr/lib/gcc/$(ARCH)-pc-linux-gnu/4.6.3/include/g++-v4/ext/pb_ds/detail/pat_trie_/leaf.hpp
/usr/lib/gcc/$(ARCH)-pc-linux-gnu/4.6.3/include/g++-v4/ext/pb_ds/detail/pat_trie_/node_base.hpp
/usr/lib/gcc/$(ARCH)-pc-linux-gnu/4.6.3/include/g++-v4/ext/pb_ds/detail/pat_trie_/node_iterators.hpp
/usr/lib/gcc/$(ARCH)-pc-linux-gnu/4.6.3/include/g++-v4/ext/pb_ds/detail/pat_trie_/node_metadata_base.hpp
/usr/lib/gcc/$(ARCH)-pc-linux-gnu/4.6.3/include/g++-v4/ext/pb_ds/detail/pat_trie_/pat_trie_.hpp
/usr/lib/gcc/$(ARCH)-pc-linux-gnu/4.6.3/include/g++-v4/ext/pb_ds/detail/pat_trie_/point_iterators.hpp
/usr/lib/gcc/$(ARCH)-pc-linux-gnu/4.6.3/include/g++-v4/ext/pb_ds/detail/pat_trie_/policy_access_fn_imps.hpp
/usr/lib/gcc/$(ARCH)-pc-linux-gnu/4.6.3/include/g++-v4/ext/pb_ds/detail/pat_trie_/r_erase_fn_imps.hpp
/usr/lib/gcc/$(ARCH)-pc-linux-gnu/4.6.3/include/g++-v4/ext/pb_ds/detail/pat_trie_/rotate_fn_imps.hpp
/usr/lib/gcc/$(ARCH)-pc-linux-gnu/4.6.3/include/g++-v4/ext/pb_ds/detail/pat_trie_/split_fn_imps.hpp
/usr/lib/gcc/$(ARCH)-pc-linux-gnu/4.6.3/include/g++-v4/ext/pb_ds/detail/pat_trie_/split_join_branch_bag.hpp
/usr/lib/gcc/$(ARCH)-pc-linux-gnu/4.6.3/include/g++-v4/ext/pb_ds/detail/pat_trie_/synth_e_access_traits.hpp
/usr/lib/gcc/$(ARCH)-pc-linux-gnu/4.6.3/include/g++-v4/ext/pb_ds/detail/pat_trie_/trace_fn_imps.hpp
/usr/lib/gcc/$(ARCH)-pc-linux-gnu/4.6.3/include/g++-v4/ext/pb_ds/detail/pat_trie_/traits.hpp
/usr/lib/gcc/$(ARCH)-pc-linux-gnu/4.6.3/include/g++-v4/ext/pb_ds/detail/pat_trie_/update_fn_imps.hpp
/usr/lib/gcc/$(ARCH)-pc-linux-gnu/4.6.3/include/g++-v4/ext/pb_ds/detail/priority_queue_base_dispatch.hpp
/usr/lib/gcc/$(ARCH)-pc-linux-gnu/4.6.3/include/g++-v4/ext/pb_ds/detail/rb_tree_map_/constructors_destructor_fn_imps.hpp
/usr/lib/gcc/$(ARCH)-pc-linux-gnu/4.6.3/include/g++-v4/ext/pb_ds/detail/rb_tree_map_/debug_fn_imps.hpp
/usr/lib/gcc/$(ARCH)-pc-linux-gnu/4.6.3/include/g++-v4/ext/pb_ds/detail/rb_tree_map_/erase_fn_imps.hpp
/usr/lib/gcc/$(ARCH)-pc-linux-gnu/4.6.3/include/g++-v4/ext/pb_ds/detail/rb_tree_map_/find_fn_imps.hpp
/usr/lib/gcc/$(ARCH)-pc-linux-gnu/4.6.3/include/g++-v4/ext/pb_ds/detail/rb_tree_map_/info_fn_imps.hpp
/usr/lib/gcc/$(ARCH)-pc-linux-gnu/4.6.3/include/g++-v4/ext/pb_ds/detail/rb_tree_map_/insert_fn_imps.hpp
/usr/lib/gcc/$(ARCH)-pc-linux-gnu/4.6.3/include/g++-v4/ext/pb_ds/detail/rb_tree_map_/node.hpp
/usr/lib/gcc/$(ARCH)-pc-linux-gnu/4.6.3/include/g++-v4/ext/pb_ds/detail/rb_tree_map_/rb_tree_.hpp
/usr/lib/gcc/$(ARCH)-pc-linux-gnu/4.6.3/include/g++-v4/ext/pb_ds/detail/rb_tree_map_/split_join_fn_imps.hpp
/usr/lib/gcc/$(ARCH)-pc-linux-gnu/4.6.3/include/g++-v4/ext/pb_ds/detail/rb_tree_map_/traits.hpp
/usr/lib/gcc/$(ARCH)-pc-linux-gnu/4.6.3/include/g++-v4/ext/pb_ds/detail/rc_binomial_heap_/constructors_destructor_fn_imps.hpp
/usr/lib/gcc/$(ARCH)-pc-linux-gnu/4.6.3/include/g++-v4/ext/pb_ds/detail/rc_binomial_heap_/debug_fn_imps.hpp
/usr/lib/gcc/$(ARCH)-pc-linux-gnu/4.6.3/include/g++-v4/ext/pb_ds/detail/rc_binomial_heap_/erase_fn_imps.hpp
/usr/lib/gcc/$(ARCH)-pc-linux-gnu/4.6.3/include/g++-v4/ext/pb_ds/detail/rc_binomial_heap_/insert_fn_imps.hpp
/usr/lib/gcc/$(ARCH)-pc-linux-gnu/4.6.3/include/g++-v4/ext/pb_ds/detail/rc_binomial_heap_/rc.hpp
/usr/lib/gcc/$(ARCH)-pc-linux-gnu/4.6.3/include/g++-v4/ext/pb_ds/detail/rc_binomial_heap_/rc_binomial_heap_.hpp
/usr/lib/gcc/$(ARCH)-pc-linux-gnu/4.6.3/include/g++-v4/ext/pb_ds/detail/rc_binomial_heap_/split_join_fn_imps.hpp
/usr/lib/gcc/$(ARCH)-pc-linux-gnu/4.6.3/include/g++-v4/ext/pb_ds/detail/rc_binomial_heap_/trace_fn_imps.hpp
/usr/lib/gcc/$(ARCH)-pc-linux-gnu/4.6.3/include/g++-v4/ext/pb_ds/detail/resize_policy/cc_hash_max_collision_check_resize_trigger_imp.hpp
/usr/lib/gcc/$(ARCH)-pc-linux-gnu/4.6.3/include/g++-v4/ext/pb_ds/detail/resize_policy/hash_exponential_size_policy_imp.hpp
/usr/lib/gcc/$(ARCH)-pc-linux-gnu/4.6.3/include/g++-v4/ext/pb_ds/detail/resize_policy/hash_load_check_resize_trigger_imp.hpp
/usr/lib/gcc/$(ARCH)-pc-linux-gnu/4.6.3/include/g++-v4/ext/pb_ds/detail/resize_policy/hash_load_check_resize_trigger_size_base.hpp
/usr/lib/gcc/$(ARCH)-pc-linux-gnu/4.6.3/include/g++-v4/ext/pb_ds/detail/resize_policy/hash_prime_size_policy_imp.hpp
/usr/lib/gcc/$(ARCH)-pc-linux-gnu/4.6.3/include/g++-v4/ext/pb_ds/detail/resize_policy/hash_standard_resize_policy_imp.hpp
/usr/lib/gcc/$(ARCH)-pc-linux-gnu/4.6.3/include/g++-v4/ext/pb_ds/detail/resize_policy/sample_resize_policy.hpp
/usr/lib/gcc/$(ARCH)-pc-linux-gnu/4.6.3/include/g++-v4/ext/pb_ds/detail/resize_policy/sample_resize_trigger.hpp
/usr/lib/gcc/$(ARCH)-pc-linux-gnu/4.6.3/include/g++-v4/ext/pb_ds/detail/resize_policy/sample_size_policy.hpp
/usr/lib/gcc/$(ARCH)-pc-linux-gnu/4.6.3/include/g++-v4/ext/pb_ds/detail/splay_tree_/constructors_destructor_fn_imps.hpp
/usr/lib/gcc/$(ARCH)-pc-linux-gnu/4.6.3/include/g++-v4/ext/pb_ds/detail/splay_tree_/debug_fn_imps.hpp
/usr/lib/gcc/$(ARCH)-pc-linux-gnu/4.6.3/include/g++-v4/ext/pb_ds/detail/splay_tree_/erase_fn_imps.hpp
/usr/lib/gcc/$(ARCH)-pc-linux-gnu/4.6.3/include/g++-v4/ext/pb_ds/detail/splay_tree_/find_fn_imps.hpp
/usr/lib/gcc/$(ARCH)-pc-linux-gnu/4.6.3/include/g++-v4/ext/pb_ds/detail/splay_tree_/info_fn_imps.hpp
/usr/lib/gcc/$(ARCH)-pc-linux-gnu/4.6.3/include/g++-v4/ext/pb_ds/detail/splay_tree_/insert_fn_imps.hpp
/usr/lib/gcc/$(ARCH)-pc-linux-gnu/4.6.3/include/g++-v4/ext/pb_ds/detail/splay_tree_/node.hpp
/usr/lib/gcc/$(ARCH)-pc-linux-gnu/4.6.3/include/g++-v4/ext/pb_ds/detail/splay_tree_/splay_fn_imps.hpp
/usr/lib/gcc/$(ARCH)-pc-linux-gnu/4.6.3/include/g++-v4/ext/pb_ds/detail/splay_tree_/splay_tree_.hpp
/usr/lib/gcc/$(ARCH)-pc-linux-gnu/4.6.3/include/g++-v4/ext/pb_ds/detail/splay_tree_/split_join_fn_imps.hpp
/usr/lib/gcc/$(ARCH)-pc-linux-gnu/4.6.3/include/g++-v4/ext/pb_ds/detail/splay_tree_/traits.hpp
/usr/lib/gcc/$(ARCH)-pc-linux-gnu/4.6.3/include/g++-v4/ext/pb_ds/detail/standard_policies.hpp
/usr/lib/gcc/$(ARCH)-pc-linux-gnu/4.6.3/include/g++-v4/ext/pb_ds/detail/thin_heap_/constructors_destructor_fn_imps.hpp
/usr/lib/gcc/$(ARCH)-pc-linux-gnu/4.6.3/include/g++-v4/ext/pb_ds/detail/thin_heap_/debug_fn_imps.hpp
/usr/lib/gcc/$(ARCH)-pc-linux-gnu/4.6.3/include/g++-v4/ext/pb_ds/detail/thin_heap_/erase_fn_imps.hpp
/usr/lib/gcc/$(ARCH)-pc-linux-gnu/4.6.3/include/g++-v4/ext/pb_ds/detail/thin_heap_/find_fn_imps.hpp
/usr/lib/gcc/$(ARCH)-pc-linux-gnu/4.6.3/include/g++-v4/ext/pb_ds/detail/thin_heap_/insert_fn_imps.hpp
/usr/lib/gcc/$(ARCH)-pc-linux-gnu/4.6.3/include/g++-v4/ext/pb_ds/detail/thin_heap_/split_join_fn_imps.hpp
/usr/lib/gcc/$(ARCH)-pc-linux-gnu/4.6.3/include/g++-v4/ext/pb_ds/detail/thin_heap_/thin_heap_.hpp
/usr/lib/gcc/$(ARCH)-pc-linux-gnu/4.6.3/include/g++-v4/ext/pb_ds/detail/thin_heap_/trace_fn_imps.hpp
/usr/lib/gcc/$(ARCH)-pc-linux-gnu/4.6.3/include/g++-v4/ext/pb_ds/detail/tree_policy/node_metadata_selector.hpp
/usr/lib/gcc/$(ARCH)-pc-linux-gnu/4.6.3/include/g++-v4/ext/pb_ds/detail/tree_policy/null_node_update_imp.hpp
/usr/lib/gcc/$(ARCH)-pc-linux-gnu/4.6.3/include/g++-v4/ext/pb_ds/detail/tree_policy/order_statistics_imp.hpp
/usr/lib/gcc/$(ARCH)-pc-linux-gnu/4.6.3/include/g++-v4/ext/pb_ds/detail/tree_policy/sample_tree_node_update.hpp
/usr/lib/gcc/$(ARCH)-pc-linux-gnu/4.6.3/include/g++-v4/ext/pb_ds/detail/tree_trace_base.hpp
/usr/lib/gcc/$(ARCH)-pc-linux-gnu/4.6.3/include/g++-v4/ext/pb_ds/detail/trie_policy/node_metadata_selector.hpp
/usr/lib/gcc/$(ARCH)-pc-linux-gnu/4.6.3/include/g++-v4/ext/pb_ds/detail/trie_policy/null_node_update_imp.hpp
/usr/lib/gcc/$(ARCH)-pc-linux-gnu/4.6.3/include/g++-v4/ext/pb_ds/detail/trie_policy/order_statistics_imp.hpp
/usr/lib/gcc/$(ARCH)-pc-linux-gnu/4.6.3/include/g++-v4/ext/pb_ds/detail/trie_policy/prefix_search_node_update_imp.hpp
/usr/lib/gcc/$(ARCH)-pc-linux-gnu/4.6.3/include/g++-v4/ext/pb_ds/detail/trie_policy/sample_trie_e_access_traits.hpp
/usr/lib/gcc/$(ARCH)-pc-linux-gnu/4.6.3/include/g++-v4/ext/pb_ds/detail/trie_policy/sample_trie_node_update.hpp
/usr/lib/gcc/$(ARCH)-pc-linux-gnu/4.6.3/include/g++-v4/ext/pb_ds/detail/trie_policy/string_trie_e_access_traits_imp.hpp
/usr/lib/gcc/$(ARCH)-pc-linux-gnu/4.6.3/include/g++-v4/ext/pb_ds/detail/trie_policy/trie_policy_base.hpp
/usr/lib/gcc/$(ARCH)-pc-linux-gnu/4.6.3/include/g++-v4/ext/pb_ds/detail/type_utils.hpp
/usr/lib/gcc/$(ARCH)-pc-linux-gnu/4.6.3/include/g++-v4/ext/pb_ds/detail/types_traits.hpp
/usr/lib/gcc/$(ARCH)-pc-linux-gnu/4.6.3/include/g++-v4/ext/pb_ds/detail/unordered_iterator/const_iterator.hpp
/usr/lib/gcc/$(ARCH)-pc-linux-gnu/4.6.3/include/g++-v4/ext/pb_ds/detail/unordered_iterator/const_point_iterator.hpp
/usr/lib/gcc/$(ARCH)-pc-linux-gnu/4.6.3/include/g++-v4/ext/pb_ds/detail/unordered_iterator/iterator.hpp
/usr/lib/gcc/$(ARCH)-pc-linux-gnu/4.6.3/include/g++-v4/ext/pb_ds/detail/unordered_iterator/point_iterator.hpp
/usr/lib/gcc/$(ARCH)-pc-linux-gnu/4.6.3/include/g++-v4/ext/pb_ds/exception.hpp
/usr/lib/gcc/$(ARCH)-pc-linux-gnu/4.6.3/include/g++-v4/ext/pb_ds/hash_policy.hpp
/usr/lib/gcc/$(ARCH)-pc-linux-gnu/4.6.3/include/g++-v4/ext/pb_ds/list_update_policy.hpp
/usr/lib/gcc/$(ARCH)-pc-linux-gnu/4.6.3/include/g++-v4/ext/pb_ds/priority_queue.hpp
/usr/lib/gcc/$(ARCH)-pc-linux-gnu/4.6.3/include/g++-v4/ext/pb_ds/tag_and_trait.hpp
/usr/lib/gcc/$(ARCH)-pc-linux-gnu/4.6.3/include/g++-v4/ext/pb_ds/tree_policy.hpp
/usr/lib/gcc/$(ARCH)-pc-linux-gnu/4.6.3/include/g++-v4/ext/pb_ds/trie_policy.hpp
/usr/lib/gcc/$(ARCH)-pc-linux-gnu/4.6.3/include/g++-v4/ext/pod_char_traits.h
/usr/lib/gcc/$(ARCH)-pc-linux-gnu/4.6.3/include/g++-v4/ext/pointer.h
/usr/lib/gcc/$(ARCH)-pc-linux-gnu/4.6.3/include/g++-v4/ext/pool_allocator.h
/usr/lib/gcc/$(ARCH)-pc-linux-gnu/4.6.3/include/g++-v4/ext/rb_tree
/usr/lib/gcc/$(ARCH)-pc-linux-gnu/4.6.3/include/g++-v4/ext/rc_string_base.h
/usr/lib/gcc/$(ARCH)-pc-linux-gnu/4.6.3/include/g++-v4/ext/rope
/usr/lib/gcc/$(ARCH)-pc-linux-gnu/4.6.3/include/g++-v4/ext/ropeimpl.h
/usr/lib/gcc/$(ARCH)-pc-linux-gnu/4.6.3/include/g++-v4/ext/slist
/usr/lib/gcc/$(ARCH)-pc-linux-gnu/4.6.3/include/g++-v4/ext/sso_string_base.h
/usr/lib/gcc/$(ARCH)-pc-linux-gnu/4.6.3/include/g++-v4/ext/stdio_filebuf.h
/usr/lib/gcc/$(ARCH)-pc-linux-gnu/4.6.3/include/g++-v4/ext/stdio_sync_filebuf.h
/usr/lib/gcc/$(ARCH)-pc-linux-gnu/4.6.3/include/g++-v4/ext/string_conversions.h
/usr/lib/gcc/$(ARCH)-pc-linux-gnu/4.6.3/include/g++-v4/ext/throw_allocator.h
/usr/lib/gcc/$(ARCH)-pc-linux-gnu/4.6.3/include/g++-v4/ext/type_traits.h
/usr/lib/gcc/$(ARCH)-pc-linux-gnu/4.6.3/include/g++-v4/ext/typelist.h
/usr/lib/gcc/$(ARCH)-pc-linux-gnu/4.6.3/include/g++-v4/ext/vstring.h
/usr/lib/gcc/$(ARCH)-pc-linux-gnu/4.6.3/include/g++-v4/ext/vstring.tcc
/usr/lib/gcc/$(ARCH)-pc-linux-gnu/4.6.3/include/g++-v4/ext/vstring_fwd.h
/usr/lib/gcc/$(ARCH)-pc-linux-gnu/4.6.3/include/g++-v4/ext/vstring_util.h
/usr/lib/gcc/$(ARCH)-pc-linux-gnu/4.6.3/include/g++-v4/fenv.h
/usr/lib/gcc/$(ARCH)-pc-linux-gnu/4.6.3/include/g++-v4/forward_list
/usr/lib/gcc/$(ARCH)-pc-linux-gnu/4.6.3/include/g++-v4/fstream
/usr/lib/gcc/$(ARCH)-pc-linux-gnu/4.6.3/include/g++-v4/functional
/usr/lib/gcc/$(ARCH)-pc-linux-gnu/4.6.3/include/g++-v4/future
/usr/lib/gcc/$(ARCH)-pc-linux-gnu/4.6.3/include/g++-v4/initializer_list
/usr/lib/gcc/$(ARCH)-pc-linux-gnu/4.6.3/include/g++-v4/iomanip
/usr/lib/gcc/$(ARCH)-pc-linux-gnu/4.6.3/include/g++-v4/ios
/usr/lib/gcc/$(ARCH)-pc-linux-gnu/4.6.3/include/g++-v4/iosfwd
/usr/lib/gcc/$(ARCH)-pc-linux-gnu/4.6.3/include/g++-v4/iostream
/usr/lib/gcc/$(ARCH)-pc-linux-gnu/4.6.3/include/g++-v4/istream
/usr/lib/gcc/$(ARCH)-pc-linux-gnu/4.6.3/include/g++-v4/iterator
/usr/lib/gcc/$(ARCH)-pc-linux-gnu/4.6.3/include/g++-v4/limits
/usr/lib/gcc/$(ARCH)-pc-linux-gnu/4.6.3/include/g++-v4/list
/usr/lib/gcc/$(ARCH)-pc-linux-gnu/4.6.3/include/g++-v4/locale
/usr/lib/gcc/$(ARCH)-pc-linux-gnu/4.6.3/include/g++-v4/map
/usr/lib/gcc/$(ARCH)-pc-linux-gnu/4.6.3/include/g++-v4/memory
/usr/lib/gcc/$(ARCH)-pc-linux-gnu/4.6.3/include/g++-v4/mutex
/usr/lib/gcc/$(ARCH)-pc-linux-gnu/4.6.3/include/g++-v4/new
/usr/lib/gcc/$(ARCH)-pc-linux-gnu/4.6.3/include/g++-v4/numeric
/usr/lib/gcc/$(ARCH)-pc-linux-gnu/4.6.3/include/g++-v4/ostream
/usr/lib/gcc/$(ARCH)-pc-linux-gnu/4.6.3/include/g++-v4/parallel/algo.h
/usr/lib/gcc/$(ARCH)-pc-linux-gnu/4.6.3/include/g++-v4/parallel/algobase.h
/usr/lib/gcc/$(ARCH)-pc-linux-gnu/4.6.3/include/g++-v4/parallel/algorithm
/usr/lib/gcc/$(ARCH)-pc-linux-gnu/4.6.3/include/g++-v4/parallel/algorithmfwd.h
/usr/lib/gcc/$(ARCH)-pc-linux-gnu/4.6.3/include/g++-v4/parallel/balanced_quicksort.h
/usr/lib/gcc/$(ARCH)-pc-linux-gnu/4.6.3/include/g++-v4/parallel/base.h
/usr/lib/gcc/$(ARCH)-pc-linux-gnu/4.6.3/include/g++-v4/parallel/basic_iterator.h
/usr/lib/gcc/$(ARCH)-pc-linux-gnu/4.6.3/include/g++-v4/parallel/checkers.h
/usr/lib/gcc/$(ARCH)-pc-linux-gnu/4.6.3/include/g++-v4/parallel/compatibility.h
/usr/lib/gcc/$(ARCH)-pc-linux-gnu/4.6.3/include/g++-v4/parallel/compiletime_settings.h
/usr/lib/gcc/$(ARCH)-pc-linux-gnu/4.6.3/include/g++-v4/parallel/equally_split.h
/usr/lib/gcc/$(ARCH)-pc-linux-gnu/4.6.3/include/g++-v4/parallel/features.h
/usr/lib/gcc/$(ARCH)-pc-linux-gnu/4.6.3/include/g++-v4/parallel/find.h
/usr/lib/gcc/$(ARCH)-pc-linux-gnu/4.6.3/include/g++-v4/parallel/find_selectors.h
/usr/lib/gcc/$(ARCH)-pc-linux-gnu/4.6.3/include/g++-v4/parallel/for_each.h
/usr/lib/gcc/$(ARCH)-pc-linux-gnu/4.6.3/include/g++-v4/parallel/for_each_selectors.h
/usr/lib/gcc/$(ARCH)-pc-linux-gnu/4.6.3/include/g++-v4/parallel/iterator.h
/usr/lib/gcc/$(ARCH)-pc-linux-gnu/4.6.3/include/g++-v4/parallel/list_partition.h
/usr/lib/gcc/$(ARCH)-pc-linux-gnu/4.6.3/include/g++-v4/parallel/losertree.h
/usr/lib/gcc/$(ARCH)-pc-linux-gnu/4.6.3/include/g++-v4/parallel/merge.h
/usr/lib/gcc/$(ARCH)-pc-linux-gnu/4.6.3/include/g++-v4/parallel/multiseq_selection.h
/usr/lib/gcc/$(ARCH)-pc-linux-gnu/4.6.3/include/g++-v4/parallel/multiway_merge.h
/usr/lib/gcc/$(ARCH)-pc-linux-gnu/4.6.3/include/g++-v4/parallel/multiway_mergesort.h
/usr/lib/gcc/$(ARCH)-pc-linux-gnu/4.6.3/include/g++-v4/parallel/numeric
/usr/lib/gcc/$(ARCH)-pc-linux-gnu/4.6.3/include/g++-v4/parallel/numericfwd.h
/usr/lib/gcc/$(ARCH)-pc-linux-gnu/4.6.3/include/g++-v4/parallel/omp_loop.h
/usr/lib/gcc/$(ARCH)-pc-linux-gnu/4.6.3/include/g++-v4/parallel/omp_loop_static.h
/usr/lib/gcc/$(ARCH)-pc-linux-gnu/4.6.3/include/g++-v4/parallel/par_loop.h
/usr/lib/gcc/$(ARCH)-pc-linux-gnu/4.6.3/include/g++-v4/parallel/parallel.h
/usr/lib/gcc/$(ARCH)-pc-linux-gnu/4.6.3/include/g++-v4/parallel/partial_sum.h
/usr/lib/gcc/$(ARCH)-pc-linux-gnu/4.6.3/include/g++-v4/parallel/partition.h
/usr/lib/gcc/$(ARCH)-pc-linux-gnu/4.6.3/include/g++-v4/parallel/queue.h
/usr/lib/gcc/$(ARCH)-pc-linux-gnu/4.6.3/include/g++-v4/parallel/quicksort.h
/usr/lib/gcc/$(ARCH)-pc-linux-gnu/4.6.3/include/g++-v4/parallel/random_number.h
/usr/lib/gcc/$(ARCH)-pc-linux-gnu/4.6.3/include/g++-v4/parallel/random_shuffle.h
/usr/lib/gcc/$(ARCH)-pc-linux-gnu/4.6.3/include/g++-v4/parallel/search.h
/usr/lib/gcc/$(ARCH)-pc-linux-gnu/4.6.3/include/g++-v4/parallel/set_operations.h
/usr/lib/gcc/$(ARCH)-pc-linux-gnu/4.6.3/include/g++-v4/parallel/settings.h
/usr/lib/gcc/$(ARCH)-pc-linux-gnu/4.6.3/include/g++-v4/parallel/sort.h
/usr/lib/gcc/$(ARCH)-pc-linux-gnu/4.6.3/include/g++-v4/parallel/tags.h
/usr/lib/gcc/$(ARCH)-pc-linux-gnu/4.6.3/include/g++-v4/parallel/types.h
/usr/lib/gcc/$(ARCH)-pc-linux-gnu/4.6.3/include/g++-v4/parallel/unique_copy.h
/usr/lib/gcc/$(ARCH)-pc-linux-gnu/4.6.3/include/g++-v4/parallel/workstealing.h
/usr/lib/gcc/$(ARCH)-pc-linux-gnu/4.6.3/include/g++-v4/profile/base.h
/usr/lib/gcc/$(ARCH)-pc-linux-gnu/4.6.3/include/g++-v4/profile/bitset
/usr/lib/gcc/$(ARCH)-pc-linux-gnu/4.6.3/include/g++-v4/profile/deque
/usr/lib/gcc/$(ARCH)-pc-linux-gnu/4.6.3/include/g++-v4/profile/forward_list
/usr/lib/gcc/$(ARCH)-pc-linux-gnu/4.6.3/include/g++-v4/profile/impl/profiler.h
/usr/lib/gcc/$(ARCH)-pc-linux-gnu/4.6.3/include/g++-v4/profile/impl/profiler_algos.h
/usr/lib/gcc/$(ARCH)-pc-linux-gnu/4.6.3/include/g++-v4/profile/impl/profiler_container_size.h
/usr/lib/gcc/$(ARCH)-pc-linux-gnu/4.6.3/include/g++-v4/profile/impl/profiler_hash_func.h
/usr/lib/gcc/$(ARCH)-pc-linux-gnu/4.6.3/include/g++-v4/profile/impl/profiler_hashtable_size.h
/usr/lib/gcc/$(ARCH)-pc-linux-gnu/4.6.3/include/g++-v4/profile/impl/profiler_list_to_slist.h
/usr/lib/gcc/$(ARCH)-pc-linux-gnu/4.6.3/include/g++-v4/profile/impl/profiler_list_to_vector.h
/usr/lib/gcc/$(ARCH)-pc-linux-gnu/4.6.3/include/g++-v4/profile/impl/profiler_map_to_unordered_map.h
/usr/lib/gcc/$(ARCH)-pc-linux-gnu/4.6.3/include/g++-v4/profile/impl/profiler_node.h
/usr/lib/gcc/$(ARCH)-pc-linux-gnu/4.6.3/include/g++-v4/profile/impl/profiler_state.h
/usr/lib/gcc/$(ARCH)-pc-linux-gnu/4.6.3/include/g++-v4/profile/impl/profiler_trace.h
/usr/lib/gcc/$(ARCH)-pc-linux-gnu/4.6.3/include/g++-v4/profile/impl/profiler_vector_size.h
/usr/lib/gcc/$(ARCH)-pc-linux-gnu/4.6.3/include/g++-v4/profile/impl/profiler_vector_to_list.h
/usr/lib/gcc/$(ARCH)-pc-linux-gnu/4.6.3/include/g++-v4/profile/iterator_tracker.h
/usr/lib/gcc/$(ARCH)-pc-linux-gnu/4.6.3/include/g++-v4/profile/list
/usr/lib/gcc/$(ARCH)-pc-linux-gnu/4.6.3/include/g++-v4/profile/map
/usr/lib/gcc/$(ARCH)-pc-linux-gnu/4.6.3/include/g++-v4/profile/map.h
/usr/lib/gcc/$(ARCH)-pc-linux-gnu/4.6.3/include/g++-v4/profile/multimap.h
/usr/lib/gcc/$(ARCH)-pc-linux-gnu/4.6.3/include/g++-v4/profile/multiset.h
/usr/lib/gcc/$(ARCH)-pc-linux-gnu/4.6.3/include/g++-v4/profile/set
/usr/lib/gcc/$(ARCH)-pc-linux-gnu/4.6.3/include/g++-v4/profile/set.h
/usr/lib/gcc/$(ARCH)-pc-linux-gnu/4.6.3/include/g++-v4/profile/unordered_map
/usr/lib/gcc/$(ARCH)-pc-linux-gnu/4.6.3/include/g++-v4/profile/unordered_set
/usr/lib/gcc/$(ARCH)-pc-linux-gnu/4.6.3/include/g++-v4/profile/vector
/usr/lib/gcc/$(ARCH)-pc-linux-gnu/4.6.3/include/g++-v4/queue
/usr/lib/gcc/$(ARCH)-pc-linux-gnu/4.6.3/include/g++-v4/random
/usr/lib/gcc/$(ARCH)-pc-linux-gnu/4.6.3/include/g++-v4/ratio
/usr/lib/gcc/$(ARCH)-pc-linux-gnu/4.6.3/include/g++-v4/regex
/usr/lib/gcc/$(ARCH)-pc-linux-gnu/4.6.3/include/g++-v4/set
/usr/lib/gcc/$(ARCH)-pc-linux-gnu/4.6.3/include/g++-v4/sstream
/usr/lib/gcc/$(ARCH)-pc-linux-gnu/4.6.3/include/g++-v4/stack
/usr/lib/gcc/$(ARCH)-pc-linux-gnu/4.6.3/include/g++-v4/stdexcept
/usr/lib/gcc/$(ARCH)-pc-linux-gnu/4.6.3/include/g++-v4/streambuf
/usr/lib/gcc/$(ARCH)-pc-linux-gnu/4.6.3/include/g++-v4/string
/usr/lib/gcc/$(ARCH)-pc-linux-gnu/4.6.3/include/g++-v4/system_error
/usr/lib/gcc/$(ARCH)-pc-linux-gnu/4.6.3/include/g++-v4/tgmath.h
/usr/lib/gcc/$(ARCH)-pc-linux-gnu/4.6.3/include/g++-v4/thread
/usr/lib/gcc/$(ARCH)-pc-linux-gnu/4.6.3/include/g++-v4/tr1/array
/usr/lib/gcc/$(ARCH)-pc-linux-gnu/4.6.3/include/g++-v4/tr1/bessel_function.tcc
/usr/lib/gcc/$(ARCH)-pc-linux-gnu/4.6.3/include/g++-v4/tr1/beta_function.tcc
/usr/lib/gcc/$(ARCH)-pc-linux-gnu/4.6.3/include/g++-v4/tr1/ccomplex
/usr/lib/gcc/$(ARCH)-pc-linux-gnu/4.6.3/include/g++-v4/tr1/cctype
/usr/lib/gcc/$(ARCH)-pc-linux-gnu/4.6.3/include/g++-v4/tr1/cfenv
/usr/lib/gcc/$(ARCH)-pc-linux-gnu/4.6.3/include/g++-v4/tr1/cfloat
/usr/lib/gcc/$(ARCH)-pc-linux-gnu/4.6.3/include/g++-v4/tr1/cinttypes
/usr/lib/gcc/$(ARCH)-pc-linux-gnu/4.6.3/include/g++-v4/tr1/climits
/usr/lib/gcc/$(ARCH)-pc-linux-gnu/4.6.3/include/g++-v4/tr1/cmath
/usr/lib/gcc/$(ARCH)-pc-linux-gnu/4.6.3/include/g++-v4/tr1/complex
/usr/lib/gcc/$(ARCH)-pc-linux-gnu/4.6.3/include/g++-v4/tr1/complex.h
/usr/lib/gcc/$(ARCH)-pc-linux-gnu/4.6.3/include/g++-v4/tr1/cstdarg
/usr/lib/gcc/$(ARCH)-pc-linux-gnu/4.6.3/include/g++-v4/tr1/cstdbool
/usr/lib/gcc/$(ARCH)-pc-linux-gnu/4.6.3/include/g++-v4/tr1/cstdint
/usr/lib/gcc/$(ARCH)-pc-linux-gnu/4.6.3/include/g++-v4/tr1/cstdio
/usr/lib/gcc/$(ARCH)-pc-linux-gnu/4.6.3/include/g++-v4/tr1/cstdlib
/usr/lib/gcc/$(ARCH)-pc-linux-gnu/4.6.3/include/g++-v4/tr1/ctgmath
/usr/lib/gcc/$(ARCH)-pc-linux-gnu/4.6.3/include/g++-v4/tr1/ctime
/usr/lib/gcc/$(ARCH)-pc-linux-gnu/4.6.3/include/g++-v4/tr1/ctype.h
/usr/lib/gcc/$(ARCH)-pc-linux-gnu/4.6.3/include/g++-v4/tr1/cwchar
/usr/lib/gcc/$(ARCH)-pc-linux-gnu/4.6.3/include/g++-v4/tr1/cwctype
/usr/lib/gcc/$(ARCH)-pc-linux-gnu/4.6.3/include/g++-v4/tr1/ell_integral.tcc
/usr/lib/gcc/$(ARCH)-pc-linux-gnu/4.6.3/include/g++-v4/tr1/exp_integral.tcc
/usr/lib/gcc/$(ARCH)-pc-linux-gnu/4.6.3/include/g++-v4/tr1/fenv.h
/usr/lib/gcc/$(ARCH)-pc-linux-gnu/4.6.3/include/g++-v4/tr1/float.h
/usr/lib/gcc/$(ARCH)-pc-linux-gnu/4.6.3/include/g++-v4/tr1/functional
/usr/lib/gcc/$(ARCH)-pc-linux-gnu/4.6.3/include/g++-v4/tr1/functional_hash.h
/usr/lib/gcc/$(ARCH)-pc-linux-gnu/4.6.3/include/g++-v4/tr1/gamma.tcc
/usr/lib/gcc/$(ARCH)-pc-linux-gnu/4.6.3/include/g++-v4/tr1/hashtable.h
/usr/lib/gcc/$(ARCH)-pc-linux-gnu/4.6.3/include/g++-v4/tr1/hashtable_policy.h
/usr/lib/gcc/$(ARCH)-pc-linux-gnu/4.6.3/include/g++-v4/tr1/hypergeometric.tcc
/usr/lib/gcc/$(ARCH)-pc-linux-gnu/4.6.3/include/g++-v4/tr1/inttypes.h
/usr/lib/gcc/$(ARCH)-pc-linux-gnu/4.6.3/include/g++-v4/tr1/legendre_function.tcc
/usr/lib/gcc/$(ARCH)-pc-linux-gnu/4.6.3/include/g++-v4/tr1/limits.h
/usr/lib/gcc/$(ARCH)-pc-linux-gnu/4.6.3/include/g++-v4/tr1/math.h
/usr/lib/gcc/$(ARCH)-pc-linux-gnu/4.6.3/include/g++-v4/tr1/memory
/usr/lib/gcc/$(ARCH)-pc-linux-gnu/4.6.3/include/g++-v4/tr1/modified_bessel_func.tcc
/usr/lib/gcc/$(ARCH)-pc-linux-gnu/4.6.3/include/g++-v4/tr1/poly_hermite.tcc
/usr/lib/gcc/$(ARCH)-pc-linux-gnu/4.6.3/include/g++-v4/tr1/poly_laguerre.tcc
/usr/lib/gcc/$(ARCH)-pc-linux-gnu/4.6.3/include/g++-v4/tr1/random
/usr/lib/gcc/$(ARCH)-pc-linux-gnu/4.6.3/include/g++-v4/tr1/random.h
/usr/lib/gcc/$(ARCH)-pc-linux-gnu/4.6.3/include/g++-v4/tr1/random.tcc
/usr/lib/gcc/$(ARCH)-pc-linux-gnu/4.6.3/include/g++-v4/tr1/regex
/usr/lib/gcc/$(ARCH)-pc-linux-gnu/4.6.3/include/g++-v4/tr1/riemann_zeta.tcc
/usr/lib/gcc/$(ARCH)-pc-linux-gnu/4.6.3/include/g++-v4/tr1/shared_ptr.h
/usr/lib/gcc/$(ARCH)-pc-linux-gnu/4.6.3/include/g++-v4/tr1/special_function_util.h
/usr/lib/gcc/$(ARCH)-pc-linux-gnu/4.6.3/include/g++-v4/tr1/stdarg.h
/usr/lib/gcc/$(ARCH)-pc-linux-gnu/4.6.3/include/g++-v4/tr1/stdbool.h
/usr/lib/gcc/$(ARCH)-pc-linux-gnu/4.6.3/include/g++-v4/tr1/stdint.h
/usr/lib/gcc/$(ARCH)-pc-linux-gnu/4.6.3/include/g++-v4/tr1/stdio.h
/usr/lib/gcc/$(ARCH)-pc-linux-gnu/4.6.3/include/g++-v4/tr1/stdlib.h
/usr/lib/gcc/$(ARCH)-pc-linux-gnu/4.6.3/include/g++-v4/tr1/tgmath.h
/usr/lib/gcc/$(ARCH)-pc-linux-gnu/4.6.3/include/g++-v4/tr1/tuple
/usr/lib/gcc/$(ARCH)-pc-linux-gnu/4.6.3/include/g++-v4/tr1/type_traits
/usr/lib/gcc/$(ARCH)-pc-linux-gnu/4.6.3/include/g++-v4/tr1/unordered_map
/usr/lib/gcc/$(ARCH)-pc-linux-gnu/4.6.3/include/g++-v4/tr1/unordered_map.h
/usr/lib/gcc/$(ARCH)-pc-linux-gnu/4.6.3/include/g++-v4/tr1/unordered_set
/usr/lib/gcc/$(ARCH)-pc-linux-gnu/4.6.3/include/g++-v4/tr1/unordered_set.h
/usr/lib/gcc/$(ARCH)-pc-linux-gnu/4.6.3/include/g++-v4/tr1/utility
/usr/lib/gcc/$(ARCH)-pc-linux-gnu/4.6.3/include/g++-v4/tr1/wchar.h
/usr/lib/gcc/$(ARCH)-pc-linux-gnu/4.6.3/include/g++-v4/tr1/wctype.h
/usr/lib/gcc/$(ARCH)-pc-linux-gnu/4.6.3/include/g++-v4/tuple
/usr/lib/gcc/$(ARCH)-pc-linux-gnu/4.6.3/include/g++-v4/type_traits
/usr/lib/gcc/$(ARCH)-pc-linux-gnu/4.6.3/include/g++-v4/typeindex
/usr/lib/gcc/$(ARCH)-pc-linux-gnu/4.6.3/include/g++-v4/typeinfo
/usr/lib/gcc/$(ARCH)-pc-linux-gnu/4.6.3/include/g++-v4/unordered_map
/usr/lib/gcc/$(ARCH)-pc-linux-gnu/4.6.3/include/g++-v4/unordered_set
/usr/lib/gcc/$(ARCH)-pc-linux-gnu/4.6.3/include/g++-v4/utility
/usr/lib/gcc/$(ARCH)-pc-linux-gnu/4.6.3/include/g++-v4/valarray
/usr/lib/gcc/$(ARCH)-pc-linux-gnu/4.6.3/include/g++-v4/vector
/usr/lib/gcc/$(ARCH)-pc-linux-gnu/4.6.3/include/g++-v4/$(ARCH)-pc-linux-gnu/32/bits/atomic_word.h
/usr/lib/gcc/$(ARCH)-pc-linux-gnu/4.6.3/include/g++-v4/$(ARCH)-pc-linux-gnu/32/bits/basic_file.h
/usr/lib/gcc/$(ARCH)-pc-linux-gnu/4.6.3/include/g++-v4/$(ARCH)-pc-linux-gnu/32/bits/c++allocator.h
/usr/lib/gcc/$(ARCH)-pc-linux-gnu/4.6.3/include/g++-v4/$(ARCH)-pc-linux-gnu/32/bits/c++config.h
/usr/lib/gcc/$(ARCH)-pc-linux-gnu/4.6.3/include/g++-v4/$(ARCH)-pc-linux-gnu/32/bits/c++io.h
/usr/lib/gcc/$(ARCH)-pc-linux-gnu/4.6.3/include/g++-v4/$(ARCH)-pc-linux-gnu/32/bits/c++locale.h
/usr/lib/gcc/$(ARCH)-pc-linux-gnu/4.6.3/include/g++-v4/$(ARCH)-pc-linux-gnu/32/bits/cpu_defines.h
/usr/lib/gcc/$(ARCH)-pc-linux-gnu/4.6.3/include/g++-v4/$(ARCH)-pc-linux-gnu/32/bits/ctype_base.h
/usr/lib/gcc/$(ARCH)-pc-linux-gnu/4.6.3/include/g++-v4/$(ARCH)-pc-linux-gnu/32/bits/ctype_inline.h
/usr/lib/gcc/$(ARCH)-pc-linux-gnu/4.6.3/include/g++-v4/$(ARCH)-pc-linux-gnu/32/bits/ctype_noninline.h
/usr/lib/gcc/$(ARCH)-pc-linux-gnu/4.6.3/include/g++-v4/$(ARCH)-pc-linux-gnu/32/bits/cxxabi_tweaks.h
/usr/lib/gcc/$(ARCH)-pc-linux-gnu/4.6.3/include/g++-v4/$(ARCH)-pc-linux-gnu/32/bits/error_constants.h
/usr/lib/gcc/$(ARCH)-pc-linux-gnu/4.6.3/include/g++-v4/$(ARCH)-pc-linux-gnu/32/bits/extc++.h
/usr/lib/gcc/$(ARCH)-pc-linux-gnu/4.6.3/include/g++-v4/$(ARCH)-pc-linux-gnu/32/bits/gthr-default.h
/usr/lib/gcc/$(ARCH)-pc-linux-gnu/4.6.3/include/g++-v4/$(ARCH)-pc-linux-gnu/32/bits/gthr-posix.h
/usr/lib/gcc/$(ARCH)-pc-linux-gnu/4.6.3/include/g++-v4/$(ARCH)-pc-linux-gnu/32/bits/gthr-single.h
/usr/lib/gcc/$(ARCH)-pc-linux-gnu/4.6.3/include/g++-v4/$(ARCH)-pc-linux-gnu/32/bits/gthr-tpf.h
/usr/lib/gcc/$(ARCH)-pc-linux-gnu/4.6.3/include/g++-v4/$(ARCH)-pc-linux-gnu/32/bits/gthr.h
/usr/lib/gcc/$(ARCH)-pc-linux-gnu/4.6.3/include/g++-v4/$(ARCH)-pc-linux-gnu/32/bits/messages_members.h
/usr/lib/gcc/$(ARCH)-pc-linux-gnu/4.6.3/include/g++-v4/$(ARCH)-pc-linux-gnu/32/bits/os_defines.h
/usr/lib/gcc/$(ARCH)-pc-linux-gnu/4.6.3/include/g++-v4/$(ARCH)-pc-linux-gnu/32/bits/stdc++.h
/usr/lib/gcc/$(ARCH)-pc-linux-gnu/4.6.3/include/g++-v4/$(ARCH)-pc-linux-gnu/32/bits/stdtr1c++.h
/usr/lib/gcc/$(ARCH)-pc-linux-gnu/4.6.3/include/g++-v4/$(ARCH)-pc-linux-gnu/32/bits/time_members.h
/usr/lib/gcc/$(ARCH)-pc-linux-gnu/4.6.3/include/g++-v4/$(ARCH)-pc-linux-gnu/bits/atomic_word.h
/usr/lib/gcc/$(ARCH)-pc-linux-gnu/4.6.3/include/g++-v4/$(ARCH)-pc-linux-gnu/bits/basic_file.h
/usr/lib/gcc/$(ARCH)-pc-linux-gnu/4.6.3/include/g++-v4/$(ARCH)-pc-linux-gnu/bits/c++allocator.h
/usr/lib/gcc/$(ARCH)-pc-linux-gnu/4.6.3/include/g++-v4/$(ARCH)-pc-linux-gnu/bits/c++config.h
/usr/lib/gcc/$(ARCH)-pc-linux-gnu/4.6.3/include/g++-v4/$(ARCH)-pc-linux-gnu/bits/c++io.h
/usr/lib/gcc/$(ARCH)-pc-linux-gnu/4.6.3/include/g++-v4/$(ARCH)-pc-linux-gnu/bits/c++locale.h
/usr/lib/gcc/$(ARCH)-pc-linux-gnu/4.6.3/include/g++-v4/$(ARCH)-pc-linux-gnu/bits/cpu_defines.h
/usr/lib/gcc/$(ARCH)-pc-linux-gnu/4.6.3/include/g++-v4/$(ARCH)-pc-linux-gnu/bits/ctype_base.h
/usr/lib/gcc/$(ARCH)-pc-linux-gnu/4.6.3/include/g++-v4/$(ARCH)-pc-linux-gnu/bits/ctype_inline.h
/usr/lib/gcc/$(ARCH)-pc-linux-gnu/4.6.3/include/g++-v4/$(ARCH)-pc-linux-gnu/bits/ctype_noninline.h
/usr/lib/gcc/$(ARCH)-pc-linux-gnu/4.6.3/include/g++-v4/$(ARCH)-pc-linux-gnu/bits/cxxabi_tweaks.h
/usr/lib/gcc/$(ARCH)-pc-linux-gnu/4.6.3/include/g++-v4/$(ARCH)-pc-linux-gnu/bits/error_constants.h
/usr/lib/gcc/$(ARCH)-pc-linux-gnu/4.6.3/include/g++-v4/$(ARCH)-pc-linux-gnu/bits/extc++.h
/usr/lib/gcc/$(ARCH)-pc-linux-gnu/4.6.3/include/g++-v4/$(ARCH)-pc-linux-gnu/bits/gthr-default.h
/usr/lib/gcc/$(ARCH)-pc-linux-gnu/4.6.3/include/g++-v4/$(ARCH)-pc-linux-gnu/bits/gthr-posix.h
/usr/lib/gcc/$(ARCH)-pc-linux-gnu/4.6.3/include/g++-v4/$(ARCH)-pc-linux-gnu/bits/gthr-single.h
/usr/lib/gcc/$(ARCH)-pc-linux-gnu/4.6.3/include/g++-v4/$(ARCH)-pc-linux-gnu/bits/gthr-tpf.h
/usr/lib/gcc/$(ARCH)-pc-linux-gnu/4.6.3/include/g++-v4/$(ARCH)-pc-linux-gnu/bits/gthr.h
/usr/lib/gcc/$(ARCH)-pc-linux-gnu/4.6.3/include/g++-v4/$(ARCH)-pc-linux-gnu/bits/messages_members.h
/usr/lib/gcc/$(ARCH)-pc-linux-gnu/4.6.3/include/g++-v4/$(ARCH)-pc-linux-gnu/bits/os_defines.h
/usr/lib/gcc/$(ARCH)-pc-linux-gnu/4.6.3/include/g++-v4/$(ARCH)-pc-linux-gnu/bits/stdc++.h
/usr/lib/gcc/$(ARCH)-pc-linux-gnu/4.6.3/include/g++-v4/$(ARCH)-pc-linux-gnu/bits/stdtr1c++.h
/usr/lib/gcc/$(ARCH)-pc-linux-gnu/4.6.3/include/g++-v4/$(ARCH)-pc-linux-gnu/bits/time_members.h
/usr/lib/gcc/$(ARCH)-pc-linux-gnu/4.6.3/include/ia32intrin.h
/usr/lib/gcc/$(ARCH)-pc-linux-gnu/4.6.3/include/immintrin.h
/usr/lib/gcc/$(ARCH)-pc-linux-gnu/4.6.3/include/iso646.h
/usr/lib/gcc/$(ARCH)-pc-linux-gnu/4.6.3/include/lwpintrin.h
/usr/lib/gcc/$(ARCH)-pc-linux-gnu/4.6.3/include/mf-runtime.h
/usr/lib/gcc/$(ARCH)-pc-linux-gnu/4.6.3/include/mm3dnow.h
/usr/lib/gcc/$(ARCH)-pc-linux-gnu/4.6.3/include/mm_malloc.h
/usr/lib/gcc/$(ARCH)-pc-linux-gnu/4.6.3/include/mmintrin.h
/usr/lib/gcc/$(ARCH)-pc-linux-gnu/4.6.3/include/nmmintrin.h
/usr/lib/gcc/$(ARCH)-pc-linux-gnu/4.6.3/include/omp.h
/usr/lib/gcc/$(ARCH)-pc-linux-gnu/4.6.3/include/pmmintrin.h
/usr/lib/gcc/$(ARCH)-pc-linux-gnu/4.6.3/include/popcntintrin.h
/usr/lib/gcc/$(ARCH)-pc-linux-gnu/4.6.3/include/quadmath.h
/usr/lib/gcc/$(ARCH)-pc-linux-gnu/4.6.3/include/quadmath_weak.h
/usr/lib/gcc/$(ARCH)-pc-linux-gnu/4.6.3/include/smmintrin.h
/usr/lib/gcc/$(ARCH)-pc-linux-gnu/4.6.3/include/stdarg.h
/usr/lib/gcc/$(ARCH)-pc-linux-gnu/4.6.3/include/stdbool.h
/usr/lib/gcc/$(ARCH)-pc-linux-gnu/4.6.3/include/stddef.h
/usr/lib/gcc/$(ARCH)-pc-linux-gnu/4.6.3/include/stdfix.h
/usr/lib/gcc/$(ARCH)-pc-linux-gnu/4.6.3/include/stdint-gcc.h
/usr/lib/gcc/$(ARCH)-pc-linux-gnu/4.6.3/include/stdint.h
/usr/lib/gcc/$(ARCH)-pc-linux-gnu/4.6.3/include/tbmintrin.h
/usr/lib/gcc/$(ARCH)-pc-linux-gnu/4.6.3/include/tmmintrin.h
/usr/lib/gcc/$(ARCH)-pc-linux-gnu/4.6.3/include/unwind.h
/usr/lib/gcc/$(ARCH)-pc-linux-gnu/4.6.3/include/varargs.h
/usr/lib/gcc/$(ARCH)-pc-linux-gnu/4.6.3/include/wmmintrin.h
/usr/lib/gcc/$(ARCH)-pc-linux-gnu/4.6.3/include/x86intrin.h
/usr/lib/gcc/$(ARCH)-pc-linux-gnu/4.6.3/include/xmmintrin.h
/usr/lib/gcc/$(ARCH)-pc-linux-gnu/4.6.3/include/xopintrin.h
/usr/lib/gcc/$(ARCH)-pc-linux-gnu/4.6.3/libgcc.a
/usr/lib/gcc/$(ARCH)-pc-linux-gnu/4.6.3/libgcc_eh.a
/usr/lib/gcc/$(ARCH)-pc-linux-gnu/4.6.3/libgcc_s.so
#/usr/lib/gcc/$(ARCH)-pc-linux-gnu/4.6.3/libgcc_s.so.1
/usr/lib/gcc/$(ARCH)-pc-linux-gnu/4.6.3/libgcov.a
/usr/lib/gcc/$(ARCH)-pc-linux-gnu/4.6.3/libgfortran.a
/usr/lib/gcc/$(ARCH)-pc-linux-gnu/4.6.3/libgfortran.la
/usr/lib/gcc/$(ARCH)-pc-linux-gnu/4.6.3/libgfortran.so
/usr/lib/gcc/$(ARCH)-pc-linux-gnu/4.6.3/libgfortran.so.3
#/usr/lib/gcc/$(ARCH)-pc-linux-gnu/4.6.3/libgfortran.so.3.0.0
/usr/lib/gcc/$(ARCH)-pc-linux-gnu/4.6.3/libgfortran.spec
/usr/lib/gcc/$(ARCH)-pc-linux-gnu/4.6.3/libgfortranbegin.a
/usr/lib/gcc/$(ARCH)-pc-linux-gnu/4.6.3/libgfortranbegin.la
/usr/lib/gcc/$(ARCH)-pc-linux-gnu/4.6.3/libgomp.a
/usr/lib/gcc/$(ARCH)-pc-linux-gnu/4.6.3/libgomp.la
/usr/lib/gcc/$(ARCH)-pc-linux-gnu/4.6.3/libgomp.so
/usr/lib/gcc/$(ARCH)-pc-linux-gnu/4.6.3/libgomp.so.1
#/usr/lib/gcc/$(ARCH)-pc-linux-gnu/4.6.3/libgomp.so.1.0.0
/usr/lib/gcc/$(ARCH)-pc-linux-gnu/4.6.3/libgomp.spec
/usr/lib/gcc/$(ARCH)-pc-linux-gnu/4.6.3/libmudflap.a
/usr/lib/gcc/$(ARCH)-pc-linux-gnu/4.6.3/libmudflap.la
/usr/lib/gcc/$(ARCH)-pc-linux-gnu/4.6.3/libmudflap.so 
/usr/lib/gcc/$(ARCH)-pc-linux-gnu/4.6.3/libmudflap.so.0
#/usr/lib/gcc/$(ARCH)-pc-linux-gnu/4.6.3/libmudflap.so.0.0.0
/usr/lib/gcc/$(ARCH)-pc-linux-gnu/4.6.3/libmudflapth.a
/usr/lib/gcc/$(ARCH)-pc-linux-gnu/4.6.3/libmudflapth.la
/usr/lib/gcc/$(ARCH)-pc-linux-gnu/4.6.3/libmudflapth.so
/usr/lib/gcc/$(ARCH)-pc-linux-gnu/4.6.3/libmudflapth.so.0
#/usr/lib/gcc/$(ARCH)-pc-linux-gnu/4.6.3/libmudflapth.so.0.0.0
/usr/lib/gcc/$(ARCH)-pc-linux-gnu/4.6.3/libquadmath.a
/usr/lib/gcc/$(ARCH)-pc-linux-gnu/4.6.3/libquadmath.la
/usr/lib/gcc/$(ARCH)-pc-linux-gnu/4.6.3/libquadmath.so
/usr/lib/gcc/$(ARCH)-pc-linux-gnu/4.6.3/libquadmath.so.0
#/usr/lib/gcc/$(ARCH)-pc-linux-gnu/4.6.3/libquadmath.so.0.0.0
/usr/lib/gcc/$(ARCH)-pc-linux-gnu/4.6.3/libstdc++.a
/usr/lib/gcc/$(ARCH)-pc-linux-gnu/4.6.3/libstdc++.so
/usr/lib/gcc/$(ARCH)-pc-linux-gnu/4.6.3/libstdc++.so.6
#/usr/lib/gcc/$(ARCH)-pc-linux-gnu/4.6.3/libstdc++.so.6.0.16
/usr/lib/gcc/$(ARCH)-pc-linux-gnu/4.6.3/libsupc++.a
/usr/lib/gcc/$(ARCH)-pc-linux-gnu/4.6.3/libsupc++.la
/usr/lib/gcc/$(ARCH)-pc-linux-gnu/4.6.3/plugin/include/ada/gcc-interface/ada-tree.def
/usr/lib/gcc/$(ARCH)-pc-linux-gnu/4.6.3/plugin/include/alias.h
/usr/lib/gcc/$(ARCH)-pc-linux-gnu/4.6.3/plugin/include/all-tree.def
/usr/lib/gcc/$(ARCH)-pc-linux-gnu/4.6.3/plugin/include/ansidecl.h
/usr/lib/gcc/$(ARCH)-pc-linux-gnu/4.6.3/plugin/include/auto-host.h
/usr/lib/gcc/$(ARCH)-pc-linux-gnu/4.6.3/plugin/include/b-header-vars
/usr/lib/gcc/$(ARCH)-pc-linux-gnu/4.6.3/plugin/include/basic-block.h
/usr/lib/gcc/$(ARCH)-pc-linux-gnu/4.6.3/plugin/include/bitmap.h
/usr/lib/gcc/$(ARCH)-pc-linux-gnu/4.6.3/plugin/include/builtins.def
/usr/lib/gcc/$(ARCH)-pc-linux-gnu/4.6.3/plugin/include/bversion.h
/usr/lib/gcc/$(ARCH)-pc-linux-gnu/4.6.3/plugin/include/c-family/c-common.def
/usr/lib/gcc/$(ARCH)-pc-linux-gnu/4.6.3/plugin/include/c-family/c-common.h
/usr/lib/gcc/$(ARCH)-pc-linux-gnu/4.6.3/plugin/include/c-family/c-objc.h
/usr/lib/gcc/$(ARCH)-pc-linux-gnu/4.6.3/plugin/include/c-family/c-pragma.h
/usr/lib/gcc/$(ARCH)-pc-linux-gnu/4.6.3/plugin/include/c-family/c-pretty-print.h
/usr/lib/gcc/$(ARCH)-pc-linux-gnu/4.6.3/plugin/include/cfghooks.h
/usr/lib/gcc/$(ARCH)-pc-linux-gnu/4.6.3/plugin/include/cfgloop.h
/usr/lib/gcc/$(ARCH)-pc-linux-gnu/4.6.3/plugin/include/cgraph.h
/usr/lib/gcc/$(ARCH)-pc-linux-gnu/4.6.3/plugin/include/cif-code.def
/usr/lib/gcc/$(ARCH)-pc-linux-gnu/4.6.3/plugin/include/config.h
/usr/lib/gcc/$(ARCH)-pc-linux-gnu/4.6.3/plugin/include/config/dbxelf.h
/usr/lib/gcc/$(ARCH)-pc-linux-gnu/4.6.3/plugin/include/config/elfos.h
/usr/lib/gcc/$(ARCH)-pc-linux-gnu/4.6.3/plugin/include/config/glibc-stdint.h
/usr/lib/gcc/$(ARCH)-pc-linux-gnu/4.6.3/plugin/include/config/gnu-user.h
/usr/lib/gcc/$(ARCH)-pc-linux-gnu/4.6.3/plugin/include/config/i386/att.h
/usr/lib/gcc/$(ARCH)-pc-linux-gnu/4.6.3/plugin/include/config/i386/biarch64.h
/usr/lib/gcc/$(ARCH)-pc-linux-gnu/4.6.3/plugin/include/config/i386/i386-protos.h
/usr/lib/gcc/$(ARCH)-pc-linux-gnu/4.6.3/plugin/include/config/i386/i386.h
/usr/lib/gcc/$(ARCH)-pc-linux-gnu/4.6.3/plugin/include/config/i386/linux64.h
/usr/lib/gcc/$(ARCH)-pc-linux-gnu/4.6.3/plugin/include/config/i386/unix.h
/usr/lib/gcc/$(ARCH)-pc-linux-gnu/4.6.3/plugin/include/config/i386/x86-64.h
/usr/lib/gcc/$(ARCH)-pc-linux-gnu/4.6.3/plugin/include/config/linux-android.h
/usr/lib/gcc/$(ARCH)-pc-linux-gnu/4.6.3/plugin/include/config/linux.h
/usr/lib/gcc/$(ARCH)-pc-linux-gnu/4.6.3/plugin/include/config/vxworks-dummy.h
/usr/lib/gcc/$(ARCH)-pc-linux-gnu/4.6.3/plugin/include/configargs.h
/usr/lib/gcc/$(ARCH)-pc-linux-gnu/4.6.3/plugin/include/coretypes.h
/usr/lib/gcc/$(ARCH)-pc-linux-gnu/4.6.3/plugin/include/cp/cp-tree.def
/usr/lib/gcc/$(ARCH)-pc-linux-gnu/4.6.3/plugin/include/cp/cp-tree.h
/usr/lib/gcc/$(ARCH)-pc-linux-gnu/4.6.3/plugin/include/cp/cxx-pretty-print.h
/usr/lib/gcc/$(ARCH)-pc-linux-gnu/4.6.3/plugin/include/cp/name-lookup.h
/usr/lib/gcc/$(ARCH)-pc-linux-gnu/4.6.3/plugin/include/cppdefault.h
/usr/lib/gcc/$(ARCH)-pc-linux-gnu/4.6.3/plugin/include/cpplib.h
/usr/lib/gcc/$(ARCH)-pc-linux-gnu/4.6.3/plugin/include/debug.h
/usr/lib/gcc/$(ARCH)-pc-linux-gnu/4.6.3/plugin/include/defaults.h
/usr/lib/gcc/$(ARCH)-pc-linux-gnu/4.6.3/plugin/include/diagnostic-core.h
/usr/lib/gcc/$(ARCH)-pc-linux-gnu/4.6.3/plugin/include/diagnostic.def
/usr/lib/gcc/$(ARCH)-pc-linux-gnu/4.6.3/plugin/include/diagnostic.h
/usr/lib/gcc/$(ARCH)-pc-linux-gnu/4.6.3/plugin/include/double-int.h
/usr/lib/gcc/$(ARCH)-pc-linux-gnu/4.6.3/plugin/include/emit-rtl.h
/usr/lib/gcc/$(ARCH)-pc-linux-gnu/4.6.3/plugin/include/except.h
/usr/lib/gcc/$(ARCH)-pc-linux-gnu/4.6.3/plugin/include/filenames.h
/usr/lib/gcc/$(ARCH)-pc-linux-gnu/4.6.3/plugin/include/fixed-value.h
/usr/lib/gcc/$(ARCH)-pc-linux-gnu/4.6.3/plugin/include/flag-types.h
/usr/lib/gcc/$(ARCH)-pc-linux-gnu/4.6.3/plugin/include/flags.h
/usr/lib/gcc/$(ARCH)-pc-linux-gnu/4.6.3/plugin/include/function.h
/usr/lib/gcc/$(ARCH)-pc-linux-gnu/4.6.3/plugin/include/gcc-plugin.h
/usr/lib/gcc/$(ARCH)-pc-linux-gnu/4.6.3/plugin/include/genrtl.h
/usr/lib/gcc/$(ARCH)-pc-linux-gnu/4.6.3/plugin/include/ggc.h
/usr/lib/gcc/$(ARCH)-pc-linux-gnu/4.6.3/plugin/include/gimple.def
/usr/lib/gcc/$(ARCH)-pc-linux-gnu/4.6.3/plugin/include/gimple.h
/usr/lib/gcc/$(ARCH)-pc-linux-gnu/4.6.3/plugin/include/gsstruct.def
/usr/lib/gcc/$(ARCH)-pc-linux-gnu/4.6.3/plugin/include/gtype-desc.h
/usr/lib/gcc/$(ARCH)-pc-linux-gnu/4.6.3/plugin/include/hard-reg-set.h
/usr/lib/gcc/$(ARCH)-pc-linux-gnu/4.6.3/plugin/include/hashtab.h
/usr/lib/gcc/$(ARCH)-pc-linux-gnu/4.6.3/plugin/include/highlev-plugin-common.h
/usr/lib/gcc/$(ARCH)-pc-linux-gnu/4.6.3/plugin/include/hwint.h
/usr/lib/gcc/$(ARCH)-pc-linux-gnu/4.6.3/plugin/include/incpath.h
/usr/lib/gcc/$(ARCH)-pc-linux-gnu/4.6.3/plugin/include/input.h
/usr/lib/gcc/$(ARCH)-pc-linux-gnu/4.6.3/plugin/include/insn-constants.h
/usr/lib/gcc/$(ARCH)-pc-linux-gnu/4.6.3/plugin/include/insn-flags.h
/usr/lib/gcc/$(ARCH)-pc-linux-gnu/4.6.3/plugin/include/insn-modes.h
/usr/lib/gcc/$(ARCH)-pc-linux-gnu/4.6.3/plugin/include/insn-notes.def
/usr/lib/gcc/$(ARCH)-pc-linux-gnu/4.6.3/plugin/include/intl.h
/usr/lib/gcc/$(ARCH)-pc-linux-gnu/4.6.3/plugin/include/ipa-prop.h
/usr/lib/gcc/$(ARCH)-pc-linux-gnu/4.6.3/plugin/include/ipa-ref-inline.h
/usr/lib/gcc/$(ARCH)-pc-linux-gnu/4.6.3/plugin/include/ipa-ref.h
/usr/lib/gcc/$(ARCH)-pc-linux-gnu/4.6.3/plugin/include/ipa-reference.h
/usr/lib/gcc/$(ARCH)-pc-linux-gnu/4.6.3/plugin/include/ipa-utils.h
/usr/lib/gcc/$(ARCH)-pc-linux-gnu/4.6.3/plugin/include/java/java-tree.def
/usr/lib/gcc/$(ARCH)-pc-linux-gnu/4.6.3/plugin/include/langhooks.h
/usr/lib/gcc/$(ARCH)-pc-linux-gnu/4.6.3/plugin/include/libiberty.h
/usr/lib/gcc/$(ARCH)-pc-linux-gnu/4.6.3/plugin/include/line-map.h
/usr/lib/gcc/$(ARCH)-pc-linux-gnu/4.6.3/plugin/include/machmode.h
/usr/lib/gcc/$(ARCH)-pc-linux-gnu/4.6.3/plugin/include/md5.h
/usr/lib/gcc/$(ARCH)-pc-linux-gnu/4.6.3/plugin/include/mode-classes.def
/usr/lib/gcc/$(ARCH)-pc-linux-gnu/4.6.3/plugin/include/objc/objc-tree.def
/usr/lib/gcc/$(ARCH)-pc-linux-gnu/4.6.3/plugin/include/obstack.h
/usr/lib/gcc/$(ARCH)-pc-linux-gnu/4.6.3/plugin/include/omp-builtins.def
/usr/lib/gcc/$(ARCH)-pc-linux-gnu/4.6.3/plugin/include/options.h
/usr/lib/gcc/$(ARCH)-pc-linux-gnu/4.6.3/plugin/include/opts.h
/usr/lib/gcc/$(ARCH)-pc-linux-gnu/4.6.3/plugin/include/output.h
/usr/lib/gcc/$(ARCH)-pc-linux-gnu/4.6.3/plugin/include/params.def
/usr/lib/gcc/$(ARCH)-pc-linux-gnu/4.6.3/plugin/include/params.h
/usr/lib/gcc/$(ARCH)-pc-linux-gnu/4.6.3/plugin/include/plugin-api.h
/usr/lib/gcc/$(ARCH)-pc-linux-gnu/4.6.3/plugin/include/plugin-version.h
/usr/lib/gcc/$(ARCH)-pc-linux-gnu/4.6.3/plugin/include/plugin.def
/usr/lib/gcc/$(ARCH)-pc-linux-gnu/4.6.3/plugin/include/plugin.h
/usr/lib/gcc/$(ARCH)-pc-linux-gnu/4.6.3/plugin/include/pointer-set.h
/usr/lib/gcc/$(ARCH)-pc-linux-gnu/4.6.3/plugin/include/predict.def
/usr/lib/gcc/$(ARCH)-pc-linux-gnu/4.6.3/plugin/include/predict.h
/usr/lib/gcc/$(ARCH)-pc-linux-gnu/4.6.3/plugin/include/prefix.h
/usr/lib/gcc/$(ARCH)-pc-linux-gnu/4.6.3/plugin/include/pretty-print.h
/usr/lib/gcc/$(ARCH)-pc-linux-gnu/4.6.3/plugin/include/real.h
/usr/lib/gcc/$(ARCH)-pc-linux-gnu/4.6.3/plugin/include/reg-notes.def
/usr/lib/gcc/$(ARCH)-pc-linux-gnu/4.6.3/plugin/include/rtl.def
/usr/lib/gcc/$(ARCH)-pc-linux-gnu/4.6.3/plugin/include/rtl.h
/usr/lib/gcc/$(ARCH)-pc-linux-gnu/4.6.3/plugin/include/safe-ctype.h
/usr/lib/gcc/$(ARCH)-pc-linux-gnu/4.6.3/plugin/include/sbitmap.h
/usr/lib/gcc/$(ARCH)-pc-linux-gnu/4.6.3/plugin/include/splay-tree.h
/usr/lib/gcc/$(ARCH)-pc-linux-gnu/4.6.3/plugin/include/statistics.h
/usr/lib/gcc/$(ARCH)-pc-linux-gnu/4.6.3/plugin/include/symtab.h
/usr/lib/gcc/$(ARCH)-pc-linux-gnu/4.6.3/plugin/include/sync-builtins.def
/usr/lib/gcc/$(ARCH)-pc-linux-gnu/4.6.3/plugin/include/system.h
/usr/lib/gcc/$(ARCH)-pc-linux-gnu/4.6.3/plugin/include/target.def
/usr/lib/gcc/$(ARCH)-pc-linux-gnu/4.6.3/plugin/include/target.h
/usr/lib/gcc/$(ARCH)-pc-linux-gnu/4.6.3/plugin/include/timevar.def
/usr/lib/gcc/$(ARCH)-pc-linux-gnu/4.6.3/plugin/include/timevar.h
/usr/lib/gcc/$(ARCH)-pc-linux-gnu/4.6.3/plugin/include/tm-preds.h
/usr/lib/gcc/$(ARCH)-pc-linux-gnu/4.6.3/plugin/include/tm.h
/usr/lib/gcc/$(ARCH)-pc-linux-gnu/4.6.3/plugin/include/tm_p.h
/usr/lib/gcc/$(ARCH)-pc-linux-gnu/4.6.3/plugin/include/toplev.h
/usr/lib/gcc/$(ARCH)-pc-linux-gnu/4.6.3/plugin/include/tree-check.h
/usr/lib/gcc/$(ARCH)-pc-linux-gnu/4.6.3/plugin/include/tree-dump.h
/usr/lib/gcc/$(ARCH)-pc-linux-gnu/4.6.3/plugin/include/tree-flow-inline.h
/usr/lib/gcc/$(ARCH)-pc-linux-gnu/4.6.3/plugin/include/tree-flow.h
/usr/lib/gcc/$(ARCH)-pc-linux-gnu/4.6.3/plugin/include/tree-inline.h
/usr/lib/gcc/$(ARCH)-pc-linux-gnu/4.6.3/plugin/include/tree-iterator.h
/usr/lib/gcc/$(ARCH)-pc-linux-gnu/4.6.3/plugin/include/tree-pass.h
/usr/lib/gcc/$(ARCH)-pc-linux-gnu/4.6.3/plugin/include/tree-ssa-alias.h
/usr/lib/gcc/$(ARCH)-pc-linux-gnu/4.6.3/plugin/include/tree-ssa-operands.h
/usr/lib/gcc/$(ARCH)-pc-linux-gnu/4.6.3/plugin/include/tree-ssa-sccvn.h
/usr/lib/gcc/$(ARCH)-pc-linux-gnu/4.6.3/plugin/include/tree.def
/usr/lib/gcc/$(ARCH)-pc-linux-gnu/4.6.3/plugin/include/tree.h
/usr/lib/gcc/$(ARCH)-pc-linux-gnu/4.6.3/plugin/include/treestruct.def
/usr/lib/gcc/$(ARCH)-pc-linux-gnu/4.6.3/plugin/include/vec.h
/usr/lib/gcc/$(ARCH)-pc-linux-gnu/4.6.3/plugin/include/vecir.h
/usr/lib/gcc/$(ARCH)-pc-linux-gnu/4.6.3/plugin/include/vecprim.h
/usr/lib/gcc/$(ARCH)-pc-linux-gnu/4.6.3/plugin/include/version.h
/usr/libexec/gcc/$(ARCH)-pc-linux-gnu/4.6.3/cc1
/usr/libexec/gcc/$(ARCH)-pc-linux-gnu/4.6.3/cc1plus
/usr/libexec/gcc/$(ARCH)-pc-linux-gnu/4.6.3/collect2
/usr/libexec/gcc/$(ARCH)-pc-linux-gnu/4.6.3/f951
/usr/libexec/gcc/$(ARCH)-pc-linux-gnu/4.6.3/liblto_plugin.la
/usr/libexec/gcc/$(ARCH)-pc-linux-gnu/4.6.3/liblto_plugin.so
/usr/libexec/gcc/$(ARCH)-pc-linux-gnu/4.6.3/liblto_plugin.so.0
#/usr/libexec/gcc/$(ARCH)-pc-linux-gnu/4.6.3/liblto_plugin.so.0.0.0
/usr/libexec/gcc/$(ARCH)-pc-linux-gnu/4.6.3/lto-wrapper
/usr/libexec/gcc/$(ARCH)-pc-linux-gnu/4.6.3/lto1
/usr/share/gcc-data/$(ARCH)-pc-linux-gnu/4.6.3/c89
/usr/share/gcc-data/$(ARCH)-pc-linux-gnu/4.6.3/c99
/usr/share/gcc-data/$(ARCH)-pc-linux-gnu/4.6.3/fix_libtool_files.sh
/usr/share/gcc-data/$(ARCH)-pc-linux-gnu/4.6.3/fixlafiles.awk
/usr/share/gcc-data/$(ARCH)-pc-linux-gnu/4.6.3/info/cpp.info.bz2
/usr/share/gcc-data/$(ARCH)-pc-linux-gnu/4.6.3/info/cppinternals.info.bz2
/usr/share/gcc-data/$(ARCH)-pc-linux-gnu/4.6.3/info/gcc.info.bz2
/usr/share/gcc-data/$(ARCH)-pc-linux-gnu/4.6.3/info/gccinstall.info.bz2
/usr/share/gcc-data/$(ARCH)-pc-linux-gnu/4.6.3/info/gccint.info.bz2
/usr/share/gcc-data/$(ARCH)-pc-linux-gnu/4.6.3/info/gfortran.info.bz2
/usr/share/gcc-data/$(ARCH)-pc-linux-gnu/4.6.3/info/libgomp.info.bz2
/usr/share/gcc-data/$(ARCH)-pc-linux-gnu/4.6.3/info/libquadmath.info.bz2
/usr/share/gcc-data/$(ARCH)-pc-linux-gnu/4.6.3/locale/be/LC_MESSAGES/cpplib.mo
/usr/share/gcc-data/$(ARCH)-pc-linux-gnu/4.6.3/locale/be/LC_MESSAGES/gcc.mo
/usr/share/gcc-data/$(ARCH)-pc-linux-gnu/4.6.3/locale/ca/LC_MESSAGES/cpplib.mo
/usr/share/gcc-data/$(ARCH)-pc-linux-gnu/4.6.3/locale/da/LC_MESSAGES/cpplib.mo
/usr/share/gcc-data/$(ARCH)-pc-linux-gnu/4.6.3/locale/da/LC_MESSAGES/gcc.mo
/usr/share/gcc-data/$(ARCH)-pc-linux-gnu/4.6.3/locale/de/LC_MESSAGES/cpplib.mo
/usr/share/gcc-data/$(ARCH)-pc-linux-gnu/4.6.3/locale/de/LC_MESSAGES/gcc.mo
/usr/share/gcc-data/$(ARCH)-pc-linux-gnu/4.6.3/locale/de/LC_MESSAGES/libstdc++.mo
/usr/share/gcc-data/$(ARCH)-pc-linux-gnu/4.6.3/locale/el/LC_MESSAGES/cpplib.mo
/usr/share/gcc-data/$(ARCH)-pc-linux-gnu/4.6.3/locale/el/LC_MESSAGES/gcc.mo
/usr/share/gcc-data/$(ARCH)-pc-linux-gnu/4.6.3/locale/es/LC_MESSAGES/cpplib.mo
/usr/share/gcc-data/$(ARCH)-pc-linux-gnu/4.6.3/locale/es/LC_MESSAGES/gcc.mo
/usr/share/gcc-data/$(ARCH)-pc-linux-gnu/4.6.3/locale/fi/LC_MESSAGES/cpplib.mo
/usr/share/gcc-data/$(ARCH)-pc-linux-gnu/4.6.3/locale/fi/LC_MESSAGES/gcc.mo
/usr/share/gcc-data/$(ARCH)-pc-linux-gnu/4.6.3/locale/fr/LC_MESSAGES/cpplib.mo
/usr/share/gcc-data/$(ARCH)-pc-linux-gnu/4.6.3/locale/fr/LC_MESSAGES/gcc.mo
/usr/share/gcc-data/$(ARCH)-pc-linux-gnu/4.6.3/locale/fr/LC_MESSAGES/libstdc++.mo
/usr/share/gcc-data/$(ARCH)-pc-linux-gnu/4.6.3/locale/id/LC_MESSAGES/cpplib.mo
/usr/share/gcc-data/$(ARCH)-pc-linux-gnu/4.6.3/locale/id/LC_MESSAGES/gcc.mo
/usr/share/gcc-data/$(ARCH)-pc-linux-gnu/4.6.3/locale/ja/LC_MESSAGES/cpplib.mo
/usr/share/gcc-data/$(ARCH)-pc-linux-gnu/4.6.3/locale/ja/LC_MESSAGES/gcc.mo
/usr/share/gcc-data/$(ARCH)-pc-linux-gnu/4.6.3/locale/nl/LC_MESSAGES/cpplib.mo
/usr/share/gcc-data/$(ARCH)-pc-linux-gnu/4.6.3/locale/nl/LC_MESSAGES/gcc.mo
/usr/share/gcc-data/$(ARCH)-pc-linux-gnu/4.6.3/locale/ru/LC_MESSAGES/cpplib.mo
/usr/share/gcc-data/$(ARCH)-pc-linux-gnu/4.6.3/locale/ru/LC_MESSAGES/gcc.mo
/usr/share/gcc-data/$(ARCH)-pc-linux-gnu/4.6.3/locale/sr/LC_MESSAGES/gcc.mo
/usr/share/gcc-data/$(ARCH)-pc-linux-gnu/4.6.3/locale/sv/LC_MESSAGES/cpplib.mo
/usr/share/gcc-data/$(ARCH)-pc-linux-gnu/4.6.3/locale/sv/LC_MESSAGES/gcc.mo
/usr/share/gcc-data/$(ARCH)-pc-linux-gnu/4.6.3/locale/tr/LC_MESSAGES/cpplib.mo
/usr/share/gcc-data/$(ARCH)-pc-linux-gnu/4.6.3/locale/tr/LC_MESSAGES/gcc.mo
/usr/share/gcc-data/$(ARCH)-pc-linux-gnu/4.6.3/locale/uk/LC_MESSAGES/cpplib.mo
/usr/share/gcc-data/$(ARCH)-pc-linux-gnu/4.6.3/locale/vi/LC_MESSAGES/cpplib.mo
/usr/share/gcc-data/$(ARCH)-pc-linux-gnu/4.6.3/locale/vi/LC_MESSAGES/gcc.mo
/usr/share/gcc-data/$(ARCH)-pc-linux-gnu/4.6.3/locale/zh_CN/LC_MESSAGES/cpplib.mo
/usr/share/gcc-data/$(ARCH)-pc-linux-gnu/4.6.3/locale/zh_CN/LC_MESSAGES/gcc.mo
/usr/share/gcc-data/$(ARCH)-pc-linux-gnu/4.6.3/locale/zh_TW/LC_MESSAGES/cpplib.mo
/usr/share/gcc-data/$(ARCH)-pc-linux-gnu/4.6.3/locale/zh_TW/LC_MESSAGES/gcc.mo
/usr/share/gcc-data/$(ARCH)-pc-linux-gnu/4.6.3/man/man1/cpp.1.bz2
/usr/share/gcc-data/$(ARCH)-pc-linux-gnu/4.6.3/man/man1/g++.1.bz2
/usr/share/gcc-data/$(ARCH)-pc-linux-gnu/4.6.3/man/man1/gcc.1.bz2
/usr/share/gcc-data/$(ARCH)-pc-linux-gnu/4.6.3/man/man1/gcov.1.bz2
/usr/share/gcc-data/$(ARCH)-pc-linux-gnu/4.6.3/man/man1/gfortran.1.bz2
/usr/share/gcc-data/$(ARCH)-pc-linux-gnu/4.6.3/man/man7/fsf-funding.7.bz2
/usr/share/gcc-data/$(ARCH)-pc-linux-gnu/4.6.3/man/man7/gfdl.7.bz2
/usr/share/gcc-data/$(ARCH)-pc-linux-gnu/4.6.3/man/man7/gpl.7.bz2
/usr/share/gcc-data/$(ARCH)-pc-linux-gnu/4.6.3/python/libstdcxx/__init__.py
/usr/share/gcc-data/$(ARCH)-pc-linux-gnu/4.6.3/python/libstdcxx/v6/__init__.py
/usr/share/gcc-data/$(ARCH)-pc-linux-gnu/4.6.3/python/libstdcxx/v6/printers.py
/usr/share/gdb/auto-load/usr/lib64/gcc/$(ARCH)-pc-linux-gnu/4.6.3/32/libstdc++.so.6.0.16-gdb.py
/usr/share/gdb/auto-load/usr/lib64/gcc/$(ARCH)-pc-linux-gnu/4.6.3/libstdc++.so.6.0.16-gdb.py
/usr/$(ARCH)-pc-linux-gnu/gcc-bin/4.6.3/c++
/usr/$(ARCH)-pc-linux-gnu/gcc-bin/4.6.3/cpp
/usr/$(ARCH)-pc-linux-gnu/gcc-bin/4.6.3/g++
/usr/$(ARCH)-pc-linux-gnu/gcc-bin/4.6.3/gcc
/usr/$(ARCH)-pc-linux-gnu/gcc-bin/4.6.3/gcov
/usr/$(ARCH)-pc-linux-gnu/gcc-bin/4.6.3/gfortran
#/usr/$(ARCH)-pc-linux-gnu/gcc-bin/4.6.3/$(ARCH)-pc-linux-gnu-c++
#/usr/$(ARCH)-pc-linux-gnu/gcc-bin/4.6.3/$(ARCH)-pc-linux-gnu-cpp
#/usr/$(ARCH)-pc-linux-gnu/gcc-bin/4.6.3/$(ARCH)-pc-linux-gnu-g++
#/usr/$(ARCH)-pc-linux-gnu/gcc-bin/4.6.3/$(ARCH)-pc-linux-gnu-gcc
/usr/$(ARCH)-pc-linux-gnu/gcc-bin/4.6.3/$(ARCH)-pc-linux-gnu-gcc-4.6.3
#/usr/$(ARCH)-pc-linux-gnu/gcc-bin/4.6.3/$(ARCH)-pc-linux-gnu-gcov
#/usr/$(ARCH)-pc-linux-gnu/gcc-bin/4.6.3/$(ARCH)-pc-linux-gnu-gfortran

/usr/bin/make
/usr/bin/install
/usr/bin/patch
/usr/bin/as
/usr/bin/ld
/usr/bin/nm
/usr/bin/scanelf
/usr/bin/strip

# bison etc (for binutils)
/usr/bin/bison
/usr/bin/m4
/usr/share/bison/m4sugar/foreach.m4
/usr/share/bison/m4sugar/m4sugar.m4
/usr/share/bison/bison.m4
/usr/share/bison/c-skel.m4
/usr/share/bison/yacc.c
/usr/share/bison/c.m4

/usr/lib/misc/gcc-config

# GMP MPFR MPC
/usr/include/gmp.h
/usr/include/gmpxx.h
/usr/include/mpf2mpfr.h
/usr/include/mpfr.h
/usr/include/mpf2mpfr.h
/usr/include/mpfr.h
/usr/include/mpc.h
/usr/lib/libgmp.so
/usr/lib/libmpfr.so
/usr/lib/libmpc.so
/usr/lib/libmpc.so.2

# pkgconfig
/usr/bin/pkg-config
/usr/share/aclocal/pkg.m4

# others
/usr/include/zlib.h
/usr/include/zconf.h

/usr/lib/libz.so
/usr/lib/libcrypt.so

