#require libwww-perl.lst
#require PlRPC.lst
#require Crypt-SSLeay.lst

#portage dev-perl/Net-Daemon-0.480.0-r1

# perl-core/Storable is included in perl?
# perl-core/File-Spec is included in perl
# perl-core/Sys-Syslog is a part of perl

#portage dev-perl/DBI-1.628.0
#portage dev-perl/DBD-mysql-4.20.0-r1
#portage dev-perl/LWP-MediaTypes-6.20.0-r1
#portage dev-perl/XML-NamespaceSupport-1.110.0-r1
#portage dev-perl/Encode-Locale-1.30.0-r1
#portage dev-perl/XML-Parser-2.410.0-r2
#portage dev-perl/Heap-0.800.0-r1
#portage dev-perl/IO-String-1.80.0-r1
#portage dev-perl/TimeDate-2.300.0

#portage dev-perl/Net-SMTP-TLS-0.120.0-r2
#portage dev-perl/Digest-HMAC-1.30.0-r1

#portage dev-perl/Authen-SASL-2.160.0-r1

#require io-socket-ssl.lst
#require net-smtp-ssl.lst

#portage dev-perl/File-NFSLock-1.210.0-r1
#portage dev-perl/HTML-Tagset-3.200.0-r1
#portage dev-perl/Class-Data-Inheritable-0.80.0-r1
#portage dev-perl/XML-SAX-Base-1.80.0-r1
#portage dev-perl/Class-Singleton-1.400.0-r1
#portage dev-perl/string-crc32-1.400.0-r1
#portage dev-perl/IO-Tty-1.120.0
#portage dev-perl/data-buffer-0.40.0-r1
#portage dev-perl/File-Which-1.90.0-r1
##portage perl-core/IO-1.25-r1 is included in perl itself?
#portage dev-perl/Mail-Sendmail-0.790.0-r1

#portage dev-perl/Digest-SHA1-2.130.0-r1
#portage dev-perl/URI-1.600.0-r1
#portage dev-perl/HTML-Parser-3.710.0-r1
#portage dev-perl/XML-SAX-0.990.0-r1
#portage dev-perl/XML-SAX-0.990.0-r1

#require ipc-run.lst

#portage dev-perl/Archive-Zip-1.370.0

#require perl-cache-memcached.lst

#portage dev-perl/HTTP-Date-6.20.0-r1
#portage dev-perl/Net-HTTP-6.60.0
#portage dev-perl/LWP-Authen-Wsse-0.50.0-r1
#portage dev-perl/XML-LibXML-2.1.400-r1
#portage dev-perl/WWW-RobotRules-6.20.0
#portage dev-perl/GD-2.460.0-r1
#portage dev-perl/Cache-2.40.0-r1
#portage dev-perl/HTTP-Message-6.30.0-r1
#portage dev-perl/File-Listing-6.40.0-r1
#portage dev-perl/HTTP-Cookies-6.0.1-r1
#portage dev-perl/HTTP-Daemon-6.10.0-r1
#portage dev-perl/HTTP-Negotiate-6.0.1-r1
#portage dev-perl/Crypt-SSLeay-0.640.0
#portage perl-core/Math-BigInt-1.999.300
##portage perl-core/bignum-0.300.0-r1 is included
#portage dev-perl/crypt-dsa-1.170.0
#portage dev-perl/LWP-Protocol-https-6.30.0-r1
#portage perl-core/Module-Build-0.420.500
#portage dev-perl/Params-Validate-1.70.0-r1

#require xml-atom.lst

