#require ruby19.lst
/usr/bin/nokogiri
/usr/lib64/ruby/gems/1.9.1/gems/nokogiri-1.5.2/bin/nokogiri
/usr/lib64/ruby/gems/1.9.1/gems/nokogiri-1.5.2/lib/isorelax.jar
/usr/lib64/ruby/gems/1.9.1/gems/nokogiri-1.5.2/lib/jing.jar
/usr/lib64/ruby/gems/1.9.1/gems/nokogiri-1.5.2/lib/nekodtd.jar
/usr/lib64/ruby/gems/1.9.1/gems/nokogiri-1.5.2/lib/nekohtml.jar
/usr/lib64/ruby/gems/1.9.1/gems/nokogiri-1.5.2/lib/nokogiri.rb
/usr/lib64/ruby/gems/1.9.1/gems/nokogiri-1.5.2/lib/nokogiri/css.rb
/usr/lib64/ruby/gems/1.9.1/gems/nokogiri-1.5.2/lib/nokogiri/css/node.rb
/usr/lib64/ruby/gems/1.9.1/gems/nokogiri-1.5.2/lib/nokogiri/css/parser.rb
/usr/lib64/ruby/gems/1.9.1/gems/nokogiri-1.5.2/lib/nokogiri/css/parser.y
/usr/lib64/ruby/gems/1.9.1/gems/nokogiri-1.5.2/lib/nokogiri/css/parser_extras.rb
/usr/lib64/ruby/gems/1.9.1/gems/nokogiri-1.5.2/lib/nokogiri/css/syntax_error.rb
/usr/lib64/ruby/gems/1.9.1/gems/nokogiri-1.5.2/lib/nokogiri/css/tokenizer.rb
/usr/lib64/ruby/gems/1.9.1/gems/nokogiri-1.5.2/lib/nokogiri/css/tokenizer.rex
/usr/lib64/ruby/gems/1.9.1/gems/nokogiri-1.5.2/lib/nokogiri/css/xpath_visitor.rb
/usr/lib64/ruby/gems/1.9.1/gems/nokogiri-1.5.2/lib/nokogiri/decorators/slop.rb
/usr/lib64/ruby/gems/1.9.1/gems/nokogiri-1.5.2/lib/nokogiri/html.rb
/usr/lib64/ruby/gems/1.9.1/gems/nokogiri-1.5.2/lib/nokogiri/html/builder.rb
/usr/lib64/ruby/gems/1.9.1/gems/nokogiri-1.5.2/lib/nokogiri/html/document.rb
/usr/lib64/ruby/gems/1.9.1/gems/nokogiri-1.5.2/lib/nokogiri/html/document_fragment.rb
/usr/lib64/ruby/gems/1.9.1/gems/nokogiri-1.5.2/lib/nokogiri/html/element_description.rb
/usr/lib64/ruby/gems/1.9.1/gems/nokogiri-1.5.2/lib/nokogiri/html/element_description_defaults.rb
/usr/lib64/ruby/gems/1.9.1/gems/nokogiri-1.5.2/lib/nokogiri/html/entity_lookup.rb
/usr/lib64/ruby/gems/1.9.1/gems/nokogiri-1.5.2/lib/nokogiri/html/sax/parser.rb
/usr/lib64/ruby/gems/1.9.1/gems/nokogiri-1.5.2/lib/nokogiri/html/sax/parser_context.rb
/usr/lib64/ruby/gems/1.9.1/gems/nokogiri-1.5.2/lib/nokogiri/html/sax/push_parser.rb
/usr/lib64/ruby/gems/1.9.1/gems/nokogiri-1.5.2/lib/nokogiri/nokogiri.so
/usr/lib64/ruby/gems/1.9.1/gems/nokogiri-1.5.2/lib/nokogiri/syntax_error.rb
/usr/lib64/ruby/gems/1.9.1/gems/nokogiri-1.5.2/lib/nokogiri/version.rb
/usr/lib64/ruby/gems/1.9.1/gems/nokogiri-1.5.2/lib/nokogiri/xml.rb
/usr/lib64/ruby/gems/1.9.1/gems/nokogiri-1.5.2/lib/nokogiri/xml/attr.rb
/usr/lib64/ruby/gems/1.9.1/gems/nokogiri-1.5.2/lib/nokogiri/xml/attribute_decl.rb
/usr/lib64/ruby/gems/1.9.1/gems/nokogiri-1.5.2/lib/nokogiri/xml/builder.rb
/usr/lib64/ruby/gems/1.9.1/gems/nokogiri-1.5.2/lib/nokogiri/xml/cdata.rb
/usr/lib64/ruby/gems/1.9.1/gems/nokogiri-1.5.2/lib/nokogiri/xml/character_data.rb
/usr/lib64/ruby/gems/1.9.1/gems/nokogiri-1.5.2/lib/nokogiri/xml/document.rb
/usr/lib64/ruby/gems/1.9.1/gems/nokogiri-1.5.2/lib/nokogiri/xml/document_fragment.rb
/usr/lib64/ruby/gems/1.9.1/gems/nokogiri-1.5.2/lib/nokogiri/xml/dtd.rb
/usr/lib64/ruby/gems/1.9.1/gems/nokogiri-1.5.2/lib/nokogiri/xml/element_content.rb
/usr/lib64/ruby/gems/1.9.1/gems/nokogiri-1.5.2/lib/nokogiri/xml/element_decl.rb
/usr/lib64/ruby/gems/1.9.1/gems/nokogiri-1.5.2/lib/nokogiri/xml/entity_decl.rb
/usr/lib64/ruby/gems/1.9.1/gems/nokogiri-1.5.2/lib/nokogiri/xml/namespace.rb
/usr/lib64/ruby/gems/1.9.1/gems/nokogiri-1.5.2/lib/nokogiri/xml/node.rb
/usr/lib64/ruby/gems/1.9.1/gems/nokogiri-1.5.2/lib/nokogiri/xml/node/save_options.rb
/usr/lib64/ruby/gems/1.9.1/gems/nokogiri-1.5.2/lib/nokogiri/xml/node_set.rb
/usr/lib64/ruby/gems/1.9.1/gems/nokogiri-1.5.2/lib/nokogiri/xml/notation.rb
/usr/lib64/ruby/gems/1.9.1/gems/nokogiri-1.5.2/lib/nokogiri/xml/parse_options.rb
/usr/lib64/ruby/gems/1.9.1/gems/nokogiri-1.5.2/lib/nokogiri/xml/pp.rb
/usr/lib64/ruby/gems/1.9.1/gems/nokogiri-1.5.2/lib/nokogiri/xml/pp/character_data.rb
/usr/lib64/ruby/gems/1.9.1/gems/nokogiri-1.5.2/lib/nokogiri/xml/pp/node.rb
/usr/lib64/ruby/gems/1.9.1/gems/nokogiri-1.5.2/lib/nokogiri/xml/processing_instruction.rb
/usr/lib64/ruby/gems/1.9.1/gems/nokogiri-1.5.2/lib/nokogiri/xml/reader.rb
/usr/lib64/ruby/gems/1.9.1/gems/nokogiri-1.5.2/lib/nokogiri/xml/relax_ng.rb
/usr/lib64/ruby/gems/1.9.1/gems/nokogiri-1.5.2/lib/nokogiri/xml/sax.rb
/usr/lib64/ruby/gems/1.9.1/gems/nokogiri-1.5.2/lib/nokogiri/xml/sax/document.rb
/usr/lib64/ruby/gems/1.9.1/gems/nokogiri-1.5.2/lib/nokogiri/xml/sax/parser.rb
/usr/lib64/ruby/gems/1.9.1/gems/nokogiri-1.5.2/lib/nokogiri/xml/sax/parser_context.rb
/usr/lib64/ruby/gems/1.9.1/gems/nokogiri-1.5.2/lib/nokogiri/xml/sax/push_parser.rb
/usr/lib64/ruby/gems/1.9.1/gems/nokogiri-1.5.2/lib/nokogiri/xml/schema.rb
/usr/lib64/ruby/gems/1.9.1/gems/nokogiri-1.5.2/lib/nokogiri/xml/syntax_error.rb
/usr/lib64/ruby/gems/1.9.1/gems/nokogiri-1.5.2/lib/nokogiri/xml/text.rb
/usr/lib64/ruby/gems/1.9.1/gems/nokogiri-1.5.2/lib/nokogiri/xml/xpath.rb
/usr/lib64/ruby/gems/1.9.1/gems/nokogiri-1.5.2/lib/nokogiri/xml/xpath/syntax_error.rb
/usr/lib64/ruby/gems/1.9.1/gems/nokogiri-1.5.2/lib/nokogiri/xml/xpath_context.rb
/usr/lib64/ruby/gems/1.9.1/gems/nokogiri-1.5.2/lib/nokogiri/xslt.rb
/usr/lib64/ruby/gems/1.9.1/gems/nokogiri-1.5.2/lib/nokogiri/xslt/stylesheet.rb
/usr/lib64/ruby/gems/1.9.1/gems/nokogiri-1.5.2/lib/xercesImpl.jar
/usr/lib64/ruby/gems/1.9.1/gems/nokogiri-1.5.2/lib/xsd/xmlparser/nokogiri.rb
/usr/lib64/ruby/gems/1.9.1/specifications/nokogiri-1.5.2.gemspec

