#require ruby19.lst
#require apache.lst

# daemon_controller
/usr/lib/ruby/gems/1.9.1/gems/daemon_controller-1.1.1/lib/daemon_controller.rb
/usr/lib/ruby/gems/1.9.1/gems/daemon_controller-1.1.1/lib/daemon_controller/lock_file.rb
/usr/lib/ruby/gems/1.9.1/gems/daemon_controller-1.1.1/lib/daemon_controller/spawn.rb
/usr/lib/ruby/gems/1.9.1/gems/daemon_controller-1.1.1/lib/daemon_controller/version.rb
/usr/lib/ruby/gems/1.9.1/specifications/daemon_controller-1.1.1.gemspec

# passenger
/etc/apache2/modules.d/30_mod_passenger.conf
/usr/bin/passenger
#/usr/bin/passenger-config
#/usr/bin/passenger-install-nginx-module
/usr/lib/apache2/modules/mod_passenger.so
/usr/lib/ruby/site_ruby/1.9.1/$(ARCH)-linux/passenger_native_support.so
/usr/lib/ruby/site_ruby/1.9.1/phusion_passenger.rb
/usr/lib/ruby/site_ruby/1.9.1/phusion_passenger/abstract_installer.rb
/usr/lib/ruby/site_ruby/1.9.1/phusion_passenger/abstract_request_handler.rb
/usr/lib/ruby/site_ruby/1.9.1/phusion_passenger/abstract_server.rb
/usr/lib/ruby/site_ruby/1.9.1/phusion_passenger/abstract_server_collection.rb
/usr/lib/ruby/site_ruby/1.9.1/phusion_passenger/admin_tools.rb
/usr/lib/ruby/site_ruby/1.9.1/phusion_passenger/admin_tools/memory_stats.rb
/usr/lib/ruby/site_ruby/1.9.1/phusion_passenger/admin_tools/server_instance.rb
/usr/lib/ruby/site_ruby/1.9.1/phusion_passenger/analytics_logger.rb
/usr/lib/ruby/site_ruby/1.9.1/phusion_passenger/app_process.rb
/usr/lib/ruby/site_ruby/1.9.1/phusion_passenger/classic_rails/application_spawner.rb
/usr/lib/ruby/site_ruby/1.9.1/phusion_passenger/classic_rails/cgi_fixed.rb
/usr/lib/ruby/site_ruby/1.9.1/phusion_passenger/classic_rails/framework_spawner.rb
/usr/lib/ruby/site_ruby/1.9.1/phusion_passenger/classic_rails/request_handler.rb
/usr/lib/ruby/site_ruby/1.9.1/phusion_passenger/classic_rails_extensions/analytics_logging/ac_base_extension.rb
/usr/lib/ruby/site_ruby/1.9.1/phusion_passenger/classic_rails_extensions/analytics_logging/ac_benchmarking_extension.rb
/usr/lib/ruby/site_ruby/1.9.1/phusion_passenger/classic_rails_extensions/analytics_logging/ac_rescue_extension.rb
/usr/lib/ruby/site_ruby/1.9.1/phusion_passenger/classic_rails_extensions/analytics_logging/ar_abstract_adapter_extension.rb
/usr/lib/ruby/site_ruby/1.9.1/phusion_passenger/classic_rails_extensions/analytics_logging/as_cache_extension.rb
/usr/lib/ruby/site_ruby/1.9.1/phusion_passenger/classic_rails_extensions/analytics_logging/av_benchmark_helper_extension.rb
/usr/lib/ruby/site_ruby/1.9.1/phusion_passenger/classic_rails_extensions/init.rb
/usr/lib/ruby/site_ruby/1.9.1/phusion_passenger/console_text_template.rb
/usr/lib/ruby/site_ruby/1.9.1/phusion_passenger/constants.rb
/usr/lib/ruby/site_ruby/1.9.1/phusion_passenger/debug_logging.rb
/usr/lib/ruby/site_ruby/1.9.1/phusion_passenger/dependencies.rb
/usr/lib/ruby/site_ruby/1.9.1/phusion_passenger/exceptions.rb
/usr/lib/ruby/site_ruby/1.9.1/phusion_passenger/html_template.rb
/usr/lib/ruby/site_ruby/1.9.1/phusion_passenger/message_channel.rb
/usr/lib/ruby/site_ruby/1.9.1/phusion_passenger/message_client.rb
/usr/lib/ruby/site_ruby/1.9.1/phusion_passenger/native_support.rb
/usr/lib/ruby/site_ruby/1.9.1/phusion_passenger/packaging.rb
/usr/lib/ruby/site_ruby/1.9.1/phusion_passenger/platform_info.rb
/usr/lib/ruby/site_ruby/1.9.1/phusion_passenger/platform_info/apache.rb
/usr/lib/ruby/site_ruby/1.9.1/phusion_passenger/platform_info/binary_compatibility.rb
/usr/lib/ruby/site_ruby/1.9.1/phusion_passenger/platform_info/compiler.rb
/usr/lib/ruby/site_ruby/1.9.1/phusion_passenger/platform_info/curl.rb
/usr/lib/ruby/site_ruby/1.9.1/phusion_passenger/platform_info/linux.rb
/usr/lib/ruby/site_ruby/1.9.1/phusion_passenger/platform_info/operating_system.rb
/usr/lib/ruby/site_ruby/1.9.1/phusion_passenger/platform_info/ruby.rb
/usr/lib/ruby/site_ruby/1.9.1/phusion_passenger/platform_info/zlib.rb
/usr/lib/ruby/site_ruby/1.9.1/phusion_passenger/plugin.rb
/usr/lib/ruby/site_ruby/1.9.1/phusion_passenger/public_api.rb
/usr/lib/ruby/site_ruby/1.9.1/phusion_passenger/rack/application_spawner.rb
/usr/lib/ruby/site_ruby/1.9.1/phusion_passenger/rack/request_handler.rb
/usr/lib/ruby/site_ruby/1.9.1/phusion_passenger/rails3_extensions/init.rb
/usr/lib/ruby/site_ruby/1.9.1/phusion_passenger/simple_benchmarking.rb
/usr/lib/ruby/site_ruby/1.9.1/phusion_passenger/spawn_manager.rb
/usr/lib/ruby/site_ruby/1.9.1/phusion_passenger/standalone/app_finder.rb
/usr/lib/ruby/site_ruby/1.9.1/phusion_passenger/standalone/command.rb
/usr/lib/ruby/site_ruby/1.9.1/phusion_passenger/standalone/config_file.rb
/usr/lib/ruby/site_ruby/1.9.1/phusion_passenger/standalone/help_command.rb
/usr/lib/ruby/site_ruby/1.9.1/phusion_passenger/standalone/main.rb
/usr/lib/ruby/site_ruby/1.9.1/phusion_passenger/standalone/package_runtime_command.rb
/usr/lib/ruby/site_ruby/1.9.1/phusion_passenger/standalone/runtime_installer.rb
/usr/lib/ruby/site_ruby/1.9.1/phusion_passenger/standalone/start_command.rb
/usr/lib/ruby/site_ruby/1.9.1/phusion_passenger/standalone/status_command.rb
/usr/lib/ruby/site_ruby/1.9.1/phusion_passenger/standalone/stop_command.rb
/usr/lib/ruby/site_ruby/1.9.1/phusion_passenger/standalone/utils.rb
/usr/lib/ruby/site_ruby/1.9.1/phusion_passenger/standalone/version_command.rb
/usr/lib/ruby/site_ruby/1.9.1/phusion_passenger/templates/apache2/apache_must_be_compiled_with_compatible_mpm.txt.erb
/usr/lib/ruby/site_ruby/1.9.1/phusion_passenger/templates/apache2/config_snippets.txt.erb
/usr/lib/ruby/site_ruby/1.9.1/phusion_passenger/templates/apache2/deployment_example.txt.erb
/usr/lib/ruby/site_ruby/1.9.1/phusion_passenger/templates/apache2/no_write_permission_to_passenger_root.txt.erb
/usr/lib/ruby/site_ruby/1.9.1/phusion_passenger/templates/apache2/possible_solutions_for_compilation_and_installation_problems.txt.erb
/usr/lib/ruby/site_ruby/1.9.1/phusion_passenger/templates/apache2/run_installer_as_root.txt.erb
/usr/lib/ruby/site_ruby/1.9.1/phusion_passenger/templates/apache2/welcome.txt.erb
/usr/lib/ruby/site_ruby/1.9.1/phusion_passenger/templates/app_exited_during_initialization.html.erb
/usr/lib/ruby/site_ruby/1.9.1/phusion_passenger/templates/app_init_error.html.erb
/usr/lib/ruby/site_ruby/1.9.1/phusion_passenger/templates/database_error.html.erb
/usr/lib/ruby/site_ruby/1.9.1/phusion_passenger/templates/error_layout.css
/usr/lib/ruby/site_ruby/1.9.1/phusion_passenger/templates/error_layout.html.erb
/usr/lib/ruby/site_ruby/1.9.1/phusion_passenger/templates/framework_init_error.html.erb
/usr/lib/ruby/site_ruby/1.9.1/phusion_passenger/templates/general_error.html.erb
/usr/lib/ruby/site_ruby/1.9.1/phusion_passenger/templates/load_error.html.erb
/usr/lib/ruby/site_ruby/1.9.1/phusion_passenger/templates/nginx/ask_for_extra_configure_flags.txt.erb
/usr/lib/ruby/site_ruby/1.9.1/phusion_passenger/templates/nginx/cannot_write_to_dir.txt.erb
/usr/lib/ruby/site_ruby/1.9.1/phusion_passenger/templates/nginx/config_snippets.txt.erb
/usr/lib/ruby/site_ruby/1.9.1/phusion_passenger/templates/nginx/config_snippets_inserted.txt.erb
/usr/lib/ruby/site_ruby/1.9.1/phusion_passenger/templates/nginx/confirm_extra_configure_flags.txt.erb
/usr/lib/ruby/site_ruby/1.9.1/phusion_passenger/templates/nginx/deployment_example.txt.erb
/usr/lib/ruby/site_ruby/1.9.1/phusion_passenger/templates/nginx/pcre_could_not_be_downloaded.txt.erb
/usr/lib/ruby/site_ruby/1.9.1/phusion_passenger/templates/nginx/pcre_could_not_be_extracted.txt.erb
/usr/lib/ruby/site_ruby/1.9.1/phusion_passenger/templates/nginx/possible_solutions_for_compilation_and_installation_problems.txt.erb
/usr/lib/ruby/site_ruby/1.9.1/phusion_passenger/templates/nginx/possible_solutions_for_download_and_extraction_problems.txt.erb
/usr/lib/ruby/site_ruby/1.9.1/phusion_passenger/templates/nginx/query_download_and_install.txt.erb
/usr/lib/ruby/site_ruby/1.9.1/phusion_passenger/templates/nginx/run_installer_as_root.txt.erb
/usr/lib/ruby/site_ruby/1.9.1/phusion_passenger/templates/nginx/welcome.txt.erb
/usr/lib/ruby/site_ruby/1.9.1/phusion_passenger/templates/standalone/cannot_write_to_dir.txt.erb
/usr/lib/ruby/site_ruby/1.9.1/phusion_passenger/templates/standalone/config.erb
/usr/lib/ruby/site_ruby/1.9.1/phusion_passenger/templates/standalone/possible_solutions_for_download_and_extraction_problems.txt.erb
/usr/lib/ruby/site_ruby/1.9.1/phusion_passenger/templates/standalone/run_installer_as_root.txt.erb
/usr/lib/ruby/site_ruby/1.9.1/phusion_passenger/templates/standalone/welcome.txt.erb
/usr/lib/ruby/site_ruby/1.9.1/phusion_passenger/templates/standalone_default_root/index.html
/usr/lib/ruby/site_ruby/1.9.1/phusion_passenger/templates/version_not_found.html.erb
/usr/lib/ruby/site_ruby/1.9.1/phusion_passenger/utils.rb
/usr/lib/ruby/site_ruby/1.9.1/phusion_passenger/utils/file_system_watcher.rb
/usr/lib/ruby/site_ruby/1.9.1/phusion_passenger/utils/hosts_file_parser.rb
/usr/lib/ruby/site_ruby/1.9.1/phusion_passenger/utils/rewindable_input.rb
/usr/lib/ruby/site_ruby/1.9.1/phusion_passenger/utils/tmpdir.rb
/usr/lib/ruby/site_ruby/1.9.1/phusion_passenger/utils/unseekable_socket.rb
/usr/lib/ruby/site_ruby/1.9.1/phusion_passenger/wsgi/application_spawner.rb
/usr/lib/ruby/site_ruby/1.9.1/phusion_passenger/wsgi/request_handler.py
/usr/libexec/phusion-passenger/agents/PassengerLoggingAgent
/usr/libexec/phusion-passenger/agents/PassengerWatchdog
/usr/libexec/phusion-passenger/agents/apache2/PassengerHelperAgent
/usr/libexec/phusion-passenger/agents/nginx/PassengerHelperAgent
/usr/sbin/passenger-memory-stats
/usr/sbin/passenger-status
/usr/share/phusion-passenger/helper-scripts/passenger-spawn-server
/usr/share/phusion-passenger/helper-scripts/prespawn
/usr/share/phusion-passenger/mime.types
/usr/share/phusion-passenger/union_station_gateway.crt

/etc/conf.d/apache2
#sed /etc/conf.d/apache2 s/^\(APACHE2_OPTS=.*\)\"$/\1 -D PASSENGER"/
