#require php54.lst
#require postgresql.lst
/usr/share/webapps/phppgadmin/5.0.4/config-files
/usr/share/webapps/phppgadmin/5.0.4/htdocs/admin.php
/usr/share/webapps/phppgadmin/5.0.4/htdocs/aggregates.php
/usr/share/webapps/phppgadmin/5.0.4/htdocs/ajax-ac-insert.php
/usr/share/webapps/phppgadmin/5.0.4/htdocs/all_db.php
/usr/share/webapps/phppgadmin/5.0.4/htdocs/browser.php
/usr/share/webapps/phppgadmin/5.0.4/htdocs/build_tests.php
/usr/share/webapps/phppgadmin/5.0.4/htdocs/casts.php
/usr/share/webapps/phppgadmin/5.0.4/htdocs/classes/ArrayRecordSet.php
/usr/share/webapps/phppgadmin/5.0.4/htdocs/classes/Gui.php
/usr/share/webapps/phppgadmin/5.0.4/htdocs/classes/Misc.php
/usr/share/webapps/phppgadmin/5.0.4/htdocs/classes/Reports.php
/usr/share/webapps/phppgadmin/5.0.4/htdocs/classes/class.select.php
/usr/share/webapps/phppgadmin/5.0.4/htdocs/classes/database/ADODB_base.php
/usr/share/webapps/phppgadmin/5.0.4/htdocs/classes/database/Connection.php
/usr/share/webapps/phppgadmin/5.0.4/htdocs/classes/database/Postgres.php
/usr/share/webapps/phppgadmin/5.0.4/htdocs/classes/database/Postgres74.php
/usr/share/webapps/phppgadmin/5.0.4/htdocs/classes/database/Postgres80.php
/usr/share/webapps/phppgadmin/5.0.4/htdocs/classes/database/Postgres81.php
/usr/share/webapps/phppgadmin/5.0.4/htdocs/classes/database/Postgres82.php
/usr/share/webapps/phppgadmin/5.0.4/htdocs/classes/database/Postgres83.php
/usr/share/webapps/phppgadmin/5.0.4/htdocs/classes/database/Postgres84.php
/usr/share/webapps/phppgadmin/5.0.4/htdocs/classes/plugins/Plugin.php
/usr/share/webapps/phppgadmin/5.0.4/htdocs/classes/plugins/Slony.php
/usr/share/webapps/phppgadmin/5.0.4/htdocs/colproperties.php
/usr/share/webapps/phppgadmin/5.0.4/htdocs/conf/config.inc.php
/usr/share/webapps/phppgadmin/5.0.4/htdocs/constraints.php
/usr/share/webapps/phppgadmin/5.0.4/htdocs/conversions.php
/usr/share/webapps/phppgadmin/5.0.4/htdocs/database.php
/usr/share/webapps/phppgadmin/5.0.4/htdocs/dataexport.php
/usr/share/webapps/phppgadmin/5.0.4/htdocs/dataimport.php
/usr/share/webapps/phppgadmin/5.0.4/htdocs/dbexport.php
/usr/share/webapps/phppgadmin/5.0.4/htdocs/display.php
/usr/share/webapps/phppgadmin/5.0.4/htdocs/domains.php
/usr/share/webapps/phppgadmin/5.0.4/htdocs/fulltext.php
/usr/share/webapps/phppgadmin/5.0.4/htdocs/functions.js
/usr/share/webapps/phppgadmin/5.0.4/htdocs/functions.php
/usr/share/webapps/phppgadmin/5.0.4/htdocs/groups.php
/usr/share/webapps/phppgadmin/5.0.4/htdocs/help.php
/usr/share/webapps/phppgadmin/5.0.4/htdocs/help/PostgresDoc74.php
/usr/share/webapps/phppgadmin/5.0.4/htdocs/help/PostgresDoc80.php
/usr/share/webapps/phppgadmin/5.0.4/htdocs/help/PostgresDoc81.php
/usr/share/webapps/phppgadmin/5.0.4/htdocs/help/PostgresDoc82.php
/usr/share/webapps/phppgadmin/5.0.4/htdocs/help/PostgresDoc83.php
/usr/share/webapps/phppgadmin/5.0.4/htdocs/help/PostgresDoc84.php
/usr/share/webapps/phppgadmin/5.0.4/htdocs/help/PostgresDoc90.php
/usr/share/webapps/phppgadmin/5.0.4/htdocs/history.php
/usr/share/webapps/phppgadmin/5.0.4/htdocs/images/themes/cappuccino/Lminus.png
/usr/share/webapps/phppgadmin/5.0.4/htdocs/images/themes/cappuccino/Lplus.png
/usr/share/webapps/phppgadmin/5.0.4/htdocs/images/themes/cappuccino/Tminus.png
/usr/share/webapps/phppgadmin/5.0.4/htdocs/images/themes/cappuccino/Tplus.png
/usr/share/webapps/phppgadmin/5.0.4/htdocs/images/themes/cappuccino/inputbckg.png
/usr/share/webapps/phppgadmin/5.0.4/htdocs/images/themes/cappuccino/openListe.png
/usr/share/webapps/phppgadmin/5.0.4/htdocs/images/themes/cappuccino/title.png
/usr/share/webapps/phppgadmin/5.0.4/htdocs/images/themes/default/AddArguments.png
/usr/share/webapps/phppgadmin/5.0.4/htdocs/images/themes/default/Admin.png
/usr/share/webapps/phppgadmin/5.0.4/htdocs/images/themes/default/Aggregate.png
/usr/share/webapps/phppgadmin/5.0.4/htdocs/images/themes/default/Aggregates.png
/usr/share/webapps/phppgadmin/5.0.4/htdocs/images/themes/default/AllUsers.png
/usr/share/webapps/phppgadmin/5.0.4/htdocs/images/themes/default/AvailableReplicationSet.png
/usr/share/webapps/phppgadmin/5.0.4/htdocs/images/themes/default/AvailableSubscription.png
/usr/share/webapps/phppgadmin/5.0.4/htdocs/images/themes/default/Backup.png
/usr/share/webapps/phppgadmin/5.0.4/htdocs/images/themes/default/Cast.png
/usr/share/webapps/phppgadmin/5.0.4/htdocs/images/themes/default/Casts.png
/usr/share/webapps/phppgadmin/5.0.4/htdocs/images/themes/default/CheckConstraint.png
/usr/share/webapps/phppgadmin/5.0.4/htdocs/images/themes/default/Cluster.png
/usr/share/webapps/phppgadmin/5.0.4/htdocs/images/themes/default/Column.png
/usr/share/webapps/phppgadmin/5.0.4/htdocs/images/themes/default/Columns.png
/usr/share/webapps/phppgadmin/5.0.4/htdocs/images/themes/default/Constraints.png
/usr/share/webapps/phppgadmin/5.0.4/htdocs/images/themes/default/Conversion.png
/usr/share/webapps/phppgadmin/5.0.4/htdocs/images/themes/default/Conversions.png
/usr/share/webapps/phppgadmin/5.0.4/htdocs/images/themes/default/Copy.png
/usr/share/webapps/phppgadmin/5.0.4/htdocs/images/themes/default/CorruptedDatabase.png
/usr/share/webapps/phppgadmin/5.0.4/htdocs/images/themes/default/Cut.png
/usr/share/webapps/phppgadmin/5.0.4/htdocs/images/themes/default/Database.png
/usr/share/webapps/phppgadmin/5.0.4/htdocs/images/themes/default/Databases.png
/usr/share/webapps/phppgadmin/5.0.4/htdocs/images/themes/default/Definition.png
/usr/share/webapps/phppgadmin/5.0.4/htdocs/images/themes/default/Delete.png
/usr/share/webapps/phppgadmin/5.0.4/htdocs/images/themes/default/DisabledJob.png
/usr/share/webapps/phppgadmin/5.0.4/htdocs/images/themes/default/DisconnectedDatabase.png
/usr/share/webapps/phppgadmin/5.0.4/htdocs/images/themes/default/DisconnectedServer.png
/usr/share/webapps/phppgadmin/5.0.4/htdocs/images/themes/default/Domain.png
/usr/share/webapps/phppgadmin/5.0.4/htdocs/images/themes/default/Domains.png
/usr/share/webapps/phppgadmin/5.0.4/htdocs/images/themes/default/EnableArgument.png
/usr/share/webapps/phppgadmin/5.0.4/htdocs/images/themes/default/Erase.png
/usr/share/webapps/phppgadmin/5.0.4/htdocs/images/themes/default/Execute.png
/usr/share/webapps/phppgadmin/5.0.4/htdocs/images/themes/default/ExecuteSave.png
/usr/share/webapps/phppgadmin/5.0.4/htdocs/images/themes/default/Explain.png
/usr/share/webapps/phppgadmin/5.0.4/htdocs/images/themes/default/Export.png
/usr/share/webapps/phppgadmin/5.0.4/htdocs/images/themes/default/Favicon.ico
/usr/share/webapps/phppgadmin/5.0.4/htdocs/images/themes/default/Filter.png
/usr/share/webapps/phppgadmin/5.0.4/htdocs/images/themes/default/ForeignKey.png
/usr/share/webapps/phppgadmin/5.0.4/htdocs/images/themes/default/Fts.png
/usr/share/webapps/phppgadmin/5.0.4/htdocs/images/themes/default/FtsCfg.png
/usr/share/webapps/phppgadmin/5.0.4/htdocs/images/themes/default/FtsDict.png
/usr/share/webapps/phppgadmin/5.0.4/htdocs/images/themes/default/FtsParser.png
/usr/share/webapps/phppgadmin/5.0.4/htdocs/images/themes/default/Function.png
/usr/share/webapps/phppgadmin/5.0.4/htdocs/images/themes/default/Functions.png
/usr/share/webapps/phppgadmin/5.0.4/htdocs/images/themes/default/GurusHint.png
/usr/share/webapps/phppgadmin/5.0.4/htdocs/images/themes/default/Help.png
/usr/share/webapps/phppgadmin/5.0.4/htdocs/images/themes/default/Histories.png
/usr/share/webapps/phppgadmin/5.0.4/htdocs/images/themes/default/History.png
/usr/share/webapps/phppgadmin/5.0.4/htdocs/images/themes/default/I.png
/usr/share/webapps/phppgadmin/5.0.4/htdocs/images/themes/default/Import.png
/usr/share/webapps/phppgadmin/5.0.4/htdocs/images/themes/default/Index.png
/usr/share/webapps/phppgadmin/5.0.4/htdocs/images/themes/default/Indexes.png
/usr/share/webapps/phppgadmin/5.0.4/htdocs/images/themes/default/Introduction.png
/usr/share/webapps/phppgadmin/5.0.4/htdocs/images/themes/default/Job.png
/usr/share/webapps/phppgadmin/5.0.4/htdocs/images/themes/default/Jobs.png
/usr/share/webapps/phppgadmin/5.0.4/htdocs/images/themes/default/Key.png
/usr/share/webapps/phppgadmin/5.0.4/htdocs/images/themes/default/L.png
/usr/share/webapps/phppgadmin/5.0.4/htdocs/images/themes/default/Language.png
/usr/share/webapps/phppgadmin/5.0.4/htdocs/images/themes/default/Languages.png
/usr/share/webapps/phppgadmin/5.0.4/htdocs/images/themes/default/Listen.png
/usr/share/webapps/phppgadmin/5.0.4/htdocs/images/themes/default/Listens.png
/usr/share/webapps/phppgadmin/5.0.4/htdocs/images/themes/default/Lminus.png
/usr/share/webapps/phppgadmin/5.0.4/htdocs/images/themes/default/Loading.gif
/usr/share/webapps/phppgadmin/5.0.4/htdocs/images/themes/default/LowerArgument.png
/usr/share/webapps/phppgadmin/5.0.4/htdocs/images/themes/default/Lplus.png
/usr/share/webapps/phppgadmin/5.0.4/htdocs/images/themes/default/Node.png
/usr/share/webapps/phppgadmin/5.0.4/htdocs/images/themes/default/Nodes.png
/usr/share/webapps/phppgadmin/5.0.4/htdocs/images/themes/default/ObjectNotFound.png
/usr/share/webapps/phppgadmin/5.0.4/htdocs/images/themes/default/OfferedReplicationSet.png
/usr/share/webapps/phppgadmin/5.0.4/htdocs/images/themes/default/OfferedSubscription.png
/usr/share/webapps/phppgadmin/5.0.4/htdocs/images/themes/default/Open.png
/usr/share/webapps/phppgadmin/5.0.4/htdocs/images/themes/default/Operator.png
/usr/share/webapps/phppgadmin/5.0.4/htdocs/images/themes/default/OperatorClass.png
/usr/share/webapps/phppgadmin/5.0.4/htdocs/images/themes/default/OperatorClasses.png
/usr/share/webapps/phppgadmin/5.0.4/htdocs/images/themes/default/Operators.png
/usr/share/webapps/phppgadmin/5.0.4/htdocs/images/themes/default/Paste.png
/usr/share/webapps/phppgadmin/5.0.4/htdocs/images/themes/default/Path.png
/usr/share/webapps/phppgadmin/5.0.4/htdocs/images/themes/default/Paths.png
/usr/share/webapps/phppgadmin/5.0.4/htdocs/images/themes/default/PrimaryKey.png
/usr/share/webapps/phppgadmin/5.0.4/htdocs/images/themes/default/Privileges.png
/usr/share/webapps/phppgadmin/5.0.4/htdocs/images/themes/default/Processes.png
/usr/share/webapps/phppgadmin/5.0.4/htdocs/images/themes/default/Property.png
/usr/share/webapps/phppgadmin/5.0.4/htdocs/images/themes/default/RaiseArgument.png
/usr/share/webapps/phppgadmin/5.0.4/htdocs/images/themes/default/Record.png
/usr/share/webapps/phppgadmin/5.0.4/htdocs/images/themes/default/Records.png
/usr/share/webapps/phppgadmin/5.0.4/htdocs/images/themes/default/Redo.png
/usr/share/webapps/phppgadmin/5.0.4/htdocs/images/themes/default/Refresh.png
/usr/share/webapps/phppgadmin/5.0.4/htdocs/images/themes/default/RemoveArgument.png
/usr/share/webapps/phppgadmin/5.0.4/htdocs/images/themes/default/Replication.png
/usr/share/webapps/phppgadmin/5.0.4/htdocs/images/themes/default/ReplicationSets.png
/usr/share/webapps/phppgadmin/5.0.4/htdocs/images/themes/default/Report.png
/usr/share/webapps/phppgadmin/5.0.4/htdocs/images/themes/default/Reports.png
/usr/share/webapps/phppgadmin/5.0.4/htdocs/images/themes/default/Restore.png
/usr/share/webapps/phppgadmin/5.0.4/htdocs/images/themes/default/Roles.png
/usr/share/webapps/phppgadmin/5.0.4/htdocs/images/themes/default/Rule.png
/usr/share/webapps/phppgadmin/5.0.4/htdocs/images/themes/default/Rules.png
/usr/share/webapps/phppgadmin/5.0.4/htdocs/images/themes/default/Save.png
/usr/share/webapps/phppgadmin/5.0.4/htdocs/images/themes/default/Schedule.png
/usr/share/webapps/phppgadmin/5.0.4/htdocs/images/themes/default/Schedules.png
/usr/share/webapps/phppgadmin/5.0.4/htdocs/images/themes/default/Schema.png
/usr/share/webapps/phppgadmin/5.0.4/htdocs/images/themes/default/Schemas.png
/usr/share/webapps/phppgadmin/5.0.4/htdocs/images/themes/default/Search.png
/usr/share/webapps/phppgadmin/5.0.4/htdocs/images/themes/default/Sequence.png
/usr/share/webapps/phppgadmin/5.0.4/htdocs/images/themes/default/Sequences.png
/usr/share/webapps/phppgadmin/5.0.4/htdocs/images/themes/default/Server.png
/usr/share/webapps/phppgadmin/5.0.4/htdocs/images/themes/default/Servers.png
/usr/share/webapps/phppgadmin/5.0.4/htdocs/images/themes/default/SqlEditor.png
/usr/share/webapps/phppgadmin/5.0.4/htdocs/images/themes/default/Statistics.png
/usr/share/webapps/phppgadmin/5.0.4/htdocs/images/themes/default/Step.png
/usr/share/webapps/phppgadmin/5.0.4/htdocs/images/themes/default/Steps.png
/usr/share/webapps/phppgadmin/5.0.4/htdocs/images/themes/default/Stop.png
/usr/share/webapps/phppgadmin/5.0.4/htdocs/images/themes/default/Subscriptions.png
/usr/share/webapps/phppgadmin/5.0.4/htdocs/images/themes/default/T.png
/usr/share/webapps/phppgadmin/5.0.4/htdocs/images/themes/default/Table.png
/usr/share/webapps/phppgadmin/5.0.4/htdocs/images/themes/default/Tables.png
/usr/share/webapps/phppgadmin/5.0.4/htdocs/images/themes/default/Tablespace.png
/usr/share/webapps/phppgadmin/5.0.4/htdocs/images/themes/default/Tablespaces.png
/usr/share/webapps/phppgadmin/5.0.4/htdocs/images/themes/default/Tminus.png
/usr/share/webapps/phppgadmin/5.0.4/htdocs/images/themes/default/Tplus.png
/usr/share/webapps/phppgadmin/5.0.4/htdocs/images/themes/default/Trigger.png
/usr/share/webapps/phppgadmin/5.0.4/htdocs/images/themes/default/TriggerFunction.png
/usr/share/webapps/phppgadmin/5.0.4/htdocs/images/themes/default/TriggerFunctions.png
/usr/share/webapps/phppgadmin/5.0.4/htdocs/images/themes/default/Triggers.png
/usr/share/webapps/phppgadmin/5.0.4/htdocs/images/themes/default/Type.png
/usr/share/webapps/phppgadmin/5.0.4/htdocs/images/themes/default/Types.png
/usr/share/webapps/phppgadmin/5.0.4/htdocs/images/themes/default/Undo.png
/usr/share/webapps/phppgadmin/5.0.4/htdocs/images/themes/default/UniqueConstraint.png
/usr/share/webapps/phppgadmin/5.0.4/htdocs/images/themes/default/User.png
/usr/share/webapps/phppgadmin/5.0.4/htdocs/images/themes/default/UserGroup.png
/usr/share/webapps/phppgadmin/5.0.4/htdocs/images/themes/default/UserGroups.png
/usr/share/webapps/phppgadmin/5.0.4/htdocs/images/themes/default/Users.png
/usr/share/webapps/phppgadmin/5.0.4/htdocs/images/themes/default/Variables.png
/usr/share/webapps/phppgadmin/5.0.4/htdocs/images/themes/default/View.png
/usr/share/webapps/phppgadmin/5.0.4/htdocs/images/themes/default/Views.png
/usr/share/webapps/phppgadmin/5.0.4/htdocs/images/themes/default/blank.png
/usr/share/webapps/phppgadmin/5.0.4/htdocs/images/themes/default/title.png
/usr/share/webapps/phppgadmin/5.0.4/htdocs/index.php
/usr/share/webapps/phppgadmin/5.0.4/htdocs/indexes.js
/usr/share/webapps/phppgadmin/5.0.4/htdocs/indexes.php
/usr/share/webapps/phppgadmin/5.0.4/htdocs/info.php
/usr/share/webapps/phppgadmin/5.0.4/htdocs/intro.php
/usr/share/webapps/phppgadmin/5.0.4/htdocs/js/ac_insert_row.js
/usr/share/webapps/phppgadmin/5.0.4/htdocs/js/database.js
/usr/share/webapps/phppgadmin/5.0.4/htdocs/js/display.js
/usr/share/webapps/phppgadmin/5.0.4/htdocs/lang/Makefile
/usr/share/webapps/phppgadmin/5.0.4/htdocs/lang/afrikaans.php
/usr/share/webapps/phppgadmin/5.0.4/htdocs/lang/arabic.php
/usr/share/webapps/phppgadmin/5.0.4/htdocs/lang/catalan.php
/usr/share/webapps/phppgadmin/5.0.4/htdocs/lang/chinese-sim.php
/usr/share/webapps/phppgadmin/5.0.4/htdocs/lang/chinese-tr.php
/usr/share/webapps/phppgadmin/5.0.4/htdocs/lang/chinese-utf8-zh_CN.php
/usr/share/webapps/phppgadmin/5.0.4/htdocs/lang/chinese-utf8-zh_TW.php
/usr/share/webapps/phppgadmin/5.0.4/htdocs/lang/convert.awk
/usr/share/webapps/phppgadmin/5.0.4/htdocs/lang/czech.php
/usr/share/webapps/phppgadmin/5.0.4/htdocs/lang/danish.php
/usr/share/webapps/phppgadmin/5.0.4/htdocs/lang/dutch.php
/usr/share/webapps/phppgadmin/5.0.4/htdocs/lang/english.php
/usr/share/webapps/phppgadmin/5.0.4/htdocs/lang/french.php
/usr/share/webapps/phppgadmin/5.0.4/htdocs/lang/galician.php
/usr/share/webapps/phppgadmin/5.0.4/htdocs/lang/german.php
/usr/share/webapps/phppgadmin/5.0.4/htdocs/lang/greek.php
/usr/share/webapps/phppgadmin/5.0.4/htdocs/lang/hebrew.php
/usr/share/webapps/phppgadmin/5.0.4/htdocs/lang/hungarian.php
/usr/share/webapps/phppgadmin/5.0.4/htdocs/lang/italian.php
/usr/share/webapps/phppgadmin/5.0.4/htdocs/lang/japanese.php
/usr/share/webapps/phppgadmin/5.0.4/htdocs/lang/langcheck
/usr/share/webapps/phppgadmin/5.0.4/htdocs/lang/mongol.php
/usr/share/webapps/phppgadmin/5.0.4/htdocs/lang/php2po
/usr/share/webapps/phppgadmin/5.0.4/htdocs/lang/po2php
/usr/share/webapps/phppgadmin/5.0.4/htdocs/lang/polish.php
/usr/share/webapps/phppgadmin/5.0.4/htdocs/lang/portuguese-br.php
/usr/share/webapps/phppgadmin/5.0.4/htdocs/lang/portuguese-pt.php
/usr/share/webapps/phppgadmin/5.0.4/htdocs/lang/recoded/README
/usr/share/webapps/phppgadmin/5.0.4/htdocs/lang/recoded/afrikaans.php
/usr/share/webapps/phppgadmin/5.0.4/htdocs/lang/recoded/arabic.php
/usr/share/webapps/phppgadmin/5.0.4/htdocs/lang/recoded/catalan.php
/usr/share/webapps/phppgadmin/5.0.4/htdocs/lang/recoded/chinese-sim.php
/usr/share/webapps/phppgadmin/5.0.4/htdocs/lang/recoded/chinese-tr.php
/usr/share/webapps/phppgadmin/5.0.4/htdocs/lang/recoded/chinese-utf8-zh_CN.php
/usr/share/webapps/phppgadmin/5.0.4/htdocs/lang/recoded/chinese-utf8-zh_TW.php
/usr/share/webapps/phppgadmin/5.0.4/htdocs/lang/recoded/czech.php
/usr/share/webapps/phppgadmin/5.0.4/htdocs/lang/recoded/danish.php
/usr/share/webapps/phppgadmin/5.0.4/htdocs/lang/recoded/dutch.php
/usr/share/webapps/phppgadmin/5.0.4/htdocs/lang/recoded/english.php
/usr/share/webapps/phppgadmin/5.0.4/htdocs/lang/recoded/french.php
/usr/share/webapps/phppgadmin/5.0.4/htdocs/lang/recoded/galician.php
/usr/share/webapps/phppgadmin/5.0.4/htdocs/lang/recoded/german.php
/usr/share/webapps/phppgadmin/5.0.4/htdocs/lang/recoded/greek.php
/usr/share/webapps/phppgadmin/5.0.4/htdocs/lang/recoded/hebrew.php
/usr/share/webapps/phppgadmin/5.0.4/htdocs/lang/recoded/hungarian.php
/usr/share/webapps/phppgadmin/5.0.4/htdocs/lang/recoded/italian.php
/usr/share/webapps/phppgadmin/5.0.4/htdocs/lang/recoded/japanese.php
/usr/share/webapps/phppgadmin/5.0.4/htdocs/lang/recoded/mongol.php
/usr/share/webapps/phppgadmin/5.0.4/htdocs/lang/recoded/polish.php
/usr/share/webapps/phppgadmin/5.0.4/htdocs/lang/recoded/portuguese-br.php
/usr/share/webapps/phppgadmin/5.0.4/htdocs/lang/recoded/portuguese-pt.php
/usr/share/webapps/phppgadmin/5.0.4/htdocs/lang/recoded/romanian.php
/usr/share/webapps/phppgadmin/5.0.4/htdocs/lang/recoded/russian-utf8.php
/usr/share/webapps/phppgadmin/5.0.4/htdocs/lang/recoded/russian.php
/usr/share/webapps/phppgadmin/5.0.4/htdocs/lang/recoded/slovak.php
/usr/share/webapps/phppgadmin/5.0.4/htdocs/lang/recoded/spanish.php
/usr/share/webapps/phppgadmin/5.0.4/htdocs/lang/recoded/swedish.php
/usr/share/webapps/phppgadmin/5.0.4/htdocs/lang/recoded/turkish.php
/usr/share/webapps/phppgadmin/5.0.4/htdocs/lang/recoded/ukrainian.php
/usr/share/webapps/phppgadmin/5.0.4/htdocs/lang/romanian.php
/usr/share/webapps/phppgadmin/5.0.4/htdocs/lang/russian-utf8.php
/usr/share/webapps/phppgadmin/5.0.4/htdocs/lang/russian.php
/usr/share/webapps/phppgadmin/5.0.4/htdocs/lang/slovak.php
/usr/share/webapps/phppgadmin/5.0.4/htdocs/lang/spanish.php
/usr/share/webapps/phppgadmin/5.0.4/htdocs/lang/swedish.php
/usr/share/webapps/phppgadmin/5.0.4/htdocs/lang/synch
/usr/share/webapps/phppgadmin/5.0.4/htdocs/lang/translations.php
/usr/share/webapps/phppgadmin/5.0.4/htdocs/lang/turkish.php
/usr/share/webapps/phppgadmin/5.0.4/htdocs/lang/ukrainian.php
/usr/share/webapps/phppgadmin/5.0.4/htdocs/languages.php
/usr/share/webapps/phppgadmin/5.0.4/htdocs/libraries/adodb/adodb-csvlib.inc.php
/usr/share/webapps/phppgadmin/5.0.4/htdocs/libraries/adodb/adodb-datadict.inc.php
/usr/share/webapps/phppgadmin/5.0.4/htdocs/libraries/adodb/adodb-error.inc.php
/usr/share/webapps/phppgadmin/5.0.4/htdocs/libraries/adodb/adodb-iterator.inc.php
/usr/share/webapps/phppgadmin/5.0.4/htdocs/libraries/adodb/adodb-lib.inc.php
/usr/share/webapps/phppgadmin/5.0.4/htdocs/libraries/adodb/adodb-time.inc.php
/usr/share/webapps/phppgadmin/5.0.4/htdocs/libraries/adodb/adodb.inc.php
/usr/share/webapps/phppgadmin/5.0.4/htdocs/libraries/adodb/drivers/adodb-postgres.inc.php
/usr/share/webapps/phppgadmin/5.0.4/htdocs/libraries/adodb/drivers/adodb-postgres64.inc.php
/usr/share/webapps/phppgadmin/5.0.4/htdocs/libraries/adodb/drivers/adodb-postgres7.inc.php
/usr/share/webapps/phppgadmin/5.0.4/htdocs/libraries/adodb/drivers/adodb-postgres8.inc.php
/usr/share/webapps/phppgadmin/5.0.4/htdocs/libraries/adodb/lang/adodb-ar.inc.php
/usr/share/webapps/phppgadmin/5.0.4/htdocs/libraries/adodb/lang/adodb-bg.inc.php
/usr/share/webapps/phppgadmin/5.0.4/htdocs/libraries/adodb/lang/adodb-bgutf8.inc.php
/usr/share/webapps/phppgadmin/5.0.4/htdocs/libraries/adodb/lang/adodb-ca.inc.php
/usr/share/webapps/phppgadmin/5.0.4/htdocs/libraries/adodb/lang/adodb-cn.inc.php
/usr/share/webapps/phppgadmin/5.0.4/htdocs/libraries/adodb/lang/adodb-cz.inc.php
/usr/share/webapps/phppgadmin/5.0.4/htdocs/libraries/adodb/lang/adodb-da.inc.php
/usr/share/webapps/phppgadmin/5.0.4/htdocs/libraries/adodb/lang/adodb-de.inc.php
/usr/share/webapps/phppgadmin/5.0.4/htdocs/libraries/adodb/lang/adodb-en.inc.php
/usr/share/webapps/phppgadmin/5.0.4/htdocs/libraries/adodb/lang/adodb-es.inc.php
/usr/share/webapps/phppgadmin/5.0.4/htdocs/libraries/adodb/lang/adodb-esperanto.inc.php
/usr/share/webapps/phppgadmin/5.0.4/htdocs/libraries/adodb/lang/adodb-fa.inc.php
/usr/share/webapps/phppgadmin/5.0.4/htdocs/libraries/adodb/lang/adodb-fr.inc.php
/usr/share/webapps/phppgadmin/5.0.4/htdocs/libraries/adodb/lang/adodb-hu.inc.php
/usr/share/webapps/phppgadmin/5.0.4/htdocs/libraries/adodb/lang/adodb-it.inc.php
/usr/share/webapps/phppgadmin/5.0.4/htdocs/libraries/adodb/lang/adodb-nl.inc.php
/usr/share/webapps/phppgadmin/5.0.4/htdocs/libraries/adodb/lang/adodb-pl.inc.php
/usr/share/webapps/phppgadmin/5.0.4/htdocs/libraries/adodb/lang/adodb-pt-br.inc.php
/usr/share/webapps/phppgadmin/5.0.4/htdocs/libraries/adodb/lang/adodb-ro.inc.php
/usr/share/webapps/phppgadmin/5.0.4/htdocs/libraries/adodb/lang/adodb-ru1251.inc.php
/usr/share/webapps/phppgadmin/5.0.4/htdocs/libraries/adodb/lang/adodb-sv.inc.php
/usr/share/webapps/phppgadmin/5.0.4/htdocs/libraries/adodb/lang/adodb-uk1251.inc.php
/usr/share/webapps/phppgadmin/5.0.4/htdocs/libraries/adodb/lang/adodb_th.inc.php
/usr/share/webapps/phppgadmin/5.0.4/htdocs/libraries/adodb/license.txt
/usr/share/webapps/phppgadmin/5.0.4/htdocs/libraries/adodb/readme.txt
/usr/share/webapps/phppgadmin/5.0.4/htdocs/libraries/adodb/toexport.inc.php
/usr/share/webapps/phppgadmin/5.0.4/htdocs/libraries/adodb/tohtml.inc.php
/usr/share/webapps/phppgadmin/5.0.4/htdocs/libraries/decorator.inc.php
/usr/share/webapps/phppgadmin/5.0.4/htdocs/libraries/errorhandler.inc.php
/usr/share/webapps/phppgadmin/5.0.4/htdocs/libraries/highlight.php
/usr/share/webapps/phppgadmin/5.0.4/htdocs/libraries/js/jquery.js
/usr/share/webapps/phppgadmin/5.0.4/htdocs/libraries/lib.inc.php
/usr/share/webapps/phppgadmin/5.0.4/htdocs/links.js
/usr/share/webapps/phppgadmin/5.0.4/htdocs/login.php
/usr/share/webapps/phppgadmin/5.0.4/htdocs/logout.php
/usr/share/webapps/phppgadmin/5.0.4/htdocs/multiactionform.js
/usr/share/webapps/phppgadmin/5.0.4/htdocs/opclasses.php
/usr/share/webapps/phppgadmin/5.0.4/htdocs/operators.php
/usr/share/webapps/phppgadmin/5.0.4/htdocs/plugin_slony.php
/usr/share/webapps/phppgadmin/5.0.4/htdocs/privileges.php
/usr/share/webapps/phppgadmin/5.0.4/htdocs/redirect.php
/usr/share/webapps/phppgadmin/5.0.4/htdocs/reports.php
/usr/share/webapps/phppgadmin/5.0.4/htdocs/robots.txt
/usr/share/webapps/phppgadmin/5.0.4/htdocs/roles.php
/usr/share/webapps/phppgadmin/5.0.4/htdocs/rules.php
/usr/share/webapps/phppgadmin/5.0.4/htdocs/schemas.php
/usr/share/webapps/phppgadmin/5.0.4/htdocs/sequences.php
/usr/share/webapps/phppgadmin/5.0.4/htdocs/servers.php
/usr/share/webapps/phppgadmin/5.0.4/htdocs/sql.php
/usr/share/webapps/phppgadmin/5.0.4/htdocs/sql/reports-pgsql.sql
/usr/share/webapps/phppgadmin/5.0.4/htdocs/sqledit.php
/usr/share/webapps/phppgadmin/5.0.4/htdocs/tables.js
/usr/share/webapps/phppgadmin/5.0.4/htdocs/tables.php
/usr/share/webapps/phppgadmin/5.0.4/htdocs/tablespaces.php
/usr/share/webapps/phppgadmin/5.0.4/htdocs/tblproperties.php
/usr/share/webapps/phppgadmin/5.0.4/htdocs/themes/cappuccino/global.css
/usr/share/webapps/phppgadmin/5.0.4/htdocs/themes/default/global.css
/usr/share/webapps/phppgadmin/5.0.4/htdocs/themes/global.css
/usr/share/webapps/phppgadmin/5.0.4/htdocs/themes/gotar/global.css
/usr/share/webapps/phppgadmin/5.0.4/htdocs/themes/themes.php
/usr/share/webapps/phppgadmin/5.0.4/htdocs/triggers.php
/usr/share/webapps/phppgadmin/5.0.4/htdocs/types.php
/usr/share/webapps/phppgadmin/5.0.4/htdocs/users.php
/usr/share/webapps/phppgadmin/5.0.4/htdocs/viewproperties.php
/usr/share/webapps/phppgadmin/5.0.4/htdocs/views.php
/usr/share/webapps/phppgadmin/5.0.4/htdocs/xloadtree/xloadtree2.js
/usr/share/webapps/phppgadmin/5.0.4/htdocs/xloadtree/xtree2.js
/usr/share/webapps/phppgadmin/5.0.4/installed_by_webapp_eclass
/usr/share/webapps/phppgadmin/5.0.4/postinst-en.txt
/var/db/webapps/phppgadmin/5.0.4/.keep_dev-db_phppgadmin-5.0.4

#copy phppgadmin/config.inc.php /usr/share/webapps/phppgadmin/5.0.4/htdocs/conf/config.inc.php

