#require mailbase.lst
/etc/init.d/postfix
#symlink /etc/runlevels/default/postfix /etc/init.d/postfix
/etc/pam.d/smtp
/etc/postfix/.keep_mail-mta_postfix-0
/etc/postfix/main.cf
/etc/postfix/master.cf
/etc/postfix/saslpass
/usr/bin/mailq
/usr/bin/newaliases
/usr/bin/qshape.pl
/usr/bin/rmail
/usr/lib/sendmail
/usr/libexec/postfix/anvil
/usr/libexec/postfix/bounce
/usr/libexec/postfix/cleanup
/usr/libexec/postfix/discard
/usr/libexec/postfix/dnsblog
/usr/libexec/postfix/error
/usr/libexec/postfix/flush
/usr/libexec/postfix/lmtp
/usr/libexec/postfix/local
/usr/libexec/postfix/main.cf
/usr/libexec/postfix/master
/usr/libexec/postfix/master.cf
/usr/libexec/postfix/nqmgr
/usr/libexec/postfix/oqmgr
/usr/libexec/postfix/pickup
/usr/libexec/postfix/pipe
/usr/libexec/postfix/post-install
/usr/libexec/postfix/postfix-files
/usr/libexec/postfix/postfix-script
/usr/libexec/postfix/postfix-wrapper
/usr/libexec/postfix/postmulti-script
/usr/libexec/postfix/postscreen
/usr/libexec/postfix/proxymap
/usr/libexec/postfix/qmgr
/usr/libexec/postfix/qmqpd
/usr/libexec/postfix/scache
/usr/libexec/postfix/showq
/usr/libexec/postfix/smtp
/usr/libexec/postfix/smtpd
/usr/libexec/postfix/spawn
/usr/libexec/postfix/tlsmgr
/usr/libexec/postfix/tlsproxy
/usr/libexec/postfix/trivial-rewrite
/usr/libexec/postfix/verify
/usr/libexec/postfix/virtual
/usr/sbin/postalias
/usr/sbin/postcat
/usr/sbin/postconf
/usr/sbin/postdrop
/usr/sbin/postfix
/usr/sbin/postkick
/usr/sbin/postlock
/usr/sbin/postlog
/usr/sbin/postmap
/usr/sbin/postmulti
/usr/sbin/postqueue
/usr/sbin/postsuper
/usr/sbin/qmqp-sink
/usr/sbin/qmqp-source
/usr/sbin/smtp-sink
/usr/sbin/smtp-source
/var/lib/postfix/.keep_mail-mta_postfix-0
/var/spool/postfix/.keep_mail-mta_postfix-0
#chrootexec /usr/bin/newaliases
