#require numpy.lst
/usr/lib/python2.7/site-packages/pygame-1.9.2pre-py2.7.egg-info
/usr/lib/python2.7/site-packages/pygame/__init__.py
/usr/lib/python2.7/site-packages/pygame/_camera.so
/usr/lib/python2.7/site-packages/pygame/_camera_opencv_highgui.py
/usr/lib/python2.7/site-packages/pygame/_camera_vidcapture.py
/usr/lib/python2.7/site-packages/pygame/_dummybackend.py
/usr/lib/python2.7/site-packages/pygame/_numericsndarray.so
/usr/lib/python2.7/site-packages/pygame/_numericsurfarray.so
/usr/lib/python2.7/site-packages/pygame/_numpysndarray.py
/usr/lib/python2.7/site-packages/pygame/_numpysurfarray.py
/usr/lib/python2.7/site-packages/pygame/_view.so
/usr/lib/python2.7/site-packages/pygame/_vlcbackend.py
/usr/lib/python2.7/site-packages/pygame/base.so
/usr/lib/python2.7/site-packages/pygame/bufferproxy.so
/usr/lib/python2.7/site-packages/pygame/camera.py
/usr/lib/python2.7/site-packages/pygame/cdrom.so
/usr/lib/python2.7/site-packages/pygame/color.so
/usr/lib/python2.7/site-packages/pygame/colordict.py
/usr/lib/python2.7/site-packages/pygame/compat.py
/usr/lib/python2.7/site-packages/pygame/constants.so
/usr/lib/python2.7/site-packages/pygame/cursors.py
/usr/lib/python2.7/site-packages/pygame/display.so
/usr/lib/python2.7/site-packages/pygame/draw.so
/usr/lib/python2.7/site-packages/pygame/event.so
/usr/lib/python2.7/site-packages/pygame/fastevent.so
/usr/lib/python2.7/site-packages/pygame/font.so
#/usr/lib/python2.7/site-packages/pygame/freesansbold.ttf
/usr/lib/python2.7/site-packages/pygame/gfxdraw.so
/usr/lib/python2.7/site-packages/pygame/gp2x/__init__.py
/usr/lib/python2.7/site-packages/pygame/gp2x/constants.py
/usr/lib/python2.7/site-packages/pygame/gp2x/locals.py
/usr/lib/python2.7/site-packages/pygame/image.so
/usr/lib/python2.7/site-packages/pygame/imageext.so
/usr/lib/python2.7/site-packages/pygame/joystick.so
/usr/lib/python2.7/site-packages/pygame/key.so
/usr/lib/python2.7/site-packages/pygame/locals.py
/usr/lib/python2.7/site-packages/pygame/mac_scrap.py
/usr/lib/python2.7/site-packages/pygame/macosx.py
/usr/lib/python2.7/site-packages/pygame/mask.so
/usr/lib/python2.7/site-packages/pygame/math.so
/usr/lib/python2.7/site-packages/pygame/midi.py
/usr/lib/python2.7/site-packages/pygame/mixer.so
/usr/lib/python2.7/site-packages/pygame/mixer_music.so
/usr/lib/python2.7/site-packages/pygame/mouse.so
/usr/lib/python2.7/site-packages/pygame/movie.so
/usr/lib/python2.7/site-packages/pygame/nmovie.py
/usr/lib/python2.7/site-packages/pygame/overlay.so
/usr/lib/python2.7/site-packages/pygame/pixelarray.so
/usr/lib/python2.7/site-packages/pygame/pixelcopy.so
/usr/lib/python2.7/site-packages/pygame/pkgdata.py
/usr/lib/python2.7/site-packages/pygame/pygame.ico
#/usr/lib/python2.7/site-packages/pygame/pygame_icon.bmp
#/usr/lib/python2.7/site-packages/pygame/pygame_icon.icns
#/usr/lib/python2.7/site-packages/pygame/pygame_icon.svg
#/usr/lib/python2.7/site-packages/pygame/pygame_icon.tiff
/usr/lib/python2.7/site-packages/pygame/rect.so
/usr/lib/python2.7/site-packages/pygame/rwobject.so
#/usr/lib/python2.7/site-packages/pygame/scrap.so
/usr/lib/python2.7/site-packages/pygame/sndarray.py
/usr/lib/python2.7/site-packages/pygame/sprite.py
/usr/lib/python2.7/site-packages/pygame/surface.so
/usr/lib/python2.7/site-packages/pygame/surfarray.py
/usr/lib/python2.7/site-packages/pygame/surflock.so
/usr/lib/python2.7/site-packages/pygame/sysfont.py
/usr/lib/python2.7/site-packages/pygame/threads/Py25Queue.py
/usr/lib/python2.7/site-packages/pygame/threads/__init__.py
/usr/lib/python2.7/site-packages/pygame/time.so
/usr/lib/python2.7/site-packages/pygame/transform.so
/usr/lib/python2.7/site-packages/pygame/version.py

