#require ruby19.lst
/usr/bin/rackup
/usr/lib/ruby/gems/1.9.1/gems/rack-1.4.5/bin/rackup
/usr/lib/ruby/gems/1.9.1/gems/rack-1.4.5/lib/rack.rb
/usr/lib/ruby/gems/1.9.1/gems/rack-1.4.5/lib/rack/auth/abstract/handler.rb
/usr/lib/ruby/gems/1.9.1/gems/rack-1.4.5/lib/rack/auth/abstract/request.rb
/usr/lib/ruby/gems/1.9.1/gems/rack-1.4.5/lib/rack/auth/basic.rb
/usr/lib/ruby/gems/1.9.1/gems/rack-1.4.5/lib/rack/auth/digest/md5.rb
/usr/lib/ruby/gems/1.9.1/gems/rack-1.4.5/lib/rack/auth/digest/nonce.rb
/usr/lib/ruby/gems/1.9.1/gems/rack-1.4.5/lib/rack/auth/digest/params.rb
/usr/lib/ruby/gems/1.9.1/gems/rack-1.4.5/lib/rack/auth/digest/request.rb
/usr/lib/ruby/gems/1.9.1/gems/rack-1.4.5/lib/rack/backports/uri/common_18.rb
/usr/lib/ruby/gems/1.9.1/gems/rack-1.4.5/lib/rack/backports/uri/common_192.rb
/usr/lib/ruby/gems/1.9.1/gems/rack-1.4.5/lib/rack/backports/uri/common_193.rb
/usr/lib/ruby/gems/1.9.1/gems/rack-1.4.5/lib/rack/body_proxy.rb
/usr/lib/ruby/gems/1.9.1/gems/rack-1.4.5/lib/rack/builder.rb
/usr/lib/ruby/gems/1.9.1/gems/rack-1.4.5/lib/rack/cascade.rb
/usr/lib/ruby/gems/1.9.1/gems/rack-1.4.5/lib/rack/chunked.rb
/usr/lib/ruby/gems/1.9.1/gems/rack-1.4.5/lib/rack/commonlogger.rb
/usr/lib/ruby/gems/1.9.1/gems/rack-1.4.5/lib/rack/conditionalget.rb
/usr/lib/ruby/gems/1.9.1/gems/rack-1.4.5/lib/rack/config.rb
/usr/lib/ruby/gems/1.9.1/gems/rack-1.4.5/lib/rack/content_length.rb
/usr/lib/ruby/gems/1.9.1/gems/rack-1.4.5/lib/rack/content_type.rb
/usr/lib/ruby/gems/1.9.1/gems/rack-1.4.5/lib/rack/deflater.rb
/usr/lib/ruby/gems/1.9.1/gems/rack-1.4.5/lib/rack/directory.rb
/usr/lib/ruby/gems/1.9.1/gems/rack-1.4.5/lib/rack/etag.rb
/usr/lib/ruby/gems/1.9.1/gems/rack-1.4.5/lib/rack/file.rb
/usr/lib/ruby/gems/1.9.1/gems/rack-1.4.5/lib/rack/handler.rb
/usr/lib/ruby/gems/1.9.1/gems/rack-1.4.5/lib/rack/handler/cgi.rb
/usr/lib/ruby/gems/1.9.1/gems/rack-1.4.5/lib/rack/handler/evented_mongrel.rb
/usr/lib/ruby/gems/1.9.1/gems/rack-1.4.5/lib/rack/handler/fastcgi.rb
/usr/lib/ruby/gems/1.9.1/gems/rack-1.4.5/lib/rack/handler/lsws.rb
/usr/lib/ruby/gems/1.9.1/gems/rack-1.4.5/lib/rack/handler/mongrel.rb
/usr/lib/ruby/gems/1.9.1/gems/rack-1.4.5/lib/rack/handler/scgi.rb
/usr/lib/ruby/gems/1.9.1/gems/rack-1.4.5/lib/rack/handler/swiftiplied_mongrel.rb
/usr/lib/ruby/gems/1.9.1/gems/rack-1.4.5/lib/rack/handler/thin.rb
/usr/lib/ruby/gems/1.9.1/gems/rack-1.4.5/lib/rack/handler/webrick.rb
/usr/lib/ruby/gems/1.9.1/gems/rack-1.4.5/lib/rack/head.rb
/usr/lib/ruby/gems/1.9.1/gems/rack-1.4.5/lib/rack/lint.rb
/usr/lib/ruby/gems/1.9.1/gems/rack-1.4.5/lib/rack/lobster.rb
/usr/lib/ruby/gems/1.9.1/gems/rack-1.4.5/lib/rack/lock.rb
/usr/lib/ruby/gems/1.9.1/gems/rack-1.4.5/lib/rack/logger.rb
/usr/lib/ruby/gems/1.9.1/gems/rack-1.4.5/lib/rack/methodoverride.rb
/usr/lib/ruby/gems/1.9.1/gems/rack-1.4.5/lib/rack/mime.rb
/usr/lib/ruby/gems/1.9.1/gems/rack-1.4.5/lib/rack/mock.rb
/usr/lib/ruby/gems/1.9.1/gems/rack-1.4.5/lib/rack/multipart.rb
/usr/lib/ruby/gems/1.9.1/gems/rack-1.4.5/lib/rack/multipart/generator.rb
/usr/lib/ruby/gems/1.9.1/gems/rack-1.4.5/lib/rack/multipart/parser.rb
/usr/lib/ruby/gems/1.9.1/gems/rack-1.4.5/lib/rack/multipart/uploaded_file.rb
/usr/lib/ruby/gems/1.9.1/gems/rack-1.4.5/lib/rack/nulllogger.rb
/usr/lib/ruby/gems/1.9.1/gems/rack-1.4.5/lib/rack/recursive.rb
/usr/lib/ruby/gems/1.9.1/gems/rack-1.4.5/lib/rack/reloader.rb
/usr/lib/ruby/gems/1.9.1/gems/rack-1.4.5/lib/rack/request.rb
/usr/lib/ruby/gems/1.9.1/gems/rack-1.4.5/lib/rack/response.rb
/usr/lib/ruby/gems/1.9.1/gems/rack-1.4.5/lib/rack/rewindable_input.rb
/usr/lib/ruby/gems/1.9.1/gems/rack-1.4.5/lib/rack/runtime.rb
/usr/lib/ruby/gems/1.9.1/gems/rack-1.4.5/lib/rack/sendfile.rb
/usr/lib/ruby/gems/1.9.1/gems/rack-1.4.5/lib/rack/server.rb
/usr/lib/ruby/gems/1.9.1/gems/rack-1.4.5/lib/rack/session/abstract/id.rb
/usr/lib/ruby/gems/1.9.1/gems/rack-1.4.5/lib/rack/session/cookie.rb
/usr/lib/ruby/gems/1.9.1/gems/rack-1.4.5/lib/rack/session/memcache.rb
/usr/lib/ruby/gems/1.9.1/gems/rack-1.4.5/lib/rack/session/pool.rb
/usr/lib/ruby/gems/1.9.1/gems/rack-1.4.5/lib/rack/showexceptions.rb
/usr/lib/ruby/gems/1.9.1/gems/rack-1.4.5/lib/rack/showstatus.rb
/usr/lib/ruby/gems/1.9.1/gems/rack-1.4.5/lib/rack/static.rb
/usr/lib/ruby/gems/1.9.1/gems/rack-1.4.5/lib/rack/urlmap.rb
/usr/lib/ruby/gems/1.9.1/gems/rack-1.4.5/lib/rack/utils.rb
/usr/lib/ruby/gems/1.9.1/specifications/rack-1.4.5.gemspec

