/usr/bin/erb18
#symlink /usr/bin/erb erb18
/usr/bin/irb18
#symlink /usr/bin/irb irb18
/usr/bin/rdoc18
#symlink /usr/bin/rdoc rdoc18
/usr/bin/ri18
#symlink /usr/bin/ri ri18
/usr/bin/ruby18
#symlink /usr/bin/ruby ruby18
/usr/bin/testrb18
#symlink /usr/bin/testrb testrb18

/usr/lib/ruby/1.8/English.rb
/usr/lib/ruby/1.8/Env.rb
/usr/lib/ruby/1.8/abbrev.rb
/usr/lib/ruby/1.8/base64.rb
/usr/lib/ruby/1.8/benchmark.rb
/usr/lib/ruby/1.8/bigdecimal/jacobian.rb
/usr/lib/ruby/1.8/bigdecimal/ludcmp.rb
/usr/lib/ruby/1.8/bigdecimal/math.rb
/usr/lib/ruby/1.8/bigdecimal/newton.rb
/usr/lib/ruby/1.8/bigdecimal/util.rb
/usr/lib/ruby/1.8/cgi-lib.rb
/usr/lib/ruby/1.8/cgi.rb
/usr/lib/ruby/1.8/cgi/session.rb
/usr/lib/ruby/1.8/cgi/session/pstore.rb
/usr/lib/ruby/1.8/complex.rb
/usr/lib/ruby/1.8/csv.rb
/usr/lib/ruby/1.8/date.rb
/usr/lib/ruby/1.8/date/format.rb
/usr/lib/ruby/1.8/date2.rb
/usr/lib/ruby/1.8/debug.rb
/usr/lib/ruby/1.8/delegate.rb
/usr/lib/ruby/1.8/digest.rb
/usr/lib/ruby/1.8/digest/sha2.rb
/usr/lib/ruby/1.8/dl/import.rb
/usr/lib/ruby/1.8/dl/struct.rb
/usr/lib/ruby/1.8/dl/types.rb
/usr/lib/ruby/1.8/dl/win32.rb
/usr/lib/ruby/1.8/drb.rb
/usr/lib/ruby/1.8/drb/acl.rb
/usr/lib/ruby/1.8/drb/drb.rb
/usr/lib/ruby/1.8/drb/eq.rb
/usr/lib/ruby/1.8/drb/extserv.rb
/usr/lib/ruby/1.8/drb/extservm.rb
/usr/lib/ruby/1.8/drb/gw.rb
/usr/lib/ruby/1.8/drb/invokemethod.rb
/usr/lib/ruby/1.8/drb/observer.rb
/usr/lib/ruby/1.8/drb/ssl.rb
/usr/lib/ruby/1.8/drb/timeridconv.rb
/usr/lib/ruby/1.8/drb/unix.rb
/usr/lib/ruby/1.8/e2mmap.rb
/usr/lib/ruby/1.8/erb.rb
/usr/lib/ruby/1.8/eregex.rb
/usr/lib/ruby/1.8/expect.rb
/usr/lib/ruby/1.8/fileutils.rb
/usr/lib/ruby/1.8/finalize.rb
/usr/lib/ruby/1.8/find.rb
/usr/lib/ruby/1.8/forwardable.rb
/usr/lib/ruby/1.8/ftools.rb
/usr/lib/ruby/1.8/generator.rb
/usr/lib/ruby/1.8/getoptlong.rb
/usr/lib/ruby/1.8/getopts.rb
/usr/lib/ruby/1.8/gserver.rb
/usr/lib/ruby/1.8/importenv.rb
/usr/lib/ruby/1.8/io/nonblock.rb
/usr/lib/ruby/1.8/ipaddr.rb
/usr/lib/ruby/1.8/irb.rb
/usr/lib/ruby/1.8/irb/cmd/chws.rb
/usr/lib/ruby/1.8/irb/cmd/fork.rb
/usr/lib/ruby/1.8/irb/cmd/help.rb
/usr/lib/ruby/1.8/irb/cmd/load.rb
/usr/lib/ruby/1.8/irb/cmd/nop.rb
/usr/lib/ruby/1.8/irb/cmd/pushws.rb
/usr/lib/ruby/1.8/irb/cmd/subirb.rb
/usr/lib/ruby/1.8/irb/completion.rb
/usr/lib/ruby/1.8/irb/context.rb
/usr/lib/ruby/1.8/irb/ext/change-ws.rb
/usr/lib/ruby/1.8/irb/ext/history.rb
/usr/lib/ruby/1.8/irb/ext/loader.rb
/usr/lib/ruby/1.8/irb/ext/math-mode.rb
/usr/lib/ruby/1.8/irb/ext/multi-irb.rb
/usr/lib/ruby/1.8/irb/ext/save-history.rb
/usr/lib/ruby/1.8/irb/ext/tracer.rb
/usr/lib/ruby/1.8/irb/ext/use-loader.rb
/usr/lib/ruby/1.8/irb/ext/workspaces.rb
/usr/lib/ruby/1.8/irb/extend-command.rb
/usr/lib/ruby/1.8/irb/frame.rb
/usr/lib/ruby/1.8/irb/help.rb
/usr/lib/ruby/1.8/irb/init.rb
/usr/lib/ruby/1.8/irb/input-method.rb
/usr/lib/ruby/1.8/irb/lc/error.rb
/usr/lib/ruby/1.8/irb/lc/help-message
/usr/lib/ruby/1.8/irb/lc/ja/error.rb
/usr/lib/ruby/1.8/irb/lc/ja/help-message
/usr/lib/ruby/1.8/irb/locale.rb
/usr/lib/ruby/1.8/irb/notifier.rb
/usr/lib/ruby/1.8/irb/output-method.rb
/usr/lib/ruby/1.8/irb/ruby-lex.rb
/usr/lib/ruby/1.8/irb/ruby-token.rb
/usr/lib/ruby/1.8/irb/slex.rb
/usr/lib/ruby/1.8/irb/version.rb
/usr/lib/ruby/1.8/irb/workspace.rb
/usr/lib/ruby/1.8/irb/ws-for-case-2.rb
/usr/lib/ruby/1.8/irb/xmp.rb
/usr/lib/ruby/1.8/jcode.rb
/usr/lib/ruby/1.8/kconv.rb
/usr/lib/ruby/1.8/logger.rb
/usr/lib/ruby/1.8/mailread.rb
/usr/lib/ruby/1.8/mathn.rb
/usr/lib/ruby/1.8/matrix.rb
/usr/lib/ruby/1.8/md5.rb
/usr/lib/ruby/1.8/mkmf.rb
/usr/lib/ruby/1.8/monitor.rb
/usr/lib/ruby/1.8/mutex_m.rb
/usr/lib/ruby/1.8/net/ftp.rb
/usr/lib/ruby/1.8/net/ftptls.rb
/usr/lib/ruby/1.8/net/http.rb
/usr/lib/ruby/1.8/net/https.rb
/usr/lib/ruby/1.8/net/imap.rb
/usr/lib/ruby/1.8/net/pop.rb
/usr/lib/ruby/1.8/net/protocol.rb
/usr/lib/ruby/1.8/net/smtp.rb
/usr/lib/ruby/1.8/net/telnet.rb
/usr/lib/ruby/1.8/net/telnets.rb
/usr/lib/ruby/1.8/observer.rb
/usr/lib/ruby/1.8/open-uri.rb
/usr/lib/ruby/1.8/open3.rb
/usr/lib/ruby/1.8/openssl.rb
/usr/lib/ruby/1.8/openssl/bn.rb
/usr/lib/ruby/1.8/openssl/buffering.rb
/usr/lib/ruby/1.8/openssl/cipher.rb
/usr/lib/ruby/1.8/openssl/config.rb
/usr/lib/ruby/1.8/openssl/digest.rb
/usr/lib/ruby/1.8/openssl/pkcs7.rb
/usr/lib/ruby/1.8/openssl/ssl-internal.rb
/usr/lib/ruby/1.8/openssl/ssl.rb
/usr/lib/ruby/1.8/openssl/x509-internal.rb
/usr/lib/ruby/1.8/openssl/x509.rb
/usr/lib/ruby/1.8/optparse.rb
/usr/lib/ruby/1.8/optparse/date.rb
/usr/lib/ruby/1.8/optparse/shellwords.rb
/usr/lib/ruby/1.8/optparse/time.rb
/usr/lib/ruby/1.8/optparse/uri.rb
/usr/lib/ruby/1.8/optparse/version.rb
/usr/lib/ruby/1.8/ostruct.rb
/usr/lib/ruby/1.8/parsearg.rb
/usr/lib/ruby/1.8/parsedate.rb
/usr/lib/ruby/1.8/pathname.rb
/usr/lib/ruby/1.8/ping.rb
/usr/lib/ruby/1.8/pp.rb
/usr/lib/ruby/1.8/prettyprint.rb
/usr/lib/ruby/1.8/profile.rb
/usr/lib/ruby/1.8/profiler.rb
/usr/lib/ruby/1.8/pstore.rb
/usr/lib/ruby/1.8/racc/parser.rb
/usr/lib/ruby/1.8/rational.rb
/usr/lib/ruby/1.8/rdoc/code_objects.rb
/usr/lib/ruby/1.8/rdoc/diagram.rb
/usr/lib/ruby/1.8/rdoc/dot/dot.rb
/usr/lib/ruby/1.8/rdoc/generators/chm_generator.rb
/usr/lib/ruby/1.8/rdoc/generators/html_generator.rb
/usr/lib/ruby/1.8/rdoc/generators/ri_generator.rb
/usr/lib/ruby/1.8/rdoc/generators/template/chm/chm.rb
/usr/lib/ruby/1.8/rdoc/generators/template/html/hefss.rb
/usr/lib/ruby/1.8/rdoc/generators/template/html/html.rb
/usr/lib/ruby/1.8/rdoc/generators/template/html/kilmer.rb
/usr/lib/ruby/1.8/rdoc/generators/template/html/old_html.rb
/usr/lib/ruby/1.8/rdoc/generators/template/html/one_page_html.rb
/usr/lib/ruby/1.8/rdoc/generators/template/xml/rdf.rb
/usr/lib/ruby/1.8/rdoc/generators/template/xml/xml.rb
/usr/lib/ruby/1.8/rdoc/generators/xml_generator.rb
/usr/lib/ruby/1.8/rdoc/markup/sample/rdoc2latex.rb
/usr/lib/ruby/1.8/rdoc/markup/sample/sample.rb
/usr/lib/ruby/1.8/rdoc/markup/simple_markup.rb
/usr/lib/ruby/1.8/rdoc/markup/simple_markup/fragments.rb
/usr/lib/ruby/1.8/rdoc/markup/simple_markup/inline.rb
/usr/lib/ruby/1.8/rdoc/markup/simple_markup/lines.rb
/usr/lib/ruby/1.8/rdoc/markup/simple_markup/preprocess.rb
/usr/lib/ruby/1.8/rdoc/markup/simple_markup/to_flow.rb
/usr/lib/ruby/1.8/rdoc/markup/simple_markup/to_html.rb
/usr/lib/ruby/1.8/rdoc/markup/simple_markup/to_latex.rb
/usr/lib/ruby/1.8/rdoc/markup/test/AllTests.rb
/usr/lib/ruby/1.8/rdoc/markup/test/TestInline.rb
/usr/lib/ruby/1.8/rdoc/markup/test/TestParse.rb
/usr/lib/ruby/1.8/rdoc/options.rb
/usr/lib/ruby/1.8/rdoc/parsers/parse_c.rb
/usr/lib/ruby/1.8/rdoc/parsers/parse_f95.rb
/usr/lib/ruby/1.8/rdoc/parsers/parse_rb.rb
/usr/lib/ruby/1.8/rdoc/parsers/parse_simple.rb
/usr/lib/ruby/1.8/rdoc/parsers/parserfactory.rb
/usr/lib/ruby/1.8/rdoc/rdoc.rb
/usr/lib/ruby/1.8/rdoc/ri/ri_cache.rb
/usr/lib/ruby/1.8/rdoc/ri/ri_descriptions.rb
/usr/lib/ruby/1.8/rdoc/ri/ri_display.rb
/usr/lib/ruby/1.8/rdoc/ri/ri_driver.rb
/usr/lib/ruby/1.8/rdoc/ri/ri_formatter.rb
/usr/lib/ruby/1.8/rdoc/ri/ri_options.rb
/usr/lib/ruby/1.8/rdoc/ri/ri_paths.rb
/usr/lib/ruby/1.8/rdoc/ri/ri_reader.rb
/usr/lib/ruby/1.8/rdoc/ri/ri_util.rb
/usr/lib/ruby/1.8/rdoc/ri/ri_writer.rb
/usr/lib/ruby/1.8/rdoc/template.rb
/usr/lib/ruby/1.8/rdoc/tokenstream.rb
/usr/lib/ruby/1.8/rdoc/usage.rb
/usr/lib/ruby/1.8/readbytes.rb
/usr/lib/ruby/1.8/resolv-replace.rb
/usr/lib/ruby/1.8/resolv.rb
/usr/lib/ruby/1.8/rexml/attlistdecl.rb
/usr/lib/ruby/1.8/rexml/attribute.rb
/usr/lib/ruby/1.8/rexml/cdata.rb
/usr/lib/ruby/1.8/rexml/child.rb
/usr/lib/ruby/1.8/rexml/comment.rb
/usr/lib/ruby/1.8/rexml/doctype.rb
/usr/lib/ruby/1.8/rexml/document.rb
/usr/lib/ruby/1.8/rexml/dtd/attlistdecl.rb
/usr/lib/ruby/1.8/rexml/dtd/dtd.rb
/usr/lib/ruby/1.8/rexml/dtd/elementdecl.rb
/usr/lib/ruby/1.8/rexml/dtd/entitydecl.rb
/usr/lib/ruby/1.8/rexml/dtd/notationdecl.rb
/usr/lib/ruby/1.8/rexml/element.rb
/usr/lib/ruby/1.8/rexml/encoding.rb
/usr/lib/ruby/1.8/rexml/encodings/CP-1252.rb
/usr/lib/ruby/1.8/rexml/encodings/EUC-JP.rb
/usr/lib/ruby/1.8/rexml/encodings/ICONV.rb
/usr/lib/ruby/1.8/rexml/encodings/ISO-8859-1.rb
/usr/lib/ruby/1.8/rexml/encodings/ISO-8859-15.rb
/usr/lib/ruby/1.8/rexml/encodings/SHIFT-JIS.rb
/usr/lib/ruby/1.8/rexml/encodings/SHIFT_JIS.rb
/usr/lib/ruby/1.8/rexml/encodings/UNILE.rb
/usr/lib/ruby/1.8/rexml/encodings/US-ASCII.rb
/usr/lib/ruby/1.8/rexml/encodings/UTF-16.rb
/usr/lib/ruby/1.8/rexml/encodings/UTF-8.rb
/usr/lib/ruby/1.8/rexml/entity.rb
/usr/lib/ruby/1.8/rexml/formatters/default.rb
/usr/lib/ruby/1.8/rexml/formatters/pretty.rb
/usr/lib/ruby/1.8/rexml/formatters/transitive.rb
/usr/lib/ruby/1.8/rexml/functions.rb
/usr/lib/ruby/1.8/rexml/instruction.rb
/usr/lib/ruby/1.8/rexml/light/node.rb
/usr/lib/ruby/1.8/rexml/namespace.rb
/usr/lib/ruby/1.8/rexml/node.rb
/usr/lib/ruby/1.8/rexml/output.rb
/usr/lib/ruby/1.8/rexml/parent.rb
/usr/lib/ruby/1.8/rexml/parseexception.rb
/usr/lib/ruby/1.8/rexml/parsers/baseparser.rb
/usr/lib/ruby/1.8/rexml/parsers/lightparser.rb
/usr/lib/ruby/1.8/rexml/parsers/pullparser.rb
/usr/lib/ruby/1.8/rexml/parsers/sax2parser.rb
/usr/lib/ruby/1.8/rexml/parsers/streamparser.rb
/usr/lib/ruby/1.8/rexml/parsers/treeparser.rb
/usr/lib/ruby/1.8/rexml/parsers/ultralightparser.rb
/usr/lib/ruby/1.8/rexml/parsers/xpathparser.rb
/usr/lib/ruby/1.8/rexml/quickpath.rb
/usr/lib/ruby/1.8/rexml/rexml.rb
/usr/lib/ruby/1.8/rexml/sax2listener.rb
/usr/lib/ruby/1.8/rexml/source.rb
/usr/lib/ruby/1.8/rexml/streamlistener.rb
/usr/lib/ruby/1.8/rexml/syncenumerator.rb
/usr/lib/ruby/1.8/rexml/text.rb
/usr/lib/ruby/1.8/rexml/undefinednamespaceexception.rb
/usr/lib/ruby/1.8/rexml/validation/relaxng.rb
/usr/lib/ruby/1.8/rexml/validation/validation.rb
/usr/lib/ruby/1.8/rexml/validation/validationexception.rb
/usr/lib/ruby/1.8/rexml/xmldecl.rb
/usr/lib/ruby/1.8/rexml/xmltokens.rb
/usr/lib/ruby/1.8/rexml/xpath.rb
/usr/lib/ruby/1.8/rexml/xpath_parser.rb
/usr/lib/ruby/1.8/rinda/rinda.rb
/usr/lib/ruby/1.8/rinda/ring.rb
/usr/lib/ruby/1.8/rinda/tuplespace.rb
/usr/lib/ruby/1.8/rss.rb
/usr/lib/ruby/1.8/rss/0.9.rb
/usr/lib/ruby/1.8/rss/1.0.rb
/usr/lib/ruby/1.8/rss/2.0.rb
/usr/lib/ruby/1.8/rss/atom.rb
/usr/lib/ruby/1.8/rss/content.rb
/usr/lib/ruby/1.8/rss/content/1.0.rb
/usr/lib/ruby/1.8/rss/content/2.0.rb
/usr/lib/ruby/1.8/rss/converter.rb
/usr/lib/ruby/1.8/rss/dublincore.rb
/usr/lib/ruby/1.8/rss/dublincore/1.0.rb
/usr/lib/ruby/1.8/rss/dublincore/2.0.rb
/usr/lib/ruby/1.8/rss/dublincore/atom.rb
/usr/lib/ruby/1.8/rss/image.rb
/usr/lib/ruby/1.8/rss/itunes.rb
/usr/lib/ruby/1.8/rss/maker.rb
/usr/lib/ruby/1.8/rss/maker/0.9.rb
/usr/lib/ruby/1.8/rss/maker/1.0.rb
/usr/lib/ruby/1.8/rss/maker/2.0.rb
/usr/lib/ruby/1.8/rss/maker/atom.rb
/usr/lib/ruby/1.8/rss/maker/base.rb
/usr/lib/ruby/1.8/rss/maker/content.rb
/usr/lib/ruby/1.8/rss/maker/dublincore.rb
/usr/lib/ruby/1.8/rss/maker/entry.rb
/usr/lib/ruby/1.8/rss/maker/feed.rb
/usr/lib/ruby/1.8/rss/maker/image.rb
/usr/lib/ruby/1.8/rss/maker/itunes.rb
/usr/lib/ruby/1.8/rss/maker/slash.rb
/usr/lib/ruby/1.8/rss/maker/syndication.rb
/usr/lib/ruby/1.8/rss/maker/taxonomy.rb
/usr/lib/ruby/1.8/rss/maker/trackback.rb
/usr/lib/ruby/1.8/rss/parser.rb
/usr/lib/ruby/1.8/rss/rexmlparser.rb
/usr/lib/ruby/1.8/rss/rss.rb
/usr/lib/ruby/1.8/rss/slash.rb
/usr/lib/ruby/1.8/rss/syndication.rb
/usr/lib/ruby/1.8/rss/taxonomy.rb
/usr/lib/ruby/1.8/rss/trackback.rb
/usr/lib/ruby/1.8/rss/utils.rb
/usr/lib/ruby/1.8/rss/xml-stylesheet.rb
/usr/lib/ruby/1.8/rss/xml.rb
/usr/lib/ruby/1.8/rss/xmlparser.rb
/usr/lib/ruby/1.8/rss/xmlscanner.rb
/usr/lib/ruby/1.8/rubyunit.rb
/usr/lib/ruby/1.8/runit/assert.rb
/usr/lib/ruby/1.8/runit/cui/testrunner.rb
/usr/lib/ruby/1.8/runit/error.rb
/usr/lib/ruby/1.8/runit/testcase.rb
/usr/lib/ruby/1.8/runit/testresult.rb
/usr/lib/ruby/1.8/runit/testsuite.rb
/usr/lib/ruby/1.8/runit/topublic.rb
/usr/lib/ruby/1.8/scanf.rb
/usr/lib/ruby/1.8/securerandom.rb
/usr/lib/ruby/1.8/set.rb
/usr/lib/ruby/1.8/sha1.rb
/usr/lib/ruby/1.8/shell.rb
/usr/lib/ruby/1.8/shell/builtin-command.rb
/usr/lib/ruby/1.8/shell/command-processor.rb
/usr/lib/ruby/1.8/shell/error.rb
/usr/lib/ruby/1.8/shell/filter.rb
/usr/lib/ruby/1.8/shell/process-controller.rb
/usr/lib/ruby/1.8/shell/system-command.rb
/usr/lib/ruby/1.8/shell/version.rb
/usr/lib/ruby/1.8/shellwords.rb
/usr/lib/ruby/1.8/singleton.rb
/usr/lib/ruby/1.8/soap/attachment.rb
/usr/lib/ruby/1.8/soap/baseData.rb
/usr/lib/ruby/1.8/soap/element.rb
/usr/lib/ruby/1.8/soap/encodingstyle/aspDotNetHandler.rb
/usr/lib/ruby/1.8/soap/encodingstyle/handler.rb
/usr/lib/ruby/1.8/soap/encodingstyle/literalHandler.rb
/usr/lib/ruby/1.8/soap/encodingstyle/soapHandler.rb
/usr/lib/ruby/1.8/soap/generator.rb
/usr/lib/ruby/1.8/soap/header/handler.rb
/usr/lib/ruby/1.8/soap/header/handlerset.rb
/usr/lib/ruby/1.8/soap/header/simplehandler.rb
/usr/lib/ruby/1.8/soap/httpconfigloader.rb
/usr/lib/ruby/1.8/soap/mapping.rb
/usr/lib/ruby/1.8/soap/mapping/factory.rb
/usr/lib/ruby/1.8/soap/mapping/mapping.rb
/usr/lib/ruby/1.8/soap/mapping/registry.rb
/usr/lib/ruby/1.8/soap/mapping/rubytypeFactory.rb
/usr/lib/ruby/1.8/soap/mapping/typeMap.rb
/usr/lib/ruby/1.8/soap/mapping/wsdlencodedregistry.rb
/usr/lib/ruby/1.8/soap/mapping/wsdlliteralregistry.rb
/usr/lib/ruby/1.8/soap/marshal.rb
/usr/lib/ruby/1.8/soap/mimemessage.rb
/usr/lib/ruby/1.8/soap/netHttpClient.rb
/usr/lib/ruby/1.8/soap/parser.rb
/usr/lib/ruby/1.8/soap/processor.rb
/usr/lib/ruby/1.8/soap/property.rb
/usr/lib/ruby/1.8/soap/rpc/cgistub.rb
/usr/lib/ruby/1.8/soap/rpc/driver.rb
/usr/lib/ruby/1.8/soap/rpc/element.rb
/usr/lib/ruby/1.8/soap/rpc/httpserver.rb
/usr/lib/ruby/1.8/soap/rpc/proxy.rb
/usr/lib/ruby/1.8/soap/rpc/router.rb
/usr/lib/ruby/1.8/soap/rpc/rpc.rb
/usr/lib/ruby/1.8/soap/rpc/soaplet.rb
/usr/lib/ruby/1.8/soap/rpc/standaloneServer.rb
/usr/lib/ruby/1.8/soap/soap.rb
/usr/lib/ruby/1.8/soap/streamHandler.rb
/usr/lib/ruby/1.8/soap/wsdlDriver.rb
/usr/lib/ruby/1.8/sync.rb
/usr/lib/ruby/1.8/tempfile.rb
/usr/lib/ruby/1.8/test/unit.rb
/usr/lib/ruby/1.8/test/unit/assertionfailederror.rb
/usr/lib/ruby/1.8/test/unit/assertions.rb
/usr/lib/ruby/1.8/test/unit/autorunner.rb
/usr/lib/ruby/1.8/test/unit/collector.rb
/usr/lib/ruby/1.8/test/unit/collector/dir.rb
/usr/lib/ruby/1.8/test/unit/collector/objectspace.rb
/usr/lib/ruby/1.8/test/unit/error.rb
/usr/lib/ruby/1.8/test/unit/failure.rb
/usr/lib/ruby/1.8/test/unit/testcase.rb
/usr/lib/ruby/1.8/test/unit/testresult.rb
/usr/lib/ruby/1.8/test/unit/testsuite.rb
/usr/lib/ruby/1.8/test/unit/ui/console/testrunner.rb
/usr/lib/ruby/1.8/test/unit/ui/fox/testrunner.rb
/usr/lib/ruby/1.8/test/unit/ui/gtk/testrunner.rb
/usr/lib/ruby/1.8/test/unit/ui/gtk2/testrunner.rb
/usr/lib/ruby/1.8/test/unit/ui/testrunnermediator.rb
/usr/lib/ruby/1.8/test/unit/ui/testrunnerutilities.rb
/usr/lib/ruby/1.8/test/unit/ui/tk/testrunner.rb
/usr/lib/ruby/1.8/test/unit/util/backtracefilter.rb
/usr/lib/ruby/1.8/test/unit/util/observable.rb
/usr/lib/ruby/1.8/test/unit/util/procwrapper.rb
/usr/lib/ruby/1.8/thread.rb
/usr/lib/ruby/1.8/thwait.rb
/usr/lib/ruby/1.8/time.rb
/usr/lib/ruby/1.8/timeout.rb
/usr/lib/ruby/1.8/tmpdir.rb
/usr/lib/ruby/1.8/tracer.rb
/usr/lib/ruby/1.8/tsort.rb
/usr/lib/ruby/1.8/un.rb
/usr/lib/ruby/1.8/uri.rb
/usr/lib/ruby/1.8/uri/common.rb
/usr/lib/ruby/1.8/uri/ftp.rb
/usr/lib/ruby/1.8/uri/generic.rb
/usr/lib/ruby/1.8/uri/http.rb
/usr/lib/ruby/1.8/uri/https.rb
/usr/lib/ruby/1.8/uri/ldap.rb
/usr/lib/ruby/1.8/uri/ldaps.rb
/usr/lib/ruby/1.8/uri/mailto.rb
/usr/lib/ruby/1.8/weakref.rb
/usr/lib/ruby/1.8/webrick.rb
/usr/lib/ruby/1.8/webrick/accesslog.rb
/usr/lib/ruby/1.8/webrick/cgi.rb
/usr/lib/ruby/1.8/webrick/compat.rb
/usr/lib/ruby/1.8/webrick/config.rb
/usr/lib/ruby/1.8/webrick/cookie.rb
/usr/lib/ruby/1.8/webrick/htmlutils.rb
/usr/lib/ruby/1.8/webrick/httpauth.rb
/usr/lib/ruby/1.8/webrick/httpauth/authenticator.rb
/usr/lib/ruby/1.8/webrick/httpauth/basicauth.rb
/usr/lib/ruby/1.8/webrick/httpauth/digestauth.rb
/usr/lib/ruby/1.8/webrick/httpauth/htdigest.rb
/usr/lib/ruby/1.8/webrick/httpauth/htgroup.rb
/usr/lib/ruby/1.8/webrick/httpauth/htpasswd.rb
/usr/lib/ruby/1.8/webrick/httpauth/userdb.rb
/usr/lib/ruby/1.8/webrick/httpproxy.rb
/usr/lib/ruby/1.8/webrick/httprequest.rb
/usr/lib/ruby/1.8/webrick/httpresponse.rb
/usr/lib/ruby/1.8/webrick/https.rb
/usr/lib/ruby/1.8/webrick/httpserver.rb
/usr/lib/ruby/1.8/webrick/httpservlet.rb
/usr/lib/ruby/1.8/webrick/httpservlet/abstract.rb
/usr/lib/ruby/1.8/webrick/httpservlet/cgi_runner.rb
/usr/lib/ruby/1.8/webrick/httpservlet/cgihandler.rb
/usr/lib/ruby/1.8/webrick/httpservlet/erbhandler.rb
/usr/lib/ruby/1.8/webrick/httpservlet/filehandler.rb
/usr/lib/ruby/1.8/webrick/httpservlet/prochandler.rb
/usr/lib/ruby/1.8/webrick/httpstatus.rb
/usr/lib/ruby/1.8/webrick/httputils.rb
/usr/lib/ruby/1.8/webrick/httpversion.rb
/usr/lib/ruby/1.8/webrick/log.rb
/usr/lib/ruby/1.8/webrick/server.rb
/usr/lib/ruby/1.8/webrick/ssl.rb
/usr/lib/ruby/1.8/webrick/utils.rb
/usr/lib/ruby/1.8/webrick/version.rb
/usr/lib/ruby/1.8/wsdl/binding.rb
/usr/lib/ruby/1.8/wsdl/data.rb
/usr/lib/ruby/1.8/wsdl/definitions.rb
/usr/lib/ruby/1.8/wsdl/documentation.rb
/usr/lib/ruby/1.8/wsdl/import.rb
/usr/lib/ruby/1.8/wsdl/importer.rb
/usr/lib/ruby/1.8/wsdl/info.rb
/usr/lib/ruby/1.8/wsdl/message.rb
/usr/lib/ruby/1.8/wsdl/operation.rb
/usr/lib/ruby/1.8/wsdl/operationBinding.rb
/usr/lib/ruby/1.8/wsdl/param.rb
/usr/lib/ruby/1.8/wsdl/parser.rb
/usr/lib/ruby/1.8/wsdl/part.rb
/usr/lib/ruby/1.8/wsdl/port.rb
/usr/lib/ruby/1.8/wsdl/portType.rb
/usr/lib/ruby/1.8/wsdl/service.rb
/usr/lib/ruby/1.8/wsdl/soap/address.rb
/usr/lib/ruby/1.8/wsdl/soap/binding.rb
/usr/lib/ruby/1.8/wsdl/soap/body.rb
/usr/lib/ruby/1.8/wsdl/soap/cgiStubCreator.rb
/usr/lib/ruby/1.8/wsdl/soap/classDefCreator.rb
/usr/lib/ruby/1.8/wsdl/soap/classDefCreatorSupport.rb
/usr/lib/ruby/1.8/wsdl/soap/clientSkeltonCreator.rb
/usr/lib/ruby/1.8/wsdl/soap/complexType.rb
/usr/lib/ruby/1.8/wsdl/soap/data.rb
/usr/lib/ruby/1.8/wsdl/soap/definitions.rb
/usr/lib/ruby/1.8/wsdl/soap/driverCreator.rb
/usr/lib/ruby/1.8/wsdl/soap/element.rb
/usr/lib/ruby/1.8/wsdl/soap/fault.rb
/usr/lib/ruby/1.8/wsdl/soap/header.rb
/usr/lib/ruby/1.8/wsdl/soap/headerfault.rb
/usr/lib/ruby/1.8/wsdl/soap/mappingRegistryCreator.rb
/usr/lib/ruby/1.8/wsdl/soap/methodDefCreator.rb
/usr/lib/ruby/1.8/wsdl/soap/operation.rb
/usr/lib/ruby/1.8/wsdl/soap/servantSkeltonCreator.rb
/usr/lib/ruby/1.8/wsdl/soap/standaloneServerStubCreator.rb
/usr/lib/ruby/1.8/wsdl/soap/wsdl2ruby.rb
/usr/lib/ruby/1.8/wsdl/types.rb
/usr/lib/ruby/1.8/wsdl/wsdl.rb
/usr/lib/ruby/1.8/wsdl/xmlSchema/all.rb
/usr/lib/ruby/1.8/wsdl/xmlSchema/annotation.rb
/usr/lib/ruby/1.8/wsdl/xmlSchema/any.rb
/usr/lib/ruby/1.8/wsdl/xmlSchema/attribute.rb
/usr/lib/ruby/1.8/wsdl/xmlSchema/choice.rb
/usr/lib/ruby/1.8/wsdl/xmlSchema/complexContent.rb
/usr/lib/ruby/1.8/wsdl/xmlSchema/complexType.rb
/usr/lib/ruby/1.8/wsdl/xmlSchema/content.rb
/usr/lib/ruby/1.8/wsdl/xmlSchema/data.rb
/usr/lib/ruby/1.8/wsdl/xmlSchema/element.rb
/usr/lib/ruby/1.8/wsdl/xmlSchema/enumeration.rb
/usr/lib/ruby/1.8/wsdl/xmlSchema/import.rb
/usr/lib/ruby/1.8/wsdl/xmlSchema/importer.rb
/usr/lib/ruby/1.8/wsdl/xmlSchema/include.rb
/usr/lib/ruby/1.8/wsdl/xmlSchema/length.rb
/usr/lib/ruby/1.8/wsdl/xmlSchema/parser.rb
/usr/lib/ruby/1.8/wsdl/xmlSchema/pattern.rb
/usr/lib/ruby/1.8/wsdl/xmlSchema/schema.rb
/usr/lib/ruby/1.8/wsdl/xmlSchema/sequence.rb
/usr/lib/ruby/1.8/wsdl/xmlSchema/simpleContent.rb
/usr/lib/ruby/1.8/wsdl/xmlSchema/simpleExtension.rb
/usr/lib/ruby/1.8/wsdl/xmlSchema/simpleRestriction.rb
/usr/lib/ruby/1.8/wsdl/xmlSchema/simpleType.rb
/usr/lib/ruby/1.8/wsdl/xmlSchema/unique.rb
/usr/lib/ruby/1.8/wsdl/xmlSchema/xsd2ruby.rb
/usr/lib/ruby/1.8/$(ARCH)-linux/bigdecimal.so
/usr/lib/ruby/1.8/$(ARCH)-linux/config.h
/usr/lib/ruby/1.8/$(ARCH)-linux/curses.so
/usr/lib/ruby/1.8/$(ARCH)-linux/dbm.so
/usr/lib/ruby/1.8/$(ARCH)-linux/defines.h
/usr/lib/ruby/1.8/$(ARCH)-linux/digest.h
/usr/lib/ruby/1.8/$(ARCH)-linux/digest.so
/usr/lib/ruby/1.8/$(ARCH)-linux/digest/bubblebabble.so
/usr/lib/ruby/1.8/$(ARCH)-linux/digest/md5.so
/usr/lib/ruby/1.8/$(ARCH)-linux/digest/rmd160.so
/usr/lib/ruby/1.8/$(ARCH)-linux/digest/sha1.so
/usr/lib/ruby/1.8/$(ARCH)-linux/digest/sha2.so
/usr/lib/ruby/1.8/$(ARCH)-linux/dl.h
/usr/lib/ruby/1.8/$(ARCH)-linux/dl.so
/usr/lib/ruby/1.8/$(ARCH)-linux/dlconfig.h
/usr/lib/ruby/1.8/$(ARCH)-linux/dln.h
/usr/lib/ruby/1.8/$(ARCH)-linux/env.h
/usr/lib/ruby/1.8/$(ARCH)-linux/etc.so
/usr/lib/ruby/1.8/$(ARCH)-linux/fcntl.so
/usr/lib/ruby/1.8/$(ARCH)-linux/gdbm.so
/usr/lib/ruby/1.8/$(ARCH)-linux/iconv.so
/usr/lib/ruby/1.8/$(ARCH)-linux/intern.h
/usr/lib/ruby/1.8/$(ARCH)-linux/io/wait.so
/usr/lib/ruby/1.8/$(ARCH)-linux/missing.h
/usr/lib/ruby/1.8/$(ARCH)-linux/nkf.so
/usr/lib/ruby/1.8/$(ARCH)-linux/node.h
/usr/lib/ruby/1.8/$(ARCH)-linux/openssl.so
/usr/lib/ruby/1.8/$(ARCH)-linux/pty.so
/usr/lib/ruby/1.8/$(ARCH)-linux/racc/cparse.so
/usr/lib/ruby/1.8/$(ARCH)-linux/rbconfig.rb
/usr/lib/ruby/1.8/$(ARCH)-linux/re.h
/usr/lib/ruby/1.8/$(ARCH)-linux/readline.so
/usr/lib/ruby/1.8/$(ARCH)-linux/regex.h
/usr/lib/ruby/1.8/$(ARCH)-linux/ruby.h
/usr/lib/ruby/1.8/$(ARCH)-linux/rubyio.h
/usr/lib/ruby/1.8/$(ARCH)-linux/rubysig.h
/usr/lib/ruby/1.8/$(ARCH)-linux/sdbm.so
/usr/lib/ruby/1.8/$(ARCH)-linux/socket.so
/usr/lib/ruby/1.8/$(ARCH)-linux/st.h
/usr/lib/ruby/1.8/$(ARCH)-linux/stringio.so
/usr/lib/ruby/1.8/$(ARCH)-linux/strscan.so
/usr/lib/ruby/1.8/$(ARCH)-linux/syck.so
/usr/lib/ruby/1.8/$(ARCH)-linux/syslog.so
/usr/lib/ruby/1.8/$(ARCH)-linux/thread.so
/usr/lib/ruby/1.8/$(ARCH)-linux/util.h
/usr/lib/ruby/1.8/$(ARCH)-linux/version.h
/usr/lib/ruby/1.8/$(ARCH)-linux/zlib.so
/usr/lib/ruby/1.8/xmlrpc/base64.rb
/usr/lib/ruby/1.8/xmlrpc/client.rb
/usr/lib/ruby/1.8/xmlrpc/config.rb
/usr/lib/ruby/1.8/xmlrpc/create.rb
/usr/lib/ruby/1.8/xmlrpc/datetime.rb
/usr/lib/ruby/1.8/xmlrpc/httpserver.rb
/usr/lib/ruby/1.8/xmlrpc/marshal.rb
/usr/lib/ruby/1.8/xmlrpc/parser.rb
/usr/lib/ruby/1.8/xmlrpc/server.rb
/usr/lib/ruby/1.8/xmlrpc/utils.rb
/usr/lib/ruby/1.8/xsd/charset.rb
/usr/lib/ruby/1.8/xsd/codegen.rb
/usr/lib/ruby/1.8/xsd/codegen/classdef.rb
/usr/lib/ruby/1.8/xsd/codegen/commentdef.rb
/usr/lib/ruby/1.8/xsd/codegen/gensupport.rb
/usr/lib/ruby/1.8/xsd/codegen/methoddef.rb
/usr/lib/ruby/1.8/xsd/codegen/moduledef.rb
/usr/lib/ruby/1.8/xsd/datatypes.rb
/usr/lib/ruby/1.8/xsd/datatypes1999.rb
/usr/lib/ruby/1.8/xsd/iconvcharset.rb
/usr/lib/ruby/1.8/xsd/mapping.rb
/usr/lib/ruby/1.8/xsd/namedelements.rb
/usr/lib/ruby/1.8/xsd/ns.rb
/usr/lib/ruby/1.8/xsd/qname.rb
/usr/lib/ruby/1.8/xsd/xmlparser.rb
/usr/lib/ruby/1.8/xsd/xmlparser/parser.rb
/usr/lib/ruby/1.8/xsd/xmlparser/rexmlparser.rb
/usr/lib/ruby/1.8/xsd/xmlparser/xmlparser.rb
/usr/lib/ruby/1.8/xsd/xmlparser/xmlscanner.rb
/usr/lib/ruby/1.8/yaml.rb
/usr/lib/ruby/1.8/yaml/baseemitter.rb
/usr/lib/ruby/1.8/yaml/basenode.rb
/usr/lib/ruby/1.8/yaml/constants.rb
/usr/lib/ruby/1.8/yaml/dbm.rb
/usr/lib/ruby/1.8/yaml/encoding.rb
/usr/lib/ruby/1.8/yaml/error.rb
/usr/lib/ruby/1.8/yaml/loader.rb
/usr/lib/ruby/1.8/yaml/rubytypes.rb
/usr/lib/ruby/1.8/yaml/store.rb
/usr/lib/ruby/1.8/yaml/stream.rb
/usr/lib/ruby/1.8/yaml/stringio.rb
/usr/lib/ruby/1.8/yaml/syck.rb
/usr/lib/ruby/1.8/yaml/tag.rb
/usr/lib/ruby/1.8/yaml/types.rb
/usr/lib/ruby/1.8/yaml/yamlnode.rb
/usr/lib/ruby/1.8/yaml/ypath.rb
/usr/lib/ruby/site_ruby/1.8/.keep_dev-lang_ruby-1.8
/usr/lib/ruby/site_ruby/1.8/$(ARCH)-linux/.keep_dev-lang_ruby-1.8

/usr/bin/gem18
#symlink /usr/bin/gem gem18
/usr/lib/ruby/site_ruby/1.8/auto_gem.rb
/usr/lib/ruby/site_ruby/1.8/gauntlet_rubygems.rb
/usr/lib/ruby/site_ruby/1.8/rbconfig/datadir.rb
/usr/lib/ruby/site_ruby/1.8/rubygems.rb
/usr/lib/ruby/site_ruby/1.8/rubygems/builder.rb
/usr/lib/ruby/site_ruby/1.8/rubygems/command.rb
/usr/lib/ruby/site_ruby/1.8/rubygems/command_manager.rb
/usr/lib/ruby/site_ruby/1.8/rubygems/commands/build_command.rb
/usr/lib/ruby/site_ruby/1.8/rubygems/commands/cert_command.rb
/usr/lib/ruby/site_ruby/1.8/rubygems/commands/check_command.rb
/usr/lib/ruby/site_ruby/1.8/rubygems/commands/cleanup_command.rb
/usr/lib/ruby/site_ruby/1.8/rubygems/commands/contents_command.rb
/usr/lib/ruby/site_ruby/1.8/rubygems/commands/dependency_command.rb
/usr/lib/ruby/site_ruby/1.8/rubygems/commands/environment_command.rb
/usr/lib/ruby/site_ruby/1.8/rubygems/commands/fetch_command.rb
/usr/lib/ruby/site_ruby/1.8/rubygems/commands/generate_index_command.rb
/usr/lib/ruby/site_ruby/1.8/rubygems/commands/help_command.rb
/usr/lib/ruby/site_ruby/1.8/rubygems/commands/install_command.rb
/usr/lib/ruby/site_ruby/1.8/rubygems/commands/list_command.rb
/usr/lib/ruby/site_ruby/1.8/rubygems/commands/lock_command.rb
/usr/lib/ruby/site_ruby/1.8/rubygems/commands/outdated_command.rb
/usr/lib/ruby/site_ruby/1.8/rubygems/commands/owner_command.rb
/usr/lib/ruby/site_ruby/1.8/rubygems/commands/pristine_command.rb
/usr/lib/ruby/site_ruby/1.8/rubygems/commands/push_command.rb
/usr/lib/ruby/site_ruby/1.8/rubygems/commands/query_command.rb
/usr/lib/ruby/site_ruby/1.8/rubygems/commands/rdoc_command.rb
/usr/lib/ruby/site_ruby/1.8/rubygems/commands/search_command.rb
/usr/lib/ruby/site_ruby/1.8/rubygems/commands/server_command.rb
/usr/lib/ruby/site_ruby/1.8/rubygems/commands/setup_command.rb
/usr/lib/ruby/site_ruby/1.8/rubygems/commands/sources_command.rb
/usr/lib/ruby/site_ruby/1.8/rubygems/commands/specification_command.rb
/usr/lib/ruby/site_ruby/1.8/rubygems/commands/stale_command.rb
/usr/lib/ruby/site_ruby/1.8/rubygems/commands/uninstall_command.rb
/usr/lib/ruby/site_ruby/1.8/rubygems/commands/unpack_command.rb
/usr/lib/ruby/site_ruby/1.8/rubygems/commands/update_command.rb
/usr/lib/ruby/site_ruby/1.8/rubygems/commands/which_command.rb
/usr/lib/ruby/site_ruby/1.8/rubygems/config_file.rb
/usr/lib/ruby/site_ruby/1.8/rubygems/custom_require.rb
/usr/lib/ruby/site_ruby/1.8/rubygems/defaults.rb
/usr/lib/ruby/site_ruby/1.8/rubygems/defaults/operating_system.rb
/usr/lib/ruby/site_ruby/1.8/rubygems/dependency.rb
/usr/lib/ruby/site_ruby/1.8/rubygems/dependency_installer.rb
/usr/lib/ruby/site_ruby/1.8/rubygems/dependency_list.rb
/usr/lib/ruby/site_ruby/1.8/rubygems/deprecate.rb
/usr/lib/ruby/site_ruby/1.8/rubygems/doc_manager.rb
/usr/lib/ruby/site_ruby/1.8/rubygems/errors.rb
/usr/lib/ruby/site_ruby/1.8/rubygems/exceptions.rb
/usr/lib/ruby/site_ruby/1.8/rubygems/ext.rb
/usr/lib/ruby/site_ruby/1.8/rubygems/ext/builder.rb
/usr/lib/ruby/site_ruby/1.8/rubygems/ext/configure_builder.rb
/usr/lib/ruby/site_ruby/1.8/rubygems/ext/ext_conf_builder.rb
/usr/lib/ruby/site_ruby/1.8/rubygems/ext/rake_builder.rb
/usr/lib/ruby/site_ruby/1.8/rubygems/format.rb
/usr/lib/ruby/site_ruby/1.8/rubygems/gem_openssl.rb
/usr/lib/ruby/site_ruby/1.8/rubygems/gem_path_searcher.rb
/usr/lib/ruby/site_ruby/1.8/rubygems/gem_runner.rb
/usr/lib/ruby/site_ruby/1.8/rubygems/gemcutter_utilities.rb
/usr/lib/ruby/site_ruby/1.8/rubygems/indexer.rb
/usr/lib/ruby/site_ruby/1.8/rubygems/install_update_options.rb
/usr/lib/ruby/site_ruby/1.8/rubygems/installer.rb
/usr/lib/ruby/site_ruby/1.8/rubygems/installer_test_case.rb
/usr/lib/ruby/site_ruby/1.8/rubygems/local_remote_options.rb
/usr/lib/ruby/site_ruby/1.8/rubygems/mock_gem_ui.rb
/usr/lib/ruby/site_ruby/1.8/rubygems/old_format.rb
/usr/lib/ruby/site_ruby/1.8/rubygems/package.rb
/usr/lib/ruby/site_ruby/1.8/rubygems/package/f_sync_dir.rb
/usr/lib/ruby/site_ruby/1.8/rubygems/package/tar_header.rb
/usr/lib/ruby/site_ruby/1.8/rubygems/package/tar_input.rb
/usr/lib/ruby/site_ruby/1.8/rubygems/package/tar_output.rb
/usr/lib/ruby/site_ruby/1.8/rubygems/package/tar_reader.rb
/usr/lib/ruby/site_ruby/1.8/rubygems/package/tar_reader/entry.rb
/usr/lib/ruby/site_ruby/1.8/rubygems/package/tar_test_case.rb
/usr/lib/ruby/site_ruby/1.8/rubygems/package/tar_writer.rb
/usr/lib/ruby/site_ruby/1.8/rubygems/package_task.rb
/usr/lib/ruby/site_ruby/1.8/rubygems/path_support.rb
/usr/lib/ruby/site_ruby/1.8/rubygems/platform.rb
/usr/lib/ruby/site_ruby/1.8/rubygems/psych_additions.rb
/usr/lib/ruby/site_ruby/1.8/rubygems/psych_tree.rb
/usr/lib/ruby/site_ruby/1.8/rubygems/remote_fetcher.rb
/usr/lib/ruby/site_ruby/1.8/rubygems/require_paths_builder.rb
/usr/lib/ruby/site_ruby/1.8/rubygems/requirement.rb
/usr/lib/ruby/site_ruby/1.8/rubygems/security.rb
/usr/lib/ruby/site_ruby/1.8/rubygems/server.rb
/usr/lib/ruby/site_ruby/1.8/rubygems/source_index.rb
/usr/lib/ruby/site_ruby/1.8/rubygems/spec_fetcher.rb
/usr/lib/ruby/site_ruby/1.8/rubygems/specification.rb
/usr/lib/ruby/site_ruby/1.8/rubygems/ssl_certs/ca-bundle.pem
/usr/lib/ruby/site_ruby/1.8/rubygems/syck_hack.rb
/usr/lib/ruby/site_ruby/1.8/rubygems/test_case.rb
/usr/lib/ruby/site_ruby/1.8/rubygems/test_utilities.rb
/usr/lib/ruby/site_ruby/1.8/rubygems/text.rb
/usr/lib/ruby/site_ruby/1.8/rubygems/uninstaller.rb
/usr/lib/ruby/site_ruby/1.8/rubygems/user_interaction.rb
/usr/lib/ruby/site_ruby/1.8/rubygems/validator.rb
/usr/lib/ruby/site_ruby/1.8/rubygems/version.rb
/usr/lib/ruby/site_ruby/1.8/rubygems/version_option.rb
/usr/lib/ruby/site_ruby/1.8/ubygems.rb

