#require ruby19.lst
/usr/bin/tilt
/usr/lib/ruby/gems/1.9.1/gems/tilt-1.3.3/bin/tilt
/usr/lib/ruby/gems/1.9.1/gems/tilt-1.3.3/lib/tilt.rb
/usr/lib/ruby/gems/1.9.1/gems/tilt-1.3.3/lib/tilt/builder.rb
/usr/lib/ruby/gems/1.9.1/gems/tilt-1.3.3/lib/tilt/coffee.rb
/usr/lib/ruby/gems/1.9.1/gems/tilt-1.3.3/lib/tilt/css.rb
/usr/lib/ruby/gems/1.9.1/gems/tilt-1.3.3/lib/tilt/erb.rb
/usr/lib/ruby/gems/1.9.1/gems/tilt-1.3.3/lib/tilt/haml.rb
/usr/lib/ruby/gems/1.9.1/gems/tilt-1.3.3/lib/tilt/liquid.rb
/usr/lib/ruby/gems/1.9.1/gems/tilt-1.3.3/lib/tilt/markaby.rb
/usr/lib/ruby/gems/1.9.1/gems/tilt-1.3.3/lib/tilt/markdown.rb
/usr/lib/ruby/gems/1.9.1/gems/tilt-1.3.3/lib/tilt/nokogiri.rb
/usr/lib/ruby/gems/1.9.1/gems/tilt-1.3.3/lib/tilt/radius.rb
/usr/lib/ruby/gems/1.9.1/gems/tilt-1.3.3/lib/tilt/rdoc.rb
/usr/lib/ruby/gems/1.9.1/gems/tilt-1.3.3/lib/tilt/string.rb
/usr/lib/ruby/gems/1.9.1/gems/tilt-1.3.3/lib/tilt/template.rb
/usr/lib/ruby/gems/1.9.1/gems/tilt-1.3.3/lib/tilt/textile.rb
/usr/lib/ruby/gems/1.9.1/gems/tilt-1.3.3/lib/tilt/wiki.rb
/usr/lib/ruby/gems/1.9.1/gems/tilt-1.3.3/lib/tilt/yajl.rb
/usr/lib/ruby/gems/1.9.1/specifications/tilt-1.3.3.gemspec

