#require openipmi.lst
#require mysql.lst
#require php53.lst

# dev-java/slf4j-api
/usr/share/slf4j-api/lib/slf4j-api.jar

# dev-java/json-simple
/usr/share/json-simple/lib/json-simple.jar

# net-analyzer/fping
/usr/sbin/fping
/usr/sbin/fping6

# net-analyzer/zabbix
/etc/init.d/zabbix-server
/etc/zabbix/.keep_net-analyzer_zabbix-0
/etc/zabbix/zabbix_server.conf
/etc/zabbix/zabbix_trapper.conf
/opt/zabbix_java/.keep_net-analyzer_zabbix-0
/opt/zabbix_java/bin/zabbix-java-gateway-2.0.3.jar
/opt/zabbix_java/lib/logback-classic-0.9.27.jar
/opt/zabbix_java/lib/logback-console.xml
/opt/zabbix_java/lib/logback-core-0.9.27.jar
/opt/zabbix_java/lib/logback.xml
/opt/zabbix_java/lib/org-json-2010-12-28.jar
/opt/zabbix_java/lib/slf4j-api-1.6.1.jar
/opt/zabbix_java/settings.sh
/opt/zabbix_java/shutdown.sh
/opt/zabbix_java/startup.sh
/usr/sbin/zabbix_server
/usr/share/webapps/zabbix/2.0.3/config-files
/usr/share/webapps/zabbix/2.0.3/htdocs/acknow.php
/usr/share/webapps/zabbix/2.0.3/htdocs/actionconf.php
/usr/share/webapps/zabbix/2.0.3/htdocs/adm.gui.php
/usr/share/webapps/zabbix/2.0.3/htdocs/adm.housekeeper.php
/usr/share/webapps/zabbix/2.0.3/htdocs/adm.iconmapping.php
/usr/share/webapps/zabbix/2.0.3/htdocs/adm.images.php
/usr/share/webapps/zabbix/2.0.3/htdocs/adm.macros.php
/usr/share/webapps/zabbix/2.0.3/htdocs/adm.other.php
/usr/share/webapps/zabbix/2.0.3/htdocs/adm.regexps.php
/usr/share/webapps/zabbix/2.0.3/htdocs/adm.triggerdisplayingoptions.php
/usr/share/webapps/zabbix/2.0.3/htdocs/adm.triggerdisplayoptions.php
/usr/share/webapps/zabbix/2.0.3/htdocs/adm.triggerseverities.php
/usr/share/webapps/zabbix/2.0.3/htdocs/adm.valuemapping.php
/usr/share/webapps/zabbix/2.0.3/htdocs/adm.workingtime.php
/usr/share/webapps/zabbix/2.0.3/htdocs/api/.htaccess
/usr/share/webapps/zabbix/2.0.3/htdocs/api/classes/CAPIInfo.php
/usr/share/webapps/zabbix/2.0.3/htdocs/api/classes/CAction.php
/usr/share/webapps/zabbix/2.0.3/htdocs/api/classes/CAlert.php
/usr/share/webapps/zabbix/2.0.3/htdocs/api/classes/CApplication.php
/usr/share/webapps/zabbix/2.0.3/htdocs/api/classes/CConfiguration.php
/usr/share/webapps/zabbix/2.0.3/htdocs/api/classes/CDCheck.php
/usr/share/webapps/zabbix/2.0.3/htdocs/api/classes/CDHost.php
/usr/share/webapps/zabbix/2.0.3/htdocs/api/classes/CDRule.php
/usr/share/webapps/zabbix/2.0.3/htdocs/api/classes/CDService.php
/usr/share/webapps/zabbix/2.0.3/htdocs/api/classes/CDiscoveryRule.php
/usr/share/webapps/zabbix/2.0.3/htdocs/api/classes/CEvent.php
/usr/share/webapps/zabbix/2.0.3/htdocs/api/classes/CGraph.php
/usr/share/webapps/zabbix/2.0.3/htdocs/api/classes/CGraphGeneral.php
/usr/share/webapps/zabbix/2.0.3/htdocs/api/classes/CGraphItem.php
/usr/share/webapps/zabbix/2.0.3/htdocs/api/classes/CGraphPrototype.php
/usr/share/webapps/zabbix/2.0.3/htdocs/api/classes/CHistory.php
/usr/share/webapps/zabbix/2.0.3/htdocs/api/classes/CHost.php
/usr/share/webapps/zabbix/2.0.3/htdocs/api/classes/CHostGeneral.php
/usr/share/webapps/zabbix/2.0.3/htdocs/api/classes/CHostGroup.php
/usr/share/webapps/zabbix/2.0.3/htdocs/api/classes/CHostInterface.php
/usr/share/webapps/zabbix/2.0.3/htdocs/api/classes/CIconMap.php
/usr/share/webapps/zabbix/2.0.3/htdocs/api/classes/CImage.php
/usr/share/webapps/zabbix/2.0.3/htdocs/api/classes/CItem.php
/usr/share/webapps/zabbix/2.0.3/htdocs/api/classes/CItemGeneral.php
/usr/share/webapps/zabbix/2.0.3/htdocs/api/classes/CItemKey.php
/usr/share/webapps/zabbix/2.0.3/htdocs/api/classes/CItemPrototype.php
/usr/share/webapps/zabbix/2.0.3/htdocs/api/classes/CMaintenance.php
/usr/share/webapps/zabbix/2.0.3/htdocs/api/classes/CMap.php
/usr/share/webapps/zabbix/2.0.3/htdocs/api/classes/CMapElement.php
/usr/share/webapps/zabbix/2.0.3/htdocs/api/classes/CMediatype.php
/usr/share/webapps/zabbix/2.0.3/htdocs/api/classes/CProxy.php
/usr/share/webapps/zabbix/2.0.3/htdocs/api/classes/CScreen.php
/usr/share/webapps/zabbix/2.0.3/htdocs/api/classes/CScreenItem.php
/usr/share/webapps/zabbix/2.0.3/htdocs/api/classes/CScript.php
/usr/share/webapps/zabbix/2.0.3/htdocs/api/classes/CService.php
/usr/share/webapps/zabbix/2.0.3/htdocs/api/classes/CTemplate.php
/usr/share/webapps/zabbix/2.0.3/htdocs/api/classes/CTemplateScreen.php
/usr/share/webapps/zabbix/2.0.3/htdocs/api/classes/CTemplateScreenItem.php
/usr/share/webapps/zabbix/2.0.3/htdocs/api/classes/CTrigger.php
/usr/share/webapps/zabbix/2.0.3/htdocs/api/classes/CTriggerExpression.php
/usr/share/webapps/zabbix/2.0.3/htdocs/api/classes/CTriggerGeneral.php
/usr/share/webapps/zabbix/2.0.3/htdocs/api/classes/CTriggerPrototype.php
/usr/share/webapps/zabbix/2.0.3/htdocs/api/classes/CUser.php
/usr/share/webapps/zabbix/2.0.3/htdocs/api/classes/CUserGroup.php
/usr/share/webapps/zabbix/2.0.3/htdocs/api/classes/CUserMacro.php
/usr/share/webapps/zabbix/2.0.3/htdocs/api/classes/CUserMedia.php
/usr/share/webapps/zabbix/2.0.3/htdocs/api/classes/CWebCheck.php
/usr/share/webapps/zabbix/2.0.3/htdocs/api/rpc/class.cjsonrpc.php
/usr/share/webapps/zabbix/2.0.3/htdocs/api/rpc/class.czbxrpc.php
/usr/share/webapps/zabbix/2.0.3/htdocs/api_jsonrpc.php
/usr/share/webapps/zabbix/2.0.3/htdocs/applications.php
/usr/share/webapps/zabbix/2.0.3/htdocs/audio/alarm_average.wav
/usr/share/webapps/zabbix/2.0.3/htdocs/audio/alarm_disaster.wav
/usr/share/webapps/zabbix/2.0.3/htdocs/audio/alarm_high.wav
/usr/share/webapps/zabbix/2.0.3/htdocs/audio/alarm_information.wav
/usr/share/webapps/zabbix/2.0.3/htdocs/audio/alarm_ok.wav
/usr/share/webapps/zabbix/2.0.3/htdocs/audio/alarm_warning.wav
/usr/share/webapps/zabbix/2.0.3/htdocs/audio/no_sound.wav
/usr/share/webapps/zabbix/2.0.3/htdocs/auditacts.php
/usr/share/webapps/zabbix/2.0.3/htdocs/auditlogs.php
/usr/share/webapps/zabbix/2.0.3/htdocs/authentication.php
/usr/share/webapps/zabbix/2.0.3/htdocs/browserwarning.php
/usr/share/webapps/zabbix/2.0.3/htdocs/chart.php
/usr/share/webapps/zabbix/2.0.3/htdocs/chart2.php
/usr/share/webapps/zabbix/2.0.3/htdocs/chart3.php
/usr/share/webapps/zabbix/2.0.3/htdocs/chart4.php
/usr/share/webapps/zabbix/2.0.3/htdocs/chart5.php
/usr/share/webapps/zabbix/2.0.3/htdocs/chart6.php
/usr/share/webapps/zabbix/2.0.3/htdocs/chart7.php
/usr/share/webapps/zabbix/2.0.3/htdocs/chart_bar.php
/usr/share/webapps/zabbix/2.0.3/htdocs/charts.php
/usr/share/webapps/zabbix/2.0.3/htdocs/conf.import.php
/usr/share/webapps/zabbix/2.0.3/htdocs/conf/.htaccess
/usr/share/webapps/zabbix/2.0.3/htdocs/conf/COPYING
/usr/share/webapps/zabbix/2.0.3/htdocs/conf/maintenance.inc.php
/usr/share/webapps/zabbix/2.0.3/htdocs/conf/zabbix.conf.php.example
/usr/share/webapps/zabbix/2.0.3/htdocs/css.css
/usr/share/webapps/zabbix/2.0.3/htdocs/dashboard.php
/usr/share/webapps/zabbix/2.0.3/htdocs/dashconf.php
/usr/share/webapps/zabbix/2.0.3/htdocs/disc_prototypes.php
/usr/share/webapps/zabbix/2.0.3/htdocs/discovery.php
/usr/share/webapps/zabbix/2.0.3/htdocs/discoveryconf.php
/usr/share/webapps/zabbix/2.0.3/htdocs/events.php
/usr/share/webapps/zabbix/2.0.3/htdocs/fonts/DejaVuSans.ttf
/usr/share/webapps/zabbix/2.0.3/htdocs/graphs.php
/usr/share/webapps/zabbix/2.0.3/htdocs/history.php
/usr/share/webapps/zabbix/2.0.3/htdocs/host_discovery.php
/usr/share/webapps/zabbix/2.0.3/htdocs/host_screen.php
/usr/share/webapps/zabbix/2.0.3/htdocs/hostgroups.php
/usr/share/webapps/zabbix/2.0.3/htdocs/hostinventories.php
/usr/share/webapps/zabbix/2.0.3/htdocs/hostinventoriesoverview.php
/usr/share/webapps/zabbix/2.0.3/htdocs/hosts.php
/usr/share/webapps/zabbix/2.0.3/htdocs/httpconf.php
/usr/share/webapps/zabbix/2.0.3/htdocs/httpdetails.php
/usr/share/webapps/zabbix/2.0.3/htdocs/httpmon.php
/usr/share/webapps/zabbix/2.0.3/htdocs/image.php
/usr/share/webapps/zabbix/2.0.3/htdocs/images/flash/zbxclock.swf
/usr/share/webapps/zabbix/2.0.3/htdocs/images/general/arrow_down.png
/usr/share/webapps/zabbix/2.0.3/htdocs/images/general/arrow_down2.png
/usr/share/webapps/zabbix/2.0.3/htdocs/images/general/arrow_up.png
/usr/share/webapps/zabbix/2.0.3/htdocs/images/general/arrow_up2.png
/usr/share/webapps/zabbix/2.0.3/htdocs/images/general/bar/arrow_down.gif
/usr/share/webapps/zabbix/2.0.3/htdocs/images/general/bar/arrow_sm.gif
/usr/share/webapps/zabbix/2.0.3/htdocs/images/general/bar/arrow_up.gif
/usr/share/webapps/zabbix/2.0.3/htdocs/images/general/bar/bar_bg.png
/usr/share/webapps/zabbix/2.0.3/htdocs/images/general/bar/bar_middle.png
/usr/share/webapps/zabbix/2.0.3/htdocs/images/general/bar/bg.png
/usr/share/webapps/zabbix/2.0.3/htdocs/images/general/bar/cal.gif
/usr/share/webapps/zabbix/2.0.3/htdocs/images/general/bar/left.png
/usr/share/webapps/zabbix/2.0.3/htdocs/images/general/bar/left_arr.png
/usr/share/webapps/zabbix/2.0.3/htdocs/images/general/bar/right.png
/usr/share/webapps/zabbix/2.0.3/htdocs/images/general/bar/right_arr.png
/usr/share/webapps/zabbix/2.0.3/htdocs/images/general/browserwarning/background.png
/usr/share/webapps/zabbix/2.0.3/htdocs/images/general/browserwarning/chrome.png
/usr/share/webapps/zabbix/2.0.3/htdocs/images/general/browserwarning/firefox.png
/usr/share/webapps/zabbix/2.0.3/htdocs/images/general/browserwarning/ie.png
/usr/share/webapps/zabbix/2.0.3/htdocs/images/general/browserwarning/opera.png
/usr/share/webapps/zabbix/2.0.3/htdocs/images/general/browserwarning/safari.png
/usr/share/webapps/zabbix/2.0.3/htdocs/images/general/bttn/arrowdown.png
/usr/share/webapps/zabbix/2.0.3/htdocs/images/general/bttn/arrowleft.png
/usr/share/webapps/zabbix/2.0.3/htdocs/images/general/bttn/arrowright.png
/usr/share/webapps/zabbix/2.0.3/htdocs/images/general/bttn/arrowup.png
/usr/share/webapps/zabbix/2.0.3/htdocs/images/general/bttn/close.png
/usr/share/webapps/zabbix/2.0.3/htdocs/images/general/bttn/config.png
/usr/share/webapps/zabbix/2.0.3/htdocs/images/general/bttn/config_hl.png
/usr/share/webapps/zabbix/2.0.3/htdocs/images/general/bttn/down.png
/usr/share/webapps/zabbix/2.0.3/htdocs/images/general/bttn/fullscreen.png
/usr/share/webapps/zabbix/2.0.3/htdocs/images/general/bttn/help.png
/usr/share/webapps/zabbix/2.0.3/htdocs/images/general/bttn/menu.png
/usr/share/webapps/zabbix/2.0.3/htdocs/images/general/bttn/minus.png
/usr/share/webapps/zabbix/2.0.3/htdocs/images/general/bttn/move.png
/usr/share/webapps/zabbix/2.0.3/htdocs/images/general/bttn/mute.png
/usr/share/webapps/zabbix/2.0.3/htdocs/images/general/bttn/plus.png
/usr/share/webapps/zabbix/2.0.3/htdocs/images/general/bttn/reset.png
/usr/share/webapps/zabbix/2.0.3/htdocs/images/general/bttn/snooze.png
/usr/share/webapps/zabbix/2.0.3/htdocs/images/general/bttn/sound.png
/usr/share/webapps/zabbix/2.0.3/htdocs/images/general/bttn/up.png
/usr/share/webapps/zabbix/2.0.3/htdocs/images/general/chart.png
/usr/share/webapps/zabbix/2.0.3/htdocs/images/general/dbl_arrow_down.png
/usr/share/webapps/zabbix/2.0.3/htdocs/images/general/dbl_arrow_down2.png
/usr/share/webapps/zabbix/2.0.3/htdocs/images/general/dbl_arrow_up.png
/usr/share/webapps/zabbix/2.0.3/htdocs/images/general/dbl_arrow_up2.png
/usr/share/webapps/zabbix/2.0.3/htdocs/images/general/error.png
/usr/share/webapps/zabbix/2.0.3/htdocs/images/general/error2.png
/usr/share/webapps/zabbix/2.0.3/htdocs/images/general/error3.png
/usr/share/webapps/zabbix/2.0.3/htdocs/images/general/ipmi_available.png
/usr/share/webapps/zabbix/2.0.3/htdocs/images/general/ipmi_available_bb.png
/usr/share/webapps/zabbix/2.0.3/htdocs/images/general/ipmi_unavailable.png
/usr/share/webapps/zabbix/2.0.3/htdocs/images/general/ipmi_unknown.png
/usr/share/webapps/zabbix/2.0.3/htdocs/images/general/jmx_available.png
/usr/share/webapps/zabbix/2.0.3/htdocs/images/general/jmx_available_bb.png
/usr/share/webapps/zabbix/2.0.3/htdocs/images/general/jmx_unavailable.png
/usr/share/webapps/zabbix/2.0.3/htdocs/images/general/jmx_unknown.png
/usr/share/webapps/zabbix/2.0.3/htdocs/images/general/login/background.png
/usr/share/webapps/zabbix/2.0.3/htdocs/images/general/login/logo.png
/usr/share/webapps/zabbix/2.0.3/htdocs/images/general/login/username_pass_field.png
/usr/share/webapps/zabbix/2.0.3/htdocs/images/general/minus.png
/usr/share/webapps/zabbix/2.0.3/htdocs/images/general/no_icon.png
/usr/share/webapps/zabbix/2.0.3/htdocs/images/general/ok.png
/usr/share/webapps/zabbix/2.0.3/htdocs/images/general/ok_bb.png
/usr/share/webapps/zabbix/2.0.3/htdocs/images/general/ok_icon.png
/usr/share/webapps/zabbix/2.0.3/htdocs/images/general/ok_icon_bb.png
/usr/share/webapps/zabbix/2.0.3/htdocs/images/general/plus.png
/usr/share/webapps/zabbix/2.0.3/htdocs/images/general/setup/background.png
/usr/share/webapps/zabbix/2.0.3/htdocs/images/general/setup/logo.png
/usr/share/webapps/zabbix/2.0.3/htdocs/images/general/setup/welcome_screen.png
/usr/share/webapps/zabbix/2.0.3/htdocs/images/general/snmp_available.png
/usr/share/webapps/zabbix/2.0.3/htdocs/images/general/snmp_available_bb.png
/usr/share/webapps/zabbix/2.0.3/htdocs/images/general/snmp_unavailable.png
/usr/share/webapps/zabbix/2.0.3/htdocs/images/general/snmp_unknown.png
/usr/share/webapps/zabbix/2.0.3/htdocs/images/general/sort_down.png
/usr/share/webapps/zabbix/2.0.3/htdocs/images/general/sort_down_blue.png
/usr/share/webapps/zabbix/2.0.3/htdocs/images/general/sort_down_od.png
/usr/share/webapps/zabbix/2.0.3/htdocs/images/general/sort_up.png
/usr/share/webapps/zabbix/2.0.3/htdocs/images/general/sort_up_blue.png
/usr/share/webapps/zabbix/2.0.3/htdocs/images/general/sort_up_od.png
/usr/share/webapps/zabbix/2.0.3/htdocs/images/general/tick.png
/usr/share/webapps/zabbix/2.0.3/htdocs/images/general/transparent.png
/usr/share/webapps/zabbix/2.0.3/htdocs/images/general/tree/minus.gif
/usr/share/webapps/zabbix/2.0.3/htdocs/images/general/tree/plus.gif
/usr/share/webapps/zabbix/2.0.3/htdocs/images/general/tree/point.gif
/usr/share/webapps/zabbix/2.0.3/htdocs/images/general/tree/pointc.gif
/usr/share/webapps/zabbix/2.0.3/htdocs/images/general/tree/pointl.gif
/usr/share/webapps/zabbix/2.0.3/htdocs/images/general/tree/zero.gif
/usr/share/webapps/zabbix/2.0.3/htdocs/images/general/unknown_icon.png
/usr/share/webapps/zabbix/2.0.3/htdocs/images/general/warning.png
/usr/share/webapps/zabbix/2.0.3/htdocs/images/general/warning2.png
/usr/share/webapps/zabbix/2.0.3/htdocs/images/general/wrench12transp.png
/usr/share/webapps/zabbix/2.0.3/htdocs/images/general/zabbix.ico
/usr/share/webapps/zabbix/2.0.3/htdocs/images/general/zabbix.png
/usr/share/webapps/zabbix/2.0.3/htdocs/images/general/zabbix_available.png
/usr/share/webapps/zabbix/2.0.3/htdocs/images/general/zabbix_available_bb.png
/usr/share/webapps/zabbix/2.0.3/htdocs/images/general/zabbix_bb.ico
/usr/share/webapps/zabbix/2.0.3/htdocs/images/general/zabbix_bb.png
/usr/share/webapps/zabbix/2.0.3/htdocs/images/general/zabbix_ob.ico
/usr/share/webapps/zabbix/2.0.3/htdocs/images/general/zabbix_od.png
/usr/share/webapps/zabbix/2.0.3/htdocs/images/general/zabbix_unavailable.png
/usr/share/webapps/zabbix/2.0.3/htdocs/images/general/zabbix_unknown.png
/usr/share/webapps/zabbix/2.0.3/htdocs/images/general/zero.png
/usr/share/webapps/zabbix/2.0.3/htdocs/images/gradients/blink.gif
/usr/share/webapps/zabbix/2.0.3/htdocs/images/gradients/button.gif
/usr/share/webapps/zabbix/2.0.3/htdocs/images/gradients/gradient.png
/usr/share/webapps/zabbix/2.0.3/htdocs/images/gradients/header_footer_blue.png
/usr/share/webapps/zabbix/2.0.3/htdocs/images/gradients/header_link_blue.png
/usr/share/webapps/zabbix/2.0.3/htdocs/images/gradients/menu_not_active.gif
/usr/share/webapps/zabbix/2.0.3/htdocs/images/gradients/menu_not_active2.gif
/usr/share/webapps/zabbix/2.0.3/htdocs/images/gradients/menu_not_active_bb.gif
/usr/share/webapps/zabbix/2.0.3/htdocs/images/gradients/menu_not_active_blue.png
/usr/share/webapps/zabbix/2.0.3/htdocs/images/gradients/sla_blue.png
/usr/share/webapps/zabbix/2.0.3/htdocs/images/gradients/sla_blue15.png
/usr/share/webapps/zabbix/2.0.3/htdocs/images/gradients/sla_green.png
/usr/share/webapps/zabbix/2.0.3/htdocs/images/gradients/sla_green15.png
/usr/share/webapps/zabbix/2.0.3/htdocs/images/gradients/sla_red.png
/usr/share/webapps/zabbix/2.0.3/htdocs/images/gradients/sla_red15.png
/usr/share/webapps/zabbix/2.0.3/htdocs/images/gradients/table_head2_bb.gif
/usr/share/webapps/zabbix/2.0.3/htdocs/images/gradients/table_head_bb.gif
/usr/share/webapps/zabbix/2.0.3/htdocs/images/gradients/texture_diagonal.gif
/usr/share/webapps/zabbix/2.0.3/htdocs/images/sysmaps/Hub.png
/usr/share/webapps/zabbix/2.0.3/htdocs/images/sysmaps/Hub_small.png
/usr/share/webapps/zabbix/2.0.3/htdocs/images/sysmaps/Network.png
/usr/share/webapps/zabbix/2.0.3/htdocs/images/sysmaps/Network_small.png
/usr/share/webapps/zabbix/2.0.3/htdocs/images/sysmaps/Notebook.png
/usr/share/webapps/zabbix/2.0.3/htdocs/images/sysmaps/Notebook_small.png
/usr/share/webapps/zabbix/2.0.3/htdocs/images/sysmaps/Phone.png
/usr/share/webapps/zabbix/2.0.3/htdocs/images/sysmaps/Phone_small.png
/usr/share/webapps/zabbix/2.0.3/htdocs/images/sysmaps/Printer.png
/usr/share/webapps/zabbix/2.0.3/htdocs/images/sysmaps/Printer_small.png
/usr/share/webapps/zabbix/2.0.3/htdocs/images/sysmaps/README
/usr/share/webapps/zabbix/2.0.3/htdocs/images/sysmaps/Router.png
/usr/share/webapps/zabbix/2.0.3/htdocs/images/sysmaps/Router_small.png
/usr/share/webapps/zabbix/2.0.3/htdocs/images/sysmaps/Satellite.png
/usr/share/webapps/zabbix/2.0.3/htdocs/images/sysmaps/Satellite_small.png
/usr/share/webapps/zabbix/2.0.3/htdocs/images/sysmaps/Server.png
/usr/share/webapps/zabbix/2.0.3/htdocs/images/sysmaps/Server_small.png
/usr/share/webapps/zabbix/2.0.3/htdocs/images/sysmaps/UPS.png
/usr/share/webapps/zabbix/2.0.3/htdocs/images/sysmaps/UPS_small.png
/usr/share/webapps/zabbix/2.0.3/htdocs/images/sysmaps/Workstation.png
/usr/share/webapps/zabbix/2.0.3/htdocs/images/sysmaps/Workstation_small.png
/usr/share/webapps/zabbix/2.0.3/htdocs/images/sysmaps/old/Hub.png
/usr/share/webapps/zabbix/2.0.3/htdocs/images/sysmaps/old/Notebook.png
/usr/share/webapps/zabbix/2.0.3/htdocs/images/sysmaps/old/Printer.png
/usr/share/webapps/zabbix/2.0.3/htdocs/images/sysmaps/old/Router.png
/usr/share/webapps/zabbix/2.0.3/htdocs/images/sysmaps/old/Server.png
/usr/share/webapps/zabbix/2.0.3/htdocs/images/sysmaps/old/Workstation.png
/usr/share/webapps/zabbix/2.0.3/htdocs/imgstore.php
/usr/share/webapps/zabbix/2.0.3/htdocs/include/.htaccess
/usr/share/webapps/zabbix/2.0.3/htdocs/include/acknow.inc.php
/usr/share/webapps/zabbix/2.0.3/htdocs/include/actions.inc.php
/usr/share/webapps/zabbix/2.0.3/htdocs/include/audit.inc.php
/usr/share/webapps/zabbix/2.0.3/htdocs/include/blocks.inc.php
/usr/share/webapps/zabbix/2.0.3/htdocs/include/classes/api/API.php
/usr/share/webapps/zabbix/2.0.3/htdocs/include/classes/api/APIException.php
/usr/share/webapps/zabbix/2.0.3/htdocs/include/classes/api/CAPIObject.php
/usr/share/webapps/zabbix/2.0.3/htdocs/include/classes/api/CZBXAPI.php
/usr/share/webapps/zabbix/2.0.3/htdocs/include/classes/class.ajaxresponse.php
/usr/share/webapps/zabbix/2.0.3/htdocs/include/classes/class.carea.php
/usr/share/webapps/zabbix/2.0.3/htdocs/include/classes/class.careamap.php
/usr/share/webapps/zabbix/2.0.3/htdocs/include/classes/class.cbar.php
/usr/share/webapps/zabbix/2.0.3/htdocs/include/classes/class.cbutton.php
/usr/share/webapps/zabbix/2.0.3/htdocs/include/classes/class.cbuttoncancel.php
/usr/share/webapps/zabbix/2.0.3/htdocs/include/classes/class.cbuttondelete.php
/usr/share/webapps/zabbix/2.0.3/htdocs/include/classes/class.cbuttonqmessage.php
/usr/share/webapps/zabbix/2.0.3/htdocs/include/classes/class.cchart.php
/usr/share/webapps/zabbix/2.0.3/htdocs/include/classes/class.ccheckbox.php
/usr/share/webapps/zabbix/2.0.3/htdocs/include/classes/class.ccol.php
/usr/share/webapps/zabbix/2.0.3/htdocs/include/classes/class.ccolor.php
/usr/share/webapps/zabbix/2.0.3/htdocs/include/classes/class.ccolorcell.php
/usr/share/webapps/zabbix/2.0.3/htdocs/include/classes/class.ccombobox.php
/usr/share/webapps/zabbix/2.0.3/htdocs/include/classes/class.ccomboitem.php
/usr/share/webapps/zabbix/2.0.3/htdocs/include/classes/class.cconfigfile.php
/usr/share/webapps/zabbix/2.0.3/htdocs/include/classes/class.cdiv.php
/usr/share/webapps/zabbix/2.0.3/htdocs/include/classes/class.ceditablecombobox.php
/usr/share/webapps/zabbix/2.0.3/htdocs/include/classes/class.cfile.php
/usr/share/webapps/zabbix/2.0.3/htdocs/include/classes/class.cflash.php
/usr/share/webapps/zabbix/2.0.3/htdocs/include/classes/class.cflashclock.php
/usr/share/webapps/zabbix/2.0.3/htdocs/include/classes/class.cflashembed.php
/usr/share/webapps/zabbix/2.0.3/htdocs/include/classes/class.cform.php
/usr/share/webapps/zabbix/2.0.3/htdocs/include/classes/class.cformlist.php
/usr/share/webapps/zabbix/2.0.3/htdocs/include/classes/class.cformtable.php
/usr/share/webapps/zabbix/2.0.3/htdocs/include/classes/class.cgraphdraw.php
/usr/share/webapps/zabbix/2.0.3/htdocs/include/classes/class.chelp.php
/usr/share/webapps/zabbix/2.0.3/htdocs/include/classes/class.chostsinfo.php
/usr/share/webapps/zabbix/2.0.3/htdocs/include/classes/class.chttp_request.php
/usr/share/webapps/zabbix/2.0.3/htdocs/include/classes/class.cicon.php
/usr/share/webapps/zabbix/2.0.3/htdocs/include/classes/class.ciframe.php
/usr/share/webapps/zabbix/2.0.3/htdocs/include/classes/class.cimagetexttable.php
/usr/share/webapps/zabbix/2.0.3/htdocs/include/classes/class.cimg.php
/usr/share/webapps/zabbix/2.0.3/htdocs/include/classes/class.cinput.php
/usr/share/webapps/zabbix/2.0.3/htdocs/include/classes/class.cjson.php
/usr/share/webapps/zabbix/2.0.3/htdocs/include/classes/class.cjsscript.php
/usr/share/webapps/zabbix/2.0.3/htdocs/include/classes/class.clabel.php
/usr/share/webapps/zabbix/2.0.3/htdocs/include/classes/class.cldap.php
/usr/share/webapps/zabbix/2.0.3/htdocs/include/classes/class.clink.php
/usr/share/webapps/zabbix/2.0.3/htdocs/include/classes/class.clist.php
/usr/share/webapps/zabbix/2.0.3/htdocs/include/classes/class.clistbox.php
/usr/share/webapps/zabbix/2.0.3/htdocs/include/classes/class.clistitem.php
/usr/share/webapps/zabbix/2.0.3/htdocs/include/classes/class.cnumericbox.php
/usr/share/webapps/zabbix/2.0.3/htdocs/include/classes/class.cobject.php
/usr/share/webapps/zabbix/2.0.3/htdocs/include/classes/class.cpagefilter.php
/usr/share/webapps/zabbix/2.0.3/htdocs/include/classes/class.cparam.php
/usr/share/webapps/zabbix/2.0.3/htdocs/include/classes/class.cpassbox.php
/usr/share/webapps/zabbix/2.0.3/htdocs/include/classes/class.cpie.php
/usr/share/webapps/zabbix/2.0.3/htdocs/include/classes/class.cpumenu.php
/usr/share/webapps/zabbix/2.0.3/htdocs/include/classes/class.cradiobutton.php
/usr/share/webapps/zabbix/2.0.3/htdocs/include/classes/class.cradiobuttonlist.php
/usr/share/webapps/zabbix/2.0.3/htdocs/include/classes/class.crow.php
/usr/share/webapps/zabbix/2.0.3/htdocs/include/classes/class.cserverinfo.php
/usr/share/webapps/zabbix/2.0.3/htdocs/include/classes/class.cspan.php
/usr/share/webapps/zabbix/2.0.3/htdocs/include/classes/class.cstringparser.php
/usr/share/webapps/zabbix/2.0.3/htdocs/include/classes/class.csubmit.php
/usr/share/webapps/zabbix/2.0.3/htdocs/include/classes/class.ctable.php
/usr/share/webapps/zabbix/2.0.3/htdocs/include/classes/class.ctableinfo.php
/usr/share/webapps/zabbix/2.0.3/htdocs/include/classes/class.ctabview.php
/usr/share/webapps/zabbix/2.0.3/htdocs/include/classes/class.ctag.php
/usr/share/webapps/zabbix/2.0.3/htdocs/include/classes/class.ctextarea.php
/usr/share/webapps/zabbix/2.0.3/htdocs/include/classes/class.ctextbox.php
/usr/share/webapps/zabbix/2.0.3/htdocs/include/classes/class.ctriggersinfo.php
/usr/share/webapps/zabbix/2.0.3/htdocs/include/classes/class.ctweenbox.php
/usr/share/webapps/zabbix/2.0.3/htdocs/include/classes/class.cuiwidget.php
/usr/share/webapps/zabbix/2.0.3/htdocs/include/classes/class.curl.php
/usr/share/webapps/zabbix/2.0.3/htdocs/include/classes/class.cvar.php
/usr/share/webapps/zabbix/2.0.3/htdocs/include/classes/class.cview.php
/usr/share/webapps/zabbix/2.0.3/htdocs/include/classes/class.cvisibilitybox.php
/usr/share/webapps/zabbix/2.0.3/htdocs/include/classes/class.cwarning.php
/usr/share/webapps/zabbix/2.0.3/htdocs/include/classes/class.cwebuser.php
/usr/share/webapps/zabbix/2.0.3/htdocs/include/classes/class.cwidget.php
/usr/share/webapps/zabbix/2.0.3/htdocs/include/classes/class.frontendsetup.php
/usr/share/webapps/zabbix/2.0.3/htdocs/include/classes/class.globalregexp.php
/usr/share/webapps/zabbix/2.0.3/htdocs/include/classes/core/CAutoloader.php
/usr/share/webapps/zabbix/2.0.3/htdocs/include/classes/core/CSession.php
/usr/share/webapps/zabbix/2.0.3/htdocs/include/classes/core/Z.php
/usr/share/webapps/zabbix/2.0.3/htdocs/include/classes/core/ZBase.php
/usr/share/webapps/zabbix/2.0.3/htdocs/include/classes/db/DB.php
/usr/share/webapps/zabbix/2.0.3/htdocs/include/classes/db/DBException.php
/usr/share/webapps/zabbix/2.0.3/htdocs/include/classes/debug/CProfiler.php
/usr/share/webapps/zabbix/2.0.3/htdocs/include/classes/export/CConfigurationExport.php
/usr/share/webapps/zabbix/2.0.3/htdocs/include/classes/export/CConfigurationExportBuilder.php
/usr/share/webapps/zabbix/2.0.3/htdocs/include/classes/export/writers/CExportWriter.php
/usr/share/webapps/zabbix/2.0.3/htdocs/include/classes/export/writers/CExportWriterFactory.php
/usr/share/webapps/zabbix/2.0.3/htdocs/include/classes/export/writers/CJsonExportWriter.php
/usr/share/webapps/zabbix/2.0.3/htdocs/include/classes/export/writers/CXmlExportWriter.php
/usr/share/webapps/zabbix/2.0.3/htdocs/include/classes/helpers/CArrayHelper.php
/usr/share/webapps/zabbix/2.0.3/htdocs/include/classes/helpers/CHtml.php
/usr/share/webapps/zabbix/2.0.3/htdocs/include/classes/helpers/CJs.php
/usr/share/webapps/zabbix/2.0.3/htdocs/include/classes/helpers/CUploadFile.php
/usr/share/webapps/zabbix/2.0.3/htdocs/include/classes/helpers/trigger/CEventDescription.php
/usr/share/webapps/zabbix/2.0.3/htdocs/include/classes/helpers/trigger/CEventHelper.php
/usr/share/webapps/zabbix/2.0.3/htdocs/include/classes/helpers/trigger/CTriggerDescription.php
/usr/share/webapps/zabbix/2.0.3/htdocs/include/classes/helpers/trigger/CTriggerHelper.php
/usr/share/webapps/zabbix/2.0.3/htdocs/include/classes/import/CConfigurationImport.php
/usr/share/webapps/zabbix/2.0.3/htdocs/include/classes/import/CImportReferencer.php
/usr/share/webapps/zabbix/2.0.3/htdocs/include/classes/import/CXmlImport18.php
/usr/share/webapps/zabbix/2.0.3/htdocs/include/classes/import/formatters/C20ImportFormatter.php
/usr/share/webapps/zabbix/2.0.3/htdocs/include/classes/import/formatters/CImportFormatter.php
/usr/share/webapps/zabbix/2.0.3/htdocs/include/classes/import/importers/CAbstractScreenImporter.php
/usr/share/webapps/zabbix/2.0.3/htdocs/include/classes/import/importers/CHostImporter.php
/usr/share/webapps/zabbix/2.0.3/htdocs/include/classes/import/importers/CImporter.php
/usr/share/webapps/zabbix/2.0.3/htdocs/include/classes/import/importers/CMapImporter.php
/usr/share/webapps/zabbix/2.0.3/htdocs/include/classes/import/importers/CScreenImporter.php
/usr/share/webapps/zabbix/2.0.3/htdocs/include/classes/import/importers/CTemplateImporter.php
/usr/share/webapps/zabbix/2.0.3/htdocs/include/classes/import/importers/CTemplateScreenImporter.php
/usr/share/webapps/zabbix/2.0.3/htdocs/include/classes/import/readers/CImportReader.php
/usr/share/webapps/zabbix/2.0.3/htdocs/include/classes/import/readers/CImportReaderFactory.php
/usr/share/webapps/zabbix/2.0.3/htdocs/include/classes/import/readers/CJsonImportReader.php
/usr/share/webapps/zabbix/2.0.3/htdocs/include/classes/import/readers/CXmlImportReader.php
/usr/share/webapps/zabbix/2.0.3/htdocs/include/classes/screens/CScreenActions.php
/usr/share/webapps/zabbix/2.0.3/htdocs/include/classes/screens/CScreenBase.php
/usr/share/webapps/zabbix/2.0.3/htdocs/include/classes/screens/CScreenBuilder.php
/usr/share/webapps/zabbix/2.0.3/htdocs/include/classes/screens/CScreenChart.php
/usr/share/webapps/zabbix/2.0.3/htdocs/include/classes/screens/CScreenClock.php
/usr/share/webapps/zabbix/2.0.3/htdocs/include/classes/screens/CScreenDataOverview.php
/usr/share/webapps/zabbix/2.0.3/htdocs/include/classes/screens/CScreenEvents.php
/usr/share/webapps/zabbix/2.0.3/htdocs/include/classes/screens/CScreenGraph.php
/usr/share/webapps/zabbix/2.0.3/htdocs/include/classes/screens/CScreenHistory.php
/usr/share/webapps/zabbix/2.0.3/htdocs/include/classes/screens/CScreenHostTriggers.php
/usr/share/webapps/zabbix/2.0.3/htdocs/include/classes/screens/CScreenHostgroupTriggers.php
/usr/share/webapps/zabbix/2.0.3/htdocs/include/classes/screens/CScreenHostsInfo.php
/usr/share/webapps/zabbix/2.0.3/htdocs/include/classes/screens/CScreenMap.php
/usr/share/webapps/zabbix/2.0.3/htdocs/include/classes/screens/CScreenPlainText.php
/usr/share/webapps/zabbix/2.0.3/htdocs/include/classes/screens/CScreenScreen.php
/usr/share/webapps/zabbix/2.0.3/htdocs/include/classes/screens/CScreenServerInfo.php
/usr/share/webapps/zabbix/2.0.3/htdocs/include/classes/screens/CScreenSimpleGraph.php
/usr/share/webapps/zabbix/2.0.3/htdocs/include/classes/screens/CScreenSystemStatus.php
/usr/share/webapps/zabbix/2.0.3/htdocs/include/classes/screens/CScreenTriggersInfo.php
/usr/share/webapps/zabbix/2.0.3/htdocs/include/classes/screens/CScreenTriggersOverview.php
/usr/share/webapps/zabbix/2.0.3/htdocs/include/classes/screens/CScreenUrl.php
/usr/share/webapps/zabbix/2.0.3/htdocs/include/classes/sysmaps/CCanvas.php
/usr/share/webapps/zabbix/2.0.3/htdocs/include/classes/sysmaps/CMapPainter.php
/usr/share/webapps/zabbix/2.0.3/htdocs/include/classes/tree/CServiceTree.php
/usr/share/webapps/zabbix/2.0.3/htdocs/include/classes/tree/CTree.php
/usr/share/webapps/zabbix/2.0.3/htdocs/include/classes/validators/CTimePeriodValidator.php
/usr/share/webapps/zabbix/2.0.3/htdocs/include/classes/validators/CValidator.php
/usr/share/webapps/zabbix/2.0.3/htdocs/include/config.inc.php
/usr/share/webapps/zabbix/2.0.3/htdocs/include/db.inc.php
/usr/share/webapps/zabbix/2.0.3/htdocs/include/debug.inc.php
/usr/share/webapps/zabbix/2.0.3/htdocs/include/defines.inc.php
/usr/share/webapps/zabbix/2.0.3/htdocs/include/discovery.inc.php
/usr/share/webapps/zabbix/2.0.3/htdocs/include/events.inc.php
/usr/share/webapps/zabbix/2.0.3/htdocs/include/forms.inc.php
/usr/share/webapps/zabbix/2.0.3/htdocs/include/func.inc.php
/usr/share/webapps/zabbix/2.0.3/htdocs/include/gettextwrapper.inc.php
/usr/share/webapps/zabbix/2.0.3/htdocs/include/graphs.inc.php
/usr/share/webapps/zabbix/2.0.3/htdocs/include/hosts.inc.php
/usr/share/webapps/zabbix/2.0.3/htdocs/include/html.inc.php
/usr/share/webapps/zabbix/2.0.3/htdocs/include/httptest.inc.php
/usr/share/webapps/zabbix/2.0.3/htdocs/include/ident.inc.php
/usr/share/webapps/zabbix/2.0.3/htdocs/include/images.inc.php
/usr/share/webapps/zabbix/2.0.3/htdocs/include/items.inc.php
/usr/share/webapps/zabbix/2.0.3/htdocs/include/js.inc.php
/usr/share/webapps/zabbix/2.0.3/htdocs/include/locales.inc.php
/usr/share/webapps/zabbix/2.0.3/htdocs/include/maintenances.inc.php
/usr/share/webapps/zabbix/2.0.3/htdocs/include/maps.inc.php
/usr/share/webapps/zabbix/2.0.3/htdocs/include/media.inc.php
/usr/share/webapps/zabbix/2.0.3/htdocs/include/menu.inc.php
/usr/share/webapps/zabbix/2.0.3/htdocs/include/nodes.inc.php
/usr/share/webapps/zabbix/2.0.3/htdocs/include/page_footer.php
/usr/share/webapps/zabbix/2.0.3/htdocs/include/page_header.php
/usr/share/webapps/zabbix/2.0.3/htdocs/include/perm.inc.php
/usr/share/webapps/zabbix/2.0.3/htdocs/include/profiles.inc.php
/usr/share/webapps/zabbix/2.0.3/htdocs/include/regexp.inc.php
/usr/share/webapps/zabbix/2.0.3/htdocs/include/reports.inc.php
/usr/share/webapps/zabbix/2.0.3/htdocs/include/schema.inc.php
/usr/share/webapps/zabbix/2.0.3/htdocs/include/screens.inc.php
/usr/share/webapps/zabbix/2.0.3/htdocs/include/services.inc.php
/usr/share/webapps/zabbix/2.0.3/htdocs/include/setup.inc.php
/usr/share/webapps/zabbix/2.0.3/htdocs/include/sounds.inc.php
/usr/share/webapps/zabbix/2.0.3/htdocs/include/triggers.inc.php
/usr/share/webapps/zabbix/2.0.3/htdocs/include/users.inc.php
/usr/share/webapps/zabbix/2.0.3/htdocs/include/validate.inc.php
/usr/share/webapps/zabbix/2.0.3/htdocs/include/valuemap.inc.php
/usr/share/webapps/zabbix/2.0.3/htdocs/include/views/administration.auditacts.list.php
/usr/share/webapps/zabbix/2.0.3/htdocs/include/views/administration.auditlogs.list.php
/usr/share/webapps/zabbix/2.0.3/htdocs/include/views/administration.authentication.edit.php
/usr/share/webapps/zabbix/2.0.3/htdocs/include/views/administration.general.gui.edit.php
/usr/share/webapps/zabbix/2.0.3/htdocs/include/views/administration.general.housekeeper.edit.php
/usr/share/webapps/zabbix/2.0.3/htdocs/include/views/administration.general.iconmap.edit.php
/usr/share/webapps/zabbix/2.0.3/htdocs/include/views/administration.general.iconmap.list.php
/usr/share/webapps/zabbix/2.0.3/htdocs/include/views/administration.general.image.edit.php
/usr/share/webapps/zabbix/2.0.3/htdocs/include/views/administration.general.image.list.php
/usr/share/webapps/zabbix/2.0.3/htdocs/include/views/administration.general.macros.edit.php
/usr/share/webapps/zabbix/2.0.3/htdocs/include/views/administration.general.other.edit.php
/usr/share/webapps/zabbix/2.0.3/htdocs/include/views/administration.general.regularexpressions.edit.php
/usr/share/webapps/zabbix/2.0.3/htdocs/include/views/administration.general.regularexpressions.list.php
/usr/share/webapps/zabbix/2.0.3/htdocs/include/views/administration.general.triggerDisplayOptions.edit.php
/usr/share/webapps/zabbix/2.0.3/htdocs/include/views/administration.general.triggerSeverity.edit.php
/usr/share/webapps/zabbix/2.0.3/htdocs/include/views/administration.general.valuemapping.edit.php
/usr/share/webapps/zabbix/2.0.3/htdocs/include/views/administration.general.valuemapping.list.php
/usr/share/webapps/zabbix/2.0.3/htdocs/include/views/administration.general.workingtime.edit.php
/usr/share/webapps/zabbix/2.0.3/htdocs/include/views/administration.mediatypes.edit.php
/usr/share/webapps/zabbix/2.0.3/htdocs/include/views/administration.mediatypes.list.php
/usr/share/webapps/zabbix/2.0.3/htdocs/include/views/administration.node.edit.php
/usr/share/webapps/zabbix/2.0.3/htdocs/include/views/administration.node.list.php
/usr/share/webapps/zabbix/2.0.3/htdocs/include/views/administration.proxy.edit.php
/usr/share/webapps/zabbix/2.0.3/htdocs/include/views/administration.proxy.list.php
/usr/share/webapps/zabbix/2.0.3/htdocs/include/views/administration.script.edit.php
/usr/share/webapps/zabbix/2.0.3/htdocs/include/views/administration.script.list.php
/usr/share/webapps/zabbix/2.0.3/htdocs/include/views/administration.usergroups.edit.php
/usr/share/webapps/zabbix/2.0.3/htdocs/include/views/administration.usergroups.list.php
/usr/share/webapps/zabbix/2.0.3/htdocs/include/views/administration.users.edit.php
/usr/share/webapps/zabbix/2.0.3/htdocs/include/views/administration.users.list.php
/usr/share/webapps/zabbix/2.0.3/htdocs/include/views/common.macros.php
/usr/share/webapps/zabbix/2.0.3/htdocs/include/views/conf.import.php
/usr/share/webapps/zabbix/2.0.3/htdocs/include/views/configuration.action.edit.php
/usr/share/webapps/zabbix/2.0.3/htdocs/include/views/configuration.action.list.php
/usr/share/webapps/zabbix/2.0.3/htdocs/include/views/configuration.application.edit.php
/usr/share/webapps/zabbix/2.0.3/htdocs/include/views/configuration.application.list.php
/usr/share/webapps/zabbix/2.0.3/htdocs/include/views/configuration.copy.elements.php
/usr/share/webapps/zabbix/2.0.3/htdocs/include/views/configuration.discovery.edit.php
/usr/share/webapps/zabbix/2.0.3/htdocs/include/views/configuration.discovery.list.php
/usr/share/webapps/zabbix/2.0.3/htdocs/include/views/configuration.graph.edit.php
/usr/share/webapps/zabbix/2.0.3/htdocs/include/views/configuration.graph.list.php
/usr/share/webapps/zabbix/2.0.3/htdocs/include/views/configuration.host.discovery.list.php
/usr/share/webapps/zabbix/2.0.3/htdocs/include/views/configuration.host.edit.php
/usr/share/webapps/zabbix/2.0.3/htdocs/include/views/configuration.host.massupdate.php
/usr/share/webapps/zabbix/2.0.3/htdocs/include/views/configuration.hostgroups.edit.php
/usr/share/webapps/zabbix/2.0.3/htdocs/include/views/configuration.hostgroups.list.php
/usr/share/webapps/zabbix/2.0.3/htdocs/include/views/configuration.httpconf.edit.php
/usr/share/webapps/zabbix/2.0.3/htdocs/include/views/configuration.httpconf.list.php
/usr/share/webapps/zabbix/2.0.3/htdocs/include/views/configuration.httpconf.popup.php
/usr/share/webapps/zabbix/2.0.3/htdocs/include/views/configuration.item.copy.php
/usr/share/webapps/zabbix/2.0.3/htdocs/include/views/configuration.item.edit.php
/usr/share/webapps/zabbix/2.0.3/htdocs/include/views/configuration.item.list.php
/usr/share/webapps/zabbix/2.0.3/htdocs/include/views/configuration.item.massupdate.php
/usr/share/webapps/zabbix/2.0.3/htdocs/include/views/configuration.item.prototype.list.php
/usr/share/webapps/zabbix/2.0.3/htdocs/include/views/configuration.maintenance.edit.php
/usr/share/webapps/zabbix/2.0.3/htdocs/include/views/configuration.maintenance.list.php
/usr/share/webapps/zabbix/2.0.3/htdocs/include/views/configuration.screen.constructor.edit.php
/usr/share/webapps/zabbix/2.0.3/htdocs/include/views/configuration.screen.constructor.list.php
/usr/share/webapps/zabbix/2.0.3/htdocs/include/views/configuration.screen.edit.php
/usr/share/webapps/zabbix/2.0.3/htdocs/include/views/configuration.screen.list.php
/usr/share/webapps/zabbix/2.0.3/htdocs/include/views/configuration.services.child.list.php
/usr/share/webapps/zabbix/2.0.3/htdocs/include/views/configuration.services.edit.php
/usr/share/webapps/zabbix/2.0.3/htdocs/include/views/configuration.services.list.php
/usr/share/webapps/zabbix/2.0.3/htdocs/include/views/configuration.services.parent.list.php
/usr/share/webapps/zabbix/2.0.3/htdocs/include/views/configuration.slideconf.edit.php
/usr/share/webapps/zabbix/2.0.3/htdocs/include/views/configuration.slideconf.list.php
/usr/share/webapps/zabbix/2.0.3/htdocs/include/views/configuration.sysmap.edit.php
/usr/share/webapps/zabbix/2.0.3/htdocs/include/views/configuration.template.edit.php
/usr/share/webapps/zabbix/2.0.3/htdocs/include/views/configuration.triggers.edit.php
/usr/share/webapps/zabbix/2.0.3/htdocs/include/views/configuration.triggers.expression.php
/usr/share/webapps/zabbix/2.0.3/htdocs/include/views/configuration.triggers.list.php
/usr/share/webapps/zabbix/2.0.3/htdocs/include/views/configuration.triggers.massupdate.php
/usr/share/webapps/zabbix/2.0.3/htdocs/include/views/general.browserwarning.php
/usr/share/webapps/zabbix/2.0.3/htdocs/include/views/general.login.php
/usr/share/webapps/zabbix/2.0.3/htdocs/include/views/general.script.execute.php
/usr/share/webapps/zabbix/2.0.3/htdocs/include/views/general.search.php
/usr/share/webapps/zabbix/2.0.3/htdocs/include/views/js/administration.general.gui.php
/usr/share/webapps/zabbix/2.0.3/htdocs/include/views/js/administration.general.iconmap.js.php
/usr/share/webapps/zabbix/2.0.3/htdocs/include/views/js/administration.general.triggerDisplayOptions.js.php
/usr/share/webapps/zabbix/2.0.3/htdocs/include/views/js/administration.general.triggerSeverity.js.php
/usr/share/webapps/zabbix/2.0.3/htdocs/include/views/js/administration.general.valuemapping.edit.js.php
/usr/share/webapps/zabbix/2.0.3/htdocs/include/views/js/administration.script.edit.js.php
/usr/share/webapps/zabbix/2.0.3/htdocs/include/views/js/administration.users.edit.js.php
/usr/share/webapps/zabbix/2.0.3/htdocs/include/views/js/common.macros.js.php
/usr/share/webapps/zabbix/2.0.3/htdocs/include/views/js/configuration.action.edit.js.php
/usr/share/webapps/zabbix/2.0.3/htdocs/include/views/js/configuration.discovery.edit.js.php
/usr/share/webapps/zabbix/2.0.3/htdocs/include/views/js/configuration.graph.edit.js.php
/usr/share/webapps/zabbix/2.0.3/htdocs/include/views/js/configuration.host.edit.js.php
/usr/share/webapps/zabbix/2.0.3/htdocs/include/views/js/configuration.host.edit.macros.js.php
/usr/share/webapps/zabbix/2.0.3/htdocs/include/views/js/configuration.httpconf.edit.js.php
/usr/share/webapps/zabbix/2.0.3/htdocs/include/views/js/configuration.httpconf.popup.js.php
/usr/share/webapps/zabbix/2.0.3/htdocs/include/views/js/configuration.item.edit.js.php
/usr/share/webapps/zabbix/2.0.3/htdocs/include/views/js/configuration.services.child.list.js.php
/usr/share/webapps/zabbix/2.0.3/htdocs/include/views/js/configuration.services.edit.js.php
/usr/share/webapps/zabbix/2.0.3/htdocs/include/views/js/configuration.services.list.js.php
/usr/share/webapps/zabbix/2.0.3/htdocs/include/views/js/configuration.slideconf.edit.js.php
/usr/share/webapps/zabbix/2.0.3/htdocs/include/views/js/configuration.sysmap.edit.js.php
/usr/share/webapps/zabbix/2.0.3/htdocs/include/views/js/configuration.sysmaps.js.php
/usr/share/webapps/zabbix/2.0.3/htdocs/include/views/js/configuration.triggers.edit.js.php
/usr/share/webapps/zabbix/2.0.3/htdocs/include/views/js/configuration.triggers.expression.js.php
/usr/share/webapps/zabbix/2.0.3/htdocs/include/views/js/general.script.confirm.js.php
/usr/share/webapps/zabbix/2.0.3/htdocs/include/views/js/monitoring.history.js.php
/usr/share/webapps/zabbix/2.0.3/htdocs/include/views/js/monitoring.maps.js.php
/usr/share/webapps/zabbix/2.0.3/htdocs/include/views/js/setup.js.php
/usr/share/webapps/zabbix/2.0.3/htdocs/include/views/monitoring.charts.php
/usr/share/webapps/zabbix/2.0.3/htdocs/include/views/monitoring.discovery.php
/usr/share/webapps/zabbix/2.0.3/htdocs/include/views/monitoring.history.php
/usr/share/webapps/zabbix/2.0.3/htdocs/include/views/monitoring.hostscreen.php
/usr/share/webapps/zabbix/2.0.3/htdocs/include/views/monitoring.maps.php
/usr/share/webapps/zabbix/2.0.3/htdocs/include/views/monitoring.overview.php
/usr/share/webapps/zabbix/2.0.3/htdocs/include/views/monitoring.screen.php
/usr/share/webapps/zabbix/2.0.3/htdocs/include/views/monitoring.slides.php
/usr/share/webapps/zabbix/2.0.3/htdocs/index.php
/usr/share/webapps/zabbix/2.0.3/htdocs/items.php
/usr/share/webapps/zabbix/2.0.3/htdocs/js/browsers.js
/usr/share/webapps/zabbix/2.0.3/htdocs/js/class.bbcode.js
/usr/share/webapps/zabbix/2.0.3/htdocs/js/class.calendar.js
/usr/share/webapps/zabbix/2.0.3/htdocs/js/class.cdate.js
/usr/share/webapps/zabbix/2.0.3/htdocs/js/class.cdebug.js
/usr/share/webapps/zabbix/2.0.3/htdocs/js/class.cmap.js
/usr/share/webapps/zabbix/2.0.3/htdocs/js/class.cmessages.js
/usr/share/webapps/zabbix/2.0.3/htdocs/js/class.cookie.js
/usr/share/webapps/zabbix/2.0.3/htdocs/js/class.cscreen.js
/usr/share/webapps/zabbix/2.0.3/htdocs/js/class.csuggest.js
/usr/share/webapps/zabbix/2.0.3/htdocs/js/class.cswitcher.js
/usr/share/webapps/zabbix/2.0.3/htdocs/js/class.ctree.js
/usr/share/webapps/zabbix/2.0.3/htdocs/js/class.curl.js
/usr/share/webapps/zabbix/2.0.3/htdocs/js/class.cviewswitcher.js
/usr/share/webapps/zabbix/2.0.3/htdocs/js/class.pmaster.js
/usr/share/webapps/zabbix/2.0.3/htdocs/js/class.rpc.js
/usr/share/webapps/zabbix/2.0.3/htdocs/js/common.js
/usr/share/webapps/zabbix/2.0.3/htdocs/js/flickerfreescreen.js
/usr/share/webapps/zabbix/2.0.3/htdocs/js/functions.js
/usr/share/webapps/zabbix/2.0.3/htdocs/js/gtlc.js
/usr/share/webapps/zabbix/2.0.3/htdocs/js/init.js
/usr/share/webapps/zabbix/2.0.3/htdocs/js/jquery/jquery-ui.js
/usr/share/webapps/zabbix/2.0.3/htdocs/js/jquery/jquery.js
/usr/share/webapps/zabbix/2.0.3/htdocs/js/main.js
/usr/share/webapps/zabbix/2.0.3/htdocs/js/menu.js
/usr/share/webapps/zabbix/2.0.3/htdocs/js/prototype.js
/usr/share/webapps/zabbix/2.0.3/htdocs/js/servercheck.js
/usr/share/webapps/zabbix/2.0.3/htdocs/jsLoader.php
/usr/share/webapps/zabbix/2.0.3/htdocs/jsrpc.php
/usr/share/webapps/zabbix/2.0.3/htdocs/latest.php
/usr/share/webapps/zabbix/2.0.3/htdocs/locale/README
/usr/share/webapps/zabbix/2.0.3/htdocs/locale/add_new_language.sh
/usr/share/webapps/zabbix/2.0.3/htdocs/locale/cs/LC_MESSAGES/frontend.mo
/usr/share/webapps/zabbix/2.0.3/htdocs/locale/cs/LC_MESSAGES/frontend.po
/usr/share/webapps/zabbix/2.0.3/htdocs/locale/de/LC_MESSAGES/frontend.mo
/usr/share/webapps/zabbix/2.0.3/htdocs/locale/de/LC_MESSAGES/frontend.po
/usr/share/webapps/zabbix/2.0.3/htdocs/locale/el/LC_MESSAGES/frontend.mo
/usr/share/webapps/zabbix/2.0.3/htdocs/locale/el/LC_MESSAGES/frontend.po
/usr/share/webapps/zabbix/2.0.3/htdocs/locale/en_US/LC_MESSAGES/frontend.mo
/usr/share/webapps/zabbix/2.0.3/htdocs/locale/en_US/LC_MESSAGES/frontend.po
/usr/share/webapps/zabbix/2.0.3/htdocs/locale/es/LC_MESSAGES/frontend.mo
/usr/share/webapps/zabbix/2.0.3/htdocs/locale/es/LC_MESSAGES/frontend.po
/usr/share/webapps/zabbix/2.0.3/htdocs/locale/fr/LC_MESSAGES/frontend.mo
/usr/share/webapps/zabbix/2.0.3/htdocs/locale/fr/LC_MESSAGES/frontend.po
/usr/share/webapps/zabbix/2.0.3/htdocs/locale/hu/LC_MESSAGES/frontend.mo
/usr/share/webapps/zabbix/2.0.3/htdocs/locale/hu/LC_MESSAGES/frontend.po
/usr/share/webapps/zabbix/2.0.3/htdocs/locale/it/LC_MESSAGES/frontend.mo
/usr/share/webapps/zabbix/2.0.3/htdocs/locale/it/LC_MESSAGES/frontend.po
/usr/share/webapps/zabbix/2.0.3/htdocs/locale/ja/LC_MESSAGES/frontend.mo
/usr/share/webapps/zabbix/2.0.3/htdocs/locale/ja/LC_MESSAGES/frontend.po
/usr/share/webapps/zabbix/2.0.3/htdocs/locale/ko/LC_MESSAGES/frontend.mo
/usr/share/webapps/zabbix/2.0.3/htdocs/locale/ko/LC_MESSAGES/frontend.po
/usr/share/webapps/zabbix/2.0.3/htdocs/locale/lv/LC_MESSAGES/frontend.mo
/usr/share/webapps/zabbix/2.0.3/htdocs/locale/lv/LC_MESSAGES/frontend.po
/usr/share/webapps/zabbix/2.0.3/htdocs/locale/make_mo.sh
/usr/share/webapps/zabbix/2.0.3/htdocs/locale/nl/LC_MESSAGES/frontend.mo
/usr/share/webapps/zabbix/2.0.3/htdocs/locale/nl/LC_MESSAGES/frontend.po
/usr/share/webapps/zabbix/2.0.3/htdocs/locale/pl/LC_MESSAGES/frontend.mo
/usr/share/webapps/zabbix/2.0.3/htdocs/locale/pl/LC_MESSAGES/frontend.po
/usr/share/webapps/zabbix/2.0.3/htdocs/locale/pt_BR/LC_MESSAGES/frontend.mo
/usr/share/webapps/zabbix/2.0.3/htdocs/locale/pt_BR/LC_MESSAGES/frontend.po
/usr/share/webapps/zabbix/2.0.3/htdocs/locale/ru/LC_MESSAGES/frontend.mo
/usr/share/webapps/zabbix/2.0.3/htdocs/locale/ru/LC_MESSAGES/frontend.po
/usr/share/webapps/zabbix/2.0.3/htdocs/locale/sk/LC_MESSAGES/frontend.mo
/usr/share/webapps/zabbix/2.0.3/htdocs/locale/sk/LC_MESSAGES/frontend.po
/usr/share/webapps/zabbix/2.0.3/htdocs/locale/sv/LC_MESSAGES/frontend.mo
/usr/share/webapps/zabbix/2.0.3/htdocs/locale/sv/LC_MESSAGES/frontend.po
/usr/share/webapps/zabbix/2.0.3/htdocs/locale/tr/LC_MESSAGES/frontend.mo
/usr/share/webapps/zabbix/2.0.3/htdocs/locale/tr/LC_MESSAGES/frontend.po
/usr/share/webapps/zabbix/2.0.3/htdocs/locale/uk/LC_MESSAGES/frontend.mo
/usr/share/webapps/zabbix/2.0.3/htdocs/locale/uk/LC_MESSAGES/frontend.po
/usr/share/webapps/zabbix/2.0.3/htdocs/locale/update_po.sh
/usr/share/webapps/zabbix/2.0.3/htdocs/locale/zh_CN/LC_MESSAGES/frontend.mo
/usr/share/webapps/zabbix/2.0.3/htdocs/locale/zh_CN/LC_MESSAGES/frontend.po
/usr/share/webapps/zabbix/2.0.3/htdocs/locale/zh_TW/LC_MESSAGES/frontend.mo
/usr/share/webapps/zabbix/2.0.3/htdocs/locale/zh_TW/LC_MESSAGES/frontend.po
/usr/share/webapps/zabbix/2.0.3/htdocs/maintenance.php
/usr/share/webapps/zabbix/2.0.3/htdocs/map.php
/usr/share/webapps/zabbix/2.0.3/htdocs/maps.php
/usr/share/webapps/zabbix/2.0.3/htdocs/media_types.php
/usr/share/webapps/zabbix/2.0.3/htdocs/nodes.php
/usr/share/webapps/zabbix/2.0.3/htdocs/overview.php
/usr/share/webapps/zabbix/2.0.3/htdocs/popup.php
/usr/share/webapps/zabbix/2.0.3/htdocs/popup_bitem.php
/usr/share/webapps/zabbix/2.0.3/htdocs/popup_httpstep.php
/usr/share/webapps/zabbix/2.0.3/htdocs/popup_media.php
/usr/share/webapps/zabbix/2.0.3/htdocs/popup_period.php
/usr/share/webapps/zabbix/2.0.3/htdocs/popup_right.php
/usr/share/webapps/zabbix/2.0.3/htdocs/popup_trexpr.php
/usr/share/webapps/zabbix/2.0.3/htdocs/popup_usrgrp.php
/usr/share/webapps/zabbix/2.0.3/htdocs/profile.php
/usr/share/webapps/zabbix/2.0.3/htdocs/proxies.php
/usr/share/webapps/zabbix/2.0.3/htdocs/queue.php
/usr/share/webapps/zabbix/2.0.3/htdocs/report1.php
/usr/share/webapps/zabbix/2.0.3/htdocs/report2.php
/usr/share/webapps/zabbix/2.0.3/htdocs/report3.php
/usr/share/webapps/zabbix/2.0.3/htdocs/report4.php
/usr/share/webapps/zabbix/2.0.3/htdocs/report5.php
/usr/share/webapps/zabbix/2.0.3/htdocs/report6.php
/usr/share/webapps/zabbix/2.0.3/htdocs/screenconf.php
/usr/share/webapps/zabbix/2.0.3/htdocs/screenedit.php
/usr/share/webapps/zabbix/2.0.3/htdocs/screens.php
/usr/share/webapps/zabbix/2.0.3/htdocs/scripts.php
/usr/share/webapps/zabbix/2.0.3/htdocs/scripts_exec.php
/usr/share/webapps/zabbix/2.0.3/htdocs/search.php
/usr/share/webapps/zabbix/2.0.3/htdocs/services.php
/usr/share/webapps/zabbix/2.0.3/htdocs/setup.php
/usr/share/webapps/zabbix/2.0.3/htdocs/slideconf.php
/usr/share/webapps/zabbix/2.0.3/htdocs/slides.php
/usr/share/webapps/zabbix/2.0.3/htdocs/srv_status.php
/usr/share/webapps/zabbix/2.0.3/htdocs/styles/blocks.css
/usr/share/webapps/zabbix/2.0.3/htdocs/styles/color.css
/usr/share/webapps/zabbix/2.0.3/htdocs/styles/default.css
/usr/share/webapps/zabbix/2.0.3/htdocs/styles/handheld.css
/usr/share/webapps/zabbix/2.0.3/htdocs/styles/icon.css
/usr/share/webapps/zabbix/2.0.3/htdocs/styles/ie.css
/usr/share/webapps/zabbix/2.0.3/htdocs/styles/screen.css
/usr/share/webapps/zabbix/2.0.3/htdocs/styles/themes/classic/images/bg_flat_0_999999.png
/usr/share/webapps/zabbix/2.0.3/htdocs/styles/themes/classic/images/bg_flat_0_c9c9c9.png
/usr/share/webapps/zabbix/2.0.3/htdocs/styles/themes/classic/images/bg_flat_100_fef1ec.png
/usr/share/webapps/zabbix/2.0.3/htdocs/styles/themes/classic/images/bg_flat_100_fffce3.png
/usr/share/webapps/zabbix/2.0.3/htdocs/styles/themes/classic/images/bg_flat_100_ffffff.png
/usr/share/webapps/zabbix/2.0.3/htdocs/styles/themes/classic/images/bg_h-hard_55.gif
/usr/share/webapps/zabbix/2.0.3/htdocs/styles/themes/classic/images/bg_h-hard_75.png
/usr/share/webapps/zabbix/2.0.3/htdocs/styles/themes/classic/images/bg_h-hard_85.png
/usr/share/webapps/zabbix/2.0.3/htdocs/styles/themes/classic/images/bg_i-hard_100.png
/usr/share/webapps/zabbix/2.0.3/htdocs/styles/themes/classic/images/icons_456582.png
/usr/share/webapps/zabbix/2.0.3/htdocs/styles/themes/classic/images/icons_469bdd.png
/usr/share/webapps/zabbix/2.0.3/htdocs/styles/themes/classic/images/icons_5481ab.png
/usr/share/webapps/zabbix/2.0.3/htdocs/styles/themes/classic/images/icons_d40000.png
/usr/share/webapps/zabbix/2.0.3/htdocs/styles/themes/classic/images/icons_ffffff.png
/usr/share/webapps/zabbix/2.0.3/htdocs/styles/themes/classic/images/menu_not_active2.gif
/usr/share/webapps/zabbix/2.0.3/htdocs/styles/themes/classic/images/preloader.gif
/usr/share/webapps/zabbix/2.0.3/htdocs/styles/themes/classic/images/widget_header.gif
/usr/share/webapps/zabbix/2.0.3/htdocs/styles/themes/classic/jquery-ui.css
/usr/share/webapps/zabbix/2.0.3/htdocs/styles/themes/classic/main.css
/usr/share/webapps/zabbix/2.0.3/htdocs/styles/themes/darkblue/images/bg_flat_0.png
/usr/share/webapps/zabbix/2.0.3/htdocs/styles/themes/darkblue/images/bg_flat_10.png
/usr/share/webapps/zabbix/2.0.3/htdocs/styles/themes/darkblue/images/bg_flat_100.png
/usr/share/webapps/zabbix/2.0.3/htdocs/styles/themes/darkblue/images/bg_flat_30.png
/usr/share/webapps/zabbix/2.0.3/htdocs/styles/themes/darkblue/images/bg_h-hard_25.png
/usr/share/webapps/zabbix/2.0.3/htdocs/styles/themes/darkblue/images/bg_h-hard_40.png
/usr/share/webapps/zabbix/2.0.3/htdocs/styles/themes/darkblue/images/bg_i-hard_40.png
/usr/share/webapps/zabbix/2.0.3/htdocs/styles/themes/darkblue/images/bg_i-soft_25.png
/usr/share/webapps/zabbix/2.0.3/htdocs/styles/themes/darkblue/images/icons_77b7da.png
/usr/share/webapps/zabbix/2.0.3/htdocs/styles/themes/darkblue/images/icons_ffffff.png
/usr/share/webapps/zabbix/2.0.3/htdocs/styles/themes/darkblue/images/preloader.gif
/usr/share/webapps/zabbix/2.0.3/htdocs/styles/themes/darkblue/jquery-ui.css
/usr/share/webapps/zabbix/2.0.3/htdocs/styles/themes/darkblue/main.css
/usr/share/webapps/zabbix/2.0.3/htdocs/styles/themes/darkorange/images/bg_flat_25.png
/usr/share/webapps/zabbix/2.0.3/htdocs/styles/themes/darkorange/images/bg_flat_30.png
/usr/share/webapps/zabbix/2.0.3/htdocs/styles/themes/darkorange/images/bg_flat_50.png
/usr/share/webapps/zabbix/2.0.3/htdocs/styles/themes/darkorange/images/bg_g_40_2f2f2f.png
/usr/share/webapps/zabbix/2.0.3/htdocs/styles/themes/darkorange/images/bg_g_40_ff5500.png
/usr/share/webapps/zabbix/2.0.3/htdocs/styles/themes/darkorange/images/bg_g_40_ffc73d.png
/usr/share/webapps/zabbix/2.0.3/htdocs/styles/themes/darkorange/images/bg_h-hard_30.png
/usr/share/webapps/zabbix/2.0.3/htdocs/styles/themes/darkorange/images/bg_h-soft_80.png
/usr/share/webapps/zabbix/2.0.3/htdocs/styles/themes/darkorange/images/icons_000000.png
/usr/share/webapps/zabbix/2.0.3/htdocs/styles/themes/darkorange/images/icons_a83300.png
/usr/share/webapps/zabbix/2.0.3/htdocs/styles/themes/darkorange/images/icons_dfdfdf.png
/usr/share/webapps/zabbix/2.0.3/htdocs/styles/themes/darkorange/images/icons_ff5500.png
/usr/share/webapps/zabbix/2.0.3/htdocs/styles/themes/darkorange/images/preloader.gif
/usr/share/webapps/zabbix/2.0.3/htdocs/styles/themes/darkorange/jquery-ui.css
/usr/share/webapps/zabbix/2.0.3/htdocs/styles/themes/darkorange/main.css
/usr/share/webapps/zabbix/2.0.3/htdocs/styles/themes/originalblue/images/bg_flat_0_999999.png
/usr/share/webapps/zabbix/2.0.3/htdocs/styles/themes/originalblue/images/bg_flat_0_c9c9c9.png
/usr/share/webapps/zabbix/2.0.3/htdocs/styles/themes/originalblue/images/bg_flat_100_fef1ec.png
/usr/share/webapps/zabbix/2.0.3/htdocs/styles/themes/originalblue/images/bg_flat_100_fffce3.png
/usr/share/webapps/zabbix/2.0.3/htdocs/styles/themes/originalblue/images/bg_flat_100_ffffff.png
/usr/share/webapps/zabbix/2.0.3/htdocs/styles/themes/originalblue/images/bg_h-hard_55.png
/usr/share/webapps/zabbix/2.0.3/htdocs/styles/themes/originalblue/images/bg_h-hard_75.png
/usr/share/webapps/zabbix/2.0.3/htdocs/styles/themes/originalblue/images/bg_h-hard_85.png
/usr/share/webapps/zabbix/2.0.3/htdocs/styles/themes/originalblue/images/bg_i-hard_100.png
/usr/share/webapps/zabbix/2.0.3/htdocs/styles/themes/originalblue/images/icons_456582.png
/usr/share/webapps/zabbix/2.0.3/htdocs/styles/themes/originalblue/images/icons_469bdd.png
/usr/share/webapps/zabbix/2.0.3/htdocs/styles/themes/originalblue/images/icons_5481ab.png
/usr/share/webapps/zabbix/2.0.3/htdocs/styles/themes/originalblue/images/icons_d40000.png
/usr/share/webapps/zabbix/2.0.3/htdocs/styles/themes/originalblue/images/icons_ffffff.png
/usr/share/webapps/zabbix/2.0.3/htdocs/styles/themes/originalblue/images/preloader.gif
/usr/share/webapps/zabbix/2.0.3/htdocs/styles/themes/originalblue/jquery-ui.css
/usr/share/webapps/zabbix/2.0.3/htdocs/styles/themes/originalblue/main.css
/usr/share/webapps/zabbix/2.0.3/htdocs/sysmap.php
/usr/share/webapps/zabbix/2.0.3/htdocs/sysmaps.php
/usr/share/webapps/zabbix/2.0.3/htdocs/templates.php
/usr/share/webapps/zabbix/2.0.3/htdocs/tr_comments.php
/usr/share/webapps/zabbix/2.0.3/htdocs/tr_events.php
/usr/share/webapps/zabbix/2.0.3/htdocs/tr_logform.php
/usr/share/webapps/zabbix/2.0.3/htdocs/tr_status.php
/usr/share/webapps/zabbix/2.0.3/htdocs/tr_testexpr.php
/usr/share/webapps/zabbix/2.0.3/htdocs/trigger_prototypes.php
/usr/share/webapps/zabbix/2.0.3/htdocs/triggers.php
/usr/share/webapps/zabbix/2.0.3/htdocs/usergrps.php
/usr/share/webapps/zabbix/2.0.3/htdocs/users.php
/usr/share/webapps/zabbix/2.0.3/htdocs/vtext.php
/usr/share/webapps/zabbix/2.0.3/htdocs/warning.php
/usr/share/webapps/zabbix/2.0.3/installed_by_webapp_eclass
/usr/share/webapps/zabbix/2.0.3/postinst-en.txt
#/usr/share/zabbix/database/Makefile
#/usr/share/zabbix/database/Makefile.am
#/usr/share/zabbix/database/Makefile.in
#/usr/share/zabbix/database/ibm_db2/data.sql
#/usr/share/zabbix/database/ibm_db2/images.sql
#/usr/share/zabbix/database/ibm_db2/schema.sql
/usr/share/zabbix/database/mysql/data.sql
/usr/share/zabbix/database/mysql/images.sql
/usr/share/zabbix/database/mysql/schema.sql
#/usr/share/zabbix/database/oracle/data.sql
#/usr/share/zabbix/database/oracle/images.sql
#/usr/share/zabbix/database/oracle/schema.sql
#/usr/share/zabbix/database/postgresql/data.sql
#/usr/share/zabbix/database/postgresql/images.sql
#/usr/share/zabbix/database/postgresql/schema.sql
#/usr/share/zabbix/database/sqlite3/data.sql
#/usr/share/zabbix/database/sqlite3/images.sql
#/usr/share/zabbix/database/sqlite3/schema.sql
#/usr/share/zabbix/upgrades/Makefile
#/usr/share/zabbix/upgrades/Makefile.am
#/usr/share/zabbix/upgrades/Makefile.in
#/usr/share/zabbix/upgrades/dbpatches/1.6/mysql/patch.sql
#/usr/share/zabbix/upgrades/dbpatches/1.6/oracle/patch.sql
#/usr/share/zabbix/upgrades/dbpatches/1.6/postgresql/patch.sql
#/usr/share/zabbix/upgrades/dbpatches/1.8/mysql/patch.sql
#/usr/share/zabbix/upgrades/dbpatches/1.8/mysql/upgrade
#/usr/share/zabbix/upgrades/dbpatches/1.8/oracle/patch.sql
#/usr/share/zabbix/upgrades/dbpatches/1.8/postgresql/patch.sql
#/usr/share/zabbix/upgrades/dbpatches/2.0/ibm_db2/patch.sql
#/usr/share/zabbix/upgrades/dbpatches/2.0/ibm_db2/rc4_rc5.sql
#/usr/share/zabbix/upgrades/dbpatches/2.0/mysql/patch.sql
#/usr/share/zabbix/upgrades/dbpatches/2.0/mysql/rc4_rc5.sql
#/usr/share/zabbix/upgrades/dbpatches/2.0/mysql/upgrade
#/usr/share/zabbix/upgrades/dbpatches/2.0/oracle/patch.sql
#/usr/share/zabbix/upgrades/dbpatches/2.0/oracle/rc4_rc5.sql
#/usr/share/zabbix/upgrades/dbpatches/2.0/postgresql/patch.sql
#/usr/share/zabbix/upgrades/dbpatches/2.0/postgresql/rc4_rc5.sql
/var/db/webapps/zabbix/2.0.3/.keep_net-analyzer_zabbix-0
/var/lib/zabbix/.keep_net-analyzer_zabbix-0
/var/lib/zabbix/home/.keep_net-analyzer_zabbix-0
/var/lib/zabbix/scripts/.keep_net-analyzer_zabbix-0
/var/log/zabbix/.keep_net-analyzer_zabbix-0
#/var/run/zabbix/.keep_net-analyzer_zabbix-0

#copy zabbix/zabbix.conf.php /usr/share/webapps/zabbix/2.0.3/htdocs/conf/zabbix.conf.php
/usr/share/fonts/vlgothic/VL-PGothic-Regular.ttf
#symlink /usr/share/webapps/zabbix/2.0.3/htdocs/fonts/VL-PGothic-Regular.ttf ../../../../../fonts/vlgothic/VL-PGothic-Regular.ttf
#sed /usr/share/webapps/zabbix/2.0.3/htdocs/include/defines.inc.php s/DejaVuSans/VL-PGothic-Regular/

#symlink /etc/runlevels/default/zabbix-server /etc/init.d/zabbix-server

#extract zabbix/initial-database-$(LANGUAGE).tar.gz /var/lib/mysql
# copy zabbix/initial-database-$(LANGUAGE).sh /root/initial-database.sh

#sed /etc/zabbix/zabbix_server.conf s/^DBUser=root$/DBUser=zabbix/
#sed /etc/zabbix/zabbix_trapper.conf s/^DBUser=root$/DBUser=zabbix/

#sed /etc/php/apache2-php5.3/php.ini s/^max_execution_time.\+$/max_execution_time = 300/ 
#sed /etc/php/apache2-php5.3/php.ini s/^max_input_time.\+$/max_input_time = 300/
#sed /etc/php/apache2-php5.3/php.ini s/^post_max_size.\+$/post_max_size = 16M/

