#require openipmi.lst
#require mysql.lst
#require php54.lst

# dev-java/slf4j-api
/usr/share/slf4j-api/lib/slf4j-api.jar

# dev-java/json-simple
/usr/share/json-simple/lib/json-simple.jar

# net-analyzer/fping
/usr/sbin/fping
/usr/sbin/fping6

#portage net-analyzer/zabbix-2.2.7

#copy zabbix/zabbix.conf.php /usr/share/webapps/zabbix/2.2.7/htdocs/conf/zabbix.conf.php
/usr/share/fonts/vlgothic/VL-PGothic-Regular.ttf
#symlink /usr/share/webapps/zabbix/2.2.7/htdocs/fonts/VL-PGothic-Regular.ttf ../../../../../fonts/vlgothic/VL-PGothic-Regular.ttf
#sed /usr/share/webapps/zabbix/2.2.7/htdocs/include/defines.inc.php s/DejaVuSans/VL-PGothic-Regular/

#symlink /etc/runlevels/default/zabbix-server /etc/init.d/zabbix-server
#symlink /etc/runlevels/default/zabbix-agentd /etc/init.d/zabbix-agentd

#copy zabbix/setup_initial_database.sh /setup_initial_database.sh
#copy zabbix/initial-database.sql /initial-database.sql
#copy zabbix/initial-database-$(LANGUAGE).sql /initial-database-lang.sql
#chrootexec sh /setup_initial_database.sh && rm /setup_initial_database.sh /initial-database.sql /initial-database-lang.sql

#sed /etc/zabbix/zabbix_server.conf s/^DBUser=root$/DBUser=zabbix/

#sed /etc/php/apache2-php5.4/php.ini s/^max_execution_time.\+$/max_execution_time = 300/ 
#sed /etc/php/apache2-php5.4/php.ini s/^max_input_time.\+$/max_input_time = 300/
#sed /etc/php/apache2-php5.4/php.ini s/^post_max_size.\+$/post_max_size = 16M/

